[data] 실험 ['wf9', 'wf9x', 'wf10'] · 작업 단위 129(건너뜀 11) · 실험별 {'wf9': 74, 'wf9x': 25, 'wf10': 30} · 분할 [1, 2, 3, 4, 5] · seed [0, 1] · 스레드 4 · 워커 14
[plan] 실행 129 · 재개로 건너뜀 0 · 프로세스 14 · 스레드 4
[pool] 워커 14 · 스레드 4 · 코어 고정 예(워커마다 4코어)
  [wf10|Alaska|r|s1|warm] 적합 140 · 행 169 · A 5200 · 채점 8406 · 21.9s · 상태 ok(실패 0) · 완료 1/129 · 누적 23s
  [wf9|Alaska|r|s8] 적합 160 · 행 201 · A 8270 · 채점 5336 · 25.0s · 상태 ok(실패 0) · 완료 2/129 · 누적 26s
  [wf9|Alaska|r|s21] 적합 160 · 행 201 · A 9146 · 채점 4460 · 25.1s · 상태 ok(실패 0) · 완료 3/129 · 누적 26s
  [wf9|Alaska|r|s16] 적합 160 · 행 201 · A 8582 · 채점 5024 · 25.2s · 상태 ok(실패 0) · 완료 4/129 · 누적 26s
  [wf9|Alaska|r|s1] 적합 160 · 행 201 · A 7436 · 채점 6170 · 25.3s · 상태 ok(실패 0) · 완료 5/129 · 누적 27s
  [wf9|Alaska|r|s13] 적합 160 · 행 201 · A 7487 · 채점 6119 · 25.3s · 상태 ok(실패 0) · 완료 6/129 · 누적 27s
  [wf9|Alaska|r|s10] 적합 160 · 행 201 · A 7410 · 채점 6196 · 25.6s · 상태 ok(실패 0) · 완료 7/129 · 누적 27s
  [wf9|Alaska|r|s6] 적합 160 · 행 201 · A 7627 · 채점 5979 · 25.6s · 상태 ok(실패 0) · 완료 8/129 · 누적 27s
  [wf9|Alaska|r|s25] 적합 160 · 행 201 · A 8104 · 채점 5502 · 25.7s · 상태 ok(실패 0) · 완료 9/129 · 누적 27s
  [wf9x|Alaska|x|s2] 적합 136 · 행 290 · A 6821 · 채점 6785 · 40.2s · 상태 ok(실패 0) · 완료 10/129 · 누적 41s
  [wf9x|Alaska|x|s3] 적합 136 · 행 290 · A 6758 · 채점 6848 · 40.4s · 상태 ok(실패 0) · 완료 11/129 · 누적 42s
  [wf9x|Alaska|x|s4] 적합 136 · 행 290 · A 6540 · 채점 7066 · 40.6s · 상태 ok(실패 0) · 완료 12/129 · 누적 42s
  [wf9x|Alaska|x|s5] 적합 136 · 행 290 · A 6322 · 채점 7284 · 41.1s · 상태 ok(실패 0) · 완료 13/129 · 누적 42s
  [wf9x|Alaska|x|s1] 적합 136 · 행 290 · A 7436 · 채점 6170 · 41.2s · 상태 ok(실패 0) · 완료 14/129 · 누적 42s
  [wf10|Alaska|r|s2|warm] 적합 140 · 행 169 · A 3971 · 채점 9635 · 18.4s · 상태 ok(실패 0) · 완료 15/129 · 누적 45s
  [wf9|Alaska|r|s11] 적합 160 · 행 201 · A 7220 · 채점 6386 · 23.3s · 상태 ok(실패 0) · 완료 16/129 · 누적 47s
  [wf9|Alaska|r|s2] 적합 160 · 행 201 · A 6821 · 채점 6785 · 22.1s · 상태 ok(실패 0) · 완료 17/129 · 누적 49s
  [wf9|Alaska|r|s17] 적합 160 · 행 201 · A 7213 · 채점 6393 · 22.6s · 상태 ok(실패 0) · 완료 18/129 · 누적 49s
  [wf9|Alaska|r|s14] 적합 160 · 행 201 · A 7000 · 채점 6606 · 22.8s · 상태 ok(실패 0) · 완료 19/129 · 누적 49s
  [wf9|Alaska|r|s7] 적합 160 · 행 201 · A 6809 · 채점 6797 · 24.2s · 상태 ok(실패 0) · 완료 20/129 · 누적 51s
  [wf9|Alaska|r|s3] 적합 160 · 행 201 · A 6758 · 채점 6848 · 24.2s · 상태 ok(실패 0) · 완료 21/129 · 누적 51s
  [wf9|Alaska|r|s9] 적합 160 · 행 201 · A 6810 · 채점 6796 · 24.4s · 상태 ok(실패 0) · 완료 22/129 · 누적 51s
  [wf10|Alaska|r|s3|warm] 적합 140 · 행 169 · A 4096 · 채점 9510 · 18.2s · 상태 ok(실패 0) · 완료 23/129 · 누적 60s
  [wf10|Alaska|r|s4|warm] 적합 140 · 행 169 · A 4154 · 채점 9452 · 18.4s · 상태 ok(실패 0) · 완료 24/129 · 누적 65s
  [wf9|Alaska|r|s19] 적합 160 · 행 201 · A 6671 · 채점 6935 · 24.4s · 상태 ok(실패 0) · 완료 25/129 · 누적 66s
  [wf9|Alaska|r|s23] 적합 160 · 행 201 · A 6623 · 채점 6983 · 24.5s · 상태 ok(실패 0) · 완료 26/129 · 누적 66s
  [wf9|Alaska|r|s12] 적합 160 · 행 201 · A 6554 · 채점 7052 · 24.6s · 상태 ok(실패 0) · 완료 27/129 · 누적 67s
  [wf9|Alaska|r|s4] 적합 160 · 행 201 · A 6540 · 채점 7066 · 24.6s · 상태 ok(실패 0) · 완료 28/129 · 누적 67s
  [wf9|Alaska|r|s24] 적합 160 · 행 201 · A 6540 · 채점 7066 · 24.2s · 상태 ok(실패 0) · 완료 29/129 · 누적 69s
  [wf10|Alaska|r|s5|warm] 적합 140 · 행 169 · A 4252 · 채점 9354 · 18.9s · 상태 ok(실패 0) · 완료 30/129 · 누적 70s
  [wf9|Alaska|r|s20] 적합 160 · 행 201 · A 6494 · 채점 7112 · 24.2s · 상태 ok(실패 0) · 완료 31/129 · 누적 73s
  [wf9|Alaska|r|s5] 적합 160 · 행 201 · A 6322 · 채점 7284 · 23.4s · 상태 ok(실패 0) · 완료 32/129 · 누적 75s
  [wf9|Alaska|r|s22] 적합 160 · 행 201 · A 6315 · 채점 7291 · 24.2s · 상태 ok(실패 0) · 완료 33/129 · 누적 76s
  [wf9|Alaska|r|s15] 적합 148 · 행 201 · A 6106 · 채점 7500 · 21.6s · 상태 ok(실패 0) · 완료 34/129 · 누적 81s
  [wf9|Alaska|r|s18] 적합 160 · 행 201 · A 5247 · 채점 8359 · 25.2s · 상태 ok(실패 0) · 완료 35/129 · 누적 92s
  [wf9x|Lena|x|s3] 적합 136 · 행 290 · A 1737 · 채점 1278 · 94.0s · 상태 ok(실패 0) · 완료 36/129 · 누적 120s
  [wf9x|Russia_E|x|s2] 적합 56 · 행 120 · A 17 · 채점 11 · 47.3s · 상태 ok(실패 0) · 완료 37/129 · 누적 122s
  [wf9x|Russia_W|x|s1] 적합 56 · 행 120 · A 16 · 채점 12 · 48.0s · 상태 ok(실패 0) · 완료 38/129 · 누적 124s
  [wf9x|Russia_W|x|s4] 적합 56 · 행 120 · A 16 · 채점 14 · 47.7s · 상태 ok(실패 0) · 완료 39/129 · 누적 129s
  [wf9x|Russia_W|x|s5] 적합 56 · 행 120 · A 16 · 채점 13 · 48.1s · 상태 ok(실패 0) · 완료 40/129 · 누적 140s
  [wf9x|Lena|x|s4] 적합 136 · 행 290 · A 1533 · 채점 1428 · 94.1s · 상태 ok(실패 0) · 완료 41/129 · 누적 143s
  [wf9x|Lena|x|s1] 적합 136 · 행 290 · A 1505 · 채점 1478 · 95.6s · 상태 ok(실패 0) · 완료 42/129 · 누적 145s
  [wf9|Lena|r|s23] 적합 152 · 행 201 · A 2096 · 채점 865 · 16.8s · 상태 ok(실패 0) · 완료 43/129 · 누적 162s
  [wf9x|Lena|x|s2] 적합 136 · 행 290 · A 1293 · 채점 1687 · 99.8s · 상태 ok(실패 0) · 완료 44/129 · 누적 165s
  [wf9x|Lena|x|s5] 적합 136 · 행 290 · A 1120 · 채점 1860 · 101.2s · 상태 ok(실패 0) · 완료 45/129 · 누적 167s
  [wf9x|Russia_E|x|s5] 적합 56 · 행 120 · A 16 · 채점 12 · 47.5s · 상태 ok(실패 0) · 완료 46/129 · 누적 168s
  [wf9x|Russia_W|x|s3] 적합 56 · 행 120 · A 15 · 채점 16 · 47.4s · 상태 ok(실패 0) · 완료 47/129 · 누적 169s
  [wf9x|Russia_E|x|s1] 적합 56 · 행 120 · A 15 · 채점 14 · 46.3s · 상태 ok(실패 0) · 완료 48/129 · 누적 170s
  [wf9x|Russia_E|x|s3] 적합 56 · 행 120 · A 15 · 채점 14 · 47.1s · 상태 ok(실패 0) · 완료 49/129 · 누적 176s
  [wf9|Lena|r|s3] 적합 156 · 행 201 · A 1737 · 채점 1278 · 17.0s · 상태 ok(실패 0) · 완료 50/129 · 누적 179s
  [wf9x|Canada|x|s3] 적합 136 · 행 290 · A 406 · 채점 342 · 112.9s · 상태 ok(실패 0) · 완료 51/129 · 누적 180s
  [wf9x|Canada|x|s2] 적합 136 · 행 290 · A 363 · 채점 385 · 113.7s · 상태 ok(실패 0) · 완료 52/129 · 누적 181s
  [wf9|Lena|r|s12] 적합 160 · 행 201 · A 1712 · 채점 1325 · 17.5s · 상태 ok(실패 0) · 완료 53/129 · 누적 182s
  [wf9|Lena|r|s20] 적합 120 · 행 201 · A 1642 · 채점 1319 · 14.5s · 상태 ok(실패 0) · 완료 54/129 · 누적 183s
  [wf9x|Canada|x|s1] 적합 136 · 행 290 · A 355 · 채점 393 · 114.1s · 상태 ok(실패 0) · 완료 55/129 · 누적 184s
  [wf9|Lena|r|s11] 적합 160 · 행 201 · A 1686 · 채점 1348 · 17.2s · 상태 ok(실패 0) · 완료 56/129 · 누적 184s
  [wf9x|Canada|x|s5] 적합 136 · 행 290 · A 360 · 채점 388 · 116.5s · 상태 ok(실패 0) · 완료 57/129 · 누적 186s
  [wf9x|Canada|x|s4] 적합 136 · 행 290 · A 325 · 채점 423 · 113.6s · 상태 ok(실패 0) · 완료 58/129 · 누적 187s
  [wf9|Lena|r|s9] 적합 160 · 행 201 · A 1586 · 채점 1394 · 17.6s · 상태 ok(실패 0) · 완료 59/129 · 누적 187s
  [wf9x|Russia_E|x|s4] 적합 56 · 행 120 · A 15 · 채점 14 · 47.4s · 상태 ok(실패 0) · 완료 60/129 · 누적 187s
  [wf9|Lena|r|s6] 적합 158 · 행 201 · A 1583 · 채점 1378 · 17.8s · 상태 ok(실패 0) · 완료 61/129 · 누적 188s
  [wf9x|Russia_W|x|s2] 적합 56 · 행 120 · A 14 · 채점 17 · 47.2s · 상태 ok(실패 0) · 완료 62/129 · 누적 190s
  [wf9|Lena|r|s25] 적합 160 · 행 201 · A 1573 · 채점 1439 · 17.9s · 상태 ok(실패 0) · 완료 63/129 · 누적 194s
  [wf9|Lena|r|s4] 적합 128 · 행 201 · A 1533 · 채점 1428 · 15.7s · 상태 ok(실패 0) · 완료 64/129 · 누적 196s
  [wf9|Lena|r|s21] 적합 160 · 행 201 · A 1551 · 채점 1429 · 17.1s · 상태 ok(실패 0) · 완료 65/129 · 누적 196s
  [wf9|Lena|r|s10] 적합 156 · 행 201 · A 1524 · 채점 1456 · 17.6s · 상태 ok(실패 0) · 완료 66/129 · 누적 198s
  [wf9|Lena|r|s16] 적합 152 · 행 201 · A 1519 · 채점 1464 · 16.5s · 상태 ok(실패 0) · 완료 67/129 · 누적 199s
  [wf9|Lena|r|s7] 적합 160 · 행 201 · A 1519 · 채점 1496 · 17.3s · 상태 ok(실패 0) · 완료 68/129 · 누적 200s
  [wf9|Lena|r|s13] 적합 160 · 행 201 · A 1495 · 채점 1520 · 17.0s · 상태 ok(실패 0) · 완료 69/129 · 누적 202s
    [warn] 적합 실패(wf10|catboost_lo|R1cv): CatBoostError('catboost/libs/data/quantization.cpp:2419: All features are either constant or ignored.')
  [wf9|Lena|r|s1] 적합 158 · 행 201 · A 1505 · 채점 1478 · 18.1s · 상태 ok(실패 0) · 완료 70/129 · 누적 202s
  [wf9|Lena|r|s8] 적합 160 · 행 201 · A 1474 · 채점 1560 · 18.2s · 상태 ok(실패 0) · 완료 71/129 · 누적 204s
  [wf9|Lena|r|s18] 적합 158 · 행 201 · A 1413 · 채점 1570 · 17.0s · 상태 ok(실패 0) · 완료 72/129 · 누적 204s
  [wf9|Lena|r|s19] 적합 160 · 행 201 · A 1457 · 채점 1577 · 18.1s · 상태 ok(실패 0) · 완료 73/129 · 누적 205s
  [wf9|Lena|r|s22] 적합 160 · 행 201 · A 1249 · 채점 1763 · 17.2s · 상태 ok(실패 0) · 완료 74/129 · 누적 205s
  [wf9|Lena|r|s2] 적합 160 · 행 201 · A 1293 · 채점 1687 · 18.3s · 상태 ok(실패 0) · 완료 75/129 · 누적 205s
  [wf9|Lena|r|s15] 적합 160 · 행 201 · A 1200 · 채점 1780 · 17.1s · 상태 ok(실패 0) · 완료 76/129 · 누적 207s
  [wf10|Canada|r|s6|warm] 적합 80 · 행 97 · A 370 · 채점 377 · 5.6s · 상태 ok(실패 0) · 완료 77/129 · 누적 208s
  [wf9|Lena|r|s5] 적합 140 · 행 201 · A 1120 · 채점 1860 · 15.4s · 상태 ok(실패 0) · 완료 78/129 · 누적 210s
  [wf10|Canada|r|s7|warm] 적합 80 · 행 97 · A 364 · 채점 385 · 6.0s · 상태 ok(실패 0) · 완료 79/129 · 누적 210s
  [wf10|Canada|r|s9|warm] 적합 80 · 행 97 · A 270 · 채점 479 · 5.5s · 상태 ok(실패 0) · 완료 80/129 · 누적 210s
  [wf10|Canada|r|s8|warm] 적합 80 · 행 97 · A 311 · 채점 438 · 6.5s · 상태 ok(실패 0) · 완료 81/129 · 누적 210s
  [wf10|Canada|r|s10|warm] 적합 80 · 행 97 · A 370 · 채점 377 · 6.7s · 상태 ok(실패 0) · 완료 82/129 · 누적 212s
  [wf9|Lena|r|s14] 적합 154 · 행 201 · A 1012 · 채점 1946 · 16.1s · 상태 ok(실패 0) · 완료 83/129 · 누적 212s
  [wf10|Canada|r|s6|cold] 적합 80 · 행 97 · A 344 · 채점 403 · 6.8s · 상태 ok(실패 0) · 완료 84/129 · 누적 212s
  [wf10|Canada|r|s7|cold] 적합 78 · 행 97 · A 203 · 채점 544 · 5.3s · 상태 ok(실패 0) · 완료 85/129 · 누적 213s
  [wf10|Canada|r|s8|cold] 적합 80 · 행 97 · A 349 · 채점 398 · 6.1s · 상태 ok(실패 0) · 완료 86/129 · 누적 214s
  [wf10|Alaska|r|s7|warm] 적합 140 · 행 169 · A 2050 · 채점 11556 · 16.4s · 상태 ok(실패 0) · 완료 87/129 · 누적 215s
  [wf10|Canada|r|s9|cold] 적합 80 · 행 97 · A 226 · 채점 521 · 5.7s · 상태 ok(실패 0) · 완료 88/129 · 누적 215s
  [wf9|Canada|r|s18] 적합 64 · 행 81 · A 441 · 채점 306 · 4.8s · 상태 ok(실패 0) · 완료 89/129 · 누적 215s
  [wf10|Canada|r|s10|cold] 적합 80 · 행 97 · A 325 · 채점 422 · 6.0s · 상태 ok(실패 0) · 완료 90/129 · 누적 216s
  [wf10|Alaska|r|s6|warm] 적합 140 · 행 169 · A 6522 · 채점 7084 · 20.4s · 상태 ok(실패 0) · 완료 91/129 · 누적 216s
  [wf9|Canada|r|s11] 적합 64 · 행 81 · A 432 · 채점 317 · 5.2s · 상태 ok(실패 0) · 완료 92/129 · 누적 217s
  [wf9|Canada|r|s13] 적합 64 · 행 81 · A 428 · 채점 319 · 5.2s · 상태 ok(실패 0) · 완료 93/129 · 누적 217s
  [wf9|Canada|r|s8] 적합 64 · 행 81 · A 420 · 채점 329 · 5.0s · 상태 ok(실패 0) · 완료 94/129 · 누적 217s
  [wf9|Canada|r|s3] 적합 64 · 행 81 · A 406 · 채점 342 · 5.0s · 상태 ok(실패 0) · 완료 95/129 · 누적 218s
  [wf10|Alaska|r|s10|warm] 적합 122 · 행 169 · A 4948 · 채점 8658 · 16.9s · 상태 partial(실패 1) · 완료 96/129 · 누적 218s
  [wf10|Alaska|r|s8|warm] 적합 140 · 행 169 · A 6456 · 채점 7150 · 19.6s · 상태 ok(실패 0) · 완료 97/129 · 누적 219s
  [wf10|Alaska|r|s9|warm] 적합 140 · 행 169 · A 6354 · 채점 7252 · 20.2s · 상태 ok(실패 0) · 완료 98/129 · 누적 220s
  [wf10|Canada|r|s3|warm] 적합 80 · 행 97 · A 361 · 채점 387 · 5.8s · 상태 ok(실패 0) · 완료 99/129 · 누적 220s
  [wf10|Canada|r|s3|cold] 적합 80 · 행 97 · A 265 · 채점 482 · 5.4s · 상태 ok(실패 0) · 완료 100/129 · 누적 220s
  [wf9|Lena|r|s17] 적합 100 · 행 141 · A 969 · 채점 1989 · 10.0s · 상태 ok(실패 0) · 완료 101/129 · 누적 220s
  [wf9|Canada|r|s7] 적합 64 · 행 81 · A 396 · 채점 352 · 5.0s · 상태 ok(실패 0) · 완료 102/129 · 누적 220s
  [wf9|Canada|r|s9] 적합 64 · 행 81 · A 404 · 채점 344 · 5.2s · 상태 ok(실패 0) · 완료 103/129 · 누적 220s
  [wf9|Canada|r|s14] 적합 64 · 행 81 · A 384 · 채점 363 · 5.0s · 상태 ok(실패 0) · 완료 104/129 · 누적 221s
  [wf9|Canada|r|s19] 적합 62 · 행 81 · A 383 · 채점 365 · 5.0s · 상태 ok(실패 0) · 완료 105/129 · 누적 221s
  [wf9|Canada|r|s10] 적합 64 · 행 81 · A 375 · 채점 374 · 4.9s · 상태 ok(실패 0) · 완료 106/129 · 누적 222s
  [wf9|Canada|r|s23] 적합 64 · 행 81 · A 376 · 채점 374 · 5.3s · 상태 ok(실패 0) · 완료 107/129 · 누적 222s
  [wf9|Canada|r|s24] 적합 64 · 행 81 · A 378 · 채점 371 · 5.6s · 상태 ok(실패 0) · 완료 108/129 · 누적 222s
  [wf9|Canada|r|s25] 적합 64 · 행 81 · A 375 · 채점 373 · 5.0s · 상태 ok(실패 0) · 완료 109/129 · 누적 223s
  [wf9|Canada|r|s21] 적합 64 · 행 81 · A 369 · 채점 379 · 5.9s · 상태 ok(실패 0) · 완료 110/129 · 누적 224s
  [wf9|Canada|r|s15] 적합 64 · 행 81 · A 366 · 채점 383 · 6.0s · 상태 ok(실패 0) · 완료 111/129 · 누적 225s
  [wf9|Canada|r|s12] 적합 64 · 행 81 · A 361 · 채점 387 · 5.0s · 상태 ok(실패 0) · 완료 112/129 · 누적 225s
  [wf9|Canada|r|s5] 적합 64 · 행 81 · A 360 · 채점 388 · 5.0s · 상태 ok(실패 0) · 완료 113/129 · 누적 225s
  [wf9|Canada|r|s17] 적합 64 · 행 81 · A 364 · 채점 385 · 5.6s · 상태 ok(실패 0) · 완료 114/129 · 누적 225s
  [wf9|Canada|r|s2] 적합 64 · 행 81 · A 363 · 채점 385 · 5.6s · 상태 ok(실패 0) · 완료 115/129 · 누적 226s
  [wf10|Canada|r|s2|cold] 적합 80 · 행 97 · A 304 · 채점 443 · 5.6s · 상태 ok(실패 0) · 완료 116/129 · 누적 226s
  [wf10|Canada|r|s2|warm] 적합 80 · 행 97 · A 370 · 채점 377 · 6.2s · 상태 ok(실패 0) · 완료 117/129 · 누적 226s
  [wf10|Canada|r|s5|cold] 적합 80 · 행 97 · A 329 · 채점 418 · 5.1s · 상태 ok(실패 0) · 완료 118/129 · 누적 226s
  [wf10|Canada|r|s5|warm] 적합 80 · 행 97 · A 281 · 채점 468 · 5.4s · 상태 ok(실패 0) · 완료 119/129 · 누적 226s
  [wf10|Canada|r|s1|cold] 적합 80 · 행 97 · A 236 · 채점 511 · 5.1s · 상태 ok(실패 0) · 완료 120/129 · 누적 228s
  [wf9|Canada|r|s1] 적합 64 · 행 81 · A 355 · 채점 393 · 5.4s · 상태 ok(실패 0) · 완료 121/129 · 누적 228s
  [wf9|Canada|r|s22] 적합 64 · 행 81 · A 352 · 채점 398 · 5.1s · 상태 ok(실패 0) · 완료 122/129 · 누적 228s
  [wf10|Canada|r|s1|warm] 적합 80 · 행 97 · A 326 · 채점 424 · 6.0s · 상태 ok(실패 0) · 완료 123/129 · 누적 228s
  [wf9|Canada|r|s4] 적합 64 · 행 81 · A 325 · 채점 423 · 4.7s · 상태 ok(실패 0) · 완료 124/129 · 누적 229s
  [wf9|Canada|r|s20] 적합 64 · 행 81 · A 350 · 채점 399 · 5.1s · 상태 ok(실패 0) · 완료 125/129 · 누적 229s
  [wf9|Canada|r|s16] 적합 64 · 행 81 · A 315 · 채점 432 · 4.7s · 상태 ok(실패 0) · 완료 126/129 · 누적 230s
  [wf10|Canada|r|s4|cold] 적합 80 · 행 97 · A 266 · 채점 481 · 5.2s · 상태 ok(실패 0) · 완료 127/129 · 누적 231s
  [wf9|Canada|r|s6] 적합 64 · 행 81 · A 319 · 채점 430 · 5.2s · 상태 ok(실패 0) · 완료 128/129 · 누적 231s
  [wf10|Canada|r|s4|warm] 적합 80 · 행 97 · A 343 · 채점 405 · 6.2s · 상태 ok(실패 0) · 완료 129/129 · 누적 231s
[done] 완료 129 · 실패 0 · 일부 적합 실패 1 · 232s
