[tdd] v1 lgx_tdd_matched_v1.csv:54f132e461ea · v4 xb_tdd_matched_v4.csv:6ca0fa4bb8fa · sha256 4b22ca458685950c 확인
[data] arm ['xb_r', 'xb_t'] · 변형 '' · 작업 단위 211(건너뜀 19) · arm 별 {'xb_r': 74, 'xb_t': 137} · seed 2 · 스레드 4 · 워커 22
[plan] 실행 211 · 재개로 건너뜀 0
  [완료] xb_r|Alaska|r|15| · 1/211
  [완료] xb_r|Alaska|r|2| · 2/211
  [완료] xb_r|Alaska|r|14| · 3/211
  [완료] xb_r|Alaska|r|17| · 4/211
  [완료] xb_r|Alaska|r|5| · 5/211
  [완료] xb_r|Alaska|r|11| · 6/211
  [완료] xb_r|Alaska|r|3| · 7/211
  [완료] xb_r|Alaska|r|10| · 8/211
  [완료] xb_r|Alaska|r|6| · 9/211
  [완료] xb_r|Alaska|r|4| · 10/211
  [완료] xb_r|Alaska|r|13| · 11/211
  [완료] xb_r|Alaska|r|1| · 12/211
  [완료] xb_r|Alaska|r|25| · 13/211
  [완료] xb_r|Alaska|r|18| · 14/211
  [완료] xb_r|Alaska|r|16| · 15/211
  [완료] xb_r|Alaska|r|23| · 16/211
  [완료] xb_r|Alaska|r|24| · 17/211
  [완료] xb_r|Alaska|r|19| · 18/211
  [완료] xb_r|Alaska|r|20| · 19/211
  [완료] xb_r|Alaska|r|22| · 20/211
  [완료] xb_r|Alaska|r|12| · 21/211
  [완료] xb_r|Alaska|r|21| · 22/211
  [완료] xb_r|Canada|r|19| · 23/211
  [완료] xb_r|Canada|r|10| · 24/211
  [완료] xb_r|Canada|r|18| · 25/211
  [완료] xb_r|Canada|r|16| · 26/211
  [완료] xb_r|Canada|r|12| · 27/211
  [완료] xb_r|Canada|r|1| · 28/211
  [완료] xb_r|Canada|r|11| · 29/211
  [완료] xb_r|Canada|r|14| · 30/211
  [완료] xb_r|Canada|r|13| · 31/211
  [완료] xb_r|Canada|r|17| · 32/211
  [완료] xb_r|Canada|r|15| · 33/211
  [완료] xb_r|Canada|r|20| · 34/211
  [완료] xb_r|Canada|r|3| · 35/211
  [완료] xb_r|Canada|r|21| · 36/211
  [완료] xb_r|Canada|r|25| · 37/211
  [완료] xb_r|Canada|r|22| · 38/211
  [완료] xb_r|Canada|r|23| · 39/211
  [완료] xb_r|Canada|r|2| · 40/211
    [warn] 적합 실패(xb_r|catboost_lo|R1cv): CatBoostError('catboost/libs/metrics/metric.cpp:7011: All train targets are equal')
    [warn] 적합 실패(xb_r|catboost_lo|Recv): CatBoostError('catboost/libs/metrics/metric.cpp:7011: All train targets are equal')
  [완료] xb_r|Canada|r|24| · 41/211
    [warn] 적합 실패(xb_r|catboost_lo|StackRcv): CatBoostError('catboost/libs/metrics/metric.cpp:7011: All train targets are equal')
    [warn] 적합 실패(xb_r|catboost_lo|R1cv): CatBoostError('catboost/libs/data/quantization.cpp:2419: All features are either constant or ignored.')
    [warn] 적합 실패(xb_r|catboost_lo|Recv): CatBoostError('catboost/libs/data/quantization.cpp:2419: All features are either constant or ignored.')
    [warn] 적합 실패(xb_r|catboost_lo|StackRcv): CatBoostError('catboost/libs/data/quantization.cpp:2419: All features are either constant or ignored.')
  [완료] xb_r|Alaska|r|7| · 42/211
  [완료] xb_r|Alaska|r|8| · 43/211
  [완료] xb_r|Canada|r|5| · 44/211
  [완료] xb_r|Canada|r|4| · 45/211
  [완료] xb_r|Alaska|r|9| · 46/211
  [완료] xb_r|Canada|r|8| · 47/211
  [완료] xb_r|Canada|r|6| · 48/211
  [완료] xb_r|Canada|r|7| · 49/211
  [완료] xb_r|Canada|r|9| · 50/211
    [warn] 적합 실패(xb_r|catboost_lo|R1cv): CatBoostError('catboost/libs/metrics/metric.cpp:7011: All train targets are equal')
    [warn] 적합 실패(xb_r|catboost_lo|Recv): CatBoostError('catboost/libs/metrics/metric.cpp:7011: All train targets are equal')
    [warn] 적합 실패(xb_r|catboost_lo|StackRcv): CatBoostError('catboost/libs/metrics/metric.cpp:7011: All train targets are equal')
  [완료] xb_r|Lena|r|17| · 51/211
  [완료] xb_r|Lena|r|20| · 52/211
  [완료] xb_r|Lena|r|14| · 53/211
  [완료] xb_r|Lena|r|16| · 54/211
  [완료] xb_r|Lena|r|13| · 55/211
  [완료] xb_r|Lena|r|10| · 56/211
  [완료] xb_r|Lena|r|1| · 57/211
  [완료] xb_r|Lena|r|18| · 58/211
  [완료] xb_r|Lena|r|15| · 59/211
  [완료] xb_r|Lena|r|11| · 60/211
  [완료] xb_r|Lena|r|12| · 61/211
  [완료] xb_r|Lena|r|2| · 62/211
  [완료] xb_r|Lena|r|19| · 63/211
  [완료] xb_r|Lena|r|4| · 64/211
  [완료] xb_r|Lena|r|5| · 65/211
  [완료] xb_r|Lena|r|23| · 66/211
  [완료] xb_r|Lena|r|21| · 67/211
  [완료] xb_r|Lena|r|22| · 68/211
  [완료] xb_r|Lena|r|6| · 69/211
  [완료] xb_r|Lena|r|3| · 70/211
  [완료] xb_r|Lena|r|7| · 71/211
  [완료] xb_r|Lena|r|25| · 72/211
  [완료] xb_r|Lena|r|8| · 73/211
  [완료] xb_t|AL-1|x|2| · 74/211
  [완료] xb_r|Lena|r|9| · 75/211
  [완료] xb_t|AL-1|x|4| · 76/211
  [완료] xb_t|AL-1|x|3| · 77/211
  [완료] xb_t|AL-1|i|2| · 78/211
  [완료] xb_t|AL-1|x|5| · 79/211
  [완료] xb_t|AL-1|i|4| · 80/211
  [완료] xb_t|AL-2|x|3| · 81/211
  [완료] xb_t|AL-2|x|1| · 82/211
  [완료] xb_t|AL-2|x|2| · 83/211
  [완료] xb_t|AL-2|x|4| · 84/211
  [완료] xb_t|AL-1|i|3| · 85/211
  [완료] xb_t|AL-2|x|5| · 86/211
  [완료] xb_t|AL-3|x|1| · 87/211
  [완료] xb_t|AL-3|x|3| · 88/211
  [완료] xb_t|AL-1|i|5| · 89/211
  [완료] xb_t|AL-3|x|2| · 90/211
  [완료] xb_t|AL-2|i|1| · 91/211
  [완료] xb_t|AL-3|x|5| · 92/211
  [완료] xb_t|AL-3|i|5| · 93/211
  [완료] xb_t|AL-2|i|3| · 94/211
  [완료] xb_t|AL-2|i|4| · 95/211
  [완료] xb_t|AL-3|x|4| · 96/211
  [완료] xb_t|AL-2|i|2| · 97/211
  [완료] xb_t|AL-3|i|3| · 98/211
  [완료] xb_t|AL-4|x|4| · 99/211
  [완료] xb_t|AL-3|i|1| · 100/211
  [완료] xb_t|AL-2|i|5| · 101/211
  [완료] xb_t|AL-3|i|2| · 102/211
  [완료] xb_t|AL-4|x|5| · 103/211
  [완료] xb_t|AL-4|x|1| · 104/211
  [완료] xb_t|AL-3|i|4| · 105/211
  [완료] xb_t|AL-4|i|4| · 106/211
  [완료] xb_t|AL-4|i|5| · 107/211
  [완료] xb_t|AL-5|x|4| · 108/211
  [완료] xb_t|AL-5|x|5| · 109/211
  [완료] xb_t|AL-5|x|2| · 110/211
  [완료] xb_t|AL-4|i|1| · 111/211
  [완료] xb_t|AL-5|x|3| · 112/211
  [완료] xb_t|AL-5|x|1| · 113/211
  [완료] xb_t|AL-6|x|3| · 114/211
  [완료] xb_t|AL-6|x|5| · 115/211
  [완료] xb_t|AL-6|x|1| · 116/211
  [완료] xb_t|AL-6|x|4| · 117/211
  [완료] xb_t|AL-5|i|4| · 118/211
  [완료] xb_t|AL-5|i|1| · 119/211
  [완료] xb_t|Alaska|x|1| · 120/211
  [완료] xb_t|AL-5|i|2| · 121/211
  [완료] xb_t|AL-5|i|5| · 122/211
  [완료] xb_t|AL-5|i|3| · 123/211
  [완료] xb_t|Alaska|x|2| · 124/211
  [완료] xb_t|AL-6|i|3| · 125/211
  [완료] xb_t|AL-6|i|4| · 126/211
  [완료] xb_t|Alaska|x|3| · 127/211
  [완료] xb_t|AL-6|i|1| · 128/211
  [완료] xb_t|Alaska|x|4| · 129/211
  [완료] xb_t|Alaska|x|5| · 130/211
  [완료] xb_t|CA-2|i|4| · 131/211
  [완료] xb_t|CA-2|i|2| · 132/211
  [완료] xb_t|AL-6|i|5| · 133/211
  [완료] xb_t|CA-2|i|3| · 134/211
  [완료] xb_t|CA-2|i|1| · 135/211
  [완료] xb_t|CA-2|i|5| · 136/211
  [완료] xb_t|CA-3|i|3| · 137/211
  [완료] xb_t|CA-3|i|4| · 138/211
  [완료] xb_t|CA-2|x|2| · 139/211
  [완료] xb_t|CA-2|x|1| · 140/211
  [완료] xb_t|CA-2|x|3| · 141/211
  [완료] xb_t|CA-2|x|4| · 142/211
  [완료] xb_t|Greenland|x|2| · 143/211
  [완료] xb_t|CA-3|i|1| · 144/211
  [완료] xb_t|CA-3|x|3| · 145/211
  [완료] xb_t|CA-3|x|4| · 146/211
  [완료] xb_t|CA-2|x|5| · 147/211
  [완료] xb_t|CA-3|i|5| · 148/211
  [완료] xb_t|CA-3|i|2| · 149/211
  [완료] xb_t|CA-3|x|5| · 150/211
  [완료] xb_t|CA-3|x|1| · 151/211
  [완료] xb_t|CA-3|x|2| · 152/211
  [완료] xb_t|Canada~exp~lic|x|3| · 153/211
  [완료] xb_t|Canada|x|2| · 154/211
  [완료] xb_t|Canada|x|1| · 155/211
  [완료] xb_t|Canada|x|3| · 156/211
  [완료] xb_t|Canada|x|5| · 157/211
  [완료] xb_t|Canada|x|4| · 158/211
  [완료] xb_t|Canada~exp~lic|x|5| · 159/211
  [완료] xb_t|Canada~exp~lic|x|1| · 160/211
  [완료] xb_t|Canada~exp~lic|x|4| · 161/211
  [완료] xb_t|Canada~exp~lic|x|2| · 162/211
  [완료] xb_t|LE-1|i|1| · 163/211
  [완료] xb_t|LE-1|i|2| · 164/211
  [완료] xb_t|LE-2|i|3| · 165/211
  [완료] xb_t|NAtlantic~lic|x|1| · 166/211
  [완료] xb_t|LE-1|x|1| · 167/211
  [완료] xb_t|LE-1|x|2| · 168/211
  [완료] xb_t|LE-1|i|4| · 169/211
  [완료] xb_t|Russia_C|x|2| · 170/211
  [완료] xb_t|LE-1|x|4| · 171/211
  [완료] xb_t|LE-2|i|1| · 172/211
  [완료] xb_t|NAtlantic~lic|x|3| · 173/211
  [완료] xb_t|LE-1|i|3| · 174/211
  [완료] xb_t|NAtlantic~lic|x|5| · 175/211
  [완료] xb_t|Russia_C|x|1| · 176/211
  [완료] xb_t|LE-1|x|3| · 177/211
  [완료] xb_t|Russia_C|x|3| · 178/211
  [완료] xb_t|Russia_C|x|4| · 179/211
  [완료] xb_t|Russia_C|x|5| · 180/211
  [완료] xb_t|NAtlantic~lic|x|2| · 181/211
  [완료] xb_t|LE-2|x|3| · 182/211
  [완료] xb_t|LE-2|x|1| · 183/211
  [완료] xb_t|NAtlantic~lic|x|4| · 184/211
  [완료] xb_t|LE-2|i|2| · 185/211
  [완료] xb_t|Russia_C~lgd|x|1| · 186/211
  [완료] xb_t|Russia_C~lgd|x|2| · 187/211
  [완료] xb_t|Russia_E|x|1| · 188/211
  [완료] xb_t|Russia_C~lgd|x|4| · 189/211
  [완료] xb_t|Russia_C~lgd|x|5| · 190/211
  [완료] xb_t|Russia_C~lgd|x|3| · 191/211
  [완료] xb_t|Russia_E|x|5| · 192/211
  [완료] xb_t|Russia_E|x|2| · 193/211
  [완료] xb_t|Russia_E|x|3| · 194/211
  [완료] xb_t|Russia_W|x|2| · 195/211
  [완료] xb_t|Russia_W|x|1| · 196/211
  [완료] xb_t|Russia_E|x|4| · 197/211
  [완료] xb_t|Russia_W|x|3| · 198/211
  [완료] xb_t|LE-2|x|2| · 199/211
  [완료] xb_t|Russia_W|x|4| · 200/211
  [완료] xb_t|Lena|x|1| · 201/211
  [완료] xb_t|Russia_W|x|5| · 202/211
  [완료] xb_t|Lena|x|2| · 203/211
  [완료] xb_t|Lena|x|4| · 204/211
  [완료] xb_t|Lena|x|3| · 205/211
  [완료] xb_t|Lena|x|5| · 206/211
  [완료] xb_t|Tibet_LGD|x|1| · 207/211
  [완료] xb_t|Tibet_LGD|x|2| · 208/211
  [완료] xb_t|Tibet_LGD|x|3| · 209/211
  [완료] xb_t|Tibet_LGD|x|5| · 210/211
  [완료] xb_t|Tibet_LGD|x|4| · 211/211
[done] 완료 211 · 실패 0 · 단위 상태 {'ok': 208, 'partial': 3} · 적합 40,376(적합 실패·비유한 키 9) · 245s · 최대 RSS 759.6 MB
[봉인] XB_multisource_stacking/sealed/xb_tests.csv: 행 1556, sha256 1baada19e9f5d44e
[봉인] XB_multisource_stacking/sealed/xb_weights.csv: 행 4412, sha256 e210e8513909d7f3
[봉인] XB_multisource_stacking/sealed/xb_weights_summary.csv: 행 219, sha256 f6d581ecb3108386
[봉인] XB_multisource_stacking/sealed/xb_cci_relation.csv: 행 34, sha256 f536fc56f1615f30
[봉인] XB_multisource_stacking/sealed/xb_fallback.csv: 행 219, sha256 970680725c36f540
[봉인] XB_multisource_stacking/sealed/xb_group_error.csv: 행 1857, sha256 4cc1f99e0f04a42c
[봉인] XB_multisource_stacking/sealed/xb_meta.json: 행 22, sha256 4fb534ae5fe0e354
