[자료] 실험 ['xd_r', 'xd_t', 'xd_learn'] · 작업 단위 688(건너뜀 9) · 실험별 {'xd_r': 168, 'xd_t': 427, 'xd_learn': 93} · 분할 [1, 2, 3, 4, 5] · seed [0, 1] · 추출 5 · 스레드 4 · 워커 22
[계획] 실행 688 · 재개로 건너뜀 0
  [완료] xd_r|Alaska|r|2|S8p · 1/688
  [완료] xd_r|Alaska|r|2|S8c · 2/688
  [완료] xd_r|Alaska|r|1|S8p · 3/688
  [완료] xd_r|Alaska|r|3|S8p · 4/688
  [완료] xd_r|Alaska|r|2|S8b · 5/688
  [완료] xd_r|Alaska|r|1|S8c · 6/688
  [완료] xd_r|Alaska|r|3|S8c · 7/688
  [완료] xd_r|Alaska|r|2|S8a · 8/688
  [완료] xd_r|Alaska|r|2|S2 · 9/688
  [완료] xd_r|Alaska|r|2|S1 · 10/688
  [완료] xd_r|Alaska|r|1|S1 · 11/688
  [완료] xd_r|Alaska|r|3|S1 · 12/688
  [완료] xd_r|Alaska|r|1|S2 · 13/688
  [완료] xd_r|Alaska|r|4|S1 · 14/688
  [완료] xd_r|Alaska|r|3|S2 · 15/688
  [완료] xd_r|Alaska|r|2|S4 · 16/688
  [완료] xd_r|Alaska|r|1|S4 · 17/688
  [완료] xd_r|Alaska|r|1|S8b · 18/688
  [완료] xd_r|Alaska|r|3|S4 · 19/688
  [완료] xd_r|Alaska|r|3|S8b · 20/688
  [완료] xd_r|Alaska|r|4|S2 · 21/688
  [완료] xd_r|Alaska|r|4|S8p · 22/688
  [완료] xd_r|Alaska|r|3|S8a · 23/688
  [완료] xd_r|Alaska|r|5|S8p · 24/688
  [완료] xd_r|Alaska|r|4|S4 · 25/688
  [완료] xd_r|Lena|r|1|S8p · 26/688
  [완료] xd_r|Alaska|r|1|S8a · 27/688
  [완료] xd_r|Alaska|r|5|S8c · 28/688
  [완료] xd_r|Alaska|r|4|S8c · 29/688
  [완료] xd_r|Lena|r|1|S8c · 30/688
  [완료] xd_r|Alaska|r|5|S1 · 31/688
  [완료] xd_r|Lena|r|2|S8c · 32/688
  [완료] xd_r|Alaska|r|5|S2 · 33/688
  [완료] xd_r|Alaska|r|4|S8b · 34/688
  [완료] xd_r|Lena|r|1|S8b · 35/688
  [완료] xd_r|Alaska|r|5|S8b · 36/688
  [완료] xd_r|Alaska|r|5|S4 · 37/688
  [완료] xd_r|Lena|r|2|S8p · 38/688
  [완료] xd_r|Lena|r|1|S1 · 39/688
  [완료] xd_r|Lena|r|1|S2 · 40/688
  [완료] xd_r|Lena|r|3|S8c · 41/688
  [완료] xd_r|Lena|r|2|S8a · 42/688
  [완료] xd_r|Lena|r|3|S8p · 43/688
  [완료] xd_r|Lena|r|1|S8a · 44/688
  [완료] xd_r|Alaska|r|5|S8a · 45/688
  [완료] xd_r|Lena|r|1|S4 · 46/688
  [완료] xd_r|Lena|r|2|S8b · 47/688
  [완료] xd_r|Alaska|r|4|S8a · 48/688
  [완료] xd_r|Lena|r|4|S8c · 49/688
  [완료] xd_r|Lena|r|4|S8p · 50/688
  [완료] xd_r|Lena|r|2|S1 · 51/688
  [완료] xd_r|Lena|r|4|S8b · 52/688
  [완료] xd_r|Lena|r|5|S8c · 53/688
  [완료] xd_r|Lena|r|2|S2 · 54/688
  [완료] xd_r|Lena|r|3|S8b · 55/688
  [완료] xd_r|Lena|r|3|S8a · 56/688
  [완료] xd_r|Lena|r|2|S4 · 57/688
  [완료] xd_r|Lena|r|5|S8b · 58/688
  [완료] xd_r|Lena|r|5|S8a · 59/688
  [완료] xd_r|Lena|r|5|S8p · 60/688
  [완료] xd_r|Lena|r|3|S1 · 61/688
  [완료] xd_r|Lena|r|3|S4 · 62/688
  [완료] xd_r|Lena|r|3|S2 · 63/688
  [완료] xd_r|Lena|r|4|S8a · 64/688
  [완료] xd_r|Lena|r|4|S1 · 65/688
  [완료] xd_r|Lena|r|4|S2 · 66/688
  [완료] xd_r|Canada|r|1|S1 · 67/688
  [완료] xd_r|Canada|r|1|S8p · 68/688
  [완료] xd_r|Canada|r|1|S8c · 69/688
  [완료] xd_r|Canada|r|1|S2 · 70/688
  [완료] xd_r|Lena|r|5|S2 · 71/688
  [완료] xd_r|Lena|r|5|S1 · 72/688
  [완료] xd_r|Lena|r|4|S4 · 73/688
  [완료] xd_r|Lena|r|5|S4 · 74/688
  [완료] xd_r|Canada|r|1|S4 · 75/688
  [완료] xd_r|Canada|r|2|S8c · 76/688
  [완료] xd_r|Canada|r|1|S8b · 77/688
  [완료] xd_r|Canada|r|3|S8a · 78/688
  [완료] xd_r|Canada|r|2|S8p · 79/688
  [완료] xd_r|Canada|r|3|S8c · 80/688
  [완료] xd_r|Canada|r|4|S8c · 81/688
  [완료] xd_r|Canada|r|2|S1 · 82/688
  [완료] xd_r|Canada|r|3|S8b · 83/688
  [완료] xd_r|Canada|r|2|S2 · 84/688
  [완료] xd_r|Canada|r|2|S4 · 85/688
  [완료] xd_r|Canada|r|3|S1 · 86/688
  [완료] xd_r|Canada|r|3|S8p · 87/688
  [완료] xd_r|Canada|r|1|S8a · 88/688
  [완료] xd_r|Canada|r|4|S8p · 89/688
  [완료] xd_r|Canada|r|3|S2 · 90/688
  [완료] xd_r|Canada|r|2|S8b · 91/688
  [완료] xd_r|Canada|r|4|S8b · 92/688
  [완료] xd_r|Canada|r|3|S4 · 93/688
  [완료] xd_r|AL-1|r|2|S8b · 94/688
  [완료] xd_r|AL-1|r|2|S8c · 95/688
  [완료] xd_r|Canada|r|5|S8c · 96/688
  [완료] xd_r|AL-1|r|2|S8p · 97/688
  [완료] xd_r|Canada|r|4|S8a · 98/688
  [완료] xd_r|Canada|r|4|S1 · 99/688
  [완료] xd_r|AL-1|r|2|S8a · 100/688
  [완료] xd_r|Canada|r|2|S8a · 101/688
  [완료] xd_r|Canada|r|5|S8p · 102/688
  [완료] xd_r|Canada|r|5|S8b · 103/688
  [완료] xd_r|Canada|r|4|S2 · 104/688
  [완료] xd_r|Canada|r|5|S8a · 105/688
  [완료] xd_r|Canada|r|4|S4 · 106/688
  [완료] xd_r|Canada|r|5|S1 · 107/688
  [완료] xd_r|AL-1|r|2|S4 · 108/688
  [완료] xd_r|AL-1|r|3|S8p · 109/688
  [완료] xd_r|AL-1|r|2|S1 · 110/688
  [완료] xd_r|AL-1|r|3|S8b · 111/688
  [완료] xd_r|Canada|r|5|S2 · 112/688
  [완료] xd_r|AL-1|r|2|S2 · 113/688
  [완료] xd_r|Canada|r|5|S4 · 114/688
  [완료] xd_r|AL-1|r|4|S8p · 115/688
  [완료] xd_r|AL-1|r|4|S8c · 116/688
  [완료] xd_r|AL-1|r|3|S8c · 117/688
  [완료] xd_r|AL-1|r|3|S8a · 118/688
  [완료] xd_r|AL-1|r|4|S8b · 119/688
  [완료] xd_r|AL-1|r|5|S8b · 120/688
  [완료] xd_r|AL-1|r|5|S8c · 121/688
  [완료] xd_r|AL-1|r|5|S8p · 122/688
  [완료] xd_r|AL-1|r|4|S8a · 123/688
  [완료] xd_r|AL-2|r|1|S8b · 124/688
  [완료] xd_r|AL-1|r|4|S4 · 125/688
  [완료] xd_r|AL-1|r|4|S1 · 126/688
  [완료] xd_r|AL-1|r|5|S8a · 127/688
  [완료] xd_r|AL-2|r|1|S8p · 128/688
  [완료] xd_r|AL-2|r|1|S8c · 129/688
  [완료] xd_r|AL-1|r|4|S2 · 130/688
  [완료] xd_r|AL-2|r|1|S8a · 131/688
  [완료] xd_r|AL-1|r|3|S1 · 132/688
  [완료] xd_r|AL-1|r|3|S2 · 133/688
  [완료] xd_r|AL-1|r|3|S4 · 134/688
  [완료] xd_r|AL-2|r|3|S8c · 135/688
  [완료] xd_r|AL-2|r|3|S8p · 136/688
  [완료] xd_r|AL-2|r|3|S8a · 137/688
  [완료] xd_r|AL-2|r|2|S8p · 138/688
  [완료] xd_r|AL-1|r|5|S1 · 139/688
  [완료] xd_r|AL-1|r|5|S2 · 140/688
  [완료] xd_r|AL-2|r|2|S8c · 141/688
  [완료] xd_r|AL-2|r|1|S1 · 142/688
  [완료] xd_r|AL-2|r|4|S8b · 143/688
  [완료] xd_r|AL-2|r|4|S8c · 144/688
  [완료] xd_r|AL-2|r|2|S8b · 145/688
  [완료] xd_r|AL-1|r|5|S4 · 146/688
  [완료] xd_r|AL-2|r|3|S8b · 147/688
  [완료] xd_r|AL-2|r|4|S8p · 148/688
  [완료] xd_r|AL-2|r|1|S4 · 149/688
  [완료] xd_r|AL-2|r|2|S8a · 150/688
  [완료] xd_r|AL-2|r|4|S8a · 151/688
  [완료] xd_r|AL-2|r|1|S2 · 152/688
  [완료] xd_r|AL-2|r|2|S1 · 153/688
  [완료] xd_r|AL-2|r|2|S2 · 154/688
  [완료] xd_r|AL-2|r|3|S2 · 155/688
  [완료] xd_r|AL-2|r|3|S1 · 156/688
  [완료] xd_r|AL-2|r|2|S4 · 157/688
  [완료] xd_t|Lena|x|1|S8p · 158/688
  [완료] xd_r|AL-2|r|3|S4 · 159/688
  [완료] xd_t|Lena|x|1|S8c · 160/688
  [완료] xd_r|AL-2|r|5|S8p · 161/688
  [완료] xd_r|AL-2|r|4|S1 · 162/688
  [완료] xd_r|AL-2|r|5|S8c · 163/688
  [완료] xd_t|Lena|x|2|S8c · 164/688
  [완료] xd_r|AL-2|r|4|S2 · 165/688
  [완료] xd_t|Lena|x|2|S8p · 166/688
  [완료] xd_r|AL-2|r|4|S4 · 167/688
  [완료] xd_r|AL-2|r|5|S8b · 168/688
  [완료] xd_t|Lena|x|1|S1 · 169/688
  [완료] xd_t|Lena|x|1|S2 · 170/688
  [완료] xd_t|Lena|x|3|S8c · 171/688
  [완료] xd_t|Lena|x|1|S4 · 172/688
  [완료] xd_t|Lena|x|3|S8p · 173/688
  [완료] xd_t|Lena|x|1|S8b · 174/688
  [완료] xd_r|AL-2|r|5|S1 · 175/688
  [완료] xd_r|AL-2|r|5|S2 · 176/688
  [완료] xd_r|AL-2|r|5|S8a · 177/688
  [완료] xd_t|Lena|x|4|S8c · 178/688
  [완료] xd_t|Lena|x|4|S8p · 179/688
  [완료] xd_r|AL-2|r|5|S4 · 180/688
  [완료] xd_t|Lena|x|2|S1 · 181/688
  [완료] xd_t|Lena|x|2|S2 · 182/688
  [완료] xd_t|Lena|x|2|S4 · 183/688
  [완료] xd_t|Lena|x|2|S8b · 184/688
  [완료] xd_t|Lena|x|4|S8b · 185/688
  [완료] xd_t|Lena|x|5|S8p · 186/688
  [완료] xd_t|Lena|x|5|S8c · 187/688
  [완료] xd_t|Lena|x|3|S2 · 188/688
  [완료] xd_t|Lena|x|3|S1 · 189/688
  [완료] xd_t|Lena|x|3|S8b · 190/688
  [완료] xd_t|Lena|x|3|S4 · 191/688
  [완료] xd_t|Lena|x|4|S1 · 192/688
  [완료] xd_t|Lena|x|3|S8a · 193/688
  [완료] xd_t|Lena|x|2|S8a · 194/688
  [완료] xd_t|Canada|x|1|S8p · 195/688
  [완료] xd_t|Lena|x|4|S4 · 196/688
  [완료] xd_t|Lena|x|4|S2 · 197/688
  [완료] xd_t|Lena|x|5|S1 · 198/688
  [완료] xd_t|Lena|x|5|S8b · 199/688
  [완료] xd_t|Lena|x|5|S2 · 200/688
  [완료] xd_t|Lena|x|5|S4 · 201/688
  [완료] xd_t|Lena|x|1|S8a · 202/688
  [완료] xd_t|Lena|x|4|S8a · 203/688
  [완료] xd_t|Canada|x|1|S8c · 204/688
  [완료] xd_t|Canada|x|2|S8p · 205/688
  [완료] xd_t|Canada|x|3|S8p · 206/688
  [완료] xd_t|Canada|x|2|S8c · 207/688
  [완료] xd_t|Canada|x|1|S1 · 208/688
  [완료] xd_t|Canada|x|1|S2 · 209/688
  [완료] xd_t|Canada|x|1|S4 · 210/688
  [완료] xd_t|Canada|x|1|S8b · 211/688
  [완료] xd_t|Canada|x|2|S1 · 212/688
  [완료] xd_t|Canada|x|2|S2 · 213/688
  [완료] xd_t|Canada|x|2|S4 · 214/688
  [완료] xd_t|Canada|x|2|S8b · 215/688
  [완료] xd_t|Lena|x|5|S8a · 216/688
  [완료] xd_t|Canada|x|3|S8b · 217/688
  [완료] xd_t|Canada|x|4|S8p · 218/688
  [완료] xd_t|Canada|x|4|S8c · 219/688
  [완료] xd_t|Canada|x|5|S8p · 220/688
  [완료] xd_t|Canada|x|3|S8c · 221/688
  [완료] xd_t|Canada|x|3|S1 · 222/688
  [완료] xd_t|Canada|x|5|S8c · 223/688
  [완료] xd_t|Canada|x|3|S2 · 224/688
  [완료] xd_t|Russia_W|x|1|S8b · 225/688
  [완료] xd_t|Canada|x|3|S4 · 226/688
  [완료] xd_t|Russia_W|x|1|S8c · 227/688
  [완료] xd_t|Russia_W|x|1|S4 · 228/688
  [완료] xd_t|Canada|x|4|S8b · 229/688
  [완료] xd_t|Russia_W|x|1|S8p · 230/688
  [완료] xd_t|Canada|x|4|S1 · 231/688
  [완료] xd_t|Canada|x|4|S2 · 232/688
  [완료] xd_t|Russia_W|x|1|S1 · 233/688
  [완료] xd_t|Russia_W|x|1|S8a · 234/688
  [완료] xd_t|Canada|x|4|S4 · 235/688
  [완료] xd_t|Russia_W|x|1|S2 · 236/688
  [완료] xd_t|Canada|x|5|S8b · 237/688
  [완료] xd_t|Russia_W|x|3|S8b · 238/688
  [완료] xd_t|Russia_W|x|2|S8p · 239/688
  [완료] xd_t|Russia_W|x|2|S8c · 240/688
  [완료] xd_t|Russia_W|x|2|S4 · 241/688
  [완료] xd_t|Canada|x|5|S1 · 242/688
  [완료] xd_t|Russia_W|x|3|S8c · 243/688
  [완료] xd_t|Russia_W|x|3|S4 · 244/688
  [완료] xd_t|Canada|x|5|S2 · 245/688
  [완료] xd_t|Russia_W|x|3|S8a · 246/688
  [완료] xd_t|Russia_W|x|2|S2 · 247/688
  [완료] xd_t|Russia_W|x|2|S1 · 248/688
  [완료] xd_t|Canada|x|5|S4 · 249/688
  [완료] xd_t|Russia_W|x|2|S8b · 250/688
  [완료] xd_t|Russia_W|x|3|S8p · 251/688
  [완료] xd_t|Canada|x|3|S8a · 252/688
  [완료] xd_t|Russia_W|x|4|S8c · 253/688
  [완료] xd_t|Russia_W|x|5|S8c · 254/688
  [완료] xd_t|Russia_W|x|3|S1 · 255/688
  [완료] xd_t|Russia_W|x|3|S2 · 256/688
  [완료] xd_t|Canada|x|5|S8a · 257/688
  [완료] xd_t|Canada|x|4|S8a · 258/688
  [완료] xd_t|Russia_W|x|4|S8b · 259/688
  [완료] xd_t|Canada|x|1|S8a · 260/688
  [완료] xd_t|Russia_W|x|4|S8p · 261/688
  [완료] xd_t|Russia_W|x|4|S4 · 262/688
  [완료] xd_t|Russia_W|x|5|S4 · 263/688
  [완료] xd_t|Russia_W|x|4|S1 · 264/688
  [완료] xd_t|Russia_W|x|4|S2 · 265/688
  [완료] xd_t|Russia_E|x|1|S8c · 266/688
  [완료] xd_t|Russia_W|x|5|S2 · 267/688
  [완료] xd_t|Russia_W|x|2|S8a · 268/688
  [완료] xd_t|Russia_W|x|5|S8b · 269/688
  [완료] xd_t|Russia_E|x|2|S8c · 270/688
  [완료] xd_t|Russia_W|x|5|S8p · 271/688
  [완료] xd_t|Russia_W|x|5|S1 · 272/688
  [완료] xd_t|Russia_E|x|1|S8b · 273/688
  [완료] xd_t|Russia_E|x|1|S8a · 274/688
  [완료] xd_t|Russia_E|x|1|S8p · 275/688
  [완료] xd_t|Russia_E|x|1|S1 · 276/688
  [완료] xd_t|Russia_E|x|1|S2 · 277/688
  [완료] xd_t|Russia_W|x|5|S8a · 278/688
  [완료] xd_t|Russia_E|x|2|S8p · 279/688
  [완료] xd_t|Russia_E|x|2|S8a · 280/688
  [완료] xd_t|Canada|x|2|S8a · 281/688
  [완료] xd_t|Russia_E|x|3|S8c · 282/688
  [완료] xd_t|Russia_E|x|4|S8b · 283/688
  [완료] xd_t|Russia_E|x|3|S8b · 284/688
  [완료] xd_t|Russia_E|x|2|S2 · 285/688
  [완료] xd_t|Russia_E|x|2|S8b · 286/688
  [완료] xd_t|Russia_E|x|1|S4 · 287/688
  [완료] xd_t|Russia_E|x|3|S4 · 288/688
  [완료] xd_t|Russia_E|x|4|S8c · 289/688
  [완료] xd_t|Russia_W|x|4|S8a · 290/688
  [완료] xd_t|Russia_E|x|3|S8a · 291/688
  [완료] xd_t|Russia_E|x|2|S4 · 292/688
  [완료] xd_t|Russia_E|x|2|S1 · 293/688
  [완료] xd_t|Russia_E|x|4|S4 · 294/688
  [완료] xd_t|Russia_E|x|3|S1 · 295/688
  [완료] xd_t|Russia_E|x|4|S8a · 296/688
  [완료] xd_t|Russia_E|x|3|S8p · 297/688
  [완료] xd_t|Russia_E|x|4|S8p · 298/688
  [완료] xd_t|Russia_E|x|5|S8c · 299/688
  [완료] xd_t|Russia_E|x|5|S8b · 300/688
  [완료] xd_t|Russia_E|x|3|S2 · 301/688
  [완료] xd_t|Alaska|x|1|S8c · 302/688
  [완료] xd_t|Alaska|x|1|S8p · 303/688
  [완료] xd_t|Alaska|x|2|S8c · 304/688
  [완료] xd_t|Alaska|x|2|S8p · 305/688
  [완료] xd_t|Russia_E|x|5|S8p · 306/688
  [완료] xd_t|Russia_E|x|4|S1 · 307/688
  [완료] xd_t|Russia_E|x|4|S2 · 308/688
  [완료] xd_t|Russia_E|x|5|S4 · 309/688
  [완료] xd_t|Alaska|x|2|S8b · 310/688
  [완료] xd_t|Russia_E|x|5|S1 · 311/688
  [완료] xd_t|Alaska|x|1|S1 · 312/688
  [완료] xd_t|Russia_E|x|5|S2 · 313/688
  [완료] xd_t|Alaska|x|1|S2 · 314/688
  [완료] xd_t|Alaska|x|3|S8c · 315/688
  [완료] xd_t|Alaska|x|3|S8p · 316/688
  [완료] xd_t|Russia_E|x|5|S8a · 317/688
  [완료] xd_t|Alaska|x|1|S4 · 318/688
  [완료] xd_t|Alaska|x|1|S8b · 319/688
  [완료] xd_t|Alaska|x|2|S8a · 320/688
  [완료] xd_t|Alaska|x|4|S8c · 321/688
  [완료] xd_t|Alaska|x|2|S1 · 322/688
  [완료] xd_t|Alaska|x|2|S2 · 323/688
  [완료] xd_t|Alaska|x|2|S4 · 324/688
  [완료] xd_t|Alaska|x|3|S1 · 325/688
  [완료] xd_t|Alaska|x|4|S8p · 326/688
  [완료] xd_t|Alaska|x|3|S4 · 327/688
  [완료] xd_t|Alaska|x|3|S2 · 328/688
  [완료] xd_t|Alaska|x|5|S8p · 329/688
  [완료] xd_t|Alaska|x|5|S8c · 330/688
  [완료] xd_t|AL-1|x|2|S8b · 331/688
  [완료] xd_t|AL-1|x|2|S8c · 332/688
  [완료] xd_t|Alaska|x|3|S8b · 333/688
  [완료] xd_t|AL-1|x|2|S8p · 334/688
  [완료] xd_t|Alaska|x|4|S1 · 335/688
  [완료] xd_t|Alaska|x|4|S2 · 336/688
  [완료] xd_t|Alaska|x|4|S4 · 337/688
  [완료] xd_t|AL-1|x|3|S8b · 338/688
  [완료] xd_t|AL-1|x|3|S8c · 339/688
  [완료] xd_t|AL-1|x|3|S8p · 340/688
  [완료] xd_t|AL-1|x|2|S8a · 341/688
  [완료] xd_t|Alaska|x|5|S8b · 342/688
  [완료] xd_t|Alaska|x|5|S1 · 343/688
  [완료] xd_t|Alaska|x|4|S8b · 344/688
  [완료] xd_t|Alaska|x|5|S2 · 345/688
  [완료] xd_t|Alaska|x|5|S4 · 346/688
  [완료] xd_t|AL-1|x|4|S8c · 347/688
  [완료] xd_t|AL-1|x|4|S8p · 348/688
  [완료] xd_t|AL-1|x|3|S8a · 349/688
  [완료] xd_t|AL-1|x|2|S1 · 350/688
  [완료] xd_t|AL-1|x|2|S2 · 351/688
  [완료] xd_t|AL-1|x|2|S4 · 352/688
  [완료] xd_t|AL-1|x|5|S8b · 353/688
  [완료] xd_t|AL-1|x|5|S8c · 354/688
  [완료] xd_t|AL-1|x|5|S8p · 355/688
  [완료] xd_t|AL-1|x|3|S1 · 356/688
  [완료] xd_t|AL-1|x|4|S8b · 357/688
  [완료] xd_t|AL-1|x|3|S2 · 358/688
  [완료] xd_t|AL-1|x|3|S4 · 359/688
  [완료] xd_t|AL-2|x|1|S8p · 360/688
  [완료] xd_t|AL-1|x|4|S1 · 361/688
  [완료] xd_t|AL-1|x|5|S8a · 362/688
  [완료] xd_t|AL-1|x|4|S2 · 363/688
  [완료] xd_t|Alaska|x|1|S8a · 364/688
  [완료] xd_t|AL-1|x|4|S4 · 365/688
  [완료] xd_t|AL-2|x|1|S8c · 366/688
  [완료] xd_t|AL-1|x|5|S1 · 367/688
  [완료] xd_t|AL-2|x|2|S8p · 368/688
  [완료] xd_t|Alaska|x|3|S8a · 369/688
  [완료] xd_t|AL-2|x|1|S8b · 370/688
  [완료] xd_t|AL-2|x|1|S8a · 371/688
  [완료] xd_t|AL-1|x|5|S2 · 372/688
  [완료] xd_t|AL-2|x|2|S8c · 373/688
  [완료] xd_t|AL-2|x|1|S1 · 374/688
  [완료] xd_t|AL-1|x|5|S4 · 375/688
  [완료] xd_t|AL-2|x|3|S8c · 376/688
  [완료] xd_t|AL-2|x|3|S8p · 377/688
  [완료] xd_t|AL-2|x|2|S8a · 378/688
  [완료] xd_t|AL-2|x|1|S2 · 379/688
  [완료] xd_t|AL-2|x|1|S4 · 380/688
  [완료] xd_t|AL-1|x|4|S8a · 381/688
  [완료] xd_t|AL-2|x|3|S8b · 382/688
  [완료] xd_t|AL-2|x|4|S8b · 383/688
  [완료] xd_t|AL-2|x|4|S8c · 384/688
  [완료] xd_t|AL-2|x|4|S8p · 385/688
  [완료] xd_t|AL-2|x|2|S8b · 386/688
  [완료] xd_t|Alaska|x|4|S8a · 387/688
  [완료] xd_t|AL-2|x|2|S1 · 388/688
  [완료] xd_t|AL-2|x|2|S2 · 389/688
  [완료] xd_t|AL-2|x|2|S4 · 390/688
  [완료] xd_t|Alaska|x|5|S8a · 391/688
  [완료] xd_t|AL-2|x|5|S8p · 392/688
  [완료] xd_t|AL-3|x|1|S8c · 393/688
  [완료] xd_t|AL-2|x|3|S1 · 394/688
  [완료] xd_t|AL-2|x|4|S8a · 395/688
  [완료] xd_t|AL-3|x|1|S8p · 396/688
  [완료] xd_t|AL-2|x|3|S2 · 397/688
  [완료] xd_t|AL-2|x|5|S8c · 398/688
  [완료] xd_t|AL-2|x|3|S4 · 399/688
  [완료] xd_t|AL-2|x|4|S1 · 400/688
  [완료] xd_t|AL-2|x|4|S2 · 401/688
  [완료] xd_t|AL-2|x|4|S4 · 402/688
  [완료] xd_t|AL-3|x|2|S8p · 403/688
  [완료] xd_t|AL-3|x|1|S8b · 404/688
  [완료] xd_t|AL-2|x|3|S8a · 405/688
  [완료] xd_t|AL-3|x|2|S8c · 406/688
  [완료] xd_t|AL-2|x|5|S1 · 407/688
  [완료] xd_t|AL-2|x|5|S2 · 408/688
  [완료] xd_t|AL-2|x|5|S4 · 409/688
  [완료] xd_t|AL-3|x|2|S8b · 410/688
  [완료] xd_t|AL-3|x|1|S1 · 411/688
  [완료] xd_t|AL-2|x|5|S8b · 412/688
  [완료] xd_t|AL-3|x|1|S2 · 413/688
  [완료] xd_t|AL-3|x|1|S4 · 414/688
  [완료] xd_t|AL-2|x|5|S8a · 415/688
  [완료] xd_t|AL-3|x|3|S8c · 416/688
  [완료] xd_t|AL-3|x|3|S8p · 417/688
  [완료] xd_t|AL-3|x|2|S1 · 418/688
  [완료] xd_t|AL-3|x|4|S8c · 419/688
  [완료] xd_t|AL-3|x|1|S8a · 420/688
  [완료] xd_t|AL-3|x|3|S8b · 421/688
  [완료] xd_t|AL-3|x|2|S2 · 422/688
  [완료] xd_t|AL-3|x|2|S4 · 423/688
  [완료] xd_t|AL-3|x|5|S8c · 424/688
  [완료] xd_t|AL-3|x|5|S8p · 425/688
  [완료] xd_t|AL-3|x|4|S8p · 426/688
  [완료] xd_t|AL-3|x|3|S1 · 427/688
  [완료] xd_t|AL-3|x|3|S4 · 428/688
  [완료] xd_t|AL-3|x|3|S2 · 429/688
  [완료] xd_t|AL-3|x|5|S8b · 430/688
  [완료] xd_t|AL-4|x|1|S8b · 431/688
  [완료] xd_t|AL-4|x|1|S8c · 432/688
  [완료] xd_t|AL-4|x|1|S8p · 433/688
  [완료] xd_t|AL-3|x|4|S8b · 434/688
  [완료] xd_t|AL-3|x|4|S1 · 435/688
  [완료] xd_t|AL-3|x|3|S8a · 436/688
  [완료] xd_t|AL-4|x|4|S8b · 437/688
  [완료] xd_t|AL-4|x|4|S8c · 438/688
  [완료] xd_t|AL-4|x|4|S8p · 439/688
  [완료] xd_t|AL-3|x|4|S2 · 440/688
  [완료] xd_t|AL-3|x|4|S4 · 441/688
  [완료] xd_t|AL-3|x|2|S8a · 442/688
  [완료] xd_t|AL-4|x|1|S8a · 443/688
  [완료] xd_t|AL-4|x|5|S8b · 444/688
  [완료] xd_t|AL-3|x|5|S8a · 445/688
  [완료] xd_t|AL-3|x|5|S2 · 446/688
  [완료] xd_t|AL-4|x|5|S8c · 447/688
  [완료] xd_t|AL-4|x|5|S8p · 448/688
  [완료] xd_t|AL-3|x|5|S1 · 449/688
  [완료] xd_t|AL-3|x|5|S4 · 450/688
  [완료] xd_t|AL-4|x|4|S8a · 451/688
  [완료] xd_t|AL-5|x|1|S8p · 452/688
  [완료] xd_t|AL-4|x|1|S2 · 453/688
  [완료] xd_t|AL-4|x|1|S1 · 454/688
  [완료] xd_t|AL-4|x|1|S4 · 455/688
  [완료] xd_t|AL-4|x|5|S8a · 456/688
  [완료] xd_t|AL-5|x|1|S8c · 457/688
  [완료] xd_t|AL-5|x|2|S8c · 458/688
  [완료] xd_t|AL-5|x|2|S8p · 459/688
  [완료] xd_t|AL-4|x|4|S1 · 460/688
  [완료] xd_t|AL-4|x|4|S2 · 461/688
  [완료] xd_t|AL-4|x|4|S4 · 462/688
  [완료] xd_t|AL-4|x|5|S4 · 463/688
  [완료] xd_t|AL-5|x|1|S8b · 464/688
  [완료] xd_t|AL-5|x|3|S8b · 465/688
  [완료] xd_t|AL-5|x|3|S8c · 466/688
  [완료] xd_t|AL-5|x|3|S8p · 467/688
  [완료] xd_t|AL-4|x|5|S1 · 468/688
  [완료] xd_t|AL-4|x|5|S2 · 469/688
  [완료] xd_t|AL-5|x|1|S1 · 470/688
  [완료] xd_t|AL-5|x|1|S2 · 471/688
  [완료] xd_t|AL-5|x|1|S8a · 472/688
  [완료] xd_t|AL-3|x|4|S8a · 473/688
  [완료] xd_t|AL-5|x|4|S8c · 474/688
  [완료] xd_t|AL-5|x|1|S4 · 475/688
  [완료] xd_t|AL-5|x|2|S1 · 476/688
  [완료] xd_t|AL-5|x|2|S2 · 477/688
  [완료] xd_t|AL-5|x|2|S8b · 478/688
  [완료] xd_t|AL-5|x|3|S8a · 479/688
  [완료] xd_t|AL-5|x|2|S4 · 480/688
  [완료] xd_t|AL-5|x|4|S8p · 481/688
  [완료] xd_t|AL-5|x|5|S8c · 482/688
  [완료] xd_t|AL-5|x|5|S8p · 483/688
  [완료] xd_t|AL-5|x|3|S1 · 484/688
  [완료] xd_t|AL-6|x|1|S8b · 485/688
  [완료] xd_t|AL-6|x|1|S8c · 486/688
  [완료] xd_t|AL-5|x|5|S8b · 487/688
  [완료] xd_t|AL-5|x|3|S2 · 488/688
  [완료] xd_t|AL-6|x|1|S8p · 489/688
  [완료] xd_t|AL-5|x|3|S4 · 490/688
  [완료] xd_t|AL-5|x|4|S8b · 491/688
  [완료] xd_t|AL-5|x|4|S1 · 492/688
  [완료] xd_t|AL-5|x|4|S2 · 493/688
  [완료] xd_t|AL-5|x|4|S4 · 494/688
  [완료] xd_t|AL-6|x|3|S8p · 495/688
  [완료] xd_t|AL-6|x|3|S8b · 496/688
  [완료] xd_t|AL-6|x|3|S8c · 497/688
  [완료] xd_t|AL-6|x|1|S8a · 498/688
  [완료] xd_t|AL-5|x|5|S1 · 499/688
  [완료] xd_t|AL-6|x|4|S8c · 500/688
  [완료] xd_t|AL-5|x|5|S2 · 501/688
  [완료] xd_t|AL-6|x|4|S8p · 502/688
  [완료] xd_t|AL-5|x|5|S4 · 503/688
  [완료] xd_t|AL-6|x|4|S8b · 504/688
  [완료] xd_t|AL-5|x|4|S8a · 505/688
  [완료] xd_t|AL-6|x|3|S8a · 506/688
  [완료] xd_t|AL-6|x|1|S1 · 507/688
  [완료] xd_t|AL-6|x|1|S4 · 508/688
  [완료] xd_t|AL-6|x|1|S2 · 509/688
  [완료] xd_t|AL-6|x|5|S8b · 510/688
  [완료] xd_t|AL-6|x|5|S8p · 511/688
  [완료] xd_t|AL-5|x|5|S8a · 512/688
  [완료] xd_t|AL-6|x|3|S1 · 513/688
  [완료] xd_t|AL-6|x|4|S8a · 514/688
  [완료] xd_t|AL-6|x|5|S8c · 515/688
  [완료] xd_t|AL-5|x|2|S8a · 516/688
  [완료] xd_t|AL-6|x|3|S4 · 517/688
  [완료] xd_t|AL-6|x|3|S2 · 518/688
  [완료] xd_t|AL-6|x|4|S1 · 519/688
  [완료] xd_t|AL-6|x|5|S8a · 520/688
  [완료] xd_t|AL-6|x|4|S2 · 521/688
  [완료] xd_t|Tibet_LGD|x|1|S8p · 522/688
  [완료] xd_t|AL-6|x|4|S4 · 523/688
  [완료] xd_t|AL-6|x|5|S1 · 524/688
  [완료] xd_t|AL-6|x|5|S2 · 525/688
  [완료] xd_t|AL-6|x|5|S4 · 526/688
  [완료] xd_t|Tibet_LGD|x|1|S8c · 527/688
  [완료] xd_t|Tibet_LGD|x|2|S8p · 528/688
  [완료] xd_t|Tibet_LGD|x|3|S8c · 529/688
  [완료] xd_t|Tibet_LGD|x|2|S8c · 530/688
  [완료] xd_t|Tibet_LGD|x|1|S8b · 531/688
  [완료] xd_t|Tibet_LGD|x|3|S8p · 532/688
  [완료] xd_t|Tibet_LGD|x|4|S8c · 533/688
  [완료] xd_t|Tibet_LGD|x|2|S8b · 534/688
  [완료] xd_t|Tibet_LGD|x|1|S1 · 535/688
  [완료] xd_t|Tibet_LGD|x|1|S2 · 536/688
  [완료] xd_t|Tibet_LGD|x|1|S4 · 537/688
  [완료] xd_t|Tibet_LGD|x|2|S1 · 538/688
  [완료] xd_t|Tibet_LGD|x|3|S8b · 539/688
  [완료] xd_t|Tibet_LGD|x|2|S2 · 540/688
  [완료] xd_t|Tibet_LGD|x|2|S4 · 541/688
  [완료] xd_t|Tibet_LGD|x|3|S1 · 542/688
  [완료] xd_t|Tibet_LGD|x|3|S2 · 543/688
  [완료] xd_t|Tibet_LGD|x|3|S4 · 544/688
  [완료] xd_t|Tibet_LGD|x|4|S8p · 545/688
  [완료] xd_t|Tibet_LGD|x|2|S8a · 546/688
  [완료] xd_t|Tibet_LGD|x|4|S1 · 547/688
  [완료] xd_t|Russia_C~lgd|x|1|S8b · 548/688
  [완료] xd_t|Tibet_LGD|x|4|S8b · 549/688
  [완료] xd_t|Russia_C~lgd|x|1|S8c · 550/688
  [완료] xd_t|Tibet_LGD|x|4|S2 · 551/688
  [완료] xd_t|Russia_C~lgd|x|1|S8p · 552/688
  [완료] xd_t|Tibet_LGD|x|5|S8c · 553/688
  [완료] xd_t|Tibet_LGD|x|4|S4 · 554/688
  [완료] xd_t|Russia_C~lgd|x|2|S8p · 555/688
  [완료] xd_t|Russia_C~lgd|x|2|S8b · 556/688
  [완료] xd_t|Russia_C~lgd|x|1|S8a · 557/688
  [완료] xd_t|Russia_C~lgd|x|2|S8c · 558/688
  [완료] xd_t|Russia_C~lgd|x|1|S4 · 559/688
  [완료] xd_t|Russia_C~lgd|x|1|S1 · 560/688
  [완료] xd_t|Russia_C~lgd|x|1|S2 · 561/688
  [완료] xd_t|Russia_C~lgd|x|3|S8c · 562/688
  [완료] xd_t|Russia_C~lgd|x|3|S8p · 563/688
  [완료] xd_t|Tibet_LGD|x|5|S8p · 564/688
  [완료] xd_t|Russia_C~lgd|x|2|S8a · 565/688
  [완료] xd_t|Tibet_LGD|x|5|S1 · 566/688
  [완료] xd_t|Russia_C~lgd|x|3|S8b · 567/688
  [완료] xd_t|Russia_C~lgd|x|3|S8a · 568/688
  [완료] xd_t|Tibet_LGD|x|5|S2 · 569/688
  [완료] xd_t|Tibet_LGD|x|1|S8a · 570/688
  [완료] xd_t|Tibet_LGD|x|5|S8b · 571/688
  [완료] xd_t|Russia_C~lgd|x|2|S4 · 572/688
  [완료] xd_t|Russia_C~lgd|x|4|S8c · 573/688
  [완료] xd_t|Russia_C~lgd|x|2|S1 · 574/688
  [완료] xd_t|Russia_C~lgd|x|2|S2 · 575/688
  [완료] xd_t|Tibet_LGD|x|5|S4 · 576/688
  [완료] xd_t|Russia_C~lgd|x|4|S8p · 577/688
  [완료] xd_t|Russia_C~lgd|x|5|S8c · 578/688
  [완료] xd_t|Russia_C~lgd|x|3|S1 · 579/688
  [완료] xd_t|Russia_C~lgd|x|5|S8p · 580/688
  [완료] xd_t|Russia_C~lgd|x|3|S4 · 581/688
  [완료] xd_t|Russia_C~lgd|x|3|S2 · 582/688
  [완료] xd_t|Russia_C~lgd|x|4|S4 · 583/688
  [완료] xd_t|Russia_C~lgd|x|4|S8b · 584/688
  [완료] xd_t|Russia_C~lgd|x|4|S1 · 585/688
  [완료] xd_t|Russia_C~lgd|x|4|S2 · 586/688
  [완료] xd_t|Russia_C~lgd|x|5|S4 · 587/688
  [완료] xd_t|Russia_C~lgd|x|5|S1 · 588/688
  [완료] xd_t|Russia_C~lgd|x|4|S8a · 589/688
  [완료] xd_t|Russia_C~lgd|x|5|S2 · 590/688
  [완료] xd_t|Russia_C~lgd|x|5|S8b · 591/688
  [완료] xd_t|Russia_C~lgd|x|5|S8a · 592/688
  [완료] xd_t|Tibet_LGD|x|4|S8a · 593/688
  [완료] xd_t|Tibet_LGD|x|3|S8a · 594/688
  [완료] xd_t|Tibet_LGD|x|5|S8a · 595/688
  [완료] xd_learn|Alaska|x|2|n10 · 596/688
  [완료] xd_learn|AL-1|x|2|n10 · 597/688
  [완료] xd_learn|AL-1|x|2|n20 · 598/688
  [완료] xd_learn|AL-1|x|2|n40 · 599/688
  [완료] xd_learn|Alaska|x|1|n20 · 600/688
  [완료] xd_learn|Alaska|x|1|n10 · 601/688
  [완료] xd_learn|Alaska|x|2|n20 · 602/688
  [완료] xd_learn|Alaska|x|2|n40 · 603/688
  [완료] xd_learn|Alaska|x|3|n10 · 604/688
  [완료] xd_learn|Alaska|x|4|n10 · 605/688
  [완료] xd_learn|Alaska|x|1|n40 · 606/688
  [완료] xd_learn|AL-1|x|3|n10 · 607/688
  [완료] xd_learn|AL-1|x|3|n20 · 608/688
  [완료] xd_learn|Alaska|x|5|n10 · 609/688
  [완료] xd_learn|Alaska|x|3|n20 · 610/688
  [완료] xd_learn|Alaska|x|4|n20 · 611/688
  [완료] xd_learn|Alaska|x|5|n20 · 612/688
  [완료] xd_learn|Alaska|x|3|n40 · 613/688
  [완료] xd_learn|AL-1|x|3|n40 · 614/688
  [완료] xd_learn|Alaska|x|4|n40 · 615/688
  [완료] xd_learn|Alaska|x|5|n40 · 616/688
  [완료] xd_learn|AL-1|x|4|n10 · 617/688
  [완료] xd_learn|AL-1|x|5|n10 · 618/688
  [완료] xd_learn|AL-1|x|5|n40 · 619/688
  [완료] xd_learn|AL-1|x|5|n20 · 620/688
  [완료] xd_learn|AL-1|x|4|n40 · 621/688
  [완료] xd_learn|AL-1|x|4|n20 · 622/688
  [완료] xd_learn|AL-2|x|1|n10 · 623/688
  [완료] xd_learn|AL-2|x|1|n20 · 624/688
  [완료] xd_learn|AL-2|x|1|n40 · 625/688
  [완료] xd_learn|AL-2|x|4|n10 · 626/688
  [완료] xd_learn|AL-2|x|2|n10 · 627/688
  [완료] xd_learn|AL-2|x|4|n20 · 628/688
  [완료] xd_learn|AL-2|x|3|n10 · 629/688
  [완료] xd_learn|AL-2|x|3|n20 · 630/688
  [완료] xd_learn|AL-2|x|4|n40 · 631/688
  [완료] xd_learn|AL-2|x|3|n40 · 632/688
  [완료] xd_learn|AL-2|x|2|n20 · 633/688
  [완료] xd_learn|AL-2|x|2|n40 · 634/688
  [완료] xd_learn|AL-3|x|1|n10 · 635/688
  [완료] xd_learn|AL-2|x|5|n10 · 636/688
  [완료] xd_learn|AL-2|x|5|n20 · 637/688
  [완료] xd_learn|AL-2|x|5|n40 · 638/688
  [완료] xd_learn|AL-3|x|1|n20 · 639/688
  [완료] xd_learn|AL-3|x|1|n40 · 640/688
  [완료] xd_learn|AL-3|x|2|n10 · 641/688
  [완료] xd_learn|AL-3|x|3|n10 · 642/688
  [완료] xd_learn|AL-3|x|2|n40 · 643/688
  [완료] xd_learn|AL-3|x|2|n20 · 644/688
  [완료] xd_learn|AL-4|x|1|n10 · 645/688
  [완료] xd_learn|AL-3|x|5|n10 · 646/688
  [완료] xd_learn|AL-4|x|1|n20 · 647/688
  [완료] xd_learn|AL-4|x|1|n40 · 648/688
  [완료] xd_learn|AL-3|x|3|n20 · 649/688
  [완료] xd_learn|AL-3|x|4|n10 · 650/688
  [완료] xd_learn|AL-3|x|5|n40 · 651/688
  [완료] xd_learn|AL-3|x|3|n40 · 652/688
  [완료] xd_learn|AL-3|x|4|n20 · 653/688
  [완료] xd_learn|AL-3|x|4|n40 · 654/688
  [완료] xd_learn|AL-4|x|4|n10 · 655/688
  [완료] xd_learn|AL-3|x|5|n20 · 656/688
  [완료] xd_learn|AL-4|x|4|n20 · 657/688
  [완료] xd_learn|AL-4|x|4|n40 · 658/688
  [완료] xd_learn|AL-4|x|5|n10 · 659/688
  [완료] xd_learn|AL-4|x|5|n20 · 660/688
  [완료] xd_learn|AL-4|x|5|n40 · 661/688
  [완료] xd_learn|AL-5|x|1|n10 · 662/688
  [완료] xd_learn|AL-5|x|1|n20 · 663/688
  [완료] xd_learn|AL-5|x|1|n40 · 664/688
  [완료] xd_learn|AL-5|x|3|n20 · 665/688
  [완료] xd_learn|AL-5|x|3|n10 · 666/688
  [완료] xd_learn|AL-5|x|2|n10 · 667/688
  [완료] xd_learn|AL-6|x|1|n10 · 668/688
  [완료] xd_learn|AL-6|x|1|n20 · 669/688
  [완료] xd_learn|AL-6|x|1|n40 · 670/688
  [완료] xd_learn|AL-5|x|3|n40 · 671/688
  [완료] xd_learn|AL-5|x|2|n40 · 672/688
  [완료] xd_learn|AL-5|x|5|n10 · 673/688
  [완료] xd_learn|AL-5|x|2|n20 · 674/688
  [완료] xd_learn|AL-5|x|5|n20 · 675/688
  [완료] xd_learn|AL-6|x|3|n10 · 676/688
  [완료] xd_learn|AL-5|x|4|n10 · 677/688
  [완료] xd_learn|AL-5|x|5|n40 · 678/688
  [완료] xd_learn|AL-5|x|4|n40 · 679/688
  [완료] xd_learn|AL-6|x|3|n20 · 680/688
  [완료] xd_learn|AL-5|x|4|n20 · 681/688
  [완료] xd_learn|AL-6|x|3|n40 · 682/688
  [완료] xd_learn|AL-6|x|4|n10 · 683/688
  [완료] xd_learn|AL-6|x|4|n40 · 684/688
  [완료] xd_learn|AL-6|x|4|n20 · 685/688
  [완료] xd_learn|AL-6|x|5|n10 · 686/688
  [완료] xd_learn|AL-6|x|5|n40 · 687/688
  [완료] xd_learn|AL-6|x|5|n20 · 688/688
[완료] 완료 688 · 실패 0
