\BOOKMARK [1][-]{section.1}{\376\377\305\360\255\154\000\040\302\030\325\211\000\040\254\275\254\374}{}% 1
\BOOKMARK [2][-]{subsection.1.1}{\376\377\302\334\254\004\302\034\000\040\254\275\254\374}{section.1}% 2
\BOOKMARK [2][-]{subsection.1.2}{\376\377\322\300\307\130\000\040\274\300\326\124}{section.1}% 3
\BOOKMARK [2][-]{subsection.1.3}{\376\377\300\254\310\004\000\040\264\361\270\135\000\040\302\344\273\064}{section.1}% 4
\BOOKMARK [1][-]{section.2}{\376\377\317\124\264\334\000\040\255\154\301\061}{}% 5
\BOOKMARK [2][-]{subsection.2.1}{\376\377\305\270\305\264\306\100\000\040\326\130\254\275}{section.2}% 6
\BOOKMARK [2][-]{subsection.2.2}{\376\377\323\364\263\124\000\040\255\154\301\061}{section.2}% 7
\BOOKMARK [2][-]{subsection.2.3}{\376\377\263\331\254\260\000\040\272\250\264\310\254\374\000\040\325\130\261\044\302\244}{section.2}% 8
\BOOKMARK [2][-]{subsection.2.4}{\376\377\302\344\325\330\000\040\302\344\325\211\000\040\302\034\301\034}{section.2}% 9
\BOOKMARK [2][-]{subsection.2.5}{\376\377\000R\000e\000s\000c\000a\000l\000e\000\040\300\254\306\251\254\374\000\040\276\104\306\251}{section.2}% 10
\BOOKMARK [1][-]{section.3}{\376\377\307\220\270\314}{}% 11
\BOOKMARK [2][-]{subsection.3.1}{\376\377\267\174\274\250}{section.3}% 12
\BOOKMARK [2][-]{subsection.3.2}{\376\377\254\365\274\300\267\311\000\040\0002\0005\310\205\254\374\000\040\325\164\300\301\263\304}{section.3}% 13
\BOOKMARK [2][-]{subsection.3.3}{\376\377\311\300\263\304\000\040\254\251\307\220\306\100\000\040\315\224\254\000\000\040\322\271\311\325}{section.3}% 14
\BOOKMARK [1][-]{section.4}{\376\377\274\051\274\225\000\040\300\301\301\070}{}% 15
\BOOKMARK [2][-]{subsection.4.1}{\376\377\302\335}{section.4}% 16
\BOOKMARK [2][-]{subsection.4.2}{\376\377\274\051\274\225\000\040\301\040\310\025\000\040\255\334\316\131\000\050\255\334\316\131\000\040\000W\000\051\254\374\000\040\274\060\316\130\000\040\310\010\314\050}{section.4}% 17
\BOOKMARK [2][-]{subsection.4.3}{\376\377\325\131\302\265\256\060\306\100\000\040\301\044\310\025}{section.4}% 18
\BOOKMARK [2][-]{subsection.4.4}{\376\377\323\311\254\000\000\040\262\350\307\004\306\100\000\040\321\265\254\304}{section.4}% 19
\BOOKMARK [1][-]{section.5}{\376\377\254\260\254\374\254\000\000\040\306\134\000\040\307\164\270\007\254\214\000\040\260\230\306\124\262\224\254\000}{}% 20
\BOOKMARK [1][-]{section.6}{\376\377\274\034\324\134\305\320\301\034\000\040\271\320\325\130\311\300\000\040\305\112\307\100\000\040\254\203}{}% 21
\BOOKMARK [1][-]{section.7}{\376\377\306\010\300\301\000\040\311\310\273\070\254\374\000\040\262\365}{}% 22
\BOOKMARK [1][-]{section.8}{\376\377\302\030\316\130\000\040\306\224\305\175\324\134}{}% 23
\BOOKMARK [1][-]{section.9}{\376\377\315\234\314\230\271\174\000\040\314\076\311\300\000\040\272\273\325\164\000\040\276\200\000\040\302\030\316\130}{}% 24
