[2026-10-01T05:44:11Z]: Launching [ -f wf_payload.tar.gz ] && tar xzf wf_payload.tar.gz; WF_MODE=smoke WF_EXPS=wf6,wf7,wf8 WF_BUDGET_MIN=50 bash scripts/rescale/run_wf.sh, Working dir: /enc/ukrprod_QmToeb/work.  Process output follows:
[2026-10-01T05:44:11Z]: [payload] created_utc=2026-10-01T05:33:59Z
[2026-10-01T05:44:11Z]: [payload] git_commit=becd9f5
[2026-10-01T05:44:11Z]: [payload] git_uncommitted_paths=0
[2026-10-01T05:44:11Z]: [payload] h40_sha16_main_run=7098f59dabe2b73f
[2026-10-01T05:44:11Z]: [payload] sha256 7098f59dabe2b73f scripts/3_deep_learning/h40_label_grid.py
[2026-10-01T05:44:11Z]: [payload] sha256 22e215e435e157be scripts/3_deep_learning/h42_label_grid_ext.py
[2026-10-01T05:44:11Z]: [payload] sha256 60aee949992b8de4 scripts/3_deep_learning/h54_workflow.py
[2026-10-01T05:44:11Z]: [payload] sha256 db746179789f21a7 src/polar/m1_core.py
[2026-10-01T05:44:11Z]: [payload] sha256 4b6b888275d5f47f src/polar/h4_common.py
[2026-10-01T05:44:11Z]: [payload] sha256 2a910d36299ee2fb src/polar/m1_stats.py
[2026-10-01T05:44:11Z]: [payload] sha256 a49559e2dce61535 src/polar/fidelity.py
[2026-10-01T05:44:11Z]: [payload] sha256 b799bd4e6aeb69b5 src/polar/physics.py
[2026-10-01T05:44:11Z]: [payload] sha256 a610dc5ced53e83d tests/test_h54_workflow.py
[2026-10-01T05:44:11Z]: [payload] sha256 6669c24278458d5d scripts/rescale/run_wf.sh
[2026-10-01T05:44:11Z]: [payload] sha256 af1c1f2bf081ac8d scripts/rescale/lg_common.sh
[2026-10-01T05:44:11Z]: [payload] sha256 71b5d3f6c297770d data/processed/fidelity_base_v3.csv
[2026-10-01T05:44:11Z]: [payload] sha256 711d0cd3ba0e2e41 data/processed/e5_soil_tdd_v3.csv
[2026-10-01T05:44:11Z]: [payload] sha256 2ef333b24d60332a data/processed/e5_soil_tdd_v4.csv
[2026-10-01T05:44:11Z]: [payload] sha256 87bd06f98bb1d141 data/processed/lg_subregion_map_v1.csv
[2026-10-01T05:44:11Z]: [payload] sha256 58e4db50f71b96a9 data/processed/lgd/run_tables/Tibet/fidelity_base_v3.csv
[2026-10-01T05:44:11Z]: [payload] sha256 7eeb6d49d5096c4c data/processed/lgd/run_tables/NAtlantic_lic/fidelity_base_v3.csv
[2026-10-01T05:44:11Z]: [payload] sha256 6a8ab259d10f3c07 data/processed/lgd/run_tables/Russia_C/fidelity_base_v3.csv
[2026-10-01T05:44:11Z]: [2026-10-01T05:44:11Z] [env] 작업 디렉터리 /enc/ukrprod_QmToeb/work
[2026-10-01T05:44:11Z]: [2026-10-01T05:44:11Z] [env] 코어 수 96 (RESCALE_CORES_PER_SLOT = 96, OMP_NUM_THREADS = 없음) · 메모리 369 GB (여유 344 GB)
[2026-10-01T05:44:11Z]: [2026-10-01T05:44:11Z] [env] 디스크 1.2T 여유 / 1.2T
[2026-10-01T05:44:11Z]: [2026-10-01T05:44:11Z] [env] python /program/pytorch-2.4.1/venv/bin/python3 · pip /program/pytorch-2.4.1/venv/bin/pip
[2026-10-01T05:44:15Z]: [env] python 3.11.10 · Linux-4.18.0-553.159.1.el8_10.x86_64-x86_64-with-glibc2.28
[2026-10-01T05:44:15Z]: [env] 가상환경 True · prefix /program/pytorch-2.4.1/venv
[2026-10-01T05:44:15Z]: [env] numpy 2.1.1
[2026-10-01T05:44:15Z]: [env] pandas 없음
[2026-10-01T05:44:15Z]: [env] scipy 없음
[2026-10-01T05:44:15Z]: [env] scikit-learn 없음
[2026-10-01T05:44:15Z]: [env] catboost 없음
[2026-10-01T05:44:15Z]: [env] pytabkit 없음
[2026-10-01T05:44:15Z]: [env] pytest 없음
[2026-10-01T05:44:15Z]: [env] torch 2.4.1
[2026-10-01T05:44:15Z]: [env] CUDA_VISIBLE_DEVICES = None
[2026-10-01T05:44:40Z]: [env] torch 2.4.1+cu121 · CUDA 빌드 12.1 · CUDA 사용 가능 False · GPU 수 0
[2026-10-01T05:44:43Z]: [2026-10-01T05:44:43Z] [env] nvidia-smi 없음
[2026-10-01T05:44:44Z]: [2026-10-01T05:44:44Z] [deps] 없는 필수 패키지: catboost>=1.2 scikit-learn>=1.3 pandas>=2.1,<3 scipy>=1.11
[2026-10-01T05:44:44Z]: [2026-10-01T05:44:44Z] [deps] pip install --user catboost>=1.2 scikit-learn>=1.3 pandas>=2.1,<3 scipy>=1.11
[2026-10-01T05:44:47Z]: ERROR: Can not perform a '--user' install. User site-packages are not visible in this virtualenv.
[2026-10-01T05:44:47Z]: [2026-10-01T05:44:47Z] [deps] --user 설치 실패(가상환경이면 정상이다). 기본 위치에 다시 시도한다
[2026-10-01T05:45:12Z]: [deps] 확인: catboost 1.2.10 · scikit-learn 1.9.1 · pandas 2.3.3 · scipy 1.17.1 · numpy 2.1.1
[2026-10-01T05:45:12Z]: [2026-10-01T05:45:12Z] [wf] 모드 smoke · 코어 96 · 워커 22 × 스레드 4 · 실험 wf6,wf7,wf8 · 시간 한도 50 min
[2026-10-01T05:45:12Z]: [2026-10-01T05:45:12Z] [deps] pip install --user pytest
[2026-10-01T05:45:13Z]: ERROR: Can not perform a '--user' install. User site-packages are not visible in this virtualenv.
[2026-10-01T05:45:13Z]: [2026-10-01T05:45:13Z] [deps] --user 설치 실패(가상환경이면 정상이다). 기본 위치에 다시 시도한다
[2026-10-01T05:45:14Z]: [2026-10-01T05:45:14Z] [deps] 선택 패키지 pytest 설치함(pytest)
[2026-10-01T05:45:14Z]: [2026-10-01T05:45:14Z] [deps] pip install --user pykrige==1.7.3
[2026-10-01T05:45:15Z]: ERROR: Can not perform a '--user' install. User site-packages are not visible in this virtualenv.
[2026-10-01T05:45:15Z]: [2026-10-01T05:45:15Z] [deps] --user 설치 실패(가상환경이면 정상이다). 기본 위치에 다시 시도한다
[2026-10-01T05:45:16Z]: [2026-10-01T05:45:16Z] [deps] 선택 패키지 pykrige 설치함(pykrige==1.7.3)
[2026-10-01T05:45:16Z]: [2026-10-01T05:45:16Z] [stage] smoke 시작(제한 900 s): env WF_RESCALE=1 python3 -u scripts/3_deep_learning/h54_workflow.py --smoke --exps wf6,wf7,wf8 --workers 4 --threads 4
[2026-10-01T05:45:24Z]:   [smoke] [data] 실험 ['wf6', 'wf7', 'wf8'] · 작업 단위 9(건너뜀 0) · 실험별 {'wf6': 1, 'wf7': 2, 'wf8': 6} · 분할 [1] · seed [0] · 스레드 4 · 워커 4
[2026-10-01T05:45:24Z]:   [smoke] [plan] 실행 9 · 재개로 건너뜀 0 · 프로세스 4 · 스레드 4
[2026-10-01T05:45:24Z]:   [smoke] [pool] 워커 4 · 스레드 4 · 코어 고정 예(워커마다 4코어)
[2026-10-01T05:45:24Z]:   [smoke] [done] 완료 9 · 실패 0 · 일부 적합 실패 0 · 6s
[2026-10-01T05:45:24Z]:   [smoke] [summarize] 실험 ['wf6', 'wf7', 'wf8'] · 조각 9 · runs 89 · curve 85 · tests 115 · 2s → /enc/ukrprod_QmToeb/work/data/processed/wf/wf2b_smoke_*
[2026-10-01T05:45:24Z]:   [smoke] wf6   WF6-b    주      NaN                                           판정 불가(대비 0/3; 없는 대비: n=500, n=1000, n=전량)
[2026-10-01T05:45:24Z]:   [smoke] wf7   WF7-a   서술      NaN      서술(방향 중립, 확인적 가설 아님): n=0 판정 불가, n=10 판정 불가, n=40 행 없음, n=160 행 없음, n=전량 판정 불가
[2026-10-01T05:45:24Z]:   [smoke] wf7   WF7-b   서술      NaN      서술(방향 중립, 확인적 가설 아님): n=0 판정 불가, n=10 판정 불가, n=40 행 없음, n=160 행 없음, n=전량 판정 불가
[2026-10-01T05:45:24Z]:   [smoke] wf7   WF7-a   보조      NaN 보조 서술(Re(0.25)-P0, 방향 중립): n=0 판정 불가, n=10 판정 불가, n=40 행 없음, n=160 행 없음, n=전량 판정 불가
[2026-10-01T05:45:24Z]:   [smoke] wf8   WF8-a    주      NaN                                       지지: n = 40 의 R1 에서 S4 가 S1 보다 우세인 지역 = Canada
[2026-10-01T05:45:24Z]:   [smoke] wf8   WF8-b    주      NaN                                      판정 불가(대비 2/4; 없는 대비: Russia_W S2, Russia_W S4)
[2026-10-01T05:45:24Z]: [2026-10-01T05:45:24Z] [stage] smoke 끝: 종료 코드 0 · 8 s · 경과 1 min
[2026-10-01T05:45:24Z]: [2026-10-01T05:45:24Z] [pack] results_wf_smoke.tar.gz 48K · 파일 38개
[2026-10-01T05:45:24Z]: [2026-10-01T05:45:24Z] [stage] pytest 시작(제한 900 s): env -u WF_RESCALE -u LG_RESCALE LG_RUN_HEAVY=1 OMP_NUM_THREADS=4 python3 -m pytest -q -p no:cacheprovider tests/test_h54_workflow.py
[2026-10-01T05:46:52Z]:   [pytest] 40 passed in 87.54s (0:01:27)
[2026-10-01T05:46:52Z]:   [pytest] ........................................                                 [100%]
[2026-10-01T05:46:52Z]:   [pytest] 40 passed in 87.54s (0:01:27)
[2026-10-01T05:46:52Z]: [2026-10-01T05:46:52Z] [stage] pytest 끝: 종료 코드 0 · 88 s · 경과 2 min
[2026-10-01T05:46:52Z]: [2026-10-01T05:46:52Z] [pack] results_wf_smoke.tar.gz 48K · 파일 39개
[2026-10-01T05:46:52Z]: [2026-10-01T05:46:52Z] [stage] count 시작(제한 600 s): env -u WF_RESCALE -u LG_RESCALE python3 -u scripts/3_deep_learning/h54_workflow.py --count-only --exps wf6,wf7,wf8 --threads 1
[2026-10-01T05:47:17Z]:   [count] [data] 실험 ['wf6', 'wf7', 'wf8'] · 작업 단위 266(건너뜀 19) · 실험별 {'wf6': 74, 'wf7': 117, 'wf8': 75} · 분할 [1, 2, 3, 4, 5] · seed [0, 1] · 스레드 1 · 워커 1
[2026-10-01T05:47:17Z]:   [count] [count-only] 작업 단위 266 · 건너뜀 19 · 세기 23s
[2026-10-01T05:47:17Z]:   [count] [count-only] 실험·학습기·방법별 적합 수와 추정 누적 시간(프로세스 1개, 스레드 4 기준)
[2026-10-01T05:47:17Z]:   [count] [count-only] 총 적합 25,822 · 크리깅 3,445 · k-평균 222 · 추정 누적 2.1 CPU-h(4스레드 프로세스 기준)
[2026-10-01T05:47:17Z]:   [count] [count-only] 2차 보강 ['wf6', 'wf7', 'wf8']: 단위 266 · 적합 25,822 · 크리깅 3,445 · 추정 누적 2.05 CPU-h · 실측 비 0.62 적용 1.27 CPU-h · 워커 22개 약 0.06 h · 가장 긴 단위 0.02 h(비 적용 0.01 h) → wf2b_count.csv
[2026-10-01T05:47:17Z]:   [count] [count-only] 건너뛴 분할·대상: {'invalid_nb_eval<2': 11, 'no_eval': 1, 'dup_of_2': 4, 'dup_of_1': 3}
[2026-10-01T05:47:17Z]:   [count] [count-only] 총 적합 25,822 · 크리깅 3,445 · k-평균 222 · 추정 누적 2.1 CPU-h(4스레드 프로세스 기준)
[2026-10-01T05:47:17Z]:   [count]   워커 15개(4스레드) → 약 0.14 h(단위 크기 불균형과 감속 제외)
[2026-10-01T05:47:17Z]:   [count]   워커 22개(4스레드) → 약 0.09 h(단위 크기 불균형과 감속 제외)
[2026-10-01T05:47:17Z]:   [count]   워커 43개(4스레드) → 약 0.05 h(단위 크기 불균형과 감속 제외)
[2026-10-01T05:47:17Z]:   [count] [count-only] 2차 보강 ['wf6', 'wf7', 'wf8']: 단위 266 · 적합 25,822 · 크리깅 3,445 · 추정 누적 2.05 CPU-h · 실측 비 0.62 적용 1.27 CPU-h · 워커 22개 약 0.06 h · 가장 긴 단위 0.02 h(비 적용 0.01 h) → wf2b_count.csv
[2026-10-01T05:47:17Z]:   [count] [count-only] 건너뛴 분할·대상: {'invalid_nb_eval<2': 11, 'no_eval': 1, 'dup_of_2': 4, 'dup_of_1': 3}
[2026-10-01T05:47:17Z]: [2026-10-01T05:47:17Z] [stage] count 끝: 종료 코드 0 · 25 s · 경과 3 min
[2026-10-01T05:47:17Z]: [2026-10-01T05:47:17Z] [pack] results_wf_smoke.tar.gz 52K · 파일 42개
[2026-10-01T05:47:17Z]: [2026-10-01T05:47:17Z] [stage] precheck 시작(제한 1800 s): env WF_RESCALE=1 python3 -u scripts/3_deep_learning/h54_workflow.py --precheck --exps wf6,wf7,wf8 --workers 7 --threads 4 --nboot 1000
[2026-10-01T05:47:58Z]:   [precheck] [data] 실험 ['wf6', 'wf7', 'wf8'] · 작업 단위 5(건너뜀 0) · 실험별 {'wf6': 1, 'wf7': 2, 'wf8': 2} · 분할 [1] · seed [0, 1] · 스레드 4 · 워커 7
[2026-10-01T05:47:58Z]:   [precheck] [plan] 실행 5 · 재개로 건너뜀 0 · 프로세스 7 · 스레드 4
[2026-10-01T05:47:58Z]:   [precheck] [pool] 워커 7 · 스레드 4 · 코어 고정 예(워커마다 4코어)
[2026-10-01T05:47:58Z]:   [precheck] [done] 완료 5 · 실패 0 · 일부 적합 실패 0 · 37s
[2026-10-01T05:47:58Z]:   [precheck] [summarize] 실험 ['wf6', 'wf7', 'wf8'] · 조각 5 · runs 749 · curve 152 · tests 145 · 2s → /enc/ukrprod_QmToeb/work/data/processed/wf/wf2b_precheck_*
[2026-10-01T05:47:58Z]:   [precheck] wf6   WF6-b    주      NaN                                             판정 불가(대비 0/3; 없는 대비: n=500, n=1000, n=전량)
[2026-10-01T05:47:58Z]:   [precheck] wf7   WF7-a   서술      NaN      서술(방향 중립, 확인적 가설 아님): n=0 판정 불가, n=10 판정 불가, n=40 판정 불가, n=160 판정 불가, n=전량 판정 불가
[2026-10-01T05:47:58Z]:   [precheck] wf7   WF7-b   서술      NaN      서술(방향 중립, 확인적 가설 아님): n=0 판정 불가, n=10 판정 불가, n=40 판정 불가, n=160 판정 불가, n=전량 판정 불가
[2026-10-01T05:47:58Z]:   [precheck] wf7   WF7-a   보조      NaN 보조 서술(Re(0.25)-P0, 방향 중립): n=0 판정 불가, n=10 판정 불가, n=40 판정 불가, n=160 판정 불가, n=전량 판정 불가
[2026-10-01T05:47:58Z]:   [precheck] wf8   WF8-a    주      NaN                                                    판정 불가(대비 0/2; 없는 대비: Lena, Canada)
[2026-10-01T05:47:58Z]:   [precheck] wf8   WF8-b    주      NaN                                                       판정 불가(대비 1/2; 없는 대비: Alaska S2)
[2026-10-01T05:47:58Z]: [2026-10-01T05:47:58Z] [stage] precheck 끝: 종료 코드 0 · 41 s · 경과 3 min
[2026-10-01T05:47:58Z]: [2026-10-01T05:47:58Z] [pack] results_wf_smoke.tar.gz 324K · 파일 64개
[2026-10-01T05:47:58Z]: [2026-10-01T05:47:58Z] [stage] project 시작(제한 120 s): env WF_EXPS=wf6,wf7,wf8 python3 -
[2026-10-01T05:47:58Z]:   [project] wf8 Alaska    x      1      S4        4.5  4.169 1.079396     20
[2026-10-01T05:47:58Z]:   [project] exp   est_s    ratio  proj_cpu_h
[2026-10-01T05:47:58Z]:   [project] wf6 2413.50 0.727005    0.487397
[2026-10-01T05:47:58Z]:   [project] wf7 4465.54 0.577626    0.716503
[2026-10-01T05:47:58Z]:   [project] wf8  502.11 1.079396    0.150549
[2026-10-01T05:47:58Z]:   [project] [project] 실측/추정 비(전체) 0.66 · 환산 누적 1.4 CPU-h(워커 1개, 4스레드)
[2026-10-01T05:47:58Z]: [2026-10-01T05:47:58Z] [stage] project 끝: 종료 코드 0 · 0 s · 경과 3 min
[2026-10-01T05:47:58Z]: [2026-10-01T05:47:58Z] [pack] results_wf_smoke.tar.gz 324K · 파일 66개
[2026-10-01T05:47:58Z]: [2026-10-01T05:47:58Z] [pack] results_wf_smoke.tar.gz 324K · 파일 66개
[2026-10-01T05:47:58Z]: [2026-10-01T05:47:58Z] [wf] 단계별 상태
[2026-10-01T05:47:58Z]:   stage,required,rc,sec,note
[2026-10-01T05:47:58Z]:   inputs,1,0,32,
[2026-10-01T05:47:58Z]:   deps,1,0,61,
[2026-10-01T05:47:58Z]:   smoke,1,0,8,
[2026-10-01T05:47:58Z]:   pytest,1,0,88,
[2026-10-01T05:47:58Z]:   count,1,0,25,
[2026-10-01T05:47:58Z]:   precheck,0,0,41,
[2026-10-01T05:47:58Z]:   project,0,0,0,
[2026-10-01T05:47:58Z]: [2026-10-01T05:47:58Z] [wf] 모든 단계 통과 · 경과 3 min
[2026-10-01T05:47:58Z]: Exited with code 0
[2026-10-01T05:47:58Z]: 
