[2026-09-29T12:40:52Z]: Launching [ -f lgx_payload.tar.gz ] && tar xzf lgx_payload.tar.gz; LGX_SMOKE_BUDGET_MIN=165 bash scripts/rescale/run_lgx_smoke.sh, Working dir: /enc/ukrprod_nxvpT/work.  Process output follows:
[2026-09-29T12:40:52Z]: [payload] created_utc=2026-09-29T12:28:42Z
[2026-09-29T12:40:52Z]: [payload] git_commit=f29bfc8
[2026-09-29T12:40:52Z]: [payload] git_uncommitted_paths=0
[2026-09-29T12:40:52Z]: [payload] h40_sha16_main_run=7098f59dabe2b73f
[2026-09-29T12:40:52Z]: [payload] reference_shards=19 (from results/rescale_lg_smoke)
[2026-09-29T12:40:52Z]: [payload] sha256 7098f59dabe2b73f scripts/3_deep_learning/h40_label_grid.py
[2026-09-29T12:40:52Z]: [payload] sha256 bafb95cfb3167f65 scripts/3_deep_learning/h42_label_grid_ext.py
[2026-09-29T12:40:52Z]: [payload] sha256 492373e4d37b5ea4 scripts/2_evaluation/h41_validation_ladder.py
[2026-09-29T12:40:52Z]: [payload] sha256 db746179789f21a7 src/polar/m1_core.py
[2026-09-29T12:40:52Z]: [payload] sha256 6f4ba47bf407cdfa src/polar/tab_models.py
[2026-09-29T12:40:52Z]: [payload] sha256 4b6b888275d5f47f src/polar/h4_common.py
[2026-09-29T12:40:52Z]: [payload] sha256 2a910d36299ee2fb src/polar/m1_stats.py
[2026-09-29T12:40:52Z]: [payload] sha256 b799bd4e6aeb69b5 src/polar/physics.py
[2026-09-29T12:40:52Z]: [payload] sha256 a49559e2dce61535 src/polar/fidelity.py
[2026-09-29T12:40:52Z]: [payload] sha256 45e8adc32cf2a949 src/polar/m1_ext.py
[2026-09-29T12:40:52Z]: [payload] sha256 715e8e9d54386231 tests/test_h42_ext.py
[2026-09-29T12:40:52Z]: [payload] sha256 9d303efa41d11aab tests/test_h41_ladder.py
[2026-09-29T12:40:52Z]: [payload] sha256 af1c1f2bf081ac8d scripts/rescale/lg_common.sh
[2026-09-29T12:40:52Z]: [payload] sha256 df8ac154b578b8ff scripts/rescale/lgx_common.sh
[2026-09-29T12:40:52Z]: [payload] sha256 8e3fd1d027091f28 scripts/rescale/run_lgx.sh
[2026-09-29T12:40:52Z]: [payload] sha256 980e0f6317b999ea scripts/rescale/run_lgx_smoke.sh
[2026-09-29T12:40:52Z]: [payload] sha256 8023f6ccf25d40e4 scripts/rescale/lgx_timing_table.py
[2026-09-29T12:40:52Z]: [payload] sha256 d84217e5ab7d2586 scripts/rescale/lgx_gate_check.py
[2026-09-29T12:40:52Z]: [payload] sha256 71b5d3f6c297770d data/processed/fidelity_base_v3.csv
[2026-09-29T12:40:52Z]: [payload] sha256 711d0cd3ba0e2e41 data/processed/e5_soil_tdd_v3.csv
[2026-09-29T12:40:52Z]: [payload] sha256 87bd06f98bb1d141 data/processed/lg_subregion_map_v1.csv
[2026-09-29T12:40:52Z]: [payload] sha256 bfb4eab409938967 data/processed/lgx_label_flags_v1.csv
[2026-09-29T12:40:52Z]: [payload] sha256 e6ce00b2020565a8 data/processed/lgx_tdd_matched_v1.csv
[2026-09-29T12:40:52Z]: [payload] sha256 a417fa4e9799bea3 data/processed/lgx_cluster_map_v1.csv
[2026-09-29T12:40:52Z]: [2026-09-29T12:40:52Z] [env] 작업 디렉터리 /enc/ukrprod_nxvpT/work
[2026-09-29T12:40:52Z]: [2026-09-29T12:40:52Z] [env] 코어 수 4 (RESCALE_CORES_PER_SLOT = 4, OMP_NUM_THREADS = 없음) · 메모리 27 GB (여유 25 GB)
[2026-09-29T12:40:52Z]: [2026-09-29T12:40:52Z] [env] 디스크 175G 여유 / 175G
[2026-09-29T12:40:52Z]: [2026-09-29T12:40:52Z] [env] python /program/pytorch-2.4.1/venv/bin/python3 · pip /program/pytorch-2.4.1/venv/bin/pip
[2026-09-29T12:40:55Z]: [env] python 3.11.10 · Linux-4.18.0-553.153.1.el8_10.x86_64-x86_64-with-glibc2.28
[2026-09-29T12:40:55Z]: [env] 가상환경 True · prefix /program/pytorch-2.4.1/venv
[2026-09-29T12:40:55Z]: [env] numpy 2.1.1
[2026-09-29T12:40:55Z]: [env] pandas 없음
[2026-09-29T12:40:55Z]: [env] scipy 없음
[2026-09-29T12:40:55Z]: [env] scikit-learn 없음
[2026-09-29T12:40:55Z]: [env] catboost 없음
[2026-09-29T12:40:55Z]: [env] pytabkit 없음
[2026-09-29T12:40:55Z]: [env] pytest 없음
[2026-09-29T12:40:55Z]: [env] torch 2.4.1
[2026-09-29T12:40:55Z]: [env] CUDA_VISIBLE_DEVICES = None
[2026-09-29T12:41:17Z]: [env] torch 2.4.1+cu121 · CUDA 빌드 12.1 · CUDA 사용 가능 True · GPU 수 1
[2026-09-29T12:41:17Z]: [env] GPU 0: Tesla T4 · 15.6 GiB
[2026-09-29T12:41:19Z]: [env] nvidia-smi: index, name, memory.total [MiB], memory.used [MiB], utilization.gpu [%]
[2026-09-29T12:41:19Z]: [env] nvidia-smi: 0, Tesla T4, 16384 MiB, 1 MiB, 0 %
[2026-09-29T12:41:19Z]: [2026-09-29T12:41:19Z] [deps] 고정 판 설치(--target /enc/ukrprod_nxvpT/work/.pydeps): catboost==1.2.10 scikit-learn==1.9.1 pandas==2.3.3 scipy==1.17.1 · numpy==2.4.6
[2026-09-29T12:41:56Z]: [2026-09-29T12:41:56Z] [deps] 필수 패키지가 모두 있다. 설치를 건너뛴다
[2026-09-29T12:41:59Z]: [deps] 확인: catboost 1.2.10 · scikit-learn 1.9.1 · pandas 2.3.3 · scipy 1.17.1 · numpy 2.4.6
[2026-09-29T12:41:59Z]: [deps] 판 대조: numpy 설치 2.4.6 · 고정 2.4.6 · 같다
[2026-09-29T12:42:00Z]: [deps] 판 대조: catboost 설치 1.2.10 · 고정 1.2.10 · 같다
[2026-09-29T12:42:01Z]: [deps] 판 대조: scikit-learn 설치 1.9.1 · 고정 1.9.1 · 같다
[2026-09-29T12:42:01Z]: [deps] 판 대조: pandas 설치 2.3.3 · 고정 2.3.3 · 같다
[2026-09-29T12:42:01Z]: [deps] 판 대조: scipy 설치 1.17.1 · 고정 1.17.1 · 같다
[2026-09-29T12:42:01Z]: [2026-09-29T12:42:01Z] [deps] pip install --user pytabkit==1.7.3
[2026-09-29T12:42:01Z]: ERROR: Can not perform a '--user' install. User site-packages are not visible in this virtualenv.
[2026-09-29T12:42:01Z]: [2026-09-29T12:42:01Z] [deps] --user 설치 실패(가상환경이면 정상이다). 기본 위치에 다시 시도한다
[2026-09-29T12:42:36Z]: [2026-09-29T12:42:36Z] [deps] 선택 패키지 pytabkit 설치함(pytabkit==1.7.3)
[2026-09-29T12:42:41Z]: [2026-09-29T12:42:41Z] [deps] pip install --user pytest>=7
[2026-09-29T12:42:42Z]: ERROR: Can not perform a '--user' install. User site-packages are not visible in this virtualenv.
[2026-09-29T12:42:42Z]: [2026-09-29T12:42:42Z] [deps] --user 설치 실패(가상환경이면 정상이다). 기본 위치에 다시 시도한다
[2026-09-29T12:42:44Z]: [2026-09-29T12:42:44Z] [deps] 선택 패키지 pytest 설치함(pytest>=7)
[2026-09-29T12:42:46Z]: [env] numpy 2.4.6
[2026-09-29T12:42:46Z]: [env] pandas 2.3.3
[2026-09-29T12:42:46Z]: [env] scipy 1.17.1
[2026-09-29T12:42:46Z]: [env] scikit-learn 1.9.1
[2026-09-29T12:42:46Z]: [env] catboost 1.2.10
[2026-09-29T12:42:46Z]: [env] pytabkit 1.7.3
[2026-09-29T12:42:46Z]: [env] pytest 9.1.1
[2026-09-29T12:42:46Z]: [env] torch 2.4.1
[2026-09-29T12:42:46Z]: [env] torch 2.4.1+cu121 · CUDA 빌드 12.1 · CUDA 사용 가능 True · GPU 수 1
[2026-09-29T12:42:48Z]: [2026-09-29T12:42:48Z] [smoke] 보이는 GPU: '0'(방식 require) · 스레드 4 · 스모크 학습기 mlp,cfm,ddpm,tabm,nflow,ftt,realmlp · 시간 한도 165 min · 묶음 ',smoke,pytest,count,precheck,'
[2026-09-29T12:42:48Z]: [2026-09-29T12:42:48Z] [stage] smoke_gpu 시작(백그라운드, 제한 1800 s): env LG_RESCALE=1 python3 -u scripts/3_deep_learning/h42_label_grid_ext.py --part gpu --smoke --gpus 0 --procs-per-gpu 1 --threads 1 --epochs 5 --learners mlp,cfm,ddpm,tabm,nflow,ftt,realmlp --no-summarize
[2026-09-29T12:42:48Z]: [2026-09-29T12:42:48Z] [stage] smoke_cpu 시작(제한 2700 s): env LG_RESCALE=1 python3 -u scripts/3_deep_learning/h42_label_grid_ext.py --part cpu --smoke --workers 1 --threads 4 --no-summarize
[2026-09-29T12:42:50Z]: [data] 부분 cpu · 축 ['base', 'x1', 'x2', 'x9', 'n3', 'prox', 'x5', 'x9f', 'n4', 'n4a', 'ridge'] · 작업 단위 33(건너뜀 0) · 축별 {'base': 3, 'x1': 3, 'x2': 3, 'x9': 3, 'n3': 3, 'prox': 3, 'x5': 3, 'x9f': 3, 'n4': 3, 'n4a': 3, 'ridge': 3}
[2026-09-29T12:42:50Z]: [plan] 실행 33 · 선택 작업 3 · 재개로 건너뜀 0 · 프로세스 1 · 스레드 4 · 장치 CPU · epochs 100 · RealMLP epochs 256
[2026-09-29T12:46:13Z]:   [select] Canada|x: catboost_tuned 선택 표 18행 → /enc/ukrprod_nxvpT/work/data/processed/lgx/lgx_smoke_tuned_select.csv · 남은 선택 작업 2
[2026-09-29T12:49:45Z]:   [select] Russia_W|x: catboost_tuned 선택 표 36행 → /enc/ukrprod_nxvpT/work/data/processed/lgx/lgx_smoke_tuned_select.csv · 남은 선택 작업 1
[2026-09-29T12:54:18Z]:   [select] AL-3|i: catboost_tuned 선택 표 54행 → /enc/ukrprod_nxvpT/work/data/processed/lgx/lgx_smoke_tuned_select.csv · 남은 선택 작업 0
[2026-09-29T12:54:33Z]:   [base|Canada|x|s1] 적합 19 · 행 53 · A 355 · 채점 393/20블록 · 원천 16697 · 15.2s · 장치 '' · 상태 ok(실패 0) · 완료 1/33 · 누적 704s
[2026-09-29T12:54:44Z]:   [base|Russia_W|x|s1] 적합 14 · 행 40 · A 16 · 채점 12/7블록 · 원천 17436 · 11.5s · 장치 '' · 상태 ok(실패 0) · 완료 2/33 · 누적 715s
[2026-09-29T12:54:55Z]:   [x1|Canada|x|s1] 적합 38 · 행 89 · A 355 · 채점 393/20블록 · 원천 16697 · 10.8s · 장치 '' · 상태 ok(실패 0) · 완료 3/33 · 누적 726s
[2026-09-29T12:55:04Z]:   [x1|Russia_W|x|s1] 적합 28 · 행 67 · A 16 · 채점 12/7블록 · 원천 17436 · 8.3s · 장치 '' · 상태 ok(실패 0) · 완료 4/33 · 누적 734s
[2026-09-29T12:56:04Z]:   [x2|Canada|x|s1] 적합 44 · 행 92 · A 355 · 채점 393/20블록 · 원천 16697 · 60.8s · 장치 '' · 상태 ok(실패 0) · 완료 5/33 · 누적 795s
[2026-09-29T12:56:44Z]:   [x2|Russia_W|x|s1] 적합 28 · 행 58 · A 16 · 채점 12/7블록 · 원천 17436 · 40.1s · 장치 '' · 상태 ok(실패 0) · 완료 6/33 · 누적 835s
[2026-09-29T12:56:59Z]:   [x9|Canada|x|s1] 적합 51 · 행 222 · A 355 · 채점 393/20블록 · 원천 16697 · 14.5s · 장치 '' · 상태 ok(실패 0) · 완료 7/33 · 누적 850s
[2026-09-29T12:57:10Z]:   [x9|Russia_W|x|s1] 적합 37 · 행 171 · A 16 · 채점 12/7블록 · 원천 17436 · 10.9s · 장치 '' · 상태 ok(실패 0) · 완료 8/33 · 누적 861s
[2026-09-29T12:58:53Z]:   [n3|Canada|x|s1] 적합 37 · 행 109 · A 355 · 채점 393/20블록 · 원천 16697 · 103.0s · 장치 '' · 상태 ok(실패 0) · 완료 9/33 · 누적 964s
[2026-09-29T13:00:10Z]:   [n3|Russia_W|x|s1] 적합 27 · 행 82 · A 16 · 채점 12/7블록 · 원천 17436 · 77.1s · 장치 '' · 상태 ok(실패 0) · 완료 10/33 · 누적 1041s
[2026-09-29T13:00:25Z]:   [base|AL-3|i|s1] 적합 19 · 행 53 · A 334 · 채점 317/4블록 · 원천 16816 · 14.6s · 장치 '' · 상태 ok(실패 0) · 완료 11/33 · 누적 1056s
[2026-09-29T13:00:36Z]:   [x1|AL-3|i|s1] 적합 38 · 행 89 · A 334 · 채점 317/4블록 · 원천 16816 · 10.8s · 장치 '' · 상태 ok(실패 0) · 완료 12/33 · 누적 1066s
[2026-09-29T13:01:33Z]:   [x2|AL-3|i|s1] 적합 44 · 행 92 · A 334 · 채점 317/4블록 · 원천 16816 · 57.6s · 장치 '' · 상태 ok(실패 0) · 완료 13/33 · 누적 1124s
[2026-09-29T13:01:48Z]:   [x9|AL-3|i|s1] 적합 51 · 행 222 · A 334 · 채점 317/4블록 · 원천 16816 · 14.6s · 장치 '' · 상태 ok(실패 0) · 완료 14/33 · 누적 1139s
[2026-09-29T13:03:34Z]:   [n3|AL-3|i|s1] 적합 37 · 행 109 · A 334 · 채점 317/4블록 · 원천 16816 · 106.1s · 장치 '' · 상태 ok(실패 0) · 완료 15/33 · 누적 1245s
[2026-09-29T13:04:00Z]:   [prox|Canada|x|s1] 적합 92 · 행 71 · A 355 · 채점 393/20블록 · 원천 16697 · 26.3s · 장치 '' · 상태 ok(실패 0) · 완료 16/33 · 누적 1271s
[2026-09-29T13:04:21Z]:   [prox|Russia_W|x|s1] 적합 72 · 행 61 · A 16 · 채점 12/7블록 · 원천 17436 · 21.2s · 장치 '' · 상태 ok(실패 0) · 완료 17/33 · 누적 1292s
[2026-09-29T13:04:48Z]:   [prox|AL-3|i|s1] 적합 92 · 행 71 · A 334 · 채점 317/4블록 · 원천 16816 · 26.2s · 장치 '' · 상태 ok(실패 0) · 완료 18/33 · 누적 1318s
[2026-09-29T13:05:01Z]:   [x5|Canada|x|s1] 적합 48 · 행 45 · A 355 · 채점 393/20블록 · 원천 16697 · 13.8s · 장치 '' · 상태 ok(실패 0) · 완료 19/33 · 누적 1332s
[2026-09-29T13:05:11Z]:   [x5|Russia_W|x|s1] 적합 35 · 행 33 · A 16 · 채점 12/7블록 · 원천 17436 · 10.1s · 장치 '' · 상태 ok(실패 0) · 완료 20/33 · 누적 1342s
[2026-09-29T13:05:26Z]:   [x5|AL-3|i|s1] 적합 49 · 행 45 · A 334 · 채점 317/4블록 · 원천 16816 · 14.1s · 장치 '' · 상태 ok(실패 0) · 완료 21/33 · 누적 1356s
[2026-09-29T13:05:31Z]:   [x9f|Canada|x|s1] 적합 22 · 행 67 · A 355 · 채점 393/20블록 · 원천 16697 · 5.2s · 장치 '' · 상태 ok(실패 0) · 완료 22/33 · 누적 1362s
[2026-09-29T13:05:35Z]:   [x9f|Russia_W|x|s1] 적합 16 · 행 51 · A 16 · 채점 12/7블록 · 원천 17436 · 3.9s · 장치 '' · 상태 ok(실패 0) · 완료 23/33 · 누적 1366s
[2026-09-29T13:05:40Z]:   [x9f|AL-3|i|s1] 적합 22 · 행 67 · A 334 · 채점 317/4블록 · 원천 16816 · 5.2s · 장치 '' · 상태 ok(실패 0) · 완료 24/33 · 누적 1371s
[2026-09-29T13:05:43Z]:   [n4|Canada|x|s1] 적합 11 · 행 37 · A 355 · 채점 393/20블록 · 원천 16697 · 3.2s · 장치 '' · 상태 ok(실패 0) · 완료 25/33 · 누적 1374s
[2026-09-29T13:05:45Z]:   [n4|Russia_W|x|s1] 적합 8 · 행 28 · A 16 · 채점 12/7블록 · 원천 17436 · 2.4s · 장치 '' · 상태 ok(실패 0) · 완료 26/33 · 누적 1376s
[2026-09-29T13:05:49Z]:   [n4|AL-3|i|s1] 적합 11 · 행 37 · A 334 · 채점 317/4블록 · 원천 16816 · 3.2s · 장치 '' · 상태 ok(실패 0) · 완료 27/33 · 누적 1380s
[2026-09-29T13:05:49Z]:   [n4a|Canada|x|s1] 적합 0 · 행 7 · A 355 · 채점 393/20블록 · 원천 16697 · 0.0s · 장치 '' · 상태 ok(실패 0) · 완료 28/33 · 누적 1380s
[2026-09-29T13:05:49Z]:   [n4a|Russia_W|x|s1] 적합 0 · 행 5 · A 16 · 채점 12/7블록 · 원천 17436 · 0.0s · 장치 '' · 상태 ok(실패 0) · 완료 29/33 · 누적 1380s
[2026-09-29T13:05:49Z]:   [n4a|AL-3|i|s1] 적합 0 · 행 7 · A 334 · 채점 317/4블록 · 원천 16816 · 0.0s · 장치 '' · 상태 ok(실패 0) · 완료 30/33 · 누적 1380s
[2026-09-29T13:05:50Z]:   [ridge|Canada|x|s1] 적합 30 · 행 69 · A 355 · 채점 393/20블록 · 원천 16697 · 1.1s · 장치 '' · 상태 ok(실패 0) · 완료 31/33 · 누적 1381s
[2026-09-29T13:05:51Z]:   [ridge|Russia_W|x|s1] 적합 22 · 행 52 · A 16 · 채점 12/7블록 · 원천 17436 · 0.9s · 장치 '' · 상태 ok(실패 0) · 완료 32/33 · 누적 1382s
[2026-09-29T13:05:52Z]:   [ridge|AL-3|i|s1] 적합 30 · 행 69 · A 334 · 채점 317/4블록 · 원천 16816 · 1.1s · 장치 '' · 상태 ok(실패 0) · 완료 33/33 · 누적 1383s
[2026-09-29T13:05:52Z]: [done] 완료 33 · 실패 0 · 일부 적합 실패 0 · 선택 설정 없는 n3 조각 0 · 1383s
[2026-09-29T13:05:52Z]: [2026-09-29T13:05:52Z] [stage] smoke_cpu 끝: 종료 코드 0 · 1384 s · 경과 25 min
[2026-09-29T13:05:52Z]: [2026-09-29T13:05:52Z] [stage] smoke_h41 시작(제한 1500 s): env LG_RESCALE=1 python3 -u scripts/2_evaluation/h41_validation_ladder.py --smoke --workers 1 --threads 4 --no-summarize
[2026-09-29T13:05:54Z]: [data] 17,467셀 · 채점 17,374셀/174블록 · 부분 all · 단 ['V-R', 'V-B', 'V-C100', 'V-G', 'W2-Lena', 'W1-Lena'] · 반복 1(지역 내 1) · fold 5 · seed [0] · 학습기 ['catboost_lo', 'catboost', 'rf'] · λ [0.25, 0.5, 1.0] · 작업 단위 30(건너뜀 27) · 연도 정합 도일 표 lgx_tdd_matched_v1.csv:54f132e461ea
[2026-09-29T13:05:54Z]: [plan] 실행 30 · 재개로 건너뜀 0 · 프로세스 1 · 스레드 4
[2026-09-29T13:06:04Z]:   [V-G|r1|f0] 적합 9 · 키 31 · 학습 3860 · 채점 13606 · 버퍼 제외 1 · 8.6s · 상태 ok(실패 0) · 완료 1/30 · 누적 11s
[2026-09-29T13:06:18Z]:   [V-G|r1|f1] 적합 9 · 키 31 · 학습 14429 · 채점 2958 · 버퍼 제외 1 · 13.3s · 상태 ok(실패 0) · 완료 2/30 · 누적 24s
[2026-09-29T13:06:33Z]:   [V-G|r1|f2] 적합 9 · 키 31 · 학습 16697 · 채점 747 · 버퍼 제외 20 · 15.1s · 상태 ok(실패 0) · 완료 3/30 · 누적 39s
[2026-09-29T13:06:47Z]:   [V-G|r1|f3] 적합 9 · 키 31 · 학습 17436 · 채점 28 · 버퍼 제외 0 · 14.8s · 상태 ok(실패 0) · 완료 4/30 · 누적 54s
[2026-09-29T13:07:02Z]:   [V-G|r1|f4] 적합 9 · 키 31 · 학습 17437 · 채점 27 · 버퍼 제외 0 · 15.0s · 상태 ok(실패 0) · 완료 5/30 · 누적 69s
[2026-09-29T13:07:16Z]:   [V-G|r1|f5] 적합 9 · 키 31 · 학습 16208 · 채점 7 · 버퍼 제외 1252 · 13.7s · 상태 ok(실패 0) · 완료 6/30 · 누적 82s
[2026-09-29T13:07:31Z]:   [V-G|r1|f6] 적합 9 · 키 31 · 학습 17464 · 채점 1 · 버퍼 제외 0 · 14.7s · 상태 ok(실패 0) · 완료 7/30 · 누적 97s
[2026-09-29T13:07:43Z]:   [V-R|r1|f0] 적합 9 · 키 18 · 학습 13973 · 채점 3467 · 버퍼 제외 0 · 12.6s · 상태 ok(실패 0) · 완료 8/30 · 누적 110s
[2026-09-29T13:07:56Z]:   [V-R|r1|f1] 적합 9 · 키 18 · 학습 13973 · 채점 3478 · 버퍼 제외 0 · 12.5s · 상태 ok(실패 0) · 완료 9/30 · 누적 122s
[2026-09-29T13:08:08Z]:   [V-R|r1|f2] 적합 9 · 키 18 · 학습 13974 · 채점 3475 · 버퍼 제외 0 · 12.5s · 상태 ok(실패 0) · 완료 10/30 · 누적 135s
[2026-09-29T13:08:21Z]:   [V-R|r1|f3] 적합 9 · 키 18 · 학습 13974 · 채점 3475 · 버퍼 제외 0 · 12.4s · 상태 ok(실패 0) · 완료 11/30 · 누적 147s
[2026-09-29T13:08:33Z]:   [V-R|r1|f4] 적합 9 · 키 18 · 학습 13974 · 채점 3479 · 버퍼 제외 0 · 12.4s · 상태 ok(실패 0) · 완료 12/30 · 누적 160s
[2026-09-29T13:08:48Z]:   [W2-Lena|r1|f0] 적합 14 · 키 24 · 학습 16558 · 채점 908 · 버퍼 제외 1 · 15.3s · 상태 ok(실패 0) · 완료 13/30 · 누적 175s
[2026-09-29T13:09:04Z]:   [W2-Lena|r1|f1] 적합 14 · 키 24 · 학습 17027 · 채점 439 · 버퍼 제외 1 · 15.6s · 상태 ok(실패 0) · 완료 14/30 · 누적 190s
[2026-09-29T13:09:20Z]:   [W2-Lena|r1|f2] 적합 14 · 키 24 · 학습 17289 · 채점 123 · 버퍼 제외 1 · 15.7s · 상태 ok(실패 0) · 완료 15/30 · 누적 206s
[2026-09-29T13:09:34Z]:   [W2-Lena|r1|f3] 적합 14 · 키 24 · 학습 16128 · 채점 1313 · 버퍼 제외 1 · 14.6s · 상태 ok(실패 0) · 완료 16/30 · 누적 221s
[2026-09-29T13:09:50Z]:   [W2-Lena|r1|f4] 적합 14 · 키 24 · 학습 17291 · 채점 175 · 버퍼 제외 1 · 15.8s · 상태 ok(실패 0) · 완료 17/30 · 누적 237s
[2026-09-29T13:10:00Z]:   [V-B|r1|f0] 적합 9 · 키 18 · 학습 10640 · 채점 6767 · 버퍼 제외 0 · 9.6s · 상태 ok(실패 0) · 완료 18/30 · 누적 246s
[2026-09-29T13:10:13Z]:   [V-B|r1|f1] 적합 9 · 키 18 · 학습 15047 · 채점 2398 · 버퍼 제외 0 · 12.9s · 상태 ok(실패 0) · 완료 19/30 · 누적 259s
[2026-09-29T13:10:25Z]:   [V-B|r1|f2] 적합 9 · 키 18 · 학습 14433 · 채점 3033 · 버퍼 제외 0 · 12.5s · 상태 ok(실패 0) · 완료 20/30 · 누적 271s
[2026-09-29T13:10:38Z]:   [V-B|r1|f3] 적합 9 · 키 18 · 학습 14701 · 채점 2762 · 버퍼 제외 0 · 12.4s · 상태 ok(실패 0) · 완료 21/30 · 누적 284s
[2026-09-29T13:10:50Z]:   [V-B|r1|f4] 적합 9 · 키 18 · 학습 15047 · 채점 2414 · 버퍼 제외 0 · 12.4s · 상태 ok(실패 0) · 완료 22/30 · 누적 296s
[2026-09-29T13:11:05Z]:   [V-C100|r1|f0] 적합 9 · 키 18 · 학습 17464 · 채점 2 · 버퍼 제외 0 · 14.6s · 상태 ok(실패 0) · 완료 23/30 · 누적 311s
[2026-09-29T13:11:17Z]:   [V-C100|r1|f3] 적합 9 · 키 18 · 학습 14753 · 채점 1783 · 버퍼 제외 928 · 12.3s · 상태 ok(실패 0) · 완료 24/30 · 누적 323s
[2026-09-29T13:11:29Z]:   [V-C100|r1|f4] 적합 9 · 키 18 · 학습 14478 · 채점 1177 · 버퍼 제외 1736 · 12.1s · 상태 ok(실패 0) · 완료 25/30 · 누적 335s
[2026-09-29T13:11:32Z]:   [W1-Lena|r1|f0] 적합 8 · 키 15 · 학습 2129 · 채점 908 · 버퍼 제외 0 · 3.4s · 상태 ok(실패 0) · 완료 26/30 · 누적 339s
[2026-09-29T13:11:36Z]:   [W1-Lena|r1|f1] 적합 8 · 키 15 · 학습 2598 · 채점 439 · 버퍼 제외 0 · 3.7s · 상태 ok(실패 0) · 완료 27/30 · 누적 342s
[2026-09-29T13:11:40Z]:   [W1-Lena|r1|f2] 적합 8 · 키 15 · 학습 2860 · 채점 123 · 버퍼 제외 0 · 4.0s · 상태 ok(실패 0) · 완료 28/30 · 누적 346s
[2026-09-29T13:11:43Z]:   [W1-Lena|r1|f3] 적합 8 · 키 15 · 학습 1699 · 채점 1313 · 버퍼 제외 0 · 3.1s · 상태 ok(실패 0) · 완료 29/30 · 누적 350s
[2026-09-29T13:11:47Z]:   [W1-Lena|r1|f4] 적합 8 · 키 15 · 학습 2862 · 채점 175 · 버퍼 제외 0 · 4.0s · 상태 ok(실패 0) · 완료 30/30 · 누적 354s
[2026-09-29T13:11:47Z]: [done] 완료 30 · 실패 0 · 일부 적합 실패 0 · 354s
[2026-09-29T13:11:48Z]: [2026-09-29T13:11:48Z] [stage] smoke_h41 끝: 종료 코드 0 · 356 s · 경과 30 min
[2026-09-29T13:11:48Z]:   [smoke_gpu] [data] 부분 gpu · 축 ['r0', 'g45', 'nn'] · 작업 단위 48(건너뜀 0) · 축별 {'r0': 18, 'g45': 21, 'nn': 9}
[2026-09-29T13:11:48Z]:   [smoke_gpu] [plan] 실행 48 · 선택 작업 0 · 재개로 건너뜀 0 · 프로세스 1 · 스레드 1 · 장치 GPU 0 · epochs 3 · RealMLP epochs 3
[2026-09-29T13:11:48Z]:   [smoke_gpu] [done] 완료 48 · 실패 0 · 일부 적합 실패 0 · 선택 설정 없는 n3 조각 0 · 684s
[2026-09-29T13:11:48Z]:   [smoke_gpu] LOCAL_RANK: 0 - CUDA_VISIBLE_DEVICES: [0]
[2026-09-29T13:11:48Z]:   [smoke_gpu] `Trainer.fit` stopped: `max_epochs=3` reached.
[2026-09-29T13:11:48Z]:   [smoke_gpu] GPU available: True (cuda), used: True
[2026-09-29T13:11:48Z]:   [smoke_gpu] TPU available: False, using: 0 TPU cores
[2026-09-29T13:11:48Z]:   [smoke_gpu] 💡 Tip: For seamless cloud logging and experiment tracking, try installing [litlogger](https://pypi.org/project/litlogger/) to enable LitLogger, which logs metrics and artifacts automatically to the Lightning Experiments platform.
[2026-09-29T13:11:48Z]:   [smoke_gpu] LOCAL_RANK: 0 - CUDA_VISIBLE_DEVICES: [0]
[2026-09-29T13:11:48Z]:   [smoke_gpu]   [g45|AL-3|i|s4|realmlp] 적합 12 · 행 41 · A 349 · 채점 302/7블록 · 원천 16816 · 76.1s · 장치 '0' · 상태 ok(실패 0) · 완료 48/48 · 누적 683s
[2026-09-29T13:11:48Z]:   [smoke_gpu] [done] 완료 48 · 실패 0 · 일부 적합 실패 0 · 선택 설정 없는 n3 조각 0 · 684s
[2026-09-29T13:11:48Z]: [2026-09-29T13:11:48Z] [stage] smoke_gpu 끝: 종료 코드 0 · 1740 s · 경과 30 min
[2026-09-29T13:11:48Z]: [2026-09-29T13:11:48Z] [pack] results_lgx_smoke.tar.gz 3.1M · 파일 321개 · 조각 포함 1
[2026-09-29T13:11:48Z]: [2026-09-29T13:11:48Z] [stage] smoke_sum_h42 시작(제한 1200 s): env LG_RESCALE=1 python3 -u scripts/3_deep_learning/h42_label_grid_ext.py --smoke --summarize-only --workers 2 --threads 2 --gate-tag lg_smoke
[2026-09-29T13:12:11Z]: [summarize] 재현 점검: 3/3 단위 통과 → lgx_smoke_gate.csv
[2026-09-29T13:12:11Z]: [summarize] 조각 81 · runs 3,380 · curve 3,082(16s, 프로세스 2) · tests 915 · 22s → /enc/ukrprod_nxvpT/work/data/processed/lgx/lgx_smoke_*
[2026-09-29T13:12:11Z]: test_id role                                                                                                                                                                                verdict
[2026-09-29T13:12:11Z]:      L9   보조                                                                                                                                               부분(지역 2/4, 분할 1/2): 미지지: 구현을 점검하고 표만 싣는다
[2026-09-29T13:12:11Z]:     L10    주                                                                                                                                                   판정 불가(분할 1/2. 등록한 분할이 모두 채워진 뒤 판정한다)
[2026-09-29T13:12:11Z]:     L10   보조                                                                                                                                                   판정 불가(분할 1/2. 등록한 분할이 모두 채워진 뒤 판정한다)
[2026-09-29T13:12:11Z]:     L11   보조                                                                                                                                                                 부분(지역 2/4, 분할 1/2): 지지
[2026-09-29T13:12:11Z]:     L12    주                                                                                                                                                   판정 불가(분할 1/2. 등록한 분할이 모두 채워진 뒤 판정한다)
[2026-09-29T13:12:11Z]:     L13   보조                                                                                                                                                                부분(지역 2/4, 분할 1/2): 미지지
[2026-09-29T13:12:11Z]:     L13   보조                                                                                                                                                 부분(대상 1/2(없는 대상: CA-3|i), 분할 1/2): 미지지
[2026-09-29T13:12:11Z]:     L14   보조                                                                                                                                                 부분(지역 2/4, 분할 1/2): 혼재 또는 미결정: 표로 보고한다
[2026-09-29T13:12:11Z]:     L15    주                                                                                                                                                   판정 불가(분할 1/2. 등록한 분할이 모두 채워진 뒤 판정한다)
[2026-09-29T13:12:11Z]:     L16   보조                                                                                                                                부분(지역 2/4, 분할 1/2): 비율 의존: 표로 보고한다(기준 r = 10 은 바꾸지 않는다)
[2026-09-29T13:12:11Z]:     L16   보조                                                                                                                                                 부분(지역 2/4, 분할 1/2): 수렴 문장의 조건을 충족하지 못함
[2026-09-29T13:12:11Z]:     L17   보조                                                                                                                              부분(지역 2/4, 분할 1/2): 대상 라벨의 공변량과 잔차의 관계가 기여한다: n=-1 λ=0.25
[2026-09-29T13:12:11Z]:     L18   보조                                                                      부분(대비 2/6(없는 대비: α=10 n=40, α=10 n=160, α=100 n=40, α=100 n=160), 지역 2/4, 분할 1/2): 지지: 가중을 주어도 증강 결합은 R1 보다 낫지 않다
[2026-09-29T13:12:11Z]:     L23   보조                                                                                                                                                    부분(지역 2/4, 분할 1/2): 근접 성분은 확인되지 않았다
[2026-09-29T13:12:11Z]:     L24   보조                                                                                                                                         판정 불가(대상 1/4, 기준 2개 이상. 남은 대상에 따라 결과가 바뀔 수 있다)
[2026-09-29T13:12:11Z]:     L24   보조                                                                                                                                         판정 불가(대상 1/4, 기준 3개 이상. 남은 대상에 따라 결과가 바뀔 수 있다)
[2026-09-29T13:12:11Z]:     L25   보조                                                                                                                                                     판정 불가(칸 1/6. 남은 칸에 따라 결과가 바뀔 수 있다)
[2026-09-29T13:12:11Z]:     L26   보조                                                                                                                                       판정 불가(5분할 판정에서 제외: 분할 일부만 있다. LG 의 3분할 판정을 유지한다)
[2026-09-29T13:12:11Z]:     L26   보조                                                                                                                                       판정 불가(5분할 판정에서 제외: 분할 일부만 있다. LG 의 3분할 판정을 유지한다)
[2026-09-29T13:12:11Z]:     L26   보조                                                                                                                                       판정 불가(5분할 판정에서 제외: 분할 일부만 있다. LG 의 3분할 판정을 유지한다)
[2026-09-29T13:12:11Z]:     L26   보조                                                                                                                                       판정 불가(5분할 판정에서 제외: 분할 일부만 있다. LG 의 3분할 판정을 유지한다)
[2026-09-29T13:12:11Z]:     L26   보조                                                                                                                                       판정 불가(5분할 판정에서 제외: 분할 일부만 있다. LG 의 3분할 판정을 유지한다)
[2026-09-29T13:12:11Z]:     L26   보조                                                                                                                                       판정 불가(5분할 판정에서 제외: 분할 일부만 있다. LG 의 3분할 판정을 유지한다)
[2026-09-29T13:12:11Z]:     L26   보조                                                                                                                                       판정 불가(5분할 판정에서 제외: 분할 일부만 있다. LG 의 3분할 판정을 유지한다)
[2026-09-29T13:12:11Z]:     L26   보조                                                                                                                                       판정 불가(5분할 판정에서 제외: 분할 일부만 있다. LG 의 3분할 판정을 유지한다)
[2026-09-29T13:12:11Z]:     L27   보조                                                                                                                               판정 불가(시험한 학습기 0/8, 부호가 같은 학습기 0. 남은 학습기에 따라 결과가 바뀔 수 있다)
[2026-09-29T13:12:11Z]:     L28   보조                                                                                                                                                                 부분(지역 2/4, 분할 1/2): 강건
[2026-09-29T13:12:11Z]:     L28   보조                                                                                                                                                                 부분(지역 2/4, 분할 1/2): 강건
[2026-09-29T13:12:11Z]:     L28   보조                                                                                                                                                                      판정 불가(판정한 대비 0/5)
[2026-09-29T13:12:11Z]:     L28   보조                                                                                                                                                                      판정 불가(판정한 대비 0/5)
[2026-09-29T13:12:11Z]:     L28   보조                                                                                                                                                                 부분(지역 2/4, 분할 1/2): 강건
[2026-09-29T13:12:11Z]:     L28   보조                                                                                                                                                                 부분(지역 2/4, 분할 1/2): 약화
[2026-09-29T13:12:11Z]:     L28   보조                                                                                                                                                                 부분(지역 2/4, 분할 1/2): 약화
[2026-09-29T13:12:11Z]:     L28   보조                                                                                                                                                                 부분(지역 2/4, 분할 1/2): 약화
[2026-09-29T13:12:11Z]:     L28   보조                                                                                                                                                                 부분(지역 2/4, 분할 1/2): 약화
[2026-09-29T13:12:11Z]:     L28   보조                                                                                                                                                                 부분(지역 2/4, 분할 1/2): 강건
[2026-09-29T13:12:11Z]:     L28   보조                                                                                                                                                       부분(지역 2/4, 분할 1/2): 앵커 교체의 이득 없음
[2026-09-29T13:12:11Z]:     L29    주                                                                                                                                                   판정 불가(분할 1/2. 등록한 분할이 모두 채워진 뒤 판정한다)
[2026-09-29T13:12:11Z]:     L29   보조 판정 불가(대비 12/24; 없는 대비: B:ens n=40, P1@soil n=40, P1@ku n=40, P1@ed n=40, P1@cci n=40, P1@tddm n=40, B:ens n=160, P1@soil n=160, P1@ku n=160, P1@ed n=160, P1@cci n=160, P1@tddm n=160)
[2026-09-29T13:12:11Z]:     L29   보조                                                                                                                                                   판정 불가(분할 1/2. 등록한 분할이 모두 채워진 뒤 판정한다)
[2026-09-29T13:12:11Z]:     L30    주                                                                                                                                                   판정 불가(분할 1/2. 등록한 분할이 모두 채워진 뒤 판정한다)
[2026-09-29T13:12:11Z]:     L31   보조                                                                                                                                                   판정 불가(지역 2/4. 남은 지역에 따라 결과가 바뀔 수 있다)
[2026-09-29T13:12:12Z]: [2026-09-29T13:12:12Z] [stage] smoke_sum_h42 끝: 종료 코드 0 · 24 s · 경과 31 min
[2026-09-29T13:12:12Z]: [2026-09-29T13:12:12Z] [stage] smoke_sum_h41 시작(제한 600 s): env LG_RESCALE=1 python3 -u scripts/2_evaluation/h41_validation_ladder.py --smoke --summarize-only --threads 4
[2026-09-29T13:12:13Z]: [data] 17,467셀 · 채점 17,374셀/174블록 · 부분 all · 단 ['V-R', 'V-B', 'V-C100', 'V-G', 'W2-Lena', 'W1-Lena'] · 반복 1(지역 내 1) · fold 5 · seed [0] · 학습기 ['catboost_lo', 'catboost', 'rf'] · λ [0.25, 0.5, 1.0] · 작업 단위 30(건너뜀 27) · 연도 정합 도일 표 lgx_tdd_matched_v1.csv:54f132e461ea
[2026-09-29T13:12:13Z]:   [warn] V-C100 r1: 예측되지 않은 채점 셀이 14412개다(범위 0.1705). --allow-partial: 통계에 넣는다
[2026-09-29T13:12:21Z]: [summarize] 학습기별 적합 시간(전 조각 합계)
[2026-09-29T13:12:21Z]:    axis     learner  n_fit    sec  sec_per_fit
[2026-09-29T13:12:21Z]:  pooled    catboost     40  60.59      1.51475
[2026-09-29T13:12:21Z]:  pooled catboost_lo    100  27.29      0.27290
[2026-09-29T13:12:21Z]:  pooled          rf     40 159.97      3.99925
[2026-09-29T13:12:21Z]:      w1    catboost     10   6.14      0.61400
[2026-09-29T13:12:21Z]:      w1 catboost_lo     20   1.96      0.09800
[2026-09-29T13:12:21Z]:      w1          rf     10  10.17      1.01700
[2026-09-29T13:12:21Z]:      w2    catboost     10  16.13      1.61300
[2026-09-29T13:12:21Z]:      w2 catboost_lo     30   8.88      0.29600
[2026-09-29T13:12:21Z]:      w2          rf     10  46.19      4.61900
[2026-09-29T13:12:21Z]: w2_nest catboost_lo     20   5.59      0.27950
[2026-09-29T13:12:21Z]: [summarize] 조각 30 · 지표 835 · 대비 1,557 · 판정 표 183 · 실패 기록 1 · 8s → /enc/ukrprod_nxvpT/work/data/processed/lgx/ladder/lgv_smoke_*
[2026-09-29T13:12:21Z]: test_id role                                             verdict                                                                                                                                                                                                  stat
[2026-09-29T13:12:21Z]:     L19    주 지지하지 않음(V-R 에서 우세가 아니다. '역전' 표현을 쓰지 않고 열화 크기만 보고한다) catboost_lo | V-R: Δ -4.11 [-6.17, -1.02], 블록 등가중 [-2.67, 0.55], 지역 5/5, 미결정 | V-G: Δ 6.48 [3.97, 9.29], 블록 등가중 [3.74, 7.05], 지역 5/5, 열세 | 열화: Δ 10.73 [7.26, 13.53], 블록 등가중 [4.71, 7.90], 지역 5/5, 열세
[2026-09-29T13:12:21Z]:     L19   보조                                                  지지   catboost | V-R: Δ -6.23 [-8.74, -2.52], 블록 등가중 [-4.85, -0.80], 지역 5/5, 우세 | V-G: Δ 7.08 [4.33, 9.69], 블록 등가중 [3.87, 7.56], 지역 5/5, 열세 | 열화: Δ 13.44 [9.89, 15.91], 블록 등가중 [6.43, 10.36], 지역 5/5, 열세
[2026-09-29T13:12:21Z]:     L19   보조                                                  지지        rf | V-R: Δ -6.49 [-8.40, -3.59], 블록 등가중 [-5.32, -1.62], 지역 5/5, 우세 | V-G: Δ 5.88 [4.14, 8.04], 블록 등가중 [3.94, 7.05], 지역 5/5, 열세 | 열화: Δ 12.50 [10.27, 14.16], 블록 등가중 [7.12, 10.54], 지역 5/5, 열세
[2026-09-29T13:12:21Z]:     L20    주                           판정 불가(점 추정이 없는 단: V-C500)                                                                                                                      catboost_lo | V-R 22.69, V-B 27.28, V-C100 17.02, V-G 33.42 | V-C500 − V-R: 행 없음
[2026-09-29T13:12:21Z]:     L20   보조                           판정 불가(점 추정이 없는 단: V-C500)                                                                                                                         catboost | V-R 20.58, V-B 27.13, V-C100 17.25, V-G 34.02 | V-C500 − V-R: 행 없음
[2026-09-29T13:12:21Z]:     L20   보조                           판정 불가(점 추정이 없는 단: V-C500)                                                                                                                               rf | V-R 20.32, V-B 26.50, V-C100 18.68, V-G 32.82 | V-C500 − V-R: 행 없음
[2026-09-29T13:12:21Z]:     L21    주                                                  지지                                                                                                                      catboost_lo, λ 0.25 | Δ -9.07 [-11.36, -6.19], 블록 등가중 [-6.85, -4.16], 지역 5/5, 우세
[2026-09-29T13:12:21Z]:     L21   보조                                                  지지                                                                                                                        catboost_lo, λ 0.5 | Δ -6.71 [-8.25, -4.64], 블록 등가중 [-5.09, -3.06], 지역 5/5, 우세
[2026-09-29T13:12:21Z]:     L21   보조                                        지지하지 않음(미결정)                                                                                                                        catboost_lo, λ 1.0 | Δ -1.44 [-2.21, -0.48], 블록 등가중 [-1.40, 0.14], 지역 5/5, 미결정
[2026-09-29T13:12:21Z]:     L21   보조                                                  지지                                                                                                                        catboost, λ 0.25 | Δ -10.64 [-12.70, -7.70], 블록 등가중 [-8.27, -5.22], 지역 5/5, 우세
[2026-09-29T13:12:21Z]:     L21   보조                                                  지지                                                                                                                           catboost, λ 0.5 | Δ -7.05 [-8.69, -4.83], 블록 등가중 [-5.43, -3.37], 지역 5/5, 우세
[2026-09-29T13:12:21Z]:     L21   보조                                        지지하지 않음(미결정)                                                                                                                            catboost, λ 1.0 | Δ -0.04 [-1.34, 1.76], 블록 등가중 [-0.12, 1.32], 지역 5/5, 미결정
[2026-09-29T13:12:21Z]:     L21   보조                                                  지지                                                                                                                               rf, λ 0.25 | Δ -9.64 [-11.01, -7.79], 블록 등가중 [-8.31, -5.60], 지역 5/5, 우세
[2026-09-29T13:12:21Z]:     L21   보조                                                  지지                                                                                                                                 rf, λ 0.5 | Δ -6.22 [-7.52, -4.61], 블록 등가중 [-5.43, -3.43], 지역 5/5, 우세
[2026-09-29T13:12:21Z]:     L21   보조                                        지지하지 않음(미결정)                                                                                                                                    rf, λ 1.0 | Δ 0.50 [-1.13, 2.36], 블록 등가중 [0.12, 1.68], 지역 5/5, 미결정
[2026-09-29T13:12:21Z]:     L22    주                                     우세 지역 1/1: Lena                                                                                                              R1w[catboost_lo, λ 0.25] | k = 1/1 | Lena: Δ -0.78 [-2.38, -0.15], 우세 | Alaska 는 재현(비맹검)
[2026-09-29T13:12:21Z]:     L22   보조                                     우세 지역 1/1: Lena                                                                                                               R1w[catboost_lo, λ 0.5] | k = 1/1 | Lena: Δ -1.34 [-4.60, -0.06], 우세 | Alaska 는 재현(비맹검)
[2026-09-29T13:12:21Z]:     L22   보조                 지역 내 조건에서도 재보정 물리식 대비 순가치는 확인되지 않았다                                                                                                               R1w[catboost_lo, λ 1.0] | k = 0/1 | Lena: Δ -1.72 [-8.40, 0.99], 미결정 | Alaska 는 재현(비맹검)
[2026-09-29T13:12:21Z]:     L22   보조                 지역 내 조건에서도 재보정 물리식 대비 순가치는 확인되지 않았다                                                                                                         R1w@nest[catboost_lo, λ -1.0] | k = 0/1 | Lena: Δ -0.76 [-2.37, 0.04], 미결정 | Alaska 는 재현(비맹검)
[2026-09-29T13:12:21Z]:     L22   보조                                     우세 지역 1/1: Lena                                                                                                                 R1w[catboost, λ 0.25] | k = 1/1 | Lena: Δ -1.05 [-3.21, -0.16], 우세 | Alaska 는 재현(비맹검)
[2026-09-29T13:12:21Z]:     L22   보조                 지역 내 조건에서도 재보정 물리식 대비 순가치는 확인되지 않았다                                                                                                                       R1w[rf, λ 0.25] | k = 0/1 | Lena: Δ -0.94 [-2.60, 0.02], 미결정 | Alaska 는 재현(비맹검)
[2026-09-29T13:12:21Z]: [2026-09-29T13:12:21Z] [stage] smoke_sum_h41 끝: 종료 코드 0 · 9 s · 경과 31 min
[2026-09-29T13:12:21Z]: [2026-09-29T13:12:21Z] [stage] gate_smoke 시작(제한 180 s): env OMP_NUM_THREADS=1 python3 -u scripts/rescale/lgx_gate_check.py --smoke --gate-tag lg_smoke --out-csv lgx_smoke_gate_check.csv
[2026-09-29T13:12:22Z]: [gate] 확장 기준 축 조각 3개(tag lgxb_smoke) · 기준 tag lg_smoke · 기준 조각이 있는 단위 3개 · 허용 차 물리식 1e-09 cm, CatBoost 0.02 cm
[2026-09-29T13:12:22Z]:   target mode  split status  n_keys  n_keys_phys  n_keys_ml  max_diff_phys  max_diff_ml  blocks_equal code_sha_h40_ref code_sha_h40_now                                         worst_key
[2026-09-29T13:12:22Z]:     AL-3    i      1     ok      40            7         33            0.0          0.0          True     ffd0b3a76d36     ffd0b3a76d36 ["R2", "catboost_lo", "1", "cell", -1, 0, 0, 1.0]
[2026-09-29T13:12:22Z]:   Canada    x      1     ok      40            7         33            0.0          0.0          True     ffd0b3a76d36     ffd0b3a76d36 ["R2", "catboost_lo", "1", "cell", -1, 0, 0, 1.0]
[2026-09-29T13:12:22Z]: Russia_W    x      1     ok      27            5         22            0.0          0.0          True     ffd0b3a76d36     ffd0b3a76d36 ["R2", "catboost_lo", "1", "cell", -1, 0, 0, 1.0]
[2026-09-29T13:12:22Z]: [gate] 통과 3/3 단위 · 물리식 최대 차 0 cm · CatBoost 최대 차 0 cm
[2026-09-29T13:12:22Z]: [2026-09-29T13:12:22Z] [stage] gate_smoke 끝: 종료 코드 0 · 1 s · 경과 31 min
[2026-09-29T13:12:22Z]: [2026-09-29T13:12:22Z] [stage] timing 시작(제한 300 s): python3 -u scripts/rescale/lgx_timing_table.py --lgx-dir data/processed/lgx --lg-dir data/processed/lg --out-dir . --prefix lgx_smoke
[2026-09-29T13:12:23Z]: [timing] LG 사전 점검의 gpu 조각 7개를 분할 4·5 축(g45)의 실측으로 읽었다
[2026-09-29T13:12:23Z]: [timing] 조각 115 · 행 189 → lgx_smoke_timing_by_learner.csv
[2026-09-29T13:12:23Z]: harness           tag part    axis        learner  n_fit     sec  sec_full_epochs    est_s  epochs_run  sec_per_fit  calib
[2026-09-29T13:12:23Z]:     h41     lgv_smoke  cpu     V-B       catboost     10   14.96           14.960    34.64         NaN        1.496  0.432
[2026-09-29T13:12:23Z]:     h41     lgv_smoke  cpu     V-B    catboost_lo     25    6.73            6.730     6.70         NaN        0.269  1.004
[2026-09-29T13:12:23Z]:     h41     lgv_smoke  cpu     V-B             rf     10   37.89           37.890    50.22         NaN        3.789  0.754
[2026-09-29T13:12:23Z]:     h41     lgv_smoke  cpu  V-C100       catboost      6    9.40            9.400    22.68         NaN        1.567  0.414
[2026-09-29T13:12:23Z]:     h41     lgv_smoke  cpu  V-C100    catboost_lo     15    4.26            4.260     4.35         NaN        0.284  0.979
[2026-09-29T13:12:23Z]:     h41     lgv_smoke  cpu  V-C100             rf      6   24.53           24.530    33.54         NaN        4.088  0.731
[2026-09-29T13:12:23Z]:     h41     lgv_smoke  cpu     V-G       catboost     14   20.90           20.900    50.28         NaN        1.493  0.416
[2026-09-29T13:12:23Z]:     h41     lgv_smoke  cpu     V-G    catboost_lo     35    9.48            9.480     9.55         NaN        0.271  0.993
[2026-09-29T13:12:23Z]:     h41     lgv_smoke  cpu     V-G             rf     14   57.45           57.450    74.36         NaN        4.104  0.773
[2026-09-29T13:12:23Z]:     h41     lgv_smoke  cpu     V-R       catboost     10   15.33           15.330    34.70         NaN        1.533  0.442
[2026-09-29T13:12:23Z]:     h41     lgv_smoke  cpu     V-R    catboost_lo     25    6.82            6.820     6.75         NaN        0.273  1.010
[2026-09-29T13:12:23Z]:     h41     lgv_smoke  cpu     V-R             rf     10   40.10           40.100    50.20         NaN        4.010  0.799
[2026-09-29T13:12:23Z]:     h41     lgv_smoke  cpu W1-Lena       catboost     10    6.14            6.140     8.52         NaN        0.614  0.721
[2026-09-29T13:12:23Z]:     h41     lgv_smoke  cpu W1-Lena    catboost_lo     20    1.96            1.960     1.88         NaN        0.098  1.043
[2026-09-29T13:12:23Z]:     h41     lgv_smoke  cpu W1-Lena             rf     10   10.17           10.170     8.72         NaN        1.017  1.166
[2026-09-29T13:12:23Z]:     h41     lgv_smoke  cpu W2-Lena       catboost     10   16.13           16.130    40.28         NaN        1.613  0.400
[2026-09-29T13:12:23Z]:     h41     lgv_smoke  cpu W2-Lena    catboost_lo     50   14.47           14.470    14.96         NaN        0.289  0.967
[2026-09-29T13:12:23Z]:     h41     lgv_smoke  cpu W2-Lena             rf     10   46.19           46.190    60.56         NaN        4.619  0.763
[2026-09-29T13:12:23Z]:     h42   lg_precheck  gpu     g45            cfm      6   67.52           67.520    43.42       100.0       11.253  1.555
[2026-09-29T13:12:23Z]:     h42   lg_precheck  gpu     g45           ddpm      6   77.17           77.170    54.28       100.0       12.862  1.422
[2026-09-29T13:12:23Z]:     h42   lg_precheck  gpu     g45            ftt      6 1333.29         1333.290   405.30       100.0      222.215  3.290
[2026-09-29T13:12:23Z]:     h42   lg_precheck  gpu     g45            mlp     16   29.08           29.080    47.05       100.0        1.818  0.618
[2026-09-29T13:12:23Z]:     h42   lg_precheck  gpu     g45          nflow      6  256.28          256.280   311.20       100.0       42.713  0.824
[2026-09-29T13:12:23Z]:     h42   lg_precheck  gpu     g45           tabm      6   26.62           26.620    94.08       100.0        4.437  0.283
[2026-09-29T13:12:23Z]:     h42 lgrm_precheck  gpu     g45        realmlp      6   76.48         2447.360  5844.18         8.0       12.747  0.419
[2026-09-29T13:12:23Z]:     h42    lgx1_smoke  cpu      x1    catboost_lo    104   29.66           29.660    31.50         NaN        0.285  0.942
[2026-09-29T13:12:23Z]:     h42    lgx2_smoke  cpu      x2    catboost_lo    116  158.39          158.390   125.60         NaN        1.365  1.261
[2026-09-29T13:12:23Z]:     h42    lgx5_smoke  cpu      x5    catboost_lo    132   37.77           37.770    39.39         NaN        0.286  0.959
[2026-09-29T13:12:23Z]:     h42    lgx9_smoke  cpu      x9    catboost_lo    139   39.67           39.670    42.15         NaN        0.285  0.941
[2026-09-29T13:12:23Z]:     h42   lgx9f_smoke  cpu     x9f    catboost_lo     60   14.17           14.170    13.89         NaN        0.236  1.020
[2026-09-29T13:12:23Z]:     h42    lgxb_smoke  cpu    base    catboost_lo     52   41.13           41.130    37.15         NaN        0.791  1.107
[2026-09-29T13:12:23Z]:     h42    lgxg_smoke  gpu     g45            cfm     33    9.37          312.333   242.51         3.0        0.284  1.288
[2026-09-29T13:12:23Z]:     h42    lgxg_smoke  gpu     g45           ddpm     33   22.89          763.000   303.15         3.0        0.694  2.517
[2026-09-29T13:12:23Z]:     h42    lgxg_smoke  gpu     g45            ftt     33  264.70         8823.333  2263.42         3.0        8.021  3.898
[2026-09-29T13:12:23Z]:     h42    lgxg_smoke  gpu     g45            mlp    113   11.50          338.067   303.55         3.0        0.102  1.114
[2026-09-29T13:12:23Z]:     h42    lgxg_smoke  gpu     g45          nflow     33   28.56          952.000  1737.97         3.0        0.865  0.548
[2026-09-29T13:12:23Z]:     h42    lgxg_smoke  gpu     g45        realmlp     33  205.24        17513.813 32637.52         3.0        6.219  0.537
[2026-09-29T13:12:23Z]:     h42    lgxg_smoke  gpu     g45           tabm     33   10.04          334.667   525.43         3.0        0.304  0.637
[2026-09-29T13:12:23Z]:     h42   lgxn3_smoke  cpu      n3       catboost     41  111.65          111.650   169.68         NaN        2.723  0.658
[2026-09-29T13:12:23Z]:     h42   lgxn3_smoke  cpu      n3 catboost_tuned     30   31.75           31.750    66.77         NaN        1.058  0.476
[2026-09-29T13:12:23Z]:     h42   lgxn3_smoke  cpu      n3             rf     30  142.65          142.650   122.29         NaN        4.755  1.166
[2026-09-29T13:12:23Z]:     h42   lgxn4_smoke  cpu      n4    catboost_lo     30    8.63            8.630     9.09         NaN        0.288  0.949
[2026-09-29T13:12:23Z]:     h42   lgxnn_smoke  gpu      nn            ftt     30   56.80         1893.333   476.54         3.0        1.893  3.973
[2026-09-29T13:12:23Z]:     h42   lgxnn_smoke  gpu      nn            mlp     30    1.71           57.000    42.56         3.0        0.057  1.339
[2026-09-29T13:12:23Z]:     h42   lgxnn_smoke  gpu      nn           tabm     30    2.29           76.333   110.63         3.0        0.076  0.690
[2026-09-29T13:12:23Z]:     h42    lgxp_smoke  cpu    prox    catboost_lo    256   73.53           73.530    78.16         NaN        0.287  0.941
[2026-09-29T13:12:23Z]:     h42   lgxr0_smoke  cpu   ridge          ridge     82    3.09            3.090     9.74         NaN        0.038  0.317
[2026-09-29T13:12:23Z]:     h42   lgxr0_smoke  gpu      r0            cfm     11    1.76           58.667    18.71         3.0        0.160  3.136
[2026-09-29T13:12:23Z]:     h42   lgxr0_smoke  gpu      r0           ddpm     11    5.91          197.000    23.40         3.0        0.537  8.419
[2026-09-29T13:12:23Z]:     h42   lgxr0_smoke  gpu      r0            ftt     11   20.19          673.000   174.70         3.0        1.835  3.852
[2026-09-29T13:12:23Z]:     h42   lgxr0_smoke  gpu      r0          nflow     11    7.16          238.667   134.14         3.0        0.651  1.779
[2026-09-29T13:12:23Z]:     h42   lgxr0_smoke  gpu      r0        realmlp     11   19.41         1656.320  2519.07         3.0        1.765  0.658
[2026-09-29T13:12:23Z]:     h42   lgxr0_smoke  gpu      r0           tabm     11    6.29          209.667    40.56         3.0        0.572  5.169
[2026-09-29T13:12:23Z]: [timing] 적합 수 표(lgx_count_<부분>_detail.csv, ladder/lgv_count.csv)가 없어 본 실행 환산을 생략한다
[2026-09-29T13:12:23Z]: [2026-09-29T13:12:23Z] [stage] timing 끝: 종료 코드 0 · 1 s · 경과 31 min
[2026-09-29T13:12:23Z]: [2026-09-29T13:12:23Z] [pack] results_lgx_smoke.tar.gz 4.1M · 파일 347개 · 조각 포함 1
[2026-09-29T13:12:23Z]: [2026-09-29T13:12:23Z] [stage] pytest_h42 시작(제한 1800 s): env -u LG_RESCALE LG_RUN_HEAVY=1 CUDA_VISIBLE_DEVICES= python3 -m pytest -q -rfEs -p no:cacheprovider tests/test_h42_ext.py
[2026-09-29T13:16:01Z]: ..................F.......F.                                             [100%]
[2026-09-29T13:16:01Z]: =================================== FAILURES ===================================
[2026-09-29T13:16:01Z]: ___________________________ test_q_missing_contrasts ___________________________
[2026-09-29T13:16:01Z]: 
[2026-09-29T13:16:01Z]:     def test_q_missing_contrasts():
[2026-09-29T13:16:01Z]:         bl = ["B:s_aff", "B:ed_raw", "B:ku_raw", "B:cci_raw", "B:cci_aff", "B:ens"] + [f"P0@{b}" for b in X.ANCHORS]
[2026-09-29T13:16:01Z]:         assert len(bl) == 11
[2026-09-29T13:16:01Z]:     
[2026-09-29T13:16:01Z]:         def base(sd, skip=(), over=None):
[2026-09-29T13:16:01Z]:             d = {K(m, 0, 0.0, lr="none"): (sd, f"g{i}") for i, m in enumerate(bl) if m not in skip}
[2026-09-29T13:16:01Z]:             d.update(over or {})
[2026-09-29T13:16:01Z]:             return d
[2026-09-29T13:16:01Z]:         # L29: 기준선이 모두 있고 우세가 없다(기준선 오차 SD 9, P0 의 SD 6)
[2026-09-29T13:16:01Z]:         assert _verdicts(_agg(_tms4(base(9.0))), "L29", "주") == ["원천 계수 Stefan 은 시험한 기준선 가운데 약한 기준선이 아니다"]
[2026-09-29T13:16:01Z]:         # L29: 기준선 하나가 없으면 지지 문구를 쓰지 않는다
[2026-09-29T13:16:01Z]:         assert _verdicts(_agg(_tms4(base(9.0, skip=("P0@tddm",)))), "L29", "주") == ["판정 불가(기준선 10/11; 없는 기준선: P0@tddm)"]
[2026-09-29T13:16:01Z]:         # L29: 우세인 기준선이 있으면 빠진 기준선이 있어도 그 사실을 적는다(P* 는 판정한 기준선 가운데 값)
[2026-09-29T13:16:01Z]:         v = _verdicts(_agg(_tms4(base(9.0, skip=("P0@tddm",), over={K("B:ens", 0, 0.0, lr="none"): (1.0, "ens")}))), "L29", "주")
[2026-09-29T13:16:01Z]:         assert len(v) == 1 and v[0].startswith("P0 보다 우세인 기준선이 있다. P* = B:ens.") and "기준선 10/11" in v[0] and "P0@tddm" in v[0]
[2026-09-29T13:16:01Z]:         # L30: 기각 조건(우세인 학습기)이 이미 충족되면 빠진 학습기가 있어도 기각이다. 충족되지 않으면 판정 불가다
[2026-09-29T13:16:01Z]:         s30 = {K("D0", 0, 1.0, lr="catboost"): (1.0, "a"), K("D0", 0, 1.0, lr="rf"): (9.0, "b")}
[2026-09-29T13:16:01Z]:         v = _verdicts(_agg(_tms4(s30)), "L30", "주")
[2026-09-29T13:16:01Z]:         assert len(v) == 1 and v[0].startswith("기각(일부 대비 판정 불가, 대비 2/3): ") and v[0].endswith("우세 학습기 catboost")
[2026-09-29T13:16:01Z]:         s30b = {K("D0", 0, 1.0, lr="catboost"): (9.0, "a"), K("D0", 0, 1.0, lr="rf"): (9.0, "b")}
[2026-09-29T13:16:01Z]:         assert _verdicts(_agg(_tms4(s30b)), "L30", "주") == ["판정 불가(대비 2/3; 없는 대비: catboost_tuned)"]
[2026-09-29T13:16:01Z]: >       s30c = dict(s30b, **{K("D0", 0, 1.0, lr="catboost_tuned"): (9.0, "c")})
[2026-09-29T13:16:01Z]:                ^^^^^^^^^^^^^^^^^^^^^^^^^^^^^^^^^^^^^^^^^^^^^^^^^^^^^^^^^^^^^^^^
[2026-09-29T13:16:01Z]: E       TypeError: keywords must be strings
[2026-09-29T13:16:01Z]: 
[2026-09-29T13:16:01Z]: tests/test_h42_ext.py:809: TypeError
[2026-09-29T13:16:01Z]: ____________________ test_D_real_unit_resume_and_summarize _____________________
[2026-09-29T13:16:01Z]: 
[2026-09-29T13:16:01Z]: tmp_path = PosixPath('/enc/ukrprod_nxvpT/tmp/pytest-of-ukrprod_nxvpT/pytest-0/test_D_real_unit_resume_and_su0')
[2026-09-29T13:16:01Z]: 
[2026-09-29T13:16:01Z]:     @HEAVY
[2026-09-29T13:16:01Z]:     def test_D_real_unit_resume_and_summarize(tmp_path):
[2026-09-29T13:16:01Z]:         if not (ROOT / "data" / "processed" / "fidelity_base_v3.csv").exists():
[2026-09-29T13:16:01Z]:             pytest.skip("실자료 없음")
[2026-09-29T13:16:01Z]:         argv = ["--part", "cpu", "--axes", "base,x1,prox", "--targets", "Russia_W", "--splits", "1", "--n-grid", "0,10", "--draws", "1", "--seeds", "1",
[2026-09-29T13:16:01Z]:                 "--workers", "0", "--threads", "2", "--out-dir", str(tmp_path), "--tag", "t", "--no-summarize", "--allow-local", "--nboot", "200"]
[2026-09-29T13:16:01Z]:         r1 = X.main(argv)
[2026-09-29T13:16:01Z]:         assert sorted(r1["executed"]) == [("base", "Russia_W", "x", 1), ("prox", "Russia_W", "x", 1), ("x1", "Russia_W", "x", 1)] and not r1["resumed"]
[2026-09-29T13:16:01Z]:         sh = tmp_path / "shards"
[2026-09-29T13:16:01Z]:         assert (sh / "tb__cpu__Russia_W__x__s1_unit.json").exists() and (sh / "tb__cpu__Russia_W__x__s1_cells.npz").exists()
[2026-09-29T13:16:01Z]:         assert not list(sh.glob("*.tmp*")), "임시 파일이 남았다"
[2026-09-29T13:16:01Z]:         with np.load(sh / "tb__cpu__Russia_W__x__s1_cells.npz", allow_pickle=False) as z:
[2026-09-29T13:16:01Z]:             assert z["P"].dtype == np.float32 and z["P"].shape == (len(z["keys"]), len(z["loc_id"])) and len(z["d_src_km"]) == len(z["y"])
[2026-09-29T13:16:01Z]:         r2 = X.main(argv + ["--resume"])
[2026-09-29T13:16:01Z]:         assert r2["executed"] == [] and len(r2["resumed"]) == 3
[2026-09-29T13:16:01Z]:         r3 = X.main(argv + ["--resume", "--n-grid", "0"])                     # 설정이 다르면 건너뛰지 않는다
[2026-09-29T13:16:01Z]:         assert len(r3["executed"]) == 3
[2026-09-29T13:16:01Z]:         X.main(argv)
[2026-09-29T13:16:01Z]: >       out = X.summarize(X.parse_args(argv))
[2026-09-29T13:16:01Z]:               ^^^^^^^^^^^^^^^^^^^^^^^^^^^^^^^
[2026-09-29T13:16:01Z]: 
[2026-09-29T13:16:01Z]: tests/test_h42_ext.py:1066: 
[2026-09-29T13:16:01Z]: _ _ _ _ _ _ _ _ _ _ _ _ _ _ _ _ _ _ _ _ _ _ _ _ _ _ _ _ _ _ _ _ _ _ _ _ _ _ _ _ 
[2026-09-29T13:16:01Z]: scripts/3_deep_learning/h42_label_grid_ext.py:3787: in summarize
[2026-09-29T13:16:01Z]:     n4["region"] = pd.concat([v for v in (region_inference_main(tms, a), n4["region"]) if len(v)], ignore_index=True) \
[2026-09-29T13:16:01Z]:                    ^^^^^^^^^^^^^^^^^^^^^^^^^^^^^^^^^^^^^^^^^^^^^^^^^^^^^^^^^^^^^^^^^^^^^^^^^^^^^^^^^^^^^^^^^^^^^^^^^^
[2026-09-29T13:16:01Z]: .pydeps/pandas/core/reshape/concat.py:382: in concat
[2026-09-29T13:16:01Z]:     op = _Concatenator(
[2026-09-29T13:16:01Z]: .pydeps/pandas/core/reshape/concat.py:445: in __init__
[2026-09-29T13:16:01Z]:     objs, keys = self._clean_keys_and_objs(objs, keys)
[2026-09-29T13:16:01Z]:                  ^^^^^^^^^^^^^^^^^^^^^^^^^^^^^^^^^^^^^
[2026-09-29T13:16:01Z]: _ _ _ _ _ _ _ _ _ _ _ _ _ _ _ _ _ _ _ _ _ _ _ _ _ _ _ _ _ _ _ _ _ _ _ _ _ _ _ _ 
[2026-09-29T13:16:01Z]: 
[2026-09-29T13:16:01Z]: self = <pandas.core.reshape.concat._Concatenator object at 0x14ee62e82910>
[2026-09-29T13:16:01Z]: objs = [], keys = None
[2026-09-29T13:16:01Z]: 
[2026-09-29T13:16:01Z]:     def _clean_keys_and_objs(
[2026-09-29T13:16:01Z]:         self,
[2026-09-29T13:16:01Z]:         objs: Iterable[Series | DataFrame] | Mapping[HashableT, Series | DataFrame],
[2026-09-29T13:16:01Z]:         keys,
[2026-09-29T13:16:01Z]:     ) -> tuple[list[Series | DataFrame], Index | None]:
[2026-09-29T13:16:01Z]:         if isinstance(objs, abc.Mapping):
[2026-09-29T13:16:01Z]:             if keys is None:
[2026-09-29T13:16:01Z]:                 keys = list(objs.keys())
[2026-09-29T13:16:01Z]:             objs_list = [objs[k] for k in keys]
[2026-09-29T13:16:01Z]:         else:
[2026-09-29T13:16:01Z]:             objs_list = list(objs)
[2026-09-29T13:16:01Z]:     
[2026-09-29T13:16:01Z]:         if len(objs_list) == 0:
[2026-09-29T13:16:01Z]: >           raise ValueError("No objects to concatenate")
[2026-09-29T13:16:01Z]: E           ValueError: No objects to concatenate
[2026-09-29T13:16:01Z]: 
[2026-09-29T13:16:01Z]: .pydeps/pandas/core/reshape/concat.py:507: ValueError
[2026-09-29T13:16:01Z]: ----------------------------- Captured stdout call -----------------------------
[2026-09-29T13:16:01Z]: [data] 부분 cpu · 축 ['base', 'x1', 'prox'] · 작업 단위 3(건너뜀 0) · 축별 {'base': 1, 'x1': 1, 'prox': 1}
[2026-09-29T13:16:01Z]: [plan] 실행 3 · 선택 작업 0 · 재개로 건너뜀 0 · 프로세스 1 · 스레드 2 · 장치 CPU · epochs 100 · RealMLP epochs 256
[2026-09-29T13:16:01Z]:   [base|Russia_W|x|s1] 적합 9 · 행 27 · A 16 · 채점 12/7블록 · 원천 17436 · 8.0s · 장치 '' · 상태 ok(실패 0) · 완료 1/3 · 누적 8s
[2026-09-29T13:16:01Z]:   [x1|Russia_W|x|s1] 적합 18 · 행 45 · A 16 · 채점 12/7블록 · 원천 17436 · 5.2s · 장치 '' · 상태 ok(실패 0) · 완료 2/3 · 누적 13s
[2026-09-29T13:16:01Z]:   [prox|Russia_W|x|s1] 적합 72 · 행 61 · A 16 · 채점 12/7블록 · 원천 17436 · 21.7s · 장치 '' · 상태 ok(실패 0) · 완료 3/3 · 누적 35s
[2026-09-29T13:16:01Z]: [done] 완료 3 · 실패 0 · 일부 적합 실패 0 · 선택 설정 없는 n3 조각 0 · 35s
[2026-09-29T13:16:01Z]: [data] 부분 cpu · 축 ['base', 'x1', 'prox'] · 작업 단위 3(건너뜀 0) · 축별 {'base': 1, 'x1': 1, 'prox': 1}
[2026-09-29T13:16:01Z]:   [resume] 건너뜀 base|Russia_W|x|s1 (조각 있음, 상태 ok)
[2026-09-29T13:16:01Z]:   [resume] 건너뜀 x1|Russia_W|x|s1 (조각 있음, 상태 ok)
[2026-09-29T13:16:01Z]:   [resume] 건너뜀 prox|Russia_W|x|s1 (조각 있음, 상태 ok)
[2026-09-29T13:16:01Z]: [plan] 실행 0 · 선택 작업 0 · 재개로 건너뜀 3 · 프로세스 1 · 스레드 2 · 장치 CPU · epochs 100 · RealMLP epochs 256
[2026-09-29T13:16:01Z]: [done] 완료 0 · 실패 0 · 일부 적합 실패 0 · 선택 설정 없는 n3 조각 0 · 0s
[2026-09-29T13:16:01Z]: [data] 부분 cpu · 축 ['base', 'x1', 'prox'] · 작업 단위 3(건너뜀 0) · 축별 {'base': 1, 'x1': 1, 'prox': 1}
[2026-09-29T13:16:01Z]:   [resume] 다시 실행 base|Russia_W|x|s1 (설정 불일치(cfg_hash))
[2026-09-29T13:16:01Z]:   [resume] 다시 실행 x1|Russia_W|x|s1 (설정 불일치(cfg_hash))
[2026-09-29T13:16:01Z]:   [resume] 다시 실행 prox|Russia_W|x|s1 (설정 불일치(cfg_hash))
[2026-09-29T13:16:01Z]: [plan] 실행 3 · 선택 작업 0 · 재개로 건너뜀 0 · 프로세스 1 · 스레드 2 · 장치 CPU · epochs 100 · RealMLP epochs 256
[2026-09-29T13:16:01Z]:   [base|Russia_W|x|s1] 적합 4 · 행 14 · A 16 · 채점 12/7블록 · 원천 17436 · 3.4s · 장치 '' · 상태 ok(실패 0) · 완료 1/3 · 누적 3s
[2026-09-29T13:16:01Z]:   [x1|Russia_W|x|s1] 적합 8 · 행 23 · A 16 · 채점 12/7블록 · 원천 17436 · 2.3s · 장치 '' · 상태 ok(실패 0) · 완료 2/3 · 누적 6s
[2026-09-29T13:16:01Z]:   [prox|Russia_W|x|s1] 적합 72 · 행 61 · A 16 · 채점 12/7블록 · 원천 17436 · 21.2s · 장치 '' · 상태 ok(실패 0) · 완료 3/3 · 누적 27s
[2026-09-29T13:16:01Z]: [done] 완료 3 · 실패 0 · 일부 적합 실패 0 · 선택 설정 없는 n3 조각 0 · 27s
[2026-09-29T13:16:01Z]: [data] 부분 cpu · 축 ['base', 'x1', 'prox'] · 작업 단위 3(건너뜀 0) · 축별 {'base': 1, 'x1': 1, 'prox': 1}
[2026-09-29T13:16:01Z]: [plan] 실행 3 · 선택 작업 0 · 재개로 건너뜀 0 · 프로세스 1 · 스레드 2 · 장치 CPU · epochs 100 · RealMLP epochs 256
[2026-09-29T13:16:01Z]:   [base|Russia_W|x|s1] 적합 9 · 행 27 · A 16 · 채점 12/7블록 · 원천 17436 · 7.5s · 장치 '' · 상태 ok(실패 0) · 완료 1/3 · 누적 7s
[2026-09-29T13:16:01Z]:   [x1|Russia_W|x|s1] 적합 18 · 행 45 · A 16 · 채점 12/7블록 · 원천 17436 · 5.2s · 장치 '' · 상태 ok(실패 0) · 완료 2/3 · 누적 13s
[2026-09-29T13:16:01Z]:   [prox|Russia_W|x|s1] 적합 72 · 행 61 · A 16 · 채점 12/7블록 · 원천 17436 · 20.8s · 장치 '' · 상태 ok(실패 0) · 완료 3/3 · 누적 33s
[2026-09-29T13:16:01Z]: [done] 완료 3 · 실패 0 · 일부 적합 실패 0 · 선택 설정 없는 n3 조각 0 · 33s
[2026-09-29T13:16:01Z]: =========================== short test summary info ============================
[2026-09-29T13:16:01Z]: FAILED tests/test_h42_ext.py::test_q_missing_contrasts - TypeError: keywords ...
[2026-09-29T13:16:01Z]: FAILED tests/test_h42_ext.py::test_D_real_unit_resume_and_summarize - ValueEr...
[2026-09-29T13:16:01Z]: 2 failed, 26 passed in 217.63s (0:03:37)
[2026-09-29T13:16:02Z]: [2026-09-29T13:16:02Z] [stage] pytest_h42 끝: 종료 코드 1 · 219 s · 경과 35 min
[2026-09-29T13:16:02Z]: [2026-09-29T13:16:02Z] [stage] pytest_h41 시작(제한 1200 s): env -u LG_RESCALE LG_RUN_HEAVY=1 CUDA_VISIBLE_DEVICES= python3 -m pytest -q -rfEs -p no:cacheprovider tests/test_h41_ladder.py
[2026-09-29T13:17:24Z]: .......................                                                  [100%]
[2026-09-29T13:17:24Z]: 23 passed in 82.41s (0:01:22)
[2026-09-29T13:17:25Z]: [2026-09-29T13:17:25Z] [stage] pytest_h41 끝: 종료 코드 0 · 83 s · 경과 36 min
[2026-09-29T13:17:25Z]: [2026-09-29T13:17:25Z] [pack] results_lgx_smoke.tar.gz 4.1M · 파일 349개 · 조각 포함 1
[2026-09-29T13:17:25Z]: [2026-09-29T13:17:25Z] [stage] count_cpu 시작(제한 420 s): env LG_RESCALE=1 python3 -u scripts/3_deep_learning/h42_label_grid_ext.py --part cpu --count-only --threads 4
[2026-09-29T13:17:33Z]: [data] 부분 cpu · 축 ['base', 'x1', 'x2', 'x9', 'n3', 'prox', 'x5', 'x9f', 'n4', 'n4a', 'ridge'] · 작업 단위 3860(건너뜀 955) · 축별 {'base': 117, 'x1': 117, 'x2': 117, 'x9': 117, 'n3': 55, 'prox': 117, 'x5': 117, 'x9f': 117, 'n4': 620, 'n4a': 2311, 'ridge': 55}
[2026-09-29T13:18:37Z]: [count-only] 부분 cpu · 축 ['base', 'x1', 'x2', 'x9', 'n3', 'prox', 'x5', 'x9f', 'n4', 'n4a', 'ridge'] · 작업 단위 3860 · 건너뜀 955
[2026-09-29T13:18:37Z]:        units  targets  fit_total    rows  est_h
[2026-09-29T13:18:37Z]: axis                                           
[2026-09-29T13:18:37Z]: base     117       17      28156   68253   4.21
[2026-09-29T13:18:37Z]: x1       117       17      56312  122194   3.69
[2026-09-29T13:18:37Z]: x2       117       17      51608  105798  11.89
[2026-09-29T13:18:37Z]: x9       117       17      65058  224823   4.33
[2026-09-29T13:18:37Z]: n3        55       12       6870   18415   4.82
[2026-09-29T13:18:37Z]: prox     117       17      45736   25893   3.10
[2026-09-29T13:18:37Z]: x5       117       17      18619   20733   1.23
[2026-09-29T13:18:37Z]: x9f      117       17      20466   53121   1.08
[2026-09-29T13:18:37Z]: n4       620       15      19880   56940   1.51
[2026-09-29T13:18:37Z]: n4a     2311       15          0   90483   0.00
[2026-09-29T13:18:37Z]: ridge     55       12       5540   11935   0.12
[2026-09-29T13:18:37Z]: [count-only] 축·학습기별 적합 수와 추정 누적 시간(프로세스 1개 기준. catboost·rf·catboost_tuned 의 기준 시간은 가정값이다)
[2026-09-29T13:18:37Z]:  axis        learner  n_fit  est_h
[2026-09-29T13:18:37Z]:  base    catboost_lo  28156  4.206
[2026-09-29T13:18:37Z]:    n3       catboost   2770  2.333
[2026-09-29T13:18:37Z]:    n3 catboost_tuned   2050  0.946
[2026-09-29T13:18:37Z]:    n3             rf   2050  1.540
[2026-09-29T13:18:37Z]:    n4    catboost_lo  19880  1.508
[2026-09-29T13:18:37Z]:  prox    catboost_lo  45736  3.098
[2026-09-29T13:18:37Z]: ridge          ridge   5540  0.120
[2026-09-29T13:18:37Z]:    x1    catboost_lo  56312  3.688
[2026-09-29T13:18:37Z]:    x2    catboost_lo  51608 11.888
[2026-09-29T13:18:37Z]:    x5    catboost_lo  18619  1.226
[2026-09-29T13:18:37Z]:    x9    catboost_lo  65058  4.332
[2026-09-29T13:18:37Z]:   x9f    catboost_lo  20466  1.078
[2026-09-29T13:18:37Z]: [count-only] catboost_tuned 선택 단계: 대상 12 · 적합 900(본 적합 수에 들어 있지 않다)
[2026-09-29T13:18:37Z]: [count-only] 총 적합 318,245(선택 단계 900 별도) · 저장 행 798,588 · 추정 누적 36.0 h
[2026-09-29T13:18:37Z]: [2026-09-29T13:18:37Z] [stage] count_cpu 끝: 종료 코드 0 · 72 s · 경과 37 min
[2026-09-29T13:18:37Z]: [2026-09-29T13:18:37Z] [stage] count_gpu 시작(제한 300 s): env LG_RESCALE=1 python3 -u scripts/3_deep_learning/h42_label_grid_ext.py --part gpu --count-only --threads 4 --learners mlp,cfm,ddpm,tabm,nflow,ftt,realmlp
[2026-09-29T13:18:39Z]: [data] 부분 gpu · 축 ['r0', 'g45', 'nn'] · 작업 단위 649(건너뜀 12) · 축별 {'r0': 330, 'g45': 154, 'nn': 165}
[2026-09-29T13:18:57Z]: [count-only] 부분 gpu · 축 ['r0', 'g45', 'nn'] · 작업 단위 649 · 건너뜀 12
[2026-09-29T13:18:57Z]:       units  targets  fit_total   rows   est_h
[2026-09-29T13:18:57Z]: axis                                          
[2026-09-29T13:18:57Z]: r0      330       12       4320  15450   35.22
[2026-09-29T13:18:57Z]: g45     154       11       8612  23612  181.32
[2026-09-29T13:18:57Z]: nn      165       12       6150  12045    7.92
[2026-09-29T13:18:57Z]: [count-only] 축·학습기별 적합 수와 추정 누적 시간(프로세스 1개 기준. catboost·rf·catboost_tuned 의 기준 시간은 가정값이다)
[2026-09-29T13:18:57Z]: axis learner  n_fit   est_h
[2026-09-29T13:18:57Z]:  g45     cfm    876   1.154
[2026-09-29T13:18:57Z]:  g45    ddpm    876   1.443
[2026-09-29T13:18:57Z]:  g45     ftt    876  10.769
[2026-09-29T13:18:57Z]:  g45     mlp   3356   1.897
[2026-09-29T13:18:57Z]:  g45   nflow    876   8.269
[2026-09-29T13:18:57Z]:  g45 realmlp    876 155.289
[2026-09-29T13:18:57Z]:  g45    tabm    876   2.499
[2026-09-29T13:18:57Z]:   nn     ftt   2050   5.995
[2026-09-29T13:18:57Z]:   nn     mlp   2050   0.536
[2026-09-29T13:18:57Z]:   nn    tabm   2050   1.392
[2026-09-29T13:18:57Z]:   r0     cfm    720   0.227
[2026-09-29T13:18:57Z]:   r0    ddpm    720   0.283
[2026-09-29T13:18:57Z]:   r0     ftt    720   2.114
[2026-09-29T13:18:57Z]:   r0   nflow    720   1.623
[2026-09-29T13:18:57Z]:   r0 realmlp    720  30.486
[2026-09-29T13:18:57Z]:   r0    tabm    720   0.491
[2026-09-29T13:18:57Z]: [count-only] 총 적합 19,082(선택 단계 0 별도) · 저장 행 51,107 · 추정 누적 224.5 h
[2026-09-29T13:18:57Z]: [2026-09-29T13:18:57Z] [stage] count_gpu 끝: 종료 코드 0 · 20 s · 경과 38 min
[2026-09-29T13:18:57Z]: [2026-09-29T13:18:57Z] [stage] count_h41 시작(제한 300 s): env LG_RESCALE=1 python3 -u scripts/2_evaluation/h41_validation_ladder.py --count-only --threads 4
[2026-09-29T13:18:59Z]: [data] 17,467셀 · 채점 17,374셀/174블록 · 부분 all · 단 ['V-R', 'V-P', 'V-S', 'V-B', 'V-C0', 'V-C100', 'V-C500', 'V-G', 'W2-Alaska', 'W2-Lena', 'W2-Canada', 'W1-Alaska', 'W1-Lena', 'W1-Canada'] · 반복 3(지역 내 5) · fold 5 · seed [0, 1] · 학습기 ['catboost_lo', 'catboost', 'rf'] · λ [0.25, 0.5, 1.0] · 작업 단위 292(건너뜀 15) · 연도 정합 도일 표 lgx_tdd_matched_v1.csv:54f132e461ea
[2026-09-29T13:19:08Z]: [count-only] 작업 단위 292 · 건너뜀 15(no_eval) · 군집 정의 map:lgx_cluster_map_v1.csv
[2026-09-29T13:19:08Z]:            units  n_train_min  n_train_med  n_train_max  n_test_sum  buf_excl_max  lt1000  fit_total  keys  est_h
[2026-09-29T13:19:08Z]: scheme                                                                                                           
[2026-09-29T13:19:08Z]: V-G            7         3860      16697.0        17464       17374          1252       0        126   336   0.07
[2026-09-29T13:19:08Z]: V-R           15        13973      13974.0        13974       52122             0       0        270   525   0.15
[2026-09-29T13:19:08Z]: W2-Alaska     25        11703      15260.0        15771       68030             1       0        600  1125   0.28
[2026-09-29T13:19:08Z]: W2-Canada     25        17216      17310.0        17349        3735            20       0        600  1125   0.32
[2026-09-29T13:19:08Z]: W2-Lena       25        16096      17111.0        17291       14790             1       0        600  1125   0.31
[2026-09-29T13:19:08Z]: V-B           15        10640      14376.0        15193       52122             0       0        270   525   0.15
[2026-09-29T13:19:08Z]: V-C100        25        10044      17323.0        17465       17374          5461       0        450   875   0.29
[2026-09-29T13:19:08Z]: V-C500        25         6888      17119.0        17465       17374          9930       0        450   875   0.26
[2026-09-29T13:19:08Z]: V-C0          25        12343      17350.0        17465       17374             0       0        450   875   0.30
[2026-09-29T13:19:08Z]: V-P           15        13758      14011.0        14116       52122             0       0        270   525   0.15
[2026-09-29T13:19:08Z]: V-S           15        13590      13979.0        14221       52122             0       0        270   525   0.15
[2026-09-29T13:19:08Z]: W1-Alaska     25         7843      11400.0        11911       68030             0       0        400   725   0.20
[2026-09-29T13:19:08Z]: W1-Canada     25          519        613.0          652        3735             0      25        400   725   0.02
[2026-09-29T13:19:08Z]: W1-Lena       25         1667       2682.0         2862       14790             0       0        400   725   0.05
[2026-09-29T13:19:08Z]: [count-only] 학습기별 추정(프로세스 1개, 4스레드 기준 누적 시간. measured = False 는 가정값)
[2026-09-29T13:19:08Z]:     learner  n_fit  rows_per_fit  base_s  est_h  measured
[2026-09-29T13:19:08Z]:          rf   1168         12693     6.0   1.48     False
[2026-09-29T13:19:08Z]:    catboost   1168         12693     4.0   1.02     False
[2026-09-29T13:19:08Z]: catboost_lo   3220         13464     0.3   0.23      True
[2026-09-29T13:19:08Z]: [count-only] 총 적합 5,556 · 저장 키 10,611 · 추정 누적 2.7 h → 워커 2개 1.4 h · 워커 14개 0.2 h
[2026-09-29T13:19:08Z]: [2026-09-29T13:19:08Z] [stage] count_h41 끝: 종료 코드 0 · 11 s · 경과 38 min
[2026-09-29T13:19:08Z]: [2026-09-29T13:19:08Z] [stage] precheck_cpu 시작(제한 1200 s): env LG_RESCALE=1 python3 -u scripts/3_deep_learning/h42_label_grid_ext.py --part cpu --precheck --workers 1 --threads 4 --gate-tag lg_precheck --no-summarize
[2026-09-29T13:19:10Z]: [data] 부분 cpu · 축 ['base', 'x1', 'x2', 'x9', 'n3', 'prox', 'x5', 'x9f', 'n4', 'n4a', 'ridge'] · 작업 단위 11(건너뜀 0) · 축별 {'base': 1, 'x1': 1, 'x2': 1, 'x9': 1, 'n3': 1, 'prox': 1, 'x5': 1, 'x9f': 1, 'n4': 1, 'n4a': 1, 'ridge': 1}
[2026-09-29T13:19:10Z]: [plan] 실행 11 · 선택 작업 1 · 재개로 건너뜀 0 · 프로세스 1 · 스레드 4 · 장치 CPU · epochs 100 · RealMLP epochs 256
[2026-09-29T13:21:49Z]:   [select] Canada|x: catboost_tuned 선택 표 18행 → /enc/ukrprod_nxvpT/work/data/processed/lgx/lgx_precheck_tuned_select.csv · 남은 선택 작업 0
[2026-09-29T13:21:57Z]:   [base|Canada|x|s1] 적합 9 · 행 27 · A 355 · 채점 393/20블록 · 원천 16697 · 7.3s · 장치 '' · 상태 ok(실패 0) · 완료 1/11 · 누적 167s
[2026-09-29T13:22:02Z]:   [x1|Canada|x|s1] 적합 18 · 행 45 · A 355 · 채점 393/20블록 · 원천 16697 · 5.3s · 장치 '' · 상태 ok(실패 0) · 완료 2/11 · 누적 172s
[2026-09-29T13:22:41Z]:   [x2|Canada|x|s1] 적합 27 · 행 53 · A 355 · 채점 393/20블록 · 원천 16697 · 38.9s · 장치 '' · 상태 ok(실패 0) · 완료 3/11 · 누적 211s
[2026-09-29T13:22:47Z]:   [x9|Canada|x|s1] 적합 22 · 행 119 · A 355 · 채점 393/20블록 · 원천 16697 · 6.3s · 장치 '' · 상태 ok(실패 0) · 완료 4/11 · 누적 218s
[2026-09-29T13:23:34Z]:   [n3|Canada|x|s1] 적합 17 · 행 55 · A 355 · 채점 393/20블록 · 원천 16697 · 47.1s · 장치 '' · 상태 ok(실패 0) · 완료 5/11 · 누적 265s
[2026-09-29T13:23:58Z]:   [prox|Canada|x|s1] 적합 82 · 행 66 · A 355 · 채점 393/20블록 · 원천 16697 · 23.6s · 장치 '' · 상태 ok(실패 0) · 완료 6/11 · 누적 288s
[2026-09-29T13:24:05Z]:   [x5|Canada|x|s1] 적합 23 · 행 21 · A 355 · 채점 393/20블록 · 원천 16697 · 6.8s · 장치 '' · 상태 ok(실패 0) · 완료 7/11 · 누적 295s
[2026-09-29T13:24:07Z]:   [x9f|Canada|x|s1] 적합 10 · 행 35 · A 355 · 채점 393/20블록 · 원천 16697 · 2.4s · 장치 '' · 상태 ok(실패 0) · 완료 8/11 · 누적 297s
[2026-09-29T13:24:09Z]:   [n4|Canada|x|s1] 적합 5 · 행 19 · A 355 · 채점 393/20블록 · 원천 16697 · 1.5s · 장치 '' · 상태 ok(실패 0) · 완료 9/11 · 누적 299s
[2026-09-29T13:24:09Z]:   [n4a|Canada|x|s1] 적합 0 · 행 3 · A 355 · 채점 393/20블록 · 원천 16697 · 0.0s · 장치 '' · 상태 ok(실패 0) · 완료 10/11 · 누적 299s
[2026-09-29T13:24:09Z]:   [ridge|Canada|x|s1] 적합 14 · 행 35 · A 355 · 채점 393/20블록 · 원천 16697 · 0.6s · 장치 '' · 상태 ok(실패 0) · 완료 11/11 · 누적 300s
[2026-09-29T13:24:09Z]: [done] 완료 11 · 실패 0 · 일부 적합 실패 0 · 선택 설정 없는 n3 조각 0 · 300s
[2026-09-29T13:24:10Z]: [2026-09-29T13:24:10Z] [stage] precheck_cpu 끝: 종료 코드 0 · 302 s · 경과 43 min
[2026-09-29T13:24:10Z]: [2026-09-29T13:24:10Z] [stage] precheck_gpu 시작(제한 1500 s): env LG_RESCALE=1 python3 -u scripts/3_deep_learning/h42_label_grid_ext.py --part gpu --precheck --gpus 0 --procs-per-gpu 3 --threads 1 --learners mlp,cfm,ddpm,tabm,nflow,ftt --no-summarize
[2026-09-29T13:24:11Z]: [data] 부분 gpu · 축 ['r0', 'nn'] · 작업 단위 8(건너뜀 0) · 축별 {'r0': 5, 'nn': 3}
[2026-09-29T13:24:11Z]: [plan] 실행 8 · 선택 작업 0 · 재개로 건너뜀 0 · 프로세스 3 · 스레드 1 · 장치 GPU 0 · epochs 100 · RealMLP epochs 256
[2026-09-29T13:24:20Z]:   [r0|Canada|x|s1|tabm] 적합 2 · 행 9 · A 355 · 채점 393/20블록 · 원천 16697 · 6.0s · 장치 '0' · 상태 ok(실패 0) · 완료 1/8 · 누적 9s
[2026-09-29T13:24:22Z]:   [r0|Canada|x|s1|cfm] 적합 2 · 행 9 · A 355 · 채점 393/20블록 · 원천 16697 · 7.6s · 장치 '0' · 상태 ok(실패 0) · 완료 2/8 · 누적 11s
[2026-09-29T13:24:24Z]:   [r0|Canada|x|s1|ddpm] 적합 2 · 행 9 · A 355 · 채점 393/20블록 · 원천 16697 · 9.9s · 장치 '0' · 상태 ok(실패 0) · 완료 3/8 · 누적 13s
[2026-09-29T13:24:26Z]:   [nn|Canada|x|s1|mlp] 적합 5 · 행 13 · A 355 · 채점 393/20블록 · 원천 16697 · 5.7s · 장치 '0' · 상태 ok(실패 0) · 완료 4/8 · 누적 15s
[2026-09-29T13:24:32Z]:   [nn|Canada|x|s1|tabm] 적합 5 · 행 13 · A 355 · 채점 393/20블록 · 원천 16697 · 10.4s · 장치 '0' · 상태 ok(실패 0) · 완료 5/8 · 누적 21s
[2026-09-29T13:26:08Z]:   [r0|Canada|x|s1|nflow] 적합 2 · 행 9 · A 355 · 채점 393/20블록 · 원천 16697 · 103.8s · 장치 '0' · 상태 ok(실패 0) · 완료 6/8 · 누적 117s
[2026-09-29T13:28:07Z]:   [r0|Canada|x|s1|ftt] 적합 2 · 행 9 · A 355 · 채점 393/20블록 · 원천 16697 · 220.9s · 장치 '0' · 상태 ok(실패 0) · 완료 7/8 · 누적 236s
[2026-09-29T13:30:19Z]:   [nn|Canada|x|s1|ftt] 적합 5 · 행 13 · A 355 · 채점 393/20블록 · 원천 16697 · 346.8s · 장치 '0' · 상태 ok(실패 0) · 완료 8/8 · 누적 368s
[2026-09-29T13:30:20Z]: [done] 완료 8 · 실패 0 · 일부 적합 실패 0 · 선택 설정 없는 n3 조각 0 · 369s
[2026-09-29T13:30:20Z]: [2026-09-29T13:30:20Z] [stage] precheck_gpu 끝: 종료 코드 0 · 370 s · 경과 49 min
[2026-09-29T13:30:20Z]: [2026-09-29T13:30:20Z] [stage] precheck_realmlp 시작(제한 900 s): env LG_RESCALE=1 python3 -u scripts/3_deep_learning/h42_label_grid_ext.py --part gpu --precheck --axes r0 --gpus 0 --procs-per-gpu 1 --threads 4 --learners realmlp --no-summarize
[2026-09-29T13:30:22Z]: [data] 부분 gpu · 축 ['r0'] · 작업 단위 1(건너뜀 0) · 축별 {'r0': 1}
[2026-09-29T13:30:22Z]: [plan] 실행 1 · 선택 작업 0 · 재개로 건너뜀 0 · 프로세스 1 · 스레드 4 · 장치 GPU 0 · epochs 100 · RealMLP epochs 256
[2026-09-29T13:30:28Z]: GPU available: True (cuda), used: True
[2026-09-29T13:30:28Z]: TPU available: False, using: 0 TPU cores
[2026-09-29T13:30:28Z]: 💡 Tip: For seamless cloud logging and experiment tracking, try installing [litlogger](https://pypi.org/project/litlogger/) to enable LitLogger, which logs metrics and artifacts automatically to the Lightning Experiments platform.
[2026-09-29T13:30:28Z]: LOCAL_RANK: 0 - CUDA_VISIBLE_DEVICES: [0]
[2026-09-29T13:31:52Z]: `Trainer.fit` stopped: `max_epochs=256` reached.
[2026-09-29T13:31:52Z]: GPU available: True (cuda), used: True
[2026-09-29T13:31:52Z]: TPU available: False, using: 0 TPU cores
[2026-09-29T13:31:52Z]: 💡 Tip: For seamless cloud logging and experiment tracking, try installing [litlogger](https://pypi.org/project/litlogger/) to enable LitLogger, which logs metrics and artifacts automatically to the Lightning Experiments platform.
[2026-09-29T13:31:52Z]: LOCAL_RANK: 0 - CUDA_VISIBLE_DEVICES: [0]
[2026-09-29T13:31:52Z]: GPU available: True (cuda), used: True
[2026-09-29T13:31:52Z]: TPU available: False, using: 0 TPU cores
[2026-09-29T13:31:52Z]: 💡 Tip: For seamless cloud logging and experiment tracking, try installing [litlogger](https://pypi.org/project/litlogger/) to enable LitLogger, which logs metrics and artifacts automatically to the Lightning Experiments platform.
[2026-09-29T13:31:52Z]: LOCAL_RANK: 0 - CUDA_VISIBLE_DEVICES: [0]
[2026-09-29T13:33:16Z]: `Trainer.fit` stopped: `max_epochs=256` reached.
[2026-09-29T13:33:17Z]: GPU available: True (cuda), used: True
[2026-09-29T13:33:17Z]: TPU available: False, using: 0 TPU cores
[2026-09-29T13:33:17Z]: 💡 Tip: For seamless cloud logging and experiment tracking, try installing [litlogger](https://pypi.org/project/litlogger/) to enable LitLogger, which logs metrics and artifacts automatically to the Lightning Experiments platform.
[2026-09-29T13:33:17Z]: LOCAL_RANK: 0 - CUDA_VISIBLE_DEVICES: [0]
[2026-09-29T13:33:17Z]:   [r0|Canada|x|s1|realmlp] 적합 2 · 행 9 · A 355 · 채점 393/20블록 · 원천 16697 · 172.0s · 장치 '0' · 상태 ok(실패 0) · 완료 1/1 · 누적 175s
[2026-09-29T13:33:17Z]: [done] 완료 1 · 실패 0 · 일부 적합 실패 0 · 선택 설정 없는 n3 조각 0 · 176s
[2026-09-29T13:33:18Z]: [2026-09-29T13:33:18Z] [stage] precheck_realmlp 끝: 종료 코드 0 · 178 s · 경과 52 min
[2026-09-29T13:33:18Z]: [2026-09-29T13:33:18Z] [stage] precheck_sum 시작(제한 600 s): env LG_RESCALE=1 python3 -u scripts/3_deep_learning/h42_label_grid_ext.py --precheck --summarize-only --workers 2 --threads 2 --gate-tag lg_precheck
[2026-09-29T13:33:24Z]: Traceback (most recent call last):
[2026-09-29T13:33:24Z]:   File "/enc/ukrprod_nxvpT/work/scripts/3_deep_learning/h42_label_grid_ext.py", line 4176, in <module>
[2026-09-29T13:33:24Z]:     res = main()
[2026-09-29T13:33:24Z]:           ^^^^^^
[2026-09-29T13:33:24Z]:   File "/enc/ukrprod_nxvpT/work/scripts/3_deep_learning/h42_label_grid_ext.py", line 3998, in main
[2026-09-29T13:33:24Z]:     out = summarize(a, 0.0, [])
[2026-09-29T13:33:24Z]:           ^^^^^^^^^^^^^^^^^^^^^
[2026-09-29T13:33:24Z]:   File "/enc/ukrprod_nxvpT/work/scripts/3_deep_learning/h42_label_grid_ext.py", line 3787, in summarize
[2026-09-29T13:33:24Z]:     n4["region"] = pd.concat([v for v in (region_inference_main(tms, a), n4["region"]) if len(v)], ignore_index=True) \
[2026-09-29T13:33:24Z]:                    ^^^^^^^^^^^^^^^^^^^^^^^^^^^^^^^^^^^^^^^^^^^^^^^^^^^^^^^^^^^^^^^^^^^^^^^^^^^^^^^^^^^^^^^^^^^^^^^^^^
[2026-09-29T13:33:24Z]:   File "/enc/ukrprod_nxvpT/work/.pydeps/pandas/core/reshape/concat.py", line 382, in concat
[2026-09-29T13:33:24Z]:     op = _Concatenator(
[2026-09-29T13:33:24Z]:          ^^^^^^^^^^^^^^
[2026-09-29T13:33:24Z]:   File "/enc/ukrprod_nxvpT/work/.pydeps/pandas/core/reshape/concat.py", line 445, in __init__
[2026-09-29T13:33:24Z]:     objs, keys = self._clean_keys_and_objs(objs, keys)
[2026-09-29T13:33:24Z]:                  ^^^^^^^^^^^^^^^^^^^^^^^^^^^^^^^^^^^^^
[2026-09-29T13:33:24Z]:   File "/enc/ukrprod_nxvpT/work/.pydeps/pandas/core/reshape/concat.py", line 507, in _clean_keys_and_objs
[2026-09-29T13:33:24Z]:     raise ValueError("No objects to concatenate")
[2026-09-29T13:33:24Z]: ValueError: No objects to concatenate
[2026-09-29T13:33:24Z]: [2026-09-29T13:33:24Z] [stage] precheck_sum 끝: 종료 코드 1 · 6 s · 경과 52 min
[2026-09-29T13:33:24Z]: [2026-09-29T13:33:24Z] [stage] gate_precheck 시작(제한 180 s): env OMP_NUM_THREADS=1 python3 -u scripts/rescale/lgx_gate_check.py --precheck --gate-tag lg_precheck --out-csv lgx_precheck_gate_check.csv
[2026-09-29T13:33:25Z]: [gate] 확장 기준 축 조각 1개(tag lgxb_precheck) · 기준 tag lg_precheck · 기준 조각이 있는 단위 1개 · 허용 차 물리식 1e-09 cm, CatBoost 0.02 cm
[2026-09-29T13:33:25Z]: target mode  split status  n_keys  n_keys_phys  n_keys_ml  max_diff_phys  max_diff_ml  blocks_equal code_sha_h40_ref code_sha_h40_now                                         worst_key
[2026-09-29T13:33:25Z]: Canada    x      1     ok      27            5         22            0.0          0.0          True     ffd0b3a76d36     ffd0b3a76d36 ["R2", "catboost_lo", "1", "cell", 40, 0, 0, 1.0]
[2026-09-29T13:33:25Z]: [gate] 통과 1/1 단위 · 물리식 최대 차 0 cm · CatBoost 최대 차 0 cm
[2026-09-29T13:33:26Z]: [2026-09-29T13:33:26Z] [stage] gate_precheck 끝: 종료 코드 0 · 2 s · 경과 52 min
[2026-09-29T13:33:26Z]: [2026-09-29T13:33:26Z] [stage] timing_final 시작(제한 300 s): python3 -u scripts/rescale/lgx_timing_table.py --lgx-dir data/processed/lgx --lg-dir data/processed/lg --out-dir . --prefix lgx_smoke
[2026-09-29T13:33:26Z]: [timing] LG 사전 점검의 gpu 조각 7개를 분할 4·5 축(g45)의 실측으로 읽었다
[2026-09-29T13:33:26Z]: [timing] 조각 134 · 행 279 → lgx_smoke_timing_by_learner.csv
[2026-09-29T13:33:26Z]: harness            tag part    axis        learner  n_fit     sec  sec_full_epochs    est_s  epochs_run  sec_per_fit  calib
[2026-09-29T13:33:26Z]:     h41      lgv_smoke  cpu     V-B       catboost     10   14.96           14.960    34.64         NaN        1.496  0.432
[2026-09-29T13:33:26Z]:     h41      lgv_smoke  cpu     V-B    catboost_lo     25    6.73            6.730     6.70         NaN        0.269  1.004
[2026-09-29T13:33:26Z]:     h41      lgv_smoke  cpu     V-B             rf     10   37.89           37.890    50.22         NaN        3.789  0.754
[2026-09-29T13:33:26Z]:     h41      lgv_smoke  cpu  V-C100       catboost      6    9.40            9.400    22.68         NaN        1.567  0.414
[2026-09-29T13:33:26Z]:     h41      lgv_smoke  cpu  V-C100    catboost_lo     15    4.26            4.260     4.35         NaN        0.284  0.979
[2026-09-29T13:33:26Z]:     h41      lgv_smoke  cpu  V-C100             rf      6   24.53           24.530    33.54         NaN        4.088  0.731
[2026-09-29T13:33:26Z]:     h41      lgv_smoke  cpu     V-G       catboost     14   20.90           20.900    50.28         NaN        1.493  0.416
[2026-09-29T13:33:26Z]:     h41      lgv_smoke  cpu     V-G    catboost_lo     35    9.48            9.480     9.55         NaN        0.271  0.993
[2026-09-29T13:33:26Z]:     h41      lgv_smoke  cpu     V-G             rf     14   57.45           57.450    74.36         NaN        4.104  0.773
[2026-09-29T13:33:26Z]:     h41      lgv_smoke  cpu     V-R       catboost     10   15.33           15.330    34.70         NaN        1.533  0.442
[2026-09-29T13:33:26Z]:     h41      lgv_smoke  cpu     V-R    catboost_lo     25    6.82            6.820     6.75         NaN        0.273  1.010
[2026-09-29T13:33:26Z]:     h41      lgv_smoke  cpu     V-R             rf     10   40.10           40.100    50.20         NaN        4.010  0.799
[2026-09-29T13:33:26Z]:     h41      lgv_smoke  cpu W1-Lena       catboost     10    6.14            6.140     8.52         NaN        0.614  0.721
[2026-09-29T13:33:26Z]:     h41      lgv_smoke  cpu W1-Lena    catboost_lo     20    1.96            1.960     1.88         NaN        0.098  1.043
[2026-09-29T13:33:26Z]:     h41      lgv_smoke  cpu W1-Lena             rf     10   10.17           10.170     8.72         NaN        1.017  1.166
[2026-09-29T13:33:26Z]:     h41      lgv_smoke  cpu W2-Lena       catboost     10   16.13           16.130    40.28         NaN        1.613  0.400
[2026-09-29T13:33:26Z]:     h41      lgv_smoke  cpu W2-Lena    catboost_lo     50   14.47           14.470    14.96         NaN        0.289  0.967
[2026-09-29T13:33:26Z]:     h41      lgv_smoke  cpu W2-Lena             rf     10   46.19           46.190    60.56         NaN        4.619  0.763
[2026-09-29T13:33:26Z]:     h42    lg_precheck  gpu     g45            cfm      6   67.52           67.520    43.42       100.0       11.253  1.555
[2026-09-29T13:33:26Z]:     h42    lg_precheck  gpu     g45           ddpm      6   77.17           77.170    54.28       100.0       12.862  1.422
[2026-09-29T13:33:26Z]:     h42    lg_precheck  gpu     g45            ftt      6 1333.29         1333.290   405.30       100.0      222.215  3.290
[2026-09-29T13:33:26Z]:     h42    lg_precheck  gpu     g45            mlp     16   29.08           29.080    47.05       100.0        1.818  0.618
[2026-09-29T13:33:26Z]:     h42    lg_precheck  gpu     g45          nflow      6  256.28          256.280   311.20       100.0       42.713  0.824
[2026-09-29T13:33:26Z]:     h42    lg_precheck  gpu     g45           tabm      6   26.62           26.620    94.08       100.0        4.437  0.283
[2026-09-29T13:33:26Z]:     h42  lgrm_precheck  gpu     g45        realmlp      6   76.48         2447.360  5844.18         8.0       12.747  0.419
[2026-09-29T13:33:26Z]:     h42  lgx1_precheck  cpu      x1    catboost_lo     18    5.23            5.230     5.40         NaN        0.291  0.969
[2026-09-29T13:33:26Z]:     h42     lgx1_smoke  cpu      x1    catboost_lo    104   29.66           29.660    31.50         NaN        0.285  0.942
[2026-09-29T13:33:26Z]:     h42  lgx2_precheck  cpu      x2    catboost_lo     27   38.89           38.890    30.08         NaN        1.440  1.293
[2026-09-29T13:33:26Z]:     h42     lgx2_smoke  cpu      x2    catboost_lo    116  158.39          158.390   125.60         NaN        1.365  1.261
[2026-09-29T13:33:26Z]:     h42  lgx5_precheck  cpu      x5    catboost_lo     23    6.69            6.690     6.68         NaN        0.291  1.001
[2026-09-29T13:33:26Z]:     h42     lgx5_smoke  cpu      x5    catboost_lo    132   37.77           37.770    39.39         NaN        0.286  0.959
[2026-09-29T13:33:26Z]:     h42  lgx9_precheck  cpu      x9    catboost_lo     22    6.24            6.240     6.60         NaN        0.284  0.945
[2026-09-29T13:33:26Z]:     h42     lgx9_smoke  cpu      x9    catboost_lo    139   39.67           39.670    42.15         NaN        0.285  0.941
[2026-09-29T13:33:26Z]:     h42 lgx9f_precheck  cpu     x9f    catboost_lo     10    2.34            2.340     2.27         NaN        0.234  1.031
[2026-09-29T13:33:26Z]:     h42    lgx9f_smoke  cpu     x9f    catboost_lo     60   14.17           14.170    13.89         NaN        0.236  1.020
[2026-09-29T13:33:26Z]:     h42  lgxb_precheck  cpu    base    catboost_lo      9    7.26            7.260     6.56         NaN        0.807  1.107
[2026-09-29T13:33:26Z]:     h42     lgxb_smoke  cpu    base    catboost_lo     52   41.13           41.130    37.15         NaN        0.791  1.107
[2026-09-29T13:33:26Z]:     h42     lgxg_smoke  gpu     g45            cfm     33    9.37          312.333   242.51         3.0        0.284  1.288
[2026-09-29T13:33:26Z]:     h42     lgxg_smoke  gpu     g45           ddpm     33   22.89          763.000   303.15         3.0        0.694  2.517
[2026-09-29T13:33:26Z]:     h42     lgxg_smoke  gpu     g45            ftt     33  264.70         8823.333  2263.42         3.0        8.021  3.898
[2026-09-29T13:33:26Z]:     h42     lgxg_smoke  gpu     g45            mlp    113   11.50          338.067   303.55         3.0        0.102  1.114
[2026-09-29T13:33:26Z]:     h42     lgxg_smoke  gpu     g45          nflow     33   28.56          952.000  1737.97         3.0        0.865  0.548
[2026-09-29T13:33:26Z]:     h42     lgxg_smoke  gpu     g45        realmlp     33  205.24        17513.813 32637.52         3.0        6.219  0.537
[2026-09-29T13:33:26Z]:     h42     lgxg_smoke  gpu     g45           tabm     33   10.04          334.667   525.43         3.0        0.304  0.637
[2026-09-29T13:33:26Z]:     h42 lgxn3_precheck  cpu      n3       catboost      7   19.31           19.310    29.55         NaN        2.759  0.653
[2026-09-29T13:33:26Z]:     h42 lgxn3_precheck  cpu      n3 catboost_tuned      5    4.68            4.680    11.00         NaN        0.936  0.425
[2026-09-29T13:33:26Z]:     h42 lgxn3_precheck  cpu      n3             rf      5   23.06           23.060    20.03         NaN        4.612  1.151
[2026-09-29T13:33:26Z]:     h42    lgxn3_smoke  cpu      n3       catboost     41  111.65          111.650   169.68         NaN        2.723  0.658
[2026-09-29T13:33:26Z]:     h42    lgxn3_smoke  cpu      n3 catboost_tuned     30   31.75           31.750    66.77         NaN        1.058  0.476
[2026-09-29T13:33:26Z]:     h42    lgxn3_smoke  cpu      n3             rf     30  142.65          142.650   122.29         NaN        4.755  1.166
[2026-09-29T13:33:26Z]:     h42 lgxn4_precheck  cpu      n4    catboost_lo      5    1.48            1.480     1.50         NaN        0.296  0.987
[2026-09-29T13:33:26Z]:     h42    lgxn4_smoke  cpu      n4    catboost_lo     30    8.63            8.630     9.09         NaN        0.288  0.949
[2026-09-29T13:33:26Z]:     h42 lgxnn_precheck  gpu      nn            ftt      5  346.77          346.770    78.04       100.0       69.354  4.443
[2026-09-29T13:33:26Z]:     h42 lgxnn_precheck  gpu      nn            mlp      5    5.58            5.580     6.97       100.0        1.116  0.801
[2026-09-29T13:33:26Z]:     h42 lgxnn_precheck  gpu      nn           tabm      5   10.23           10.230    18.11       100.0        2.046  0.565
[2026-09-29T13:33:26Z]:     h42    lgxnn_smoke  gpu      nn            ftt     30   56.80         1893.333   476.54         3.0        1.893  3.973
[2026-09-29T13:33:26Z]:     h42    lgxnn_smoke  gpu      nn            mlp     30    1.71           57.000    42.56         3.0        0.057  1.339
[2026-09-29T13:33:26Z]:     h42    lgxnn_smoke  gpu      nn           tabm     30    2.29           76.333   110.63         3.0        0.076  0.690
[2026-09-29T13:33:26Z]:     h42  lgxp_precheck  cpu    prox    catboost_lo     82   23.52           23.520    24.96         NaN        0.287  0.942
[2026-09-29T13:33:26Z]:     h42     lgxp_smoke  cpu    prox    catboost_lo    256   73.53           73.530    78.16         NaN        0.287  0.941
[2026-09-29T13:33:26Z]:     h42 lgxr0_precheck  cpu   ridge          ridge     14    0.51            0.510     1.70         NaN        0.036  0.300
[2026-09-29T13:33:26Z]:     h42 lgxr0_precheck  gpu      r0            cfm      2    6.44            6.440     3.34       100.0        3.220  1.928
[2026-09-29T13:33:26Z]:     h42 lgxr0_precheck  gpu      r0           ddpm      2    8.77            8.770     4.18       100.0        4.385  2.098
[2026-09-29T13:33:26Z]:     h42 lgxr0_precheck  gpu      r0            ftt      2  220.91          220.910    31.21       100.0      110.455  7.078
[2026-09-29T13:33:26Z]:     h42 lgxr0_precheck  gpu      r0          nflow      2  103.70          103.700    23.96       100.0       51.850  4.328
[2026-09-29T13:33:26Z]:     h42 lgxr0_precheck  gpu      r0        realmlp      2  170.91          170.910   449.97       256.0       85.455  0.380
[2026-09-29T13:33:26Z]:     h42 lgxr0_precheck  gpu      r0           tabm      2    4.91            4.910     7.24       100.0        2.455  0.678
[2026-09-29T13:33:26Z]:     h42    lgxr0_smoke  cpu   ridge          ridge     82    3.09            3.090     9.74         NaN        0.038  0.317
[2026-09-29T13:33:26Z]:     h42    lgxr0_smoke  gpu      r0            cfm     11    1.76           58.667    18.71         3.0        0.160  3.136
[2026-09-29T13:33:26Z]:     h42    lgxr0_smoke  gpu      r0           ddpm     11    5.91          197.000    23.40         3.0        0.537  8.419
[2026-09-29T13:33:26Z]:     h42    lgxr0_smoke  gpu      r0            ftt     11   20.19          673.000   174.70         3.0        1.835  3.852
[2026-09-29T13:33:26Z]:     h42    lgxr0_smoke  gpu      r0          nflow     11    7.16          238.667   134.14         3.0        0.651  1.779
[2026-09-29T13:33:26Z]:     h42    lgxr0_smoke  gpu      r0        realmlp     11   19.41         1656.320  2519.07         3.0        1.765  0.658
[2026-09-29T13:33:26Z]:     h42    lgxr0_smoke  gpu      r0           tabm     11    6.29          209.667    40.56         3.0        0.572  5.169
[2026-09-29T13:33:26Z]: [timing] 본 실행 환산 → lgx_smoke_full_projection.csv (누적 시간 h, 워커 수로 나눈 벽시계 h)
[2026-09-29T13:33:26Z]: harness part      axis        learner  n_fit_full  est_h_full  proj_h_full  calib_mean  n_fit_measured         source  workers  proj_wall_h
[2026-09-29T13:33:26Z]:     h42  cpu      base    catboost_lo       28156       4.206        4.624       1.099               9 축·학습기·방법/사전 점검       14        0.330
[2026-09-29T13:33:26Z]:     h42  cpu        n3       catboost        2770       2.333        1.533       0.657               7 축·학습기·방법/사전 점검       14        0.110
[2026-09-29T13:33:26Z]:     h42  cpu        n3 catboost_tuned        2050       0.946        0.417       0.440               5 축·학습기·방법/사전 점검       14        0.030
[2026-09-29T13:33:26Z]:     h42  cpu        n3             rf        2050       1.540        1.774       1.152               5 축·학습기·방법/사전 점검       14        0.127
[2026-09-29T13:33:26Z]:     h42  cpu        n4    catboost_lo       19880       1.508        1.479       0.981               5 축·학습기·방법/사전 점검       14        0.106
[2026-09-29T13:33:26Z]:     h42  cpu      prox    catboost_lo       45736       3.098        2.919       0.942              82 축·학습기·방법/사전 점검       14        0.209
[2026-09-29T13:33:26Z]:     h42  cpu     ridge          ridge        5540       0.120        0.035       0.294              14 축·학습기·방법/사전 점검       14        0.003
[2026-09-29T13:33:26Z]:     h42  cpu        x1    catboost_lo       56312       3.688        3.571       0.968              18 축·학습기·방법/사전 점검       14        0.255
[2026-09-29T13:33:26Z]:     h42  cpu        x2    catboost_lo       51608      11.888       15.229       1.281              27 축·학습기·방법/사전 점검       14        1.088
[2026-09-29T13:33:26Z]:     h42  cpu        x5    catboost_lo       18619       1.226        1.227       1.001              23 축·학습기·방법/사전 점검       14        0.088
[2026-09-29T13:33:26Z]:     h42  cpu        x9    catboost_lo       65058       4.332        4.067       0.939              22 축·학습기·방법/사전 점검       14        0.290
[2026-09-29T13:33:26Z]:     h42  cpu       x9f    catboost_lo       20466       1.078        1.110       1.030              10 축·학습기·방법/사전 점검       14        0.079
[2026-09-29T13:33:26Z]:     h42  gpu       g45            cfm         876       1.154        1.796       1.556               6 축·학습기·방법/사전 점검       12        0.150
[2026-09-29T13:33:26Z]:     h42  gpu       g45           ddpm         876       1.443        2.054       1.424               6 축·학습기·방법/사전 점검       12        0.171
[2026-09-29T13:33:26Z]:     h42  gpu       g45            ftt         876      10.769       35.442       3.291               6 축·학습기·방법/사전 점검       12        2.954
[2026-09-29T13:33:26Z]:     h42  gpu       g45            mlp        3356       1.897        1.450       0.764              44 축·학습기·방법/사전 점검       12        0.121
[2026-09-29T13:33:26Z]:     h42  gpu       g45          nflow         876       8.269        6.849       0.828               6 축·학습기·방법/사전 점검       12        0.571
[2026-09-29T13:33:26Z]:     h42  gpu       g45        realmlp         876     155.289       65.066       0.419               6 축·학습기·방법/사전 점검       12        5.422
[2026-09-29T13:33:26Z]:     h42  gpu       g45           tabm         876       2.499        0.709       0.284               6 축·학습기·방법/사전 점검       12        0.059
[2026-09-29T13:33:26Z]:     h42  gpu        nn            ftt        2050       5.995       25.999       4.337               5 축·학습기·방법/사전 점검       12        2.167
[2026-09-29T13:33:26Z]:     h42  gpu        nn            mlp        2050       0.536        0.416       0.776               5 축·학습기·방법/사전 점검       12        0.035
[2026-09-29T13:33:26Z]:     h42  gpu        nn           tabm        2050       1.392        0.790       0.568               5 축·학습기·방법/사전 점검       12        0.066
[2026-09-29T13:33:26Z]:     h42  gpu        r0            cfm         720       0.227        0.438       1.928               2 축·학습기·방법/사전 점검       12        0.036
[2026-09-29T13:33:26Z]:     h42  gpu        r0           ddpm         720       0.283        0.594       2.098               2 축·학습기·방법/사전 점검       12        0.049
[2026-09-29T13:33:26Z]:     h42  gpu        r0            ftt         720       2.114       14.963       7.078               2 축·학습기·방법/사전 점검       12        1.247
[2026-09-29T13:33:26Z]:     h42  gpu        r0          nflow         720       1.623        7.024       4.328               2 축·학습기·방법/사전 점검       12        0.585
[2026-09-29T13:33:26Z]:     h42  gpu        r0        realmlp         720      30.486       11.579       0.380               2 축·학습기·방법/사전 점검       12        0.965
[2026-09-29T13:33:26Z]:     h42  gpu        r0           tabm         720       0.491        0.333       0.678               2 축·학습기·방법/사전 점검       12        0.028
[2026-09-29T13:33:26Z]:     h41  cpu       V-G           (전체)         126       0.075        0.049       0.655              63      같은 단의 스모크        2        0.024
[2026-09-29T13:33:26Z]:     h41  cpu       V-R           (전체)         270       0.153        0.104       0.679              45      같은 단의 스모크        2        0.052
[2026-09-29T13:33:26Z]:     h41  cpu W2-Alaska           (전체)         600       0.278        0.186       0.669               0         전체 스모크        2        0.093
[2026-09-29T13:33:26Z]:     h41  cpu W2-Canada           (전체)         600       0.321        0.215       0.669               0         전체 스모크        2        0.107
[2026-09-29T13:33:26Z]:     h41  cpu   W2-Lena           (전체)         600       0.314        0.208       0.663              70      같은 단의 스모크        2        0.104
[2026-09-29T13:33:26Z]:     h41  cpu       V-B           (전체)         270       0.153        0.099       0.651              45      같은 단의 스모크        2        0.050
[2026-09-29T13:33:26Z]:     h41  cpu    V-C100           (전체)         450       0.293        0.185       0.631              27      같은 단의 스모크        2        0.092
[2026-09-29T13:33:26Z]:     h41  cpu    V-C500           (전체)         450       0.265        0.177       0.669               0         전체 스모크        2        0.089
[2026-09-29T13:33:26Z]:     h41  cpu      V-C0           (전체)         450       0.300        0.200       0.669               0         전체 스모크        2        0.100
[2026-09-29T13:33:26Z]:     h41  cpu       V-P           (전체)         270       0.153        0.102       0.669               0         전체 스모크        2        0.051
[2026-09-29T13:33:26Z]:     h41  cpu       V-S           (전체)         270       0.153        0.102       0.669               0         전체 스모크        2        0.051
[2026-09-29T13:33:26Z]:     h41  cpu W1-Alaska           (전체)         400       0.200        0.134       0.669               0         전체 스모크        2        0.067
[2026-09-29T13:33:26Z]:     h41  cpu W1-Canada           (전체)         400       0.016        0.011       0.669               0         전체 스모크        2        0.005
[2026-09-29T13:33:26Z]:     h41  cpu   W1-Lena           (전체)         400       0.053        0.051       0.956              40      같은 단의 스모크        2        0.025
[2026-09-29T13:33:26Z]: [timing] h42 cpu: 환산 누적 38.0 h · 벽시계 2.7 h(워커 14개) · 실측 없는 (축, 학습기) []
[2026-09-29T13:33:26Z]: [timing] h42 gpu: 환산 누적 175.5 h · 벽시계 14.6 h(워커 12개) · 실측 없는 (축, 학습기) []
[2026-09-29T13:33:26Z]: [timing] h41 cpu: 환산 누적 1.8 h · 벽시계 0.9 h(워커 2개) · 실측 없는 (축, 학습기) []
[2026-09-29T13:33:26Z]: [timing] h42 gpu: RealMLP 제외 98.9 GPU-h · RealMLP 76.6 GPU-h(환산이 없는 항목은 0 으로 더했다)
[2026-09-29T13:33:26Z]: [2026-09-29T13:33:26Z] [stage] timing_final 끝: 종료 코드 0 · 0 s · 경과 52 min
[2026-09-29T13:33:27Z]: [2026-09-29T13:33:27Z] [pack] results_lgx_smoke.tar.gz 4.3M · 파일 429개 · 조각 포함 1
[2026-09-29T13:33:27Z]: [2026-09-29T13:33:27Z] [smoke] 단계별 상태
[2026-09-29T13:33:27Z]:   stage,required,rc,sec,note
[2026-09-29T13:33:27Z]:   inputs,1,0,0,ok
[2026-09-29T13:33:27Z]:   deps,1,0,67,ok
[2026-09-29T13:33:27Z]:   deps_versions,0,0,0,사전 점검과 같은 판
[2026-09-29T13:33:27Z]:   smoke_cpu,1,0,1384,
[2026-09-29T13:33:27Z]:   smoke_h41,1,0,356,
[2026-09-29T13:33:27Z]:   smoke_gpu,1,0,1740,
[2026-09-29T13:33:27Z]:   smoke_sum_h42,1,0,24,
[2026-09-29T13:33:27Z]:   smoke_sum_h41,1,0,9,
[2026-09-29T13:33:27Z]:   gate_smoke,0,0,1,
[2026-09-29T13:33:27Z]:   timing,1,0,1,
[2026-09-29T13:33:27Z]:   pytest_h42,1,1,219,
[2026-09-29T13:33:27Z]:   pytest_h41,1,0,83,
[2026-09-29T13:33:27Z]:   count_cpu,0,0,72,
[2026-09-29T13:33:27Z]:   count_gpu,0,0,20,
[2026-09-29T13:33:27Z]:   count_h41,0,0,11,
[2026-09-29T13:33:27Z]:   precheck_cpu,0,0,302,
[2026-09-29T13:33:27Z]:   precheck_gpu,0,0,370,
[2026-09-29T13:33:27Z]:   precheck_realmlp,0,0,178,
[2026-09-29T13:33:27Z]:   precheck_sum,0,1,6,
[2026-09-29T13:33:27Z]:   gate_precheck,0,0,2,
[2026-09-29T13:33:27Z]:   timing_final,0,0,0,
[2026-09-29T13:33:27Z]: [2026-09-29T13:33:27Z] [smoke] 실패한 필수 단계: pytest_h42 
[2026-09-29T13:33:27Z]: Exited with code 1
[2026-09-29T13:33:27Z]: 
