[summarize] 실험 ['wf1', 'wf2', 'wf3', 'wf4'] · 조각 343 · runs 115,221 · curve 3,452 · tests 1,140 · 46s → /enc/ukrprod_xQyfeb/work/data/processed/wf/wf_*
exp test_id role   target                                                                                                                                                                                         verdict
wf1   WF1-a   서술   AL-1|r                                                                                                                              부분(분할 2/4): 기각: n ≥ 1,000 에서 R1·R2(교차검증 λ)가 최선 물리 보정식보다 우세인 n 이 없다
wf1   WF1-c   서술   AL-1|r                                                                                                         부분(분할 2/4): 부분 지지: 열세인 n 의 수가 D0 보다 적은 레시피 = R1, R2 [통계적으로 구별되나 크기는 0.5 cm 미만: R2 n=20]
wf1   WF1-a   서술   AL-2|r                                                                                                                                       지지: 최선 물리 보정식보다 우세인 n 이 있다(R1 n=1000, R2 n=1000, R1 n=전량)
wf1   WF1-c   서술   AL-2|r                                                                                                                                                             지지: R1·R2·D1 모두 열세인 n 의 수가 D0 보다 적다
wf1   WF1-a   서술   AL-6|r                                                                                                                                    판정 불가(대비 0/4; 없는 대비: R1 n=1000, R2 n=1000, R1 n=전량, R2 n=전량)
wf1   WF1-c   서술   AL-6|r                                                                                                                                                          판정 불가(판정할 수 없는 대비가 있다: R1, R2, D1, D0)
wf1   WF1-a    주 Alaska|r                                                                                                                                          기각: n ≥ 1,000 에서 R1·R2(교차검증 λ)가 최선 물리 보정식보다 우세인 n 이 없다
wf1   WF1-b    주 Alaska|r                                                                                                                                                          기각: 우세인 n 이 없다(SAR 열의 추가 가치를 확인하지 못했다)
wf1   WF1-c    주 Alaska|r                                                                                                부분 지지: 열세인 n 의 수가 D0 보다 적은 레시피 = R2, D1 [통계적으로 구별되나 크기는 0.5 cm 미만: R1 n=20, R1 n=100, D1 n=2000]
wf1   WF1-a   서술 Canada|r                                                                                                                                          기각: n ≥ 1,000 에서 R1·R2(교차검증 λ)가 최선 물리 보정식보다 우세인 n 이 없다
wf1   WF1-c   서술 Canada|r                                                                                                                                                           기각: 열세인 n 의 수가 D0 보다 적은 물리 기반 레시피가 없다
wf1   WF1-a   서술   Lena|r                                                                                                                                          기각: n ≥ 1,000 에서 R1·R2(교차검증 λ)가 최선 물리 보정식보다 우세인 n 이 없다
wf1   WF1-c   서술   Lena|r                                                                                                                       기각: 열세인 n 의 수가 D0 보다 적은 물리 기반 레시피가 없다 [통계적으로 구별되나 크기는 0.5 cm 미만: R1 n=20]
wf2   WF2-a   서술   AL-1|r                                                        지지: S1 보다 우세인 (전략, n) = S3 n=50, S4 n=50, S4 n=100, S4 n=200. 세 n 모두 우세인 전략 = S4 [통계적으로 구별되나 크기는 0.5 cm 미만: S4 n=200, S6 n=50, S6 n=200]
wf2   WF2-a   서술   AL-2|r                                                                                                 지지: S1 보다 우세인 (전략, n) = S2 n=50, S2 n=100, S4 n=50, S7 n=50 [통계적으로 구별되나 크기는 0.5 cm 미만: S4 n=50]
wf2   WF2-a    주 Alaska|r                                                                                                                 지지: S1 보다 우세인 (전략, n) = S3 n=100 [통계적으로 구별되나 크기는 0.5 cm 미만: S3 n=100, S5 n=100]
wf2   WF2-a   서술 Canada|r 지지: S1 보다 우세인 (전략, n) = S2 n=50, S2 n=100, S2 n=200, S3 n=100, S4 n=50, S4 n=100, S4 n=200, S5 n=200, S6 n=100, S6 n=200, S7 n=100. 세 n 모두 우세인 전략 = S2, S4 [통계적으로 구별되나 크기는 0.5 cm 미만: S3 n=100]
wf2   WF2-a   서술   Lena|r                                                                                                              기각: n {50, 100, 200} 의 R1 에서 S1 보다 우세인 전략이 없다 [통계적으로 구별되나 크기는 0.5 cm 미만: S3 n=100]
wf2   WF2-b    주      NaN                                                                                                                  기각: S3 가 S1 보다 열세인 대상이 있다(Lena|r) [통계적으로 구별되나 크기는 0.5 cm 미만: Lena|r, Canada|r]
wf3   WF3-a    주      NaN                                                                                                                                                            기각: n ≥ 500 에서 Pc 가 P1 보다 우세인 대비가 없다
wf3   WF3-b   서술 Alaska|r                                                                                             서술(방향 중립): R1c 동등 13, 미결정 8, 열세 2, 우세 1; R1i 동등 24 [통계적으로 구별되나 크기는 0.5 cm 미만: R1c@c2 n=2000 λ 0.25]
wf3   WF3-b   서술   Lena|r                                                                                                                                                   서술(방향 중립): R1c 동등 2, 미결정 16; R1i 동등 15, 미결정 3
wf4   WF4-a    주      NaN                                                                                                                                                   부분(지역 2/4): 부분 지지: 비열등인 n = n=40, n=160, n=전량
wf4   WF4-b    주      NaN                                                                                                                                                               기각: W 의 우세 대상 수가 R1(0.25)보다 많지 않다
wf4   WF4-c    주      NaN                                                                                                                                                            지지: 양의 순위상관(ρ 0.38, CI [0.17, 0.55])
