[2026-09-29T13:53:55Z]: Launching [ -f lgx_payload.tar.gz ] && tar xzf lgx_payload.tar.gz; LGX_PARTS="cpu h41 gpu" LGX_LABEL=all LGX_GPU_LEARNERS=mlp,cfm,ddpm,tabm,nflow,ftt LGX_SUMMARIZE=1 LGX_BUDGET_MIN=795 LGX_SUM_RESERVE_MIN=60 bash scripts/rescale/run_lgx.sh, Working dir: /enc/ukrprod_Qjpbeb/work.  Process output follows:
[2026-09-29T13:53:55Z]: [payload] created_utc=2026-09-29T13:42:30Z
[2026-09-29T13:53:55Z]: [payload] git_commit=858c7dd
[2026-09-29T13:53:55Z]: [payload] git_uncommitted_paths=2
[2026-09-29T13:53:55Z]: [payload] h40_sha16_main_run=7098f59dabe2b73f
[2026-09-29T13:53:55Z]: [payload] reference_shards=19 (from results/rescale_lg_smoke)
[2026-09-29T13:53:55Z]: [payload] sha256 7098f59dabe2b73f scripts/3_deep_learning/h40_label_grid.py
[2026-09-29T13:53:55Z]: [payload] sha256 22e215e435e157be scripts/3_deep_learning/h42_label_grid_ext.py
[2026-09-29T13:53:55Z]: [payload] sha256 492373e4d37b5ea4 scripts/2_evaluation/h41_validation_ladder.py
[2026-09-29T13:53:55Z]: [payload] sha256 db746179789f21a7 src/polar/m1_core.py
[2026-09-29T13:53:55Z]: [payload] sha256 6f4ba47bf407cdfa src/polar/tab_models.py
[2026-09-29T13:53:55Z]: [payload] sha256 4b6b888275d5f47f src/polar/h4_common.py
[2026-09-29T13:53:55Z]: [payload] sha256 2a910d36299ee2fb src/polar/m1_stats.py
[2026-09-29T13:53:55Z]: [payload] sha256 b799bd4e6aeb69b5 src/polar/physics.py
[2026-09-29T13:53:55Z]: [payload] sha256 a49559e2dce61535 src/polar/fidelity.py
[2026-09-29T13:53:55Z]: [payload] sha256 45e8adc32cf2a949 src/polar/m1_ext.py
[2026-09-29T13:53:55Z]: [payload] sha256 e196cd053d4a1210 tests/test_h42_ext.py
[2026-09-29T13:53:55Z]: [payload] sha256 9d303efa41d11aab tests/test_h41_ladder.py
[2026-09-29T13:53:55Z]: [payload] sha256 af1c1f2bf081ac8d scripts/rescale/lg_common.sh
[2026-09-29T13:53:55Z]: [payload] sha256 df8ac154b578b8ff scripts/rescale/lgx_common.sh
[2026-09-29T13:53:55Z]: [payload] sha256 8e3fd1d027091f28 scripts/rescale/run_lgx.sh
[2026-09-29T13:53:55Z]: [payload] sha256 980e0f6317b999ea scripts/rescale/run_lgx_smoke.sh
[2026-09-29T13:53:55Z]: [payload] sha256 8023f6ccf25d40e4 scripts/rescale/lgx_timing_table.py
[2026-09-29T13:53:55Z]: [payload] sha256 d84217e5ab7d2586 scripts/rescale/lgx_gate_check.py
[2026-09-29T13:53:55Z]: [payload] sha256 71b5d3f6c297770d data/processed/fidelity_base_v3.csv
[2026-09-29T13:53:55Z]: [payload] sha256 711d0cd3ba0e2e41 data/processed/e5_soil_tdd_v3.csv
[2026-09-29T13:53:55Z]: [payload] sha256 87bd06f98bb1d141 data/processed/lg_subregion_map_v1.csv
[2026-09-29T13:53:55Z]: [payload] sha256 bfb4eab409938967 data/processed/lgx_label_flags_v1.csv
[2026-09-29T13:53:55Z]: [payload] sha256 e6ce00b2020565a8 data/processed/lgx_tdd_matched_v1.csv
[2026-09-29T13:53:55Z]: [payload] sha256 a417fa4e9799bea3 data/processed/lgx_cluster_map_v1.csv
[2026-09-29T13:53:55Z]: [2026-09-29T13:53:55Z] [env] 작업 디렉터리 /enc/ukrprod_Qjpbeb/work
[2026-09-29T13:53:55Z]: [2026-09-29T13:53:55Z] [env] 코어 수 64 (RESCALE_CORES_PER_SLOT = 64, OMP_NUM_THREADS = 없음) · 메모리 433 GB (여유 427 GB)
[2026-09-29T13:53:55Z]: [2026-09-29T13:53:55Z] [env] 디스크 2.8T 여유 / 2.8T
[2026-09-29T13:53:55Z]: [2026-09-29T13:53:55Z] [env] python /program/pytorch-2.4.1/venv/bin/python3 · pip /program/pytorch-2.4.1/venv/bin/pip
[2026-09-29T13:53:58Z]: [env] python 3.11.10 · Linux-4.18.0-553.153.1.el8_10.x86_64-x86_64-with-glibc2.28
[2026-09-29T13:53:58Z]: [env] 가상환경 True · prefix /program/pytorch-2.4.1/venv
[2026-09-29T13:53:58Z]: [env] numpy 2.1.1
[2026-09-29T13:53:58Z]: [env] pandas 없음
[2026-09-29T13:53:58Z]: [env] scipy 없음
[2026-09-29T13:53:58Z]: [env] scikit-learn 없음
[2026-09-29T13:53:58Z]: [env] catboost 없음
[2026-09-29T13:53:58Z]: [env] pytabkit 없음
[2026-09-29T13:53:58Z]: [env] pytest 없음
[2026-09-29T13:53:58Z]: [env] torch 2.4.1
[2026-09-29T13:53:58Z]: [env] CUDA_VISIBLE_DEVICES = None
[2026-09-29T13:54:23Z]: [env] torch 2.4.1+cu121 · CUDA 빌드 12.1 · CUDA 사용 가능 True · GPU 수 4
[2026-09-29T13:54:23Z]: [env] GPU 0: Tesla T4 · 15.6 GiB
[2026-09-29T13:54:23Z]: [env] GPU 1: Tesla T4 · 15.6 GiB
[2026-09-29T13:54:23Z]: [env] GPU 2: Tesla T4 · 15.6 GiB
[2026-09-29T13:54:23Z]: [env] GPU 3: Tesla T4 · 15.6 GiB
[2026-09-29T13:54:25Z]: [env] nvidia-smi: index, name, memory.total [MiB], memory.used [MiB], utilization.gpu [%]
[2026-09-29T13:54:25Z]: [env] nvidia-smi: 0, Tesla T4, 16384 MiB, 1 MiB, 0 %
[2026-09-29T13:54:25Z]: [env] nvidia-smi: 1, Tesla T4, 16384 MiB, 1 MiB, 0 %
[2026-09-29T13:54:25Z]: [env] nvidia-smi: 2, Tesla T4, 16384 MiB, 1 MiB, 0 %
[2026-09-29T13:54:25Z]: [env] nvidia-smi: 3, Tesla T4, 16384 MiB, 1 MiB, 0 %
[2026-09-29T13:54:25Z]: [2026-09-29T13:54:25Z] [deps] 고정 판 설치(--target /enc/ukrprod_Qjpbeb/work/.pydeps): catboost==1.2.10 scikit-learn==1.9.1 pandas==2.3.3 scipy==1.17.1 · numpy==2.4.6
[2026-09-29T13:55:04Z]: [2026-09-29T13:55:04Z] [deps] 필수 패키지가 모두 있다. 설치를 건너뛴다
[2026-09-29T13:55:07Z]: [deps] 확인: catboost 1.2.10 · scikit-learn 1.9.1 · pandas 2.3.3 · scipy 1.17.1 · numpy 2.4.6
[2026-09-29T13:55:07Z]: [deps] 판 대조: numpy 설치 2.4.6 · 고정 2.4.6 · 같다
[2026-09-29T13:55:08Z]: [deps] 판 대조: catboost 설치 1.2.10 · 고정 1.2.10 · 같다
[2026-09-29T13:55:08Z]: [deps] 판 대조: scikit-learn 설치 1.9.1 · 고정 1.9.1 · 같다
[2026-09-29T13:55:08Z]: [deps] 판 대조: pandas 설치 2.3.3 · 고정 2.3.3 · 같다
[2026-09-29T13:55:08Z]: [deps] 판 대조: scipy 설치 1.17.1 · 고정 1.17.1 · 같다
[2026-09-29T13:55:11Z]: [env] numpy 2.4.6
[2026-09-29T13:55:11Z]: [env] pandas 2.3.3
[2026-09-29T13:55:11Z]: [env] scipy 1.17.1
[2026-09-29T13:55:11Z]: [env] scikit-learn 1.9.1
[2026-09-29T13:55:11Z]: [env] catboost 1.2.10
[2026-09-29T13:55:11Z]: [env] pytabkit 없음
[2026-09-29T13:55:11Z]: [env] torch 2.4.1
[2026-09-29T13:55:11Z]: [env] torch 2.4.1+cu121 · CUDA 빌드 12.1 · CUDA 사용 가능 True · GPU 수 4
[2026-09-29T13:55:14Z]: [2026-09-29T13:55:14Z] [restore] 입력 묶음 없음. 처음부터 실행한다
[2026-09-29T13:55:14Z]: [2026-09-29T13:55:14Z] [lgx] 재현 점검의 기준: LG 사전 점검 조각(tag lg_precheck, 캐나다 x 분할 1). 본 실행 조각과의 대조는 통합 집계 작업에서 한다
[2026-09-29T13:55:14Z]: [2026-09-29T13:55:14Z] [lgx] 코어 64 · 부분 'cpu h41 gpu' · 묶음 results_lgx_all.tar.gz · h42 cpu 워커 12 × 스레드 4 · h41 워커 2 × 스레드 4 · GPU '0,1,2,3' × 프로세스 3 × 스레드 2 · 집계 프로세스 14
[2026-09-29T13:55:14Z]: [2026-09-29T13:55:14Z] [lgx] GPU 학습기 'mlp,cfm,ddpm,tabm,nflow,ftt' · cpu 축 '전부' · gpu 축 '전부' · 시간 한도 795 min(집계 예비 60 min) · 집계 1 · 조각 묶음 1
[2026-09-29T13:55:14Z]: [2026-09-29T13:55:14Z] [lgx] h42 gpu 부분 시작(pid 18701) → logs_lgx_all/lgx_gpu.log
[2026-09-29T13:55:14Z]: [2026-09-29T13:55:14Z] [lgx] h42 cpu 부분 시작(pid 18704) → logs_lgx_all/lgx_cpu.log
[2026-09-29T13:55:14Z]: [2026-09-29T13:55:14Z] [lgx] h41 시작(pid 18707) → logs_lgx_all/lgx_h41.log
[2026-09-29T14:00:14Z]: [2026-09-29T14:00:14Z] [progress] 경과 6 min · h42 cpu 조각 0개() 실패 0 · h41 조각 9개(완료 9/292) 실패 0 · h42 gpu 조각 60개(완료 60/572) 실패 0 · GPU 사용률 100/100/100/100 % · 부하 76.23 49.12 21.61 · 디스크 여유 2.8T
[2026-09-29T14:05:15Z]: [2026-09-29T14:05:15Z] [progress] 경과 11 min · h42 cpu 조각 2개(완료 2/3860) 실패 0 · h41 조각 16개(완료 16/292) 실패 0 · h42 gpu 조각 92개(완료 92/572) 실패 0 · GPU 사용률 80/100/100/100 % · 부하 74.64 64.64 35.92 · 디스크 여유 2.8T
[2026-09-29T14:10:21Z]: [2026-09-29T14:10:21Z] [progress] 경과 16 min · h42 cpu 조각 4개(완료 4/3860) 실패 0 · h41 조각 23개(완료 23/292) 실패 0 · h42 gpu 조각 131개(완료 131/572) 실패 0 · GPU 사용률 88/89/90/100 % · 부하 79.29 72.14 47.04 · 디스크 여유 2.8T
[2026-09-29T14:15:28Z]: [2026-09-29T14:15:28Z] [progress] 경과 21 min · h42 cpu 조각 11개(완료 11/3860) 실패 0 · h41 조각 29개(완료 29/292) 실패 0 · h42 gpu 조각 165개(완료 165/572) 실패 0 · GPU 사용률 100/100/77/97 % · 부하 81.89 78.59 56.98 · 디스크 여유 2.8T
[2026-09-29T14:15:33Z]:   [gate] 확장 기준 축 조각 12개(tag lgxb) · 기준 tag lg_precheck · 기준 조각이 있는 단위 1개 · 허용 차 물리식 1e-09 cm, CatBoost 0.02 cm
[2026-09-29T14:15:33Z]:   target mode  split status  n_keys  n_keys_phys  n_keys_ml  max_diff_phys  max_diff_ml blocks_equal code_sha_h40_ref code_sha_h40_now                                         worst_key
[2026-09-29T14:15:33Z]:   Canada    x      1     ok      27            5         22            0.0          0.0         True     ffd0b3a76d36     ffd0b3a76d36 ["R2", "catboost_lo", "1", "cell", 40, 0, 0, 1.0]
[2026-09-29T14:15:33Z]:   [gate] 통과 1/1 단위 · 물리식 최대 차 0 cm · CatBoost 최대 차 0 cm
[2026-09-29T14:20:33Z]: [2026-09-29T14:20:33Z] [progress] 경과 26 min · h42 cpu 조각 18개(완료 18/3860) 실패 0 · h41 조각 37개(완료 37/292) 실패 0 · h42 gpu 조각 175개(완료 175/572) 실패 0 · GPU 사용률 100/100/87/100 % · 부하 91.15 83.21 64.80 · 디스크 여유 2.8T
[2026-09-29T14:25:18Z]: [2026-09-29T14:25:18Z] [pack] results_lgx_all.tar.gz 19M · 파일 774개 · 조각 포함 1
[2026-09-29T14:25:39Z]: [2026-09-29T14:25:39Z] [progress] 경과 31 min · h42 cpu 조각 31개(완료 31/3860) 실패 0 · h41 조각 45개(완료 45/292) 실패 0 · h42 gpu 조각 185개(완료 185/572) 실패 0 · GPU 사용률 89/100/96/100 % · 부하 87.92 86.50 71.43 · 디스크 여유 2.8T
[2026-09-29T14:30:40Z]: [2026-09-29T14:30:40Z] [progress] 경과 36 min · h42 cpu 조각 36개(완료 36/3860) 실패 0 · h41 조각 52개(완료 52/292) 실패 0 · h42 gpu 조각 195개(완료 195/572) 실패 0 · GPU 사용률 100/97/100/100 % · 부하 80.23 84.17 74.82 · 디스크 여유 2.8T
[2026-09-29T14:35:41Z]: [2026-09-29T14:35:41Z] [progress] 경과 41 min · h42 cpu 조각 40개(완료 40/3860) 실패 0 · h41 조각 57개(완료 57/292) 실패 0 · h42 gpu 조각 205개(완료 205/572) 실패 0 · GPU 사용률 86/71/100/100 % · 부하 79.19 82.80 76.96 · 디스크 여유 2.8T
[2026-09-29T14:40:42Z]: [2026-09-29T14:40:42Z] [progress] 경과 46 min · h42 cpu 조각 40개(완료 40/3860) 실패 0 · h41 조각 62개(완료 62/292) 실패 0 · h42 gpu 조각 214개(완료 214/572) 실패 0 · GPU 사용률 99/100/100/92 % · 부하 77.03 79.70 77.28 · 디스크 여유 2.8T
[2026-09-29T14:45:43Z]: [2026-09-29T14:45:43Z] [progress] 경과 51 min · h42 cpu 조각 43개(완료 43/3860) 실패 0 · h41 조각 68개(완료 68/292) 실패 0 · h42 gpu 조각 225개(완료 225/572) 실패 0 · GPU 사용률 92/94/100/100 % · 부하 77.26 79.26 77.80 · 디스크 여유 2.8T
[2026-09-29T14:50:44Z]: [2026-09-29T14:50:44Z] [progress] 경과 56 min · h42 cpu 조각 45개(완료 45/3860) 실패 0 · h41 조각 73개(완료 73/292) 실패 0 · h42 gpu 조각 227개(완료 227/572) 실패 0 · GPU 사용률 54/76/100/100 % · 부하 80.39 80.70 78.79 · 디스크 여유 2.8T
[2026-09-29T14:55:31Z]: [2026-09-29T14:55:31Z] [pack] results_lgx_all.tar.gz 25M · 파일 1064개 · 조각 포함 1
[2026-09-29T14:55:51Z]: [2026-09-29T14:55:51Z] [progress] 경과 61 min · h42 cpu 조각 46개(완료 46/3860) 실패 0 · h41 조각 77개(완료 77/292) 실패 0 · h42 gpu 조각 240개(완료 240/572) 실패 0 · GPU 사용률 80/84/96/70 % · 부하 78.62 79.73 78.91 · 디스크 여유 2.8T
[2026-09-29T15:00:52Z]: [2026-09-29T15:00:52Z] [progress] 경과 66 min · h42 cpu 조각 47개(완료 47/3860) 실패 0 · h41 조각 83개(완료 83/292) 실패 0 · h42 gpu 조각 252개(완료 252/572) 실패 0 · GPU 사용률 86/90/94/90 % · 부하 84.15 82.18 80.15 · 디스크 여유 2.8T
[2026-09-29T15:05:53Z]: [2026-09-29T15:05:53Z] [progress] 경과 71 min · h42 cpu 조각 49개(완료 49/3860) 실패 0 · h41 조각 88개(완료 88/292) 실패 0 · h42 gpu 조각 280개(완료 280/572) 실패 0 · GPU 사용률 93/81/95/91 % · 부하 83.82 84.55 81.84 · 디스크 여유 2.8T
[2026-09-29T15:10:54Z]: [2026-09-29T15:10:54Z] [progress] 경과 76 min · h42 cpu 조각 53개(완료 53/3860) 실패 0 · h41 조각 94개(완료 94/292) 실패 0 · h42 gpu 조각 328개(완료 328/572) 실패 0 · GPU 사용률 75/89/63/72 % · 부하 82.04 83.69 82.23 · 디스크 여유 2.8T
[2026-09-29T15:15:54Z]: [2026-09-29T15:15:54Z] [progress] 경과 81 min · h42 cpu 조각 58개(완료 58/3860) 실패 0 · h41 조각 101개(완료 101/292) 실패 0 · h42 gpu 조각 361개(완료 361/572) 실패 0 · GPU 사용률 81/94/96/86 % · 부하 88.89 85.10 83.12 · 디스크 여유 2.8T
[2026-09-29T15:20:55Z]: [2026-09-29T15:20:55Z] [progress] 경과 87 min · h42 cpu 조각 65개(완료 65/3860) 실패 0 · h41 조각 110개(완료 110/292) 실패 0 · h42 gpu 조각 379개(완료 379/572) 실패 0 · GPU 사용률 96/96/97/99 % · 부하 75.44 79.60 81.28 · 디스크 여유 2.8T
[2026-09-29T15:25:41Z]: [2026-09-29T15:25:41Z] [pack] results_lgx_all.tar.gz 35M · 파일 1716개 · 조각 포함 1
[2026-09-29T15:26:02Z]: [2026-09-29T15:26:02Z] [progress] 경과 92 min · h42 cpu 조각 73개(완료 73/3860) 실패 0 · h41 조각 118개(완료 118/292) 실패 0 · h42 gpu 조각 406개(완료 406/572) 실패 0 · GPU 사용률 95/89/95/93 % · 부하 79.74 78.36 80.15 · 디스크 여유 2.8T
[2026-09-29T15:31:02Z]: [2026-09-29T15:31:02Z] [progress] 경과 97 min · h42 cpu 조각 78개(완료 78/3860) 실패 0 · h41 조각 126개(완료 126/292) 실패 0 · h42 gpu 조각 418개(완료 418/572) 실패 0 · GPU 사용률 98/87/99/99 % · 부하 77.73 78.53 79.81 · 디스크 여유 2.8T
[2026-09-29T15:36:03Z]: [2026-09-29T15:36:03Z] [progress] 경과 102 min · h42 cpu 조각 82개(완료 82/3860) 실패 0 · h41 조각 134개(완료 134/292) 실패 0 · h42 gpu 조각 418개(완료 418/572) 실패 0 · GPU 사용률 92/96/76/74 % · 부하 79.60 78.60 79.42 · 디스크 여유 2.8T
[2026-09-29T15:41:04Z]: [2026-09-29T15:41:04Z] [progress] 경과 107 min · h42 cpu 조각 86개(완료 86/3860) 실패 0 · h41 조각 142개(완료 142/292) 실패 0 · h42 gpu 조각 425개(완료 425/572) 실패 0 · GPU 사용률 87/81/98/87 % · 부하 82.91 80.41 79.91 · 디스크 여유 2.8T
[2026-09-29T15:46:05Z]: [2026-09-29T15:46:05Z] [progress] 경과 112 min · h42 cpu 조각 91개(완료 91/3860) 실패 0 · h41 조각 152개(완료 152/292) 실패 0 · h42 gpu 조각 428개(완료 428/572) 실패 0 · GPU 사용률 93/95/97/94 % · 부하 81.49 80.00 79.80 · 디스크 여유 2.8T
[2026-09-29T15:51:05Z]: [2026-09-29T15:51:05Z] [progress] 경과 117 min · h42 cpu 조각 99개(완료 99/3860) 실패 0 · h41 조각 160개(완료 160/292) 실패 0 · h42 gpu 조각 433개(완료 433/572) 실패 0 · GPU 사용률 99/100/100/99 % · 부하 73.96 77.51 78.87 · 디스크 여유 2.8T
[2026-09-29T15:55:57Z]: [2026-09-29T15:55:57Z] [pack] results_lgx_all.tar.gz 50M · 파일 2008개 · 조각 포함 1
[2026-09-29T15:56:17Z]: [2026-09-29T15:56:17Z] [progress] 경과 122 min · h42 cpu 조각 103개(완료 103/3860) 실패 0 · h41 조각 168개(완료 168/292) 실패 0 · h42 gpu 조각 436개(완료 436/572) 실패 0 · GPU 사용률 98/100/100/100 % · 부하 73.71 76.25 77.98 · 디스크 여유 2.8T
[2026-09-29T16:01:18Z]: [2026-09-29T16:01:18Z] [progress] 경과 127 min · h42 cpu 조각 112개(완료 112/3860) 실패 0 · h41 조각 175개(완료 175/292) 실패 0 · h42 gpu 조각 437개(완료 437/572) 실패 0 · GPU 사용률 100/100/100/100 % · 부하 74.10 74.72 76.81 · 디스크 여유 2.8T
[2026-09-29T16:06:19Z]: [2026-09-29T16:06:19Z] [progress] 경과 132 min · h42 cpu 조각 116개(완료 116/3860) 실패 0 · h41 조각 182개(완료 182/292) 실패 0 · h42 gpu 조각 437개(완료 437/572) 실패 0 · GPU 사용률 100/100/100/100 % · 부하 71.91 73.00 75.47 · 디스크 여유 2.8T
[2026-09-29T16:11:19Z]: [2026-09-29T16:11:19Z] [progress] 경과 137 min · h42 cpu 조각 125개(완료 125/3860) 실패 0 · h41 조각 190개(완료 190/292) 실패 0 · h42 gpu 조각 437개(완료 437/572) 실패 0 · GPU 사용률 99/100/100/100 % · 부하 74.88 74.37 75.36 · 디스크 여유 2.8T
[2026-09-29T16:16:20Z]: [2026-09-29T16:16:20Z] [progress] 경과 142 min · h42 cpu 조각 141개(완료 141/3860) 실패 0 · h41 조각 199개(완료 199/292) 실패 0 · h42 gpu 조각 442개(완료 442/572) 실패 0 · GPU 사용률 98/100/100/100 % · 부하 75.31 73.70 74.67 · 디스크 여유 2.8T
[2026-09-29T16:21:21Z]: [2026-09-29T16:21:21Z] [progress] 경과 147 min · h42 cpu 조각 157개(완료 157/3860) 실패 0 · h41 조각 208개(완료 208/292) 실패 0 · h42 gpu 조각 445개(완료 445/572) 실패 0 · GPU 사용률 100/100/100/100 % · 부하 75.10 73.87 74.44 · 디스크 여유 2.8T
[2026-09-29T16:26:17Z]: [2026-09-29T16:26:17Z] [pack] results_lgx_all.tar.gz 74M · 파일 2354개 · 조각 포함 1
[2026-09-29T16:26:37Z]: [2026-09-29T16:26:37Z] [progress] 경과 152 min · h42 cpu 조각 158개(완료 158/3860) 실패 0 · h41 조각 217개(완료 217/292) 실패 0 · h42 gpu 조각 446개(완료 446/572) 실패 0 · GPU 사용률 100/100/100/100 % · 부하 69.02 72.34 73.75 · 디스크 여유 2.8T
[2026-09-29T16:31:38Z]: [2026-09-29T16:31:38Z] [progress] 경과 157 min · h42 cpu 조각 169개(완료 169/3860) 실패 0 · h41 조각 228개(완료 228/292) 실패 0 · h42 gpu 조각 448개(완료 448/572) 실패 0 · GPU 사용률 100/100/100/100 % · 부하 74.30 72.62 73.43 · 디스크 여유 2.8T
[2026-09-29T16:36:39Z]: [2026-09-29T16:36:39Z] [progress] 경과 162 min · h42 cpu 조각 173개(완료 173/3860) 실패 0 · h41 조각 238개(완료 238/292) 실패 0 · h42 gpu 조각 450개(완료 450/572) 실패 0 · GPU 사용률 100/100/100/100 % · 부하 70.18 71.36 72.64 · 디스크 여유 2.8T
[2026-09-29T16:41:40Z]: [2026-09-29T16:41:40Z] [progress] 경과 167 min · h42 cpu 조각 181개(완료 181/3860) 실패 0 · h41 조각 264개(완료 264/292) 실패 0 · h42 gpu 조각 453개(완료 453/572) 실패 0 · GPU 사용률 100/100/100/100 % · 부하 71.89 71.93 72.51 · 디스크 여유 2.8T
[2026-09-29T16:46:41Z]: [2026-09-29T16:46:41Z] [progress] 경과 172 min · h42 cpu 조각 191개(완료 191/3860) 실패 0 · h41 조각 290개(완료 290/292) 실패 0 · h42 gpu 조각 458개(완료 458/572) 실패 0 · GPU 사용률 100/100/100/100 % · 부하 71.39 70.65 71.71 · 디스크 여유 2.8T
[2026-09-29T16:47:21Z]: [2026-09-29T16:47:21Z] [lgx] h41 끝: 종료 코드 0
[2026-09-29T16:47:21Z]:   [h41]   [W1-Lena|r5|f1] 적합 16 · 키 29 · 학습 2831 · 채점 184 · 버퍼 제외 0 · 25.1s · 상태 ok(실패 0) · 완료 289/292 · 누적 10284s
[2026-09-29T16:47:21Z]:   [h41]   [W1-Lena|r5|f2] 적합 16 · 키 29 · 학습 2103 · 채점 934 · 버퍼 제외 0 · 22.2s · 상태 ok(실패 0) · 완료 290/292 · 누적 10285s
[2026-09-29T16:47:21Z]:   [h41]   [W1-Lena|r5|f3] 적합 16 · 키 29 · 학습 1742 · 채점 1292 · 버퍼 제외 0 · 20.0s · 상태 ok(실패 0) · 완료 291/292 · 누적 10304s
[2026-09-29T16:47:21Z]:   [h41]   [W1-Lena|r5|f4] 적합 16 · 키 29 · 학습 2787 · 채점 196 · 버퍼 제외 0 · 22.4s · 상태 ok(실패 0) · 완료 292/292 · 누적 10307s
[2026-09-29T16:47:21Z]:   [h41] [done] 완료 292 · 실패 0 · 일부 적합 실패 0 · 10308s
[2026-09-29T16:47:21Z]: [2026-09-29T16:47:21Z] [progress] 경과 173 min · h42 cpu 조각 193개(완료 193/3860) 실패 0 · h41 조각 292개(완료 292/292) 실패 0 · h42 gpu 조각 461개(완료 461/572) 실패 0 · GPU 사용률 100/100/100/100 % · 부하 69.12 70.14 71.49 · 디스크 여유 2.8T
[2026-09-29T16:47:36Z]: [2026-09-29T16:47:36Z] [pack] results_lgx_all.tar.gz 87M · 파일 2691개 · 조각 포함 1
[2026-09-29T16:51:56Z]: [2026-09-29T16:51:56Z] [progress] 경과 178 min · h42 cpu 조각 202개(완료 202/3860) 실패 0 · h41 조각 292개(완료 292/292) 실패 0 · h42 gpu 조각 466개(완료 466/572) 실패 0 · GPU 사용률 100/100/100/100 % · 부하 68.06 68.52 70.37 · 디스크 여유 2.8T
[2026-09-29T16:56:57Z]: [2026-09-29T16:56:57Z] [progress] 경과 183 min · h42 cpu 조각 211개(완료 211/3860) 실패 0 · h41 조각 292개(완료 292/292) 실패 0 · h42 gpu 조각 475개(완료 475/572) 실패 0 · GPU 사용률 100/100/100/100 % · 부하 64.36 65.55 68.54 · 디스크 여유 2.8T
[2026-09-29T17:01:57Z]: [2026-09-29T17:01:57Z] [progress] 경과 188 min · h42 cpu 조각 222개(완료 222/3860) 실패 0 · h41 조각 292개(완료 292/292) 실패 0 · h42 gpu 조각 479개(완료 479/572) 실패 0 · GPU 사용률 100/100/100/100 % · 부하 67.67 65.87 67.73 · 디스크 여유 2.8T
[2026-09-29T17:06:57Z]: [2026-09-29T17:06:57Z] [progress] 경과 193 min · h42 cpu 조각 244개(완료 244/3860) 실패 0 · h41 조각 292개(완료 292/292) 실패 0 · h42 gpu 조각 481개(완료 481/572) 실패 0 · GPU 사용률 100/100/100/100 % · 부하 70.13 67.50 67.77 · 디스크 여유 2.8T
[2026-09-29T17:11:58Z]: [2026-09-29T17:11:58Z] [progress] 경과 198 min · h42 cpu 조각 256개(완료 256/3860) 실패 0 · h41 조각 292개(완료 292/292) 실패 0 · h42 gpu 조각 483개(완료 483/572) 실패 0 · GPU 사용률 100/100/100/100 % · 부하 61.64 64.40 66.47 · 디스크 여유 2.8T
[2026-09-29T17:16:58Z]: [2026-09-29T17:16:58Z] [progress] 경과 203 min · h42 cpu 조각 272개(완료 272/3860) 실패 0 · h41 조각 292개(완료 292/292) 실패 0 · h42 gpu 조각 483개(완료 483/572) 실패 0 · GPU 사용률 100/100/100/100 % · 부하 63.11 63.98 65.73 · 디스크 여유 2.8T
[2026-09-29T17:17:52Z]: [2026-09-29T17:17:52Z] [pack] results_lgx_all.tar.gz 115M · 파일 3073개 · 조각 포함 1
[2026-09-29T17:22:13Z]: [2026-09-29T17:22:13Z] [progress] 경과 208 min · h42 cpu 조각 289개(완료 289/3860) 실패 0 · h41 조각 292개(완료 292/292) 실패 0 · h42 gpu 조각 485개(완료 485/572) 실패 0 · GPU 사용률 100/100/100/100 % · 부하 60.95 63.52 65.22 · 디스크 여유 2.8T
[2026-09-29T17:27:14Z]: [2026-09-29T17:27:14Z] [progress] 경과 213 min · h42 cpu 조각 294개(완료 294/3860) 실패 0 · h41 조각 292개(완료 292/292) 실패 0 · h42 gpu 조각 485개(완료 485/572) 실패 0 · GPU 사용률 100/100/100/100 % · 부하 59.96 62.45 64.42 · 디스크 여유 2.8T
[2026-09-29T17:32:14Z]: [2026-09-29T17:32:14Z] [progress] 경과 218 min · h42 cpu 조각 297개(완료 297/3860) 실패 0 · h41 조각 292개(완료 292/292) 실패 0 · h42 gpu 조각 488개(완료 488/572) 실패 0 · GPU 사용률 100/100/100/100 % · 부하 61.20 62.10 63.70 · 디스크 여유 2.8T
[2026-09-29T17:37:15Z]: [2026-09-29T17:37:15Z] [progress] 경과 223 min · h42 cpu 조각 299개(완료 299/3860) 실패 0 · h41 조각 292개(완료 292/292) 실패 0 · h42 gpu 조각 490개(완료 490/572) 실패 0 · GPU 사용률 100/100/100/100 % · 부하 63.76 62.49 63.37 · 디스크 여유 2.8T
[2026-09-29T17:42:15Z]: [2026-09-29T17:42:15Z] [progress] 경과 228 min · h42 cpu 조각 299개(완료 299/3860) 실패 0 · h41 조각 292개(완료 292/292) 실패 0 · h42 gpu 조각 491개(완료 491/572) 실패 0 · GPU 사용률 100/100/100/100 % · 부하 59.18 60.57 62.28 · 디스크 여유 2.8T
[2026-09-29T17:47:16Z]: [2026-09-29T17:47:16Z] [progress] 경과 233 min · h42 cpu 조각 300개(완료 300/3860) 실패 0 · h41 조각 292개(완료 292/292) 실패 0 · h42 gpu 조각 493개(완료 493/572) 실패 0 · GPU 사용률 100/100/100/100 % · 부하 59.19 61.07 62.15 · 디스크 여유 2.8T
[2026-09-29T17:48:19Z]: [2026-09-29T17:48:19Z] [pack] results_lgx_all.tar.gz 120M · 파일 3209개 · 조각 포함 1
[2026-09-29T17:52:20Z]: [2026-09-29T17:52:20Z] [progress] 경과 238 min · h42 cpu 조각 303개(완료 303/3860) 실패 0 · h41 조각 292개(완료 292/292) 실패 0 · h42 gpu 조각 495개(완료 495/572) 실패 0 · GPU 사용률 100/100/100/100 % · 부하 59.22 60.47 61.61 · 디스크 여유 2.8T
[2026-09-29T17:57:20Z]: [2026-09-29T17:57:20Z] [progress] 경과 243 min · h42 cpu 조각 305개(완료 305/3860) 실패 0 · h41 조각 292개(완료 292/292) 실패 0 · h42 gpu 조각 495개(완료 495/572) 실패 0 · GPU 사용률 100/100/100/100 % · 부하 62.56 62.01 61.97 · 디스크 여유 2.8T
[2026-09-29T18:02:21Z]: [2026-09-29T18:02:21Z] [progress] 경과 248 min · h42 cpu 조각 308개(완료 308/3860) 실패 0 · h41 조각 292개(완료 292/292) 실패 0 · h42 gpu 조각 495개(완료 495/572) 실패 0 · GPU 사용률 100/100/100/100 % · 부하 60.95 61.68 61.87 · 디스크 여유 2.8T
[2026-09-29T18:07:21Z]: [2026-09-29T18:07:21Z] [progress] 경과 253 min · h42 cpu 조각 311개(완료 311/3860) 실패 0 · h41 조각 292개(완료 292/292) 실패 0 · h42 gpu 조각 495개(완료 495/572) 실패 0 · GPU 사용률 100/100/100/100 % · 부하 61.69 61.42 61.66 · 디스크 여유 2.8T
[2026-09-29T18:12:22Z]: [2026-09-29T18:12:22Z] [progress] 경과 258 min · h42 cpu 조각 311개(완료 311/3860) 실패 0 · h41 조각 292개(완료 292/292) 실패 0 · h42 gpu 조각 495개(완료 495/572) 실패 0 · GPU 사용률 100/100/100/100 % · 부하 60.69 61.63 61.76 · 디스크 여유 2.8T
[2026-09-29T18:17:23Z]: [2026-09-29T18:17:23Z] [progress] 경과 263 min · h42 cpu 조각 313개(완료 313/3860) 실패 0 · h41 조각 292개(완료 292/292) 실패 0 · h42 gpu 조각 495개(완료 495/572) 실패 0 · GPU 사용률 100/100/100/100 % · 부하 59.79 60.69 61.33 · 디스크 여유 2.8T
[2026-09-29T18:18:47Z]: [2026-09-29T18:18:47Z] [pack] results_lgx_all.tar.gz 122M · 파일 3254개 · 조각 포함 1
[2026-09-29T18:22:27Z]: [2026-09-29T18:22:27Z] [progress] 경과 268 min · h42 cpu 조각 314개(완료 314/3860) 실패 0 · h41 조각 292개(완료 292/292) 실패 0 · h42 gpu 조각 496개(완료 496/572) 실패 0 · GPU 사용률 100/100/100/100 % · 부하 60.25 60.04 60.85 · 디스크 여유 2.8T
[2026-09-29T18:27:28Z]: [2026-09-29T18:27:28Z] [progress] 경과 273 min · h42 cpu 조각 319개(완료 319/3860) 실패 0 · h41 조각 292개(완료 292/292) 실패 0 · h42 gpu 조각 496개(완료 496/572) 실패 0 · GPU 사용률 100/100/100/100 % · 부하 60.09 60.28 60.72 · 디스크 여유 2.8T
[2026-09-29T18:32:28Z]: [2026-09-29T18:32:28Z] [progress] 경과 278 min · h42 cpu 조각 321개(완료 321/3860) 실패 0 · h41 조각 292개(완료 292/292) 실패 0 · h42 gpu 조각 496개(완료 496/572) 실패 0 · GPU 사용률 100/100/100/100 % · 부하 67.25 62.77 61.54 · 디스크 여유 2.8T
[2026-09-29T18:37:29Z]: [2026-09-29T18:37:29Z] [progress] 경과 283 min · h42 cpu 조각 325개(완료 325/3860) 실패 0 · h41 조각 292개(완료 292/292) 실패 0 · h42 gpu 조각 496개(완료 496/572) 실패 0 · GPU 사용률 100/100/100/100 % · 부하 61.67 62.20 61.62 · 디스크 여유 2.8T
[2026-09-29T18:42:29Z]: [2026-09-29T18:42:29Z] [progress] 경과 288 min · h42 cpu 조각 332개(완료 332/3860) 실패 0 · h41 조각 292개(완료 292/292) 실패 0 · h42 gpu 조각 496개(완료 496/572) 실패 0 · GPU 사용률 100/100/100/100 % · 부하 64.67 62.61 61.87 · 디스크 여유 2.8T
[2026-09-29T18:47:30Z]: [2026-09-29T18:47:30Z] [progress] 경과 293 min · h42 cpu 조각 337개(완료 337/3860) 실패 0 · h41 조각 292개(완료 292/292) 실패 0 · h42 gpu 조각 496개(완료 496/572) 실패 0 · GPU 사용률 100/100/100/100 % · 부하 62.47 63.03 62.36 · 디스크 여유 2.8T
[2026-09-29T18:49:09Z]: [2026-09-29T18:49:09Z] [pack] results_lgx_all.tar.gz 124M · 파일 3332개 · 조각 포함 1
[2026-09-29T18:52:49Z]: [2026-09-29T18:52:49Z] [progress] 경과 298 min · h42 cpu 조각 345개(완료 345/3860) 실패 0 · h41 조각 292개(완료 292/292) 실패 0 · h42 gpu 조각 496개(완료 496/572) 실패 0 · GPU 사용률 100/100/100/100 % · 부하 60.12 63.35 62.99 · 디스크 여유 2.8T
[2026-09-29T18:57:50Z]: [2026-09-29T18:57:50Z] [progress] 경과 303 min · h42 cpu 조각 352개(완료 352/3860) 실패 0 · h41 조각 292개(완료 292/292) 실패 0 · h42 gpu 조각 496개(완료 496/572) 실패 0 · GPU 사용률 100/100/100/100 % · 부하 60.56 62.37 62.69 · 디스크 여유 2.8T
[2026-09-29T19:02:50Z]: [2026-09-29T19:02:50Z] [progress] 경과 308 min · h42 cpu 조각 352개(완료 352/3860) 실패 0 · h41 조각 292개(완료 292/292) 실패 0 · h42 gpu 조각 496개(완료 496/572) 실패 0 · GPU 사용률 100/100/100/100 % · 부하 59.57 60.68 61.85 · 디스크 여유 2.8T
[2026-09-29T19:07:51Z]: [2026-09-29T19:07:51Z] [progress] 경과 313 min · h42 cpu 조각 352개(완료 352/3860) 실패 0 · h41 조각 292개(완료 292/292) 실패 0 · h42 gpu 조각 497개(완료 497/572) 실패 0 · GPU 사용률 100/100/100/100 % · 부하 63.21 61.33 61.79 · 디스크 여유 2.8T
[2026-09-29T19:12:52Z]: [2026-09-29T19:12:52Z] [progress] 경과 318 min · h42 cpu 조각 352개(완료 352/3860) 실패 0 · h41 조각 292개(완료 292/292) 실패 0 · h42 gpu 조각 497개(완료 497/572) 실패 0 · GPU 사용률 100/100/100/100 % · 부하 61.98 62.09 61.99 · 디스크 여유 2.8T
[2026-09-29T19:17:52Z]: [2026-09-29T19:17:52Z] [progress] 경과 323 min · h42 cpu 조각 352개(완료 352/3860) 실패 0 · h41 조각 292개(완료 292/292) 실패 0 · h42 gpu 조각 498개(완료 498/572) 실패 0 · GPU 사용률 100/100/100/100 % · 부하 59.61 60.78 61.53 · 디스크 여유 2.8T
[2026-09-29T19:19:39Z]: [2026-09-29T19:19:39Z] [pack] results_lgx_all.tar.gz 126M · 파일 3380개 · 조각 포함 1
[2026-09-29T19:23:00Z]: [2026-09-29T19:23:00Z] [progress] 경과 329 min · h42 cpu 조각 353개(완료 353/3860) 실패 0 · h41 조각 292개(완료 292/292) 실패 0 · h42 gpu 조각 499개(완료 499/572) 실패 0 · GPU 사용률 100/100/100/100 % · 부하 60.23 60.87 61.40 · 디스크 여유 2.8T
[2026-09-29T19:28:01Z]: [2026-09-29T19:28:01Z] [progress] 경과 334 min · h42 cpu 조각 356개(완료 356/3860) 실패 0 · h41 조각 292개(완료 292/292) 실패 0 · h42 gpu 조각 499개(완료 499/572) 실패 0 · GPU 사용률 100/100/100/100 % · 부하 65.54 62.29 61.79 · 디스크 여유 2.8T
[2026-09-29T19:33:01Z]: [2026-09-29T19:33:01Z] [progress] 경과 339 min · h42 cpu 조각 363개(완료 363/3860) 실패 0 · h41 조각 292개(완료 292/292) 실패 0 · h42 gpu 조각 499개(완료 499/572) 실패 0 · GPU 사용률 100/100/100/100 % · 부하 61.26 61.30 61.49 · 디스크 여유 2.8T
[2026-09-29T19:38:02Z]: [2026-09-29T19:38:02Z] [progress] 경과 344 min · h42 cpu 조각 365개(완료 365/3860) 실패 0 · h41 조각 292개(완료 292/292) 실패 0 · h42 gpu 조각 499개(완료 499/572) 실패 0 · GPU 사용률 100/100/100/100 % · 부하 57.57 59.40 60.67 · 디스크 여유 2.8T
[2026-09-29T19:43:03Z]: [2026-09-29T19:43:03Z] [progress] 경과 349 min · h42 cpu 조각 365개(완료 365/3860) 실패 0 · h41 조각 292개(완료 292/292) 실패 0 · h42 gpu 조각 500개(완료 500/572) 실패 0 · GPU 사용률 100/100/100/100 % · 부하 60.88 60.23 60.66 · 디스크 여유 2.8T
[2026-09-29T19:48:03Z]: [2026-09-29T19:48:03Z] [progress] 경과 354 min · h42 cpu 조각 365개(완료 365/3860) 실패 0 · h41 조각 292개(완료 292/292) 실패 0 · h42 gpu 조각 500개(완료 500/572) 실패 0 · GPU 사용률 100/100/100/100 % · 부하 61.79 60.56 60.61 · 디스크 여유 2.8T
[2026-09-29T19:50:11Z]: [2026-09-29T19:50:11Z] [pack] results_lgx_all.tar.gz 127M · 파일 3425개 · 조각 포함 1
[2026-09-29T19:53:12Z]: [2026-09-29T19:53:12Z] [progress] 경과 359 min · h42 cpu 조각 365개(완료 365/3860) 실패 0 · h41 조각 292개(완료 292/292) 실패 0 · h42 gpu 조각 500개(완료 500/572) 실패 0 · GPU 사용률 100/100/100/100 % · 부하 62.42 60.88 60.67 · 디스크 여유 2.8T
[2026-09-29T19:58:12Z]: [2026-09-29T19:58:12Z] [progress] 경과 364 min · h42 cpu 조각 365개(완료 365/3860) 실패 0 · h41 조각 292개(완료 292/292) 실패 0 · h42 gpu 조각 500개(완료 500/572) 실패 0 · GPU 사용률 100/100/100/100 % · 부하 59.48 60.26 60.47 · 디스크 여유 2.8T
[2026-09-29T20:03:13Z]: [2026-09-29T20:03:13Z] [progress] 경과 369 min · h42 cpu 조각 371개(완료 371/3860) 실패 0 · h41 조각 292개(완료 292/292) 실패 0 · h42 gpu 조각 501개(완료 501/572) 실패 0 · GPU 사용률 100/100/100/100 % · 부하 62.59 60.61 60.49 · 디스크 여유 2.8T
[2026-09-29T20:08:14Z]: [2026-09-29T20:08:14Z] [progress] 경과 374 min · h42 cpu 조각 373개(완료 373/3860) 실패 0 · h41 조각 292개(완료 292/292) 실패 0 · h42 gpu 조각 501개(완료 501/572) 실패 0 · GPU 사용률 100/100/100/100 % · 부하 59.61 60.29 60.38 · 디스크 여유 2.8T
[2026-09-29T20:13:15Z]: [2026-09-29T20:13:15Z] [progress] 경과 379 min · h42 cpu 조각 378개(완료 378/3860) 실패 0 · h41 조각 292개(완료 292/292) 실패 0 · h42 gpu 조각 501개(완료 501/572) 실패 0 · GPU 사용률 100/100/100/100 % · 부하 59.62 60.46 60.49 · 디스크 여유 2.8T
[2026-09-29T20:18:15Z]: [2026-09-29T20:18:15Z] [progress] 경과 384 min · h42 cpu 조각 381개(완료 381/3860) 실패 0 · h41 조각 292개(완료 292/292) 실패 0 · h42 gpu 조각 502개(완료 502/572) 실패 0 · GPU 사용률 100/100/100/100 % · 부하 60.36 60.66 60.58 · 디스크 여유 2.8T
[2026-09-29T20:20:42Z]: [2026-09-29T20:20:42Z] [pack] results_lgx_all.tar.gz 129M · 파일 3482개 · 조각 포함 1
[2026-09-29T20:23:23Z]: [2026-09-29T20:23:23Z] [progress] 경과 389 min · h42 cpu 조각 383개(완료 383/3860) 실패 0 · h41 조각 292개(완료 292/292) 실패 0 · h42 gpu 조각 502개(완료 502/572) 실패 0 · GPU 사용률 100/100/100/100 % · 부하 60.42 61.82 61.26 · 디스크 여유 2.8T
[2026-09-29T20:28:23Z]: [2026-09-29T20:28:23Z] [progress] 경과 394 min · h42 cpu 조각 385개(완료 385/3860) 실패 0 · h41 조각 292개(완료 292/292) 실패 0 · h42 gpu 조각 503개(완료 503/572) 실패 0 · GPU 사용률 100/100/100/100 % · 부하 61.34 62.06 61.55 · 디스크 여유 2.8T
[2026-09-29T20:33:24Z]: [2026-09-29T20:33:24Z] [progress] 경과 399 min · h42 cpu 조각 390개(완료 390/3860) 실패 0 · h41 조각 292개(완료 292/292) 실패 0 · h42 gpu 조각 503개(완료 503/572) 실패 0 · GPU 사용률 100/100/100/100 % · 부하 61.05 61.54 61.48 · 디스크 여유 2.8T
[2026-09-29T20:38:25Z]: [2026-09-29T20:38:25Z] [progress] 경과 404 min · h42 cpu 조각 395개(완료 395/3860) 실패 0 · h41 조각 292개(완료 292/292) 실패 0 · h42 gpu 조각 503개(완료 503/572) 실패 0 · GPU 사용률 100/100/100/100 % · 부하 67.88 64.10 62.49 · 디스크 여유 2.8T
[2026-09-29T20:43:25Z]: [2026-09-29T20:43:25Z] [progress] 경과 409 min · h42 cpu 조각 402개(완료 402/3860) 실패 0 · h41 조각 292개(완료 292/292) 실패 0 · h42 gpu 조각 505개(완료 505/572) 실패 0 · GPU 사용률 100/100/100/100 % · 부하 63.23 63.71 62.79 · 디스크 여유 2.8T
[2026-09-29T20:48:25Z]: [2026-09-29T20:48:25Z] [progress] 경과 414 min · h42 cpu 조각 412개(완료 412/3860) 실패 0 · h41 조각 292개(완료 292/292) 실패 0 · h42 gpu 조각 506개(완료 506/572) 실패 0 · GPU 사용률 100/100/100/100 % · 부하 63.69 64.81 63.63 · 디스크 여유 2.8T
[2026-09-29T20:51:03Z]: [2026-09-29T20:51:03Z] [pack] results_lgx_all.tar.gz 136M · 파일 3596개 · 조각 포함 1
[2026-09-29T20:53:43Z]: [2026-09-29T20:53:43Z] [progress] 경과 419 min · h42 cpu 조각 426개(완료 426/3860) 실패 0 · h41 조각 292개(완료 292/292) 실패 0 · h42 gpu 조각 506개(완료 506/572) 실패 0 · GPU 사용률 100/100/100/100 % · 부하 71.87 67.30 64.99 · 디스크 여유 2.8T
[2026-09-29T20:58:44Z]: [2026-09-29T20:58:44Z] [progress] 경과 424 min · h42 cpu 조각 445개(완료 445/3860) 실패 0 · h41 조각 292개(완료 292/292) 실패 0 · h42 gpu 조각 506개(완료 506/572) 실패 0 · GPU 사용률 100/100/100/100 % · 부하 65.98 66.43 65.27 · 디스크 여유 2.8T
[2026-09-29T21:03:44Z]: [2026-09-29T21:03:44Z] [progress] 경과 429 min · h42 cpu 조각 454개(완료 454/3860) 실패 0 · h41 조각 292개(완료 292/292) 실패 0 · h42 gpu 조각 506개(완료 506/572) 실패 0 · GPU 사용률 100/100/100/100 % · 부하 66.70 66.19 65.52 · 디스크 여유 2.8T
[2026-09-29T21:08:44Z]: [2026-09-29T21:08:44Z] [progress] 경과 434 min · h42 cpu 조각 464개(완료 464/3860) 실패 0 · h41 조각 292개(완료 292/292) 실패 0 · h42 gpu 조각 506개(완료 506/572) 실패 0 · GPU 사용률 100/100/100/100 % · 부하 65.68 64.77 65.02 · 디스크 여유 2.8T
[2026-09-29T21:13:45Z]: [2026-09-29T21:13:45Z] [progress] 경과 439 min · h42 cpu 조각 475개(완료 475/3860) 실패 0 · h41 조각 292개(완료 292/292) 실패 0 · h42 gpu 조각 506개(완료 506/572) 실패 0 · GPU 사용률 100/100/100/100 % · 부하 65.63 66.20 65.61 · 디스크 여유 2.8T
[2026-09-29T21:18:45Z]: [2026-09-29T21:18:45Z] [progress] 경과 444 min · h42 cpu 조각 486개(완료 486/3860) 실패 0 · h41 조각 292개(완료 292/292) 실패 0 · h42 gpu 조각 506개(완료 506/572) 실패 0 · GPU 사용률 100/100/100/100 % · 부하 59.62 63.76 64.94 · 디스크 여유 2.8T
[2026-09-29T21:21:30Z]: [2026-09-29T21:21:30Z] [pack] results_lgx_all.tar.gz 148M · 파일 3815개 · 조각 포함 1
[2026-09-29T21:23:51Z]: [2026-09-29T21:23:51Z] [progress] 경과 449 min · h42 cpu 조각 496개(완료 496/3860) 실패 0 · h41 조각 292개(완료 292/292) 실패 0 · h42 gpu 조각 507개(완료 507/572) 실패 0 · GPU 사용률 100/100/100/100 % · 부하 61.23 61.53 63.60 · 디스크 여유 2.8T
[2026-09-29T21:28:51Z]: [2026-09-29T21:28:51Z] [progress] 경과 454 min · h42 cpu 조각 506개(완료 506/3860) 실패 0 · h41 조각 292개(완료 292/292) 실패 0 · h42 gpu 조각 507개(완료 507/572) 실패 0 · GPU 사용률 100/100/100/100 % · 부하 60.49 61.09 62.84 · 디스크 여유 2.8T
[2026-09-29T21:33:52Z]: [2026-09-29T21:33:52Z] [progress] 경과 459 min · h42 cpu 조각 511개(완료 511/3860) 실패 0 · h41 조각 292개(완료 292/292) 실패 0 · h42 gpu 조각 508개(완료 508/572) 실패 0 · GPU 사용률 100/100/100/100 % · 부하 60.27 60.74 62.19 · 디스크 여유 2.8T
[2026-09-29T21:38:52Z]: [2026-09-29T21:38:52Z] [progress] 경과 464 min · h42 cpu 조각 514개(완료 514/3860) 실패 0 · h41 조각 292개(완료 292/292) 실패 0 · h42 gpu 조각 508개(완료 508/572) 실패 0 · GPU 사용률 100/100/100/100 % · 부하 62.59 61.83 62.27 · 디스크 여유 2.8T
[2026-09-29T21:43:53Z]: [2026-09-29T21:43:53Z] [progress] 경과 469 min · h42 cpu 조각 525개(완료 525/3860) 실패 0 · h41 조각 292개(완료 292/292) 실패 0 · h42 gpu 조각 508개(완료 508/572) 실패 0 · GPU 사용률 100/100/100/100 % · 부하 65.35 63.69 62.90 · 디스크 여유 2.8T
[2026-09-29T21:48:53Z]: [2026-09-29T21:48:53Z] [progress] 경과 474 min · h42 cpu 조각 542개(완료 542/3860) 실패 0 · h41 조각 292개(완료 292/292) 실패 0 · h42 gpu 조각 508개(완료 508/572) 실패 0 · GPU 사용률 100/100/100/100 % · 부하 63.99 63.61 63.10 · 디스크 여유 2.8T
[2026-09-29T21:51:57Z]: [2026-09-29T21:51:57Z] [pack] results_lgx_all.tar.gz 150M · 파일 3998개 · 조각 포함 1
[2026-09-29T21:53:57Z]: [2026-09-29T21:53:57Z] [progress] 경과 480 min · h42 cpu 조각 558개(완료 558/3860) 실패 0 · h41 조각 292개(완료 292/292) 실패 0 · h42 gpu 조각 508개(완료 508/572) 실패 0 · GPU 사용률 100/100/100/100 % · 부하 66.07 64.88 63.72 · 디스크 여유 2.8T
[2026-09-29T21:58:57Z]: [2026-09-29T21:58:57Z] [progress] 경과 485 min · h42 cpu 조각 570개(완료 570/3860) 실패 0 · h41 조각 292개(완료 292/292) 실패 0 · h42 gpu 조각 508개(완료 508/572) 실패 0 · GPU 사용률 100/100/100/100 % · 부하 63.80 64.05 63.62 · 디스크 여유 2.8T
[2026-09-29T22:03:58Z]: [2026-09-29T22:03:58Z] [progress] 경과 490 min · h42 cpu 조각 594개(완료 594/3860) 실패 0 · h41 조각 292개(완료 292/292) 실패 0 · h42 gpu 조각 508개(완료 508/572) 실패 0 · GPU 사용률 100/100/100/100 % · 부하 63.88 65.63 64.58 · 디스크 여유 2.8T
[2026-09-29T22:08:58Z]: [2026-09-29T22:08:58Z] [progress] 경과 495 min · h42 cpu 조각 612개(완료 612/3860) 실패 0 · h41 조각 292개(완료 292/292) 실패 0 · h42 gpu 조각 508개(완료 508/572) 실패 0 · GPU 사용률 100/100/100/100 % · 부하 65.19 65.53 64.81 · 디스크 여유 2.8T
[2026-09-29T22:13:58Z]: [2026-09-29T22:13:58Z] [progress] 경과 500 min · h42 cpu 조각 625개(완료 625/3860) 실패 0 · h41 조각 292개(완료 292/292) 실패 0 · h42 gpu 조각 508개(완료 508/572) 실패 0 · GPU 사용률 100/100/100/100 % · 부하 65.18 66.88 65.68 · 디스크 여유 2.8T
[2026-09-29T22:18:59Z]: [2026-09-29T22:18:59Z] [progress] 경과 505 min · h42 cpu 조각 656개(완료 656/3860) 실패 0 · h41 조각 292개(완료 292/292) 실패 0 · h42 gpu 조각 508개(완료 508/572) 실패 0 · GPU 사용률 100/100/100/100 % · 부하 65.42 66.19 65.77 · 디스크 여유 2.8T
[2026-09-29T22:22:20Z]: [2026-09-29T22:22:20Z] [pack] results_lgx_all.tar.gz 153M · 파일 4422개 · 조각 포함 1
[2026-09-29T22:24:00Z]: [2026-09-29T22:24:00Z] [progress] 경과 510 min · h42 cpu 조각 694개(완료 694/3860) 실패 0 · h41 조각 292개(완료 292/292) 실패 0 · h42 gpu 조각 509개(완료 509/572) 실패 0 · GPU 사용률 100/100/100/100 % · 부하 66.24 64.90 65.21 · 디스크 여유 2.8T
[2026-09-29T22:29:01Z]: [2026-09-29T22:29:01Z] [progress] 경과 515 min · h42 cpu 조각 739개(완료 739/3860) 실패 0 · h41 조각 292개(완료 292/292) 실패 0 · h42 gpu 조각 509개(완료 509/572) 실패 0 · GPU 사용률 100/100/100/100 % · 부하 76.02 68.77 66.61 · 디스크 여유 2.8T
[2026-09-29T22:34:01Z]: [2026-09-29T22:34:01Z] [progress] 경과 520 min · h42 cpu 조각 783개(완료 783/3860) 실패 0 · h41 조각 292개(완료 292/292) 실패 0 · h42 gpu 조각 509개(완료 509/572) 실패 0 · GPU 사용률 100/100/100/100 % · 부하 61.72 64.68 65.42 · 디스크 여유 2.8T
[2026-09-29T22:39:02Z]: [2026-09-29T22:39:02Z] [progress] 경과 525 min · h42 cpu 조각 832개(완료 832/3860) 실패 0 · h41 조각 292개(완료 292/292) 실패 0 · h42 gpu 조각 510개(완료 510/572) 실패 0 · GPU 사용률 100/100/100/100 % · 부하 68.12 65.86 65.66 · 디스크 여유 2.8T
[2026-09-29T22:44:02Z]: [2026-09-29T22:44:02Z] [progress] 경과 530 min · h42 cpu 조각 894개(완료 894/3860) 실패 0 · h41 조각 292개(완료 292/292) 실패 0 · h42 gpu 조각 511개(완료 511/572) 실패 0 · GPU 사용률 100/100/100/100 % · 부하 61.33 63.39 64.67 · 디스크 여유 2.8T
[2026-09-29T22:49:03Z]: [2026-09-29T22:49:03Z] [progress] 경과 535 min · h42 cpu 조각 1100개(완료 1100/3860) 실패 0 · h41 조각 292개(완료 292/292) 실패 0 · h42 gpu 조각 511개(완료 511/572) 실패 0 · GPU 사용률 100/100/100/100 % · 부하 70.65 65.97 65.35 · 디스크 여유 2.8T
[2026-09-29T22:52:46Z]: [2026-09-29T22:52:46Z] [pack] results_lgx_all.tar.gz 165M · 파일 6149개 · 조각 포함 1
[2026-09-29T22:54:07Z]: [2026-09-29T22:54:07Z] [progress] 경과 540 min · h42 cpu 조각 1283개(완료 1283/3860) 실패 0 · h41 조각 292개(완료 292/292) 실패 0 · h42 gpu 조각 511개(완료 511/572) 실패 0 · GPU 사용률 100/100/100/100 % · 부하 67.68 67.42 66.15 · 디스크 여유 2.8T
[2026-09-29T22:59:07Z]: [2026-09-29T22:59:07Z] [progress] 경과 545 min · h42 cpu 조각 1448개(완료 1448/3860) 실패 0 · h41 조각 292개(완료 292/292) 실패 0 · h42 gpu 조각 511개(완료 511/572) 실패 0 · GPU 사용률 100/100/100/100 % · 부하 65.96 65.86 65.69 · 디스크 여유 2.8T
[2026-09-29T23:01:07Z]: [2026-09-29T23:01:07Z] [lgx] h42 cpu 부분 끝: 종료 코드 0
[2026-09-29T23:01:07Z]:   [cpu]   [ridge|CA-2|x|s4] 적합 124 · 행 265 · A 202 · 채점 193/5블록 · 원천 16717 · 7.7s · 장치 '' · 상태 ok(실패 0) · 완료 3857/3860 · 누적 32749s
[2026-09-29T23:01:07Z]:   [cpu]   [ridge|CA-2|x|s5] 적합 124 · 행 265 · A 194 · 채점 201/8블록 · 원천 16717 · 7.5s · 장치 '' · 상태 ok(실패 0) · 완료 3858/3860 · 누적 32750s
[2026-09-29T23:01:07Z]:   [cpu]   [ridge|CA-2|x|s3] 적합 124 · 행 265 · A 228 · 채점 166/8블록 · 원천 16717 · 9.2s · 장치 '' · 상태 ok(실패 0) · 완료 3859/3860 · 누적 32750s
[2026-09-29T23:01:07Z]:   [cpu]   [ridge|CA-3|x|s5] 적합 124 · 행 265 · A 178 · 채점 171/4블록 · 원천 16697 · 7.6s · 장치 '' · 상태 ok(실패 0) · 완료 3860/3860 · 누적 32750s
[2026-09-29T23:01:07Z]:   [cpu] [done] 완료 3860 · 실패 0 · 일부 적합 실패 0 · 선택 설정 없는 n3 조각 0 · 32751s
[2026-09-29T23:01:07Z]: [2026-09-29T23:01:07Z] [progress] 경과 547 min · h42 cpu 조각 3860개(완료 3860/3860) 실패 0 · h41 조각 292개(완료 292/292) 실패 0 · h42 gpu 조각 511개(완료 511/572) 실패 0 · GPU 사용률 100/100/100/100 % · 부하 54.25 63.12 64.80 · 디스크 여유 2.8T
[2026-09-29T23:01:25Z]: [2026-09-29T23:01:25Z] [pack] results_lgx_all.tar.gz 185M · 파일 14060개 · 조각 포함 1
[2026-09-29T23:04:25Z]: [2026-09-29T23:04:25Z] [progress] 경과 550 min · h42 cpu 조각 3860개(완료 3860/3860) 실패 0 · h41 조각 292개(완료 292/292) 실패 0 · h42 gpu 조각 511개(완료 511/572) 실패 0 · GPU 사용률 100/100/100/100 % · 부하 13.81 38.39 54.65 · 디스크 여유 2.8T
[2026-09-29T23:09:25Z]: [2026-09-29T23:09:25Z] [progress] 경과 555 min · h42 cpu 조각 3860개(완료 3860/3860) 실패 0 · h41 조각 292개(완료 292/292) 실패 0 · h42 gpu 조각 511개(완료 511/572) 실패 0 · GPU 사용률 100/100/100/100 % · 부하 12.20 21.77 42.91 · 디스크 여유 2.8T
[2026-09-29T23:14:26Z]: [2026-09-29T23:14:26Z] [progress] 경과 560 min · h42 cpu 조각 3860개(완료 3860/3860) 실패 0 · h41 조각 292개(완료 292/292) 실패 0 · h42 gpu 조각 511개(완료 511/572) 실패 0 · GPU 사용률 100/100/100/100 % · 부하 12.35 15.80 34.46 · 디스크 여유 2.8T
[2026-09-29T23:19:26Z]: [2026-09-29T23:19:26Z] [progress] 경과 565 min · h42 cpu 조각 3860개(완료 3860/3860) 실패 0 · h41 조각 292개(완료 292/292) 실패 0 · h42 gpu 조각 511개(완료 511/572) 실패 0 · GPU 사용률 100/100/100/100 % · 부하 12.31 13.56 28.33 · 디스크 여유 2.8T
[2026-09-29T23:24:27Z]: [2026-09-29T23:24:27Z] [progress] 경과 570 min · h42 cpu 조각 3860개(완료 3860/3860) 실패 0 · h41 조각 292개(완료 292/292) 실패 0 · h42 gpu 조각 511개(완료 511/572) 실패 0 · GPU 사용률 100/100/100/100 % · 부하 12.28 12.79 23.91 · 디스크 여유 2.8T
[2026-09-29T23:29:27Z]: [2026-09-29T23:29:27Z] [progress] 경과 575 min · h42 cpu 조각 3860개(완료 3860/3860) 실패 0 · h41 조각 292개(완료 292/292) 실패 0 · h42 gpu 조각 512개(완료 512/572) 실패 0 · GPU 사용률 100/100/100/100 % · 부하 12.25 12.44 20.68 · 디스크 여유 2.8T
[2026-09-29T23:31:43Z]: [2026-09-29T23:31:43Z] [pack] results_lgx_all.tar.gz 185M · 파일 14063개 · 조각 포함 1
[2026-09-29T23:34:44Z]: [2026-09-29T23:34:44Z] [progress] 경과 580 min · h42 cpu 조각 3860개(완료 3860/3860) 실패 0 · h41 조각 292개(완료 292/292) 실패 0 · h42 gpu 조각 513개(완료 513/572) 실패 0 · GPU 사용률 100/100/100/100 % · 부하 12.31 12.43 18.26 · 디스크 여유 2.8T
[2026-09-29T23:39:44Z]: [2026-09-29T23:39:44Z] [progress] 경과 585 min · h42 cpu 조각 3860개(완료 3860/3860) 실패 0 · h41 조각 292개(완료 292/292) 실패 0 · h42 gpu 조각 513개(완료 513/572) 실패 0 · GPU 사용률 100/100/100/100 % · 부하 12.42 12.49 16.68 · 디스크 여유 2.8T
[2026-09-29T23:44:44Z]: [2026-09-29T23:44:44Z] [progress] 경과 590 min · h42 cpu 조각 3860개(완료 3860/3860) 실패 0 · h41 조각 292개(완료 292/292) 실패 0 · h42 gpu 조각 514개(완료 514/572) 실패 0 · GPU 사용률 100/100/100/100 % · 부하 12.43 12.44 15.48 · 디스크 여유 2.8T
[2026-09-29T23:49:45Z]: [2026-09-29T23:49:45Z] [progress] 경과 595 min · h42 cpu 조각 3860개(완료 3860/3860) 실패 0 · h41 조각 292개(완료 292/292) 실패 0 · h42 gpu 조각 514개(완료 514/572) 실패 0 · GPU 사용률 100/100/100/100 % · 부하 12.52 12.51 14.66 · 디스크 여유 2.8T
[2026-09-29T23:54:45Z]: [2026-09-29T23:54:45Z] [progress] 경과 600 min · h42 cpu 조각 3860개(완료 3860/3860) 실패 0 · h41 조각 292개(완료 292/292) 실패 0 · h42 gpu 조각 514개(완료 514/572) 실패 0 · GPU 사용률 100/100/100/100 % · 부하 12.41 12.50 14.06 · 디스크 여유 2.8T
[2026-09-29T23:59:46Z]: [2026-09-29T23:59:46Z] [progress] 경과 605 min · h42 cpu 조각 3860개(완료 3860/3860) 실패 0 · h41 조각 292개(완료 292/292) 실패 0 · h42 gpu 조각 514개(완료 514/572) 실패 0 · GPU 사용률 100/100/100/100 % · 부하 12.65 12.57 13.64 · 디스크 여유 2.8T
[2026-09-30T00:02:02Z]: [2026-09-30T00:02:02Z] [pack] results_lgx_all.tar.gz 185M · 파일 14069개 · 조각 포함 1
[2026-09-30T00:03:04Z]: Exited with code 137
[2026-09-30T00:03:04Z]: 
