[2026-09-29T08:14:44Z]: Launching [ -f lg_payload.tar.gz ] && tar xzf lg_payload.tar.gz; LG_GPU_LEARNERS=all LG_BUDGET_MIN=1275 bash scripts/rescale/run_lg.sh, Working dir: /enc/ukrprod_ZovWo/work.  Process output follows:
[2026-09-29T08:14:44Z]: [payload] created_utc=2026-09-29T08:00:38Z
[2026-09-29T08:14:44Z]: [payload] git_commit=249005c
[2026-09-29T08:14:44Z]: [payload] git_uncommitted_paths=0
[2026-09-29T08:14:44Z]: [payload] sha256 7098f59dabe2b73f scripts/3_deep_learning/h40_label_grid.py
[2026-09-29T08:14:44Z]: [payload] sha256 db746179789f21a7 src/polar/m1_core.py
[2026-09-29T08:14:44Z]: [payload] sha256 6f4ba47bf407cdfa src/polar/tab_models.py
[2026-09-29T08:14:44Z]: [payload] sha256 4b6b888275d5f47f src/polar/h4_common.py
[2026-09-29T08:14:44Z]: [payload] sha256 2a910d36299ee2fb src/polar/m1_stats.py
[2026-09-29T08:14:44Z]: [payload] sha256 aca9b28aa848c98f tests/test_h40_smoke.py
[2026-09-29T08:14:44Z]: [payload] sha256 71b5d3f6c297770d data/processed/fidelity_base_v3.csv
[2026-09-29T08:14:44Z]: [payload] sha256 711d0cd3ba0e2e41 data/processed/e5_soil_tdd_v3.csv
[2026-09-29T08:14:44Z]: [payload] sha256 87bd06f98bb1d141 data/processed/lg_subregion_map_v1.csv
[2026-09-29T08:14:44Z]: [2026-09-29T08:14:44Z] [env] 작업 디렉터리 /enc/ukrprod_ZovWo/work
[2026-09-29T08:14:44Z]: [2026-09-29T08:14:44Z] [env] 코어 수 64 (RESCALE_CORES_PER_SLOT = 64, OMP_NUM_THREADS = 없음) · 메모리 433 GB (여유 427 GB)
[2026-09-29T08:14:44Z]: [2026-09-29T08:14:44Z] [env] 디스크 2.8T 여유 / 2.8T
[2026-09-29T08:14:44Z]: [2026-09-29T08:14:44Z] [env] python /program/pytorch-2.4.1/venv/bin/python3 · pip /program/pytorch-2.4.1/venv/bin/pip
[2026-09-29T08:14:47Z]: [env] python 3.11.10 · Linux-4.18.0-553.153.1.el8_10.x86_64-x86_64-with-glibc2.28
[2026-09-29T08:14:47Z]: [env] 가상환경 True · prefix /program/pytorch-2.4.1/venv
[2026-09-29T08:14:47Z]: [env] numpy 2.1.1
[2026-09-29T08:14:47Z]: [env] pandas 없음
[2026-09-29T08:14:47Z]: [env] scipy 없음
[2026-09-29T08:14:47Z]: [env] scikit-learn 없음
[2026-09-29T08:14:47Z]: [env] catboost 없음
[2026-09-29T08:14:47Z]: [env] pytabkit 없음
[2026-09-29T08:14:47Z]: [env] pytest 없음
[2026-09-29T08:14:47Z]: [env] torch 2.4.1
[2026-09-29T08:14:47Z]: [env] CUDA_VISIBLE_DEVICES = None
[2026-09-29T08:15:10Z]: [env] torch 2.4.1+cu121 · CUDA 빌드 12.1 · CUDA 사용 가능 True · GPU 수 4
[2026-09-29T08:15:10Z]: [env] GPU 0: Tesla T4 · 15.6 GiB
[2026-09-29T08:15:10Z]: [env] GPU 1: Tesla T4 · 15.6 GiB
[2026-09-29T08:15:10Z]: [env] GPU 2: Tesla T4 · 15.6 GiB
[2026-09-29T08:15:10Z]: [env] GPU 3: Tesla T4 · 14.6 GiB
[2026-09-29T08:15:13Z]: [env] nvidia-smi: index, name, memory.total [MiB], memory.used [MiB], utilization.gpu [%]
[2026-09-29T08:15:13Z]: [env] nvidia-smi: 0, Tesla T4, 16384 MiB, 1 MiB, 0 %
[2026-09-29T08:15:13Z]: [env] nvidia-smi: 1, Tesla T4, 16384 MiB, 1 MiB, 0 %
[2026-09-29T08:15:13Z]: [env] nvidia-smi: 2, Tesla T4, 16384 MiB, 1 MiB, 0 %
[2026-09-29T08:15:13Z]: [env] nvidia-smi: 3, Tesla T4, 15360 MiB, 1 MiB, 0 %
[2026-09-29T08:15:15Z]: [2026-09-29T08:15:15Z] [deps] 없는 필수 패키지: catboost>=1.2 scikit-learn>=1.3 pandas>=2.1,<3 scipy>=1.11
[2026-09-29T08:15:15Z]: [2026-09-29T08:15:15Z] [deps] pip install --user catboost>=1.2 scikit-learn>=1.3 pandas>=2.1,<3 scipy>=1.11
[2026-09-29T08:15:19Z]: ERROR: Can not perform a '--user' install. User site-packages are not visible in this virtualenv.
[2026-09-29T08:15:19Z]: [2026-09-29T08:15:19Z] [deps] --user 설치 실패(가상환경이면 정상이다). 기본 위치에 다시 시도한다
[2026-09-29T08:15:34Z]: ERROR: Could not install packages due to an OSError: [Errno 28] No space left on device: '/program/pytorch-2.4.1/venv/bin/plotly_get_chrome'
[2026-09-29T08:15:34Z]: 
[2026-09-29T08:15:34Z]: [2026-09-29T08:15:34Z] [deps] 기본 위치 설치 실패. --target /enc/ukrprod_ZovWo/work/.pydeps 에 다시 시도한다
[2026-09-29T08:16:08Z]: [deps] 확인: catboost 1.2.10 · scikit-learn 1.9.1 · pandas 2.3.3 · scipy 1.17.1 · numpy 2.4.6
[2026-09-29T08:16:08Z]: [2026-09-29T08:16:08Z] [deps] pip install --user pytabkit==1.7.3
[2026-09-29T08:16:09Z]: ERROR: Can not perform a '--user' install. User site-packages are not visible in this virtualenv.
[2026-09-29T08:16:09Z]: [2026-09-29T08:16:09Z] [deps] --user 설치 실패(가상환경이면 정상이다). 기본 위치에 다시 시도한다
[2026-09-29T08:16:12Z]: ERROR: Could not install packages due to an OSError: [Errno 28] No space left on device: '/program/pytorch-2.4.1/venv/lib/python3.11/site-packages/tqdm'
[2026-09-29T08:16:12Z]: 
[2026-09-29T08:16:13Z]: [2026-09-29T08:16:13Z] [deps] 기본 위치 설치 실패. --target /enc/ukrprod_ZovWo/work/.pydeps 에 다시 시도한다
[2026-09-29T08:17:42Z]: WARNING: Target directory /enc/ukrprod_ZovWo/work/.pydeps/numpy-2.4.6.dist-info already exists. Specify --upgrade to force replacement.
[2026-09-29T08:17:42Z]: WARNING: Target directory /enc/ukrprod_ZovWo/work/.pydeps/cloudpickle-3.1.2.dist-info already exists. Specify --upgrade to force replacement.
[2026-09-29T08:17:42Z]: WARNING: Target directory /enc/ukrprod_ZovWo/work/.pydeps/narwhals-2.26.0.dist-info already exists. Specify --upgrade to force replacement.
[2026-09-29T08:17:42Z]: WARNING: Target directory /enc/ukrprod_ZovWo/work/.pydeps/pandas already exists. Specify --upgrade to force replacement.
[2026-09-29T08:17:42Z]: WARNING: Target directory /enc/ukrprod_ZovWo/work/.pydeps/numpy already exists. Specify --upgrade to force replacement.
[2026-09-29T08:17:42Z]: WARNING: Target directory /enc/ukrprod_ZovWo/work/.pydeps/dateutil already exists. Specify --upgrade to force replacement.
[2026-09-29T08:17:42Z]: WARNING: Target directory /enc/ukrprod_ZovWo/work/.pydeps/__pycache__ already exists. Specify --upgrade to force replacement.
[2026-09-29T08:17:42Z]: WARNING: Target directory /enc/ukrprod_ZovWo/work/.pydeps/packaging-26.3.dist-info already exists. Specify --upgrade to force replacement.
[2026-09-29T08:17:42Z]: WARNING: Target directory /enc/ukrprod_ZovWo/work/.pydeps/threadpoolctl-3.7.0.dist-info already exists. Specify --upgrade to force replacement.
[2026-09-29T08:17:42Z]: WARNING: Target directory /enc/ukrprod_ZovWo/work/.pydeps/six.py already exists. Specify --upgrade to force replacement.
[2026-09-29T08:17:42Z]: WARNING: Target directory /enc/ukrprod_ZovWo/work/.pydeps/scipy already exists. Specify --upgrade to force replacement.
[2026-09-29T08:17:42Z]: WARNING: Target directory /enc/ukrprod_ZovWo/work/.pydeps/packaging already exists. Specify --upgrade to force replacement.
[2026-09-29T08:17:42Z]: WARNING: Target directory /enc/ukrprod_ZovWo/work/.pydeps/python_dateutil-2.9.0.post0.dist-info already exists. Specify --upgrade to force replacement.
[2026-09-29T08:17:42Z]: WARNING: Target directory /enc/ukrprod_ZovWo/work/.pydeps/sklearn already exists. Specify --upgrade to force replacement.
[2026-09-29T08:17:42Z]: WARNING: Target directory /enc/ukrprod_ZovWo/work/.pydeps/joblib-1.6.0.dist-info already exists. Specify --upgrade to force replacement.
[2026-09-29T08:17:42Z]: WARNING: Target directory /enc/ukrprod_ZovWo/work/.pydeps/narwhals already exists. Specify --upgrade to force replacement.
[2026-09-29T08:17:42Z]: WARNING: Target directory /enc/ukrprod_ZovWo/work/.pydeps/six-1.17.0.dist-info already exists. Specify --upgrade to force replacement.
[2026-09-29T08:17:42Z]: WARNING: Target directory /enc/ukrprod_ZovWo/work/.pydeps/numpy.libs already exists. Specify --upgrade to force replacement.
[2026-09-29T08:17:42Z]: WARNING: Target directory /enc/ukrprod_ZovWo/work/.pydeps/joblib already exists. Specify --upgrade to force replacement.
[2026-09-29T08:17:42Z]: WARNING: Target directory /enc/ukrprod_ZovWo/work/.pydeps/scikit_learn.libs already exists. Specify --upgrade to force replacement.
[2026-09-29T08:17:42Z]: WARNING: Target directory /enc/ukrprod_ZovWo/work/.pydeps/cloudpickle already exists. Specify --upgrade to force replacement.
[2026-09-29T08:17:42Z]: WARNING: Target directory /enc/ukrprod_ZovWo/work/.pydeps/scipy.libs already exists. Specify --upgrade to force replacement.
[2026-09-29T08:17:42Z]: WARNING: Target directory /enc/ukrprod_ZovWo/work/.pydeps/scipy-1.17.1.dist-info already exists. Specify --upgrade to force replacement.
[2026-09-29T08:17:42Z]: WARNING: Target directory /enc/ukrprod_ZovWo/work/.pydeps/threadpoolctl.py already exists. Specify --upgrade to force replacement.
[2026-09-29T08:17:42Z]: WARNING: Target directory /enc/ukrprod_ZovWo/work/.pydeps/scikit_learn-1.9.1.dist-info already exists. Specify --upgrade to force replacement.
[2026-09-29T08:17:42Z]: WARNING: Target directory /enc/ukrprod_ZovWo/work/.pydeps/bin already exists. Specify --upgrade to force replacement.
[2026-09-29T08:17:42Z]: WARNING: Target directory /enc/ukrprod_ZovWo/work/.pydeps/share already exists. Specify --upgrade to force replacement.
[2026-09-29T08:18:08Z]: [2026-09-29T08:18:08Z] [deps] 선택 패키지 pytabkit 설치함(pytabkit==1.7.3)
[2026-09-29T08:18:16Z]: [env] numpy 2.4.6
[2026-09-29T08:18:16Z]: [env] pandas 3.0.6
[2026-09-29T08:18:16Z]: [env] scipy 1.17.1
[2026-09-29T08:18:16Z]: [env] scikit-learn 1.9.1
[2026-09-29T08:18:16Z]: [env] catboost 1.2.10
[2026-09-29T08:18:16Z]: [env] pytabkit 1.7.3
[2026-09-29T08:18:16Z]: [env] torch 2.4.1
[2026-09-29T08:18:16Z]: [env] torch 2.4.1+cu121 · CUDA 빌드 12.1 · CUDA 사용 가능 True · GPU 수 4
[2026-09-29T08:18:19Z]: [2026-09-29T08:18:19Z] [lg] 코어 64 · 부분 'cpu gpu' · GPU '0,1,2,3' × 프로세스 3 × 스레드 2 · CPU 워커 14 × 스레드 4
[2026-09-29T08:18:19Z]: [2026-09-29T08:18:19Z] [lg] GPU 학습기 mlp,cfm,ddpm,tabm,nflow,ftt,realmlp · R2 제외 '' · 시간 한도 1275 min(집계 예비 40 min)
[2026-09-29T08:18:19Z]: [2026-09-29T08:18:19Z] [lg] GPU 부분 시작(pid 19995) → logs_lg/lg_gpu.log
[2026-09-29T08:18:19Z]: [2026-09-29T08:18:19Z] [lg] CPU 부분 시작(pid 19998) → logs_lg/lg_cpu.log
[2026-09-29T08:23:19Z]: [2026-09-29T08:23:19Z] [progress] 경과 8 min · cpu 조각 5개(완료 5/117) 실패 0 · gpu 조각 8개(완료 8/231) 실패 0 · GPU 사용률 99/98/99/99 % · 부하 84.71 57.26 25.52
[2026-09-29T08:28:20Z]: [2026-09-29T08:28:20Z] [progress] 경과 13 min · cpu 조각 10개(완료 10/117) 실패 0 · gpu 조각 17개(완료 17/231) 실패 0 · GPU 사용률 99/98/99/100 % · 부하 85.05 75.43 42.22
[2026-09-29T08:33:20Z]: [2026-09-29T08:33:20Z] [progress] 경과 18 min · cpu 조각 16개(완료 16/117) 실패 0 · gpu 조각 30개(완료 30/231) 실패 0 · GPU 사용률 100/98/99/94 % · 부하 87.46 81.97 54.16
[2026-09-29T08:38:20Z]: [2026-09-29T08:38:20Z] [progress] 경과 23 min · cpu 조각 24개(완료 24/117) 실패 0 · gpu 조각 42개(완료 42/231) 실패 0 · GPU 사용률 100/95/98/98 % · 부하 88.81 85.57 63.33
[2026-09-29T08:43:21Z]: [2026-09-29T08:43:21Z] [progress] 경과 28 min · cpu 조각 31개(완료 31/117) 실패 0 · gpu 조각 54개(완료 54/231) 실패 0 · GPU 사용률 100/100/99/97 % · 부하 79.87 83.63 68.74
[2026-09-29T08:48:21Z]: [2026-09-29T08:48:21Z] [progress] 경과 33 min · cpu 조각 39개(완료 39/117) 실패 0 · gpu 조각 68개(완료 68/231) 실패 0 · GPU 사용률 100/100/100/100 % · 부하 78.84 81.85 72.18
[2026-09-29T08:48:22Z]: [2026-09-29T08:48:22Z] [pack] results_lg.tar.gz 15M · 파일 328개
[2026-09-29T08:53:22Z]: [2026-09-29T08:53:22Z] [progress] 경과 38 min · cpu 조각 51개(완료 50/117) 실패 0 · gpu 조각 78개(완료 78/231) 실패 0 · GPU 사용률 100/96/100/100 % · 부하 82.40 83.89 75.90
[2026-09-29T08:58:23Z]: [2026-09-29T08:58:23Z] [progress] 경과 43 min · cpu 조각 67개(완료 67/117) 실패 0 · gpu 조각 88개(완료 88/231) 실패 0 · GPU 사용률 95/100/100/100 % · 부하 86.34 86.15 79.09
[2026-09-29T09:03:23Z]: [2026-09-29T09:03:23Z] [progress] 경과 48 min · cpu 조각 77개(완료 77/117) 실패 0 · gpu 조각 100개(완료 100/231) 실패 0 · GPU 사용률 88/87/97/99 % · 부하 90.87 88.74 82.04
[2026-09-29T09:08:23Z]: [2026-09-29T09:08:23Z] [progress] 경과 53 min · cpu 조각 87개(완료 87/117) 실패 0 · gpu 조각 114개(완료 114/231) 실패 0 · GPU 사용률 99/98/99/96 % · 부하 87.54 89.13 84.09
[2026-09-29T09:13:24Z]: [2026-09-29T09:13:24Z] [progress] 경과 58 min · cpu 조각 97개(완료 97/117) 실패 0 · gpu 조각 124개(완료 124/231) 실패 0 · GPU 사용률 99/100/100/100 % · 부하 74.14 83.32 83.32
[2026-09-29T09:18:24Z]: [2026-09-29T09:18:24Z] [progress] 경과 63 min · cpu 조각 110개(완료 110/117) 실패 0 · gpu 조각 128개(완료 128/231) 실패 0 · GPU 사용률 100/100/100/100 % · 부하 53.05 70.82 78.62
[2026-09-29T09:18:27Z]: [2026-09-29T09:18:27Z] [pack] results_lg.tar.gz 28M · 파일 721개
[2026-09-29T09:21:47Z]: [2026-09-29T09:21:47Z] [lg] CPU 부분 끝: 종료 코드 0
[2026-09-29T09:21:47Z]:   [cpu]   [CA-2|x|s5|cpu] 적합 736 · 행 1824 · A 194 · 채점 201/8블록 · 원천 16717 · E0 1.591 · 380.3s · 장치 '' · 상태 ok(실패 0) · 완료 114/117 · 누적 3723s
[2026-09-29T09:21:47Z]:   [cpu]   [CA-2|i|s5|cpu] 적합 736 · 행 1824 · A 194 · 채점 201/8블록 · 원천 17071 · E0 1.603 · 396.4s · 장치 '' · 상태 ok(실패 0) · 완료 115/117 · 누적 3729s
[2026-09-29T09:21:47Z]:   [cpu]   [CA-3|i|s5|cpu] 적합 736 · 행 1824 · A 178 · 채점 171/4블록 · 원천 17096 · E0 1.581 · 406.8s · 장치 '' · 상태 ok(실패 0) · 완료 116/117 · 누적 3753s
[2026-09-29T09:21:47Z]:   [cpu]   [CA-3|x|s5|cpu] 적합 736 · 행 1824 · A 178 · 채점 171/4블록 · 원천 16697 · E0 1.592 · 387.0s · 장치 '' · 상태 ok(실패 0) · 완료 117/117 · 누적 3789s
[2026-09-29T09:21:47Z]:   [cpu] [done] 완료 117 · 실패 0 · 일부 적합 실패 21 · 3790s
[2026-09-29T09:21:47Z]: [2026-09-29T09:21:47Z] [progress] 경과 67 min · cpu 조각 117개(완료 117/117) 실패 0 · gpu 조각 128개(완료 128/231) 실패 0 · GPU 사용률 100/100/100/100 % · 부하 21.56 49.27 68.82
[2026-09-29T09:21:50Z]: [2026-09-29T09:21:50Z] [pack] results_lg.tar.gz 29M · 파일 742개
[2026-09-29T09:23:30Z]: [2026-09-29T09:23:30Z] [progress] 경과 68 min · cpu 조각 117개(완료 117/117) 실패 0 · gpu 조각 128개(완료 128/231) 실패 0 · GPU 사용률 100/100/100/100 % · 부하 14.40 38.47 62.83
[2026-09-29T09:28:30Z]: [2026-09-29T09:28:30Z] [progress] 경과 73 min · cpu 조각 117개(완료 117/117) 실패 0 · gpu 조각 128개(완료 128/231) 실패 0 · GPU 사용률 100/100/100/100 % · 부하 12.77 22.21 49.01
[2026-09-29T09:33:30Z]: [2026-09-29T09:33:30Z] [progress] 경과 78 min · cpu 조각 117개(완료 117/117) 실패 0 · gpu 조각 129개(완료 129/231) 실패 0 · GPU 사용률 100/100/100/100 % · 부하 12.83 16.21 38.98
[2026-09-29T09:38:30Z]: [2026-09-29T09:38:30Z] [progress] 경과 83 min · cpu 조각 117개(완료 117/117) 실패 0 · gpu 조각 130개(완료 130/231) 실패 0 · GPU 사용률 100/100/100/100 % · 부하 12.84 14.04 31.74
[2026-09-29T09:43:30Z]: [2026-09-29T09:43:30Z] [progress] 경과 88 min · cpu 조각 117개(완료 117/117) 실패 0 · gpu 조각 130개(완료 130/231) 실패 0 · GPU 사용률 100/100/100/100 % · 부하 12.39 13.03 26.41
[2026-09-29T09:48:31Z]: [2026-09-29T09:48:31Z] [progress] 경과 93 min · cpu 조각 117개(완료 117/117) 실패 0 · gpu 조각 130개(완료 130/231) 실패 0 · GPU 사용률 100/100/100/100 % · 부하 13.00 12.92 22.65
[2026-09-29T09:48:33Z]: [2026-09-29T09:48:33Z] [pack] results_lg.tar.gz 29M · 파일 748개
[2026-09-29T09:53:34Z]: [2026-09-29T09:53:34Z] [progress] 경과 98 min · cpu 조각 117개(완료 117/117) 실패 0 · gpu 조각 131개(완료 131/231) 실패 0 · GPU 사용률 100/100/100/100 % · 부하 12.71 12.65 19.83
[2026-09-29T09:58:34Z]: [2026-09-29T09:58:34Z] [progress] 경과 103 min · cpu 조각 117개(완료 117/117) 실패 0 · gpu 조각 131개(완료 131/231) 실패 0 · GPU 사용률 100/100/100/100 % · 부하 12.69 12.61 17.78
[2026-09-29T10:03:34Z]: [2026-09-29T10:03:34Z] [progress] 경과 108 min · cpu 조각 117개(완료 117/117) 실패 0 · gpu 조각 131개(완료 131/231) 실패 0 · GPU 사용률 100/100/100/100 % · 부하 12.50 12.62 16.35
[2026-09-29T10:08:34Z]: [2026-09-29T10:08:34Z] [progress] 경과 113 min · cpu 조각 117개(완료 117/117) 실패 0 · gpu 조각 131개(완료 131/231) 실패 0 · GPU 사용률 100/100/100/100 % · 부하 12.42 12.52 15.27
[2026-09-29T10:13:34Z]: [2026-09-29T10:13:34Z] [progress] 경과 118 min · cpu 조각 117개(완료 117/117) 실패 0 · gpu 조각 133개(완료 133/231) 실패 0 · GPU 사용률 100/100/100/100 % · 부하 12.80 12.65 14.55
[2026-09-29T10:18:34Z]: [2026-09-29T10:18:34Z] [progress] 경과 123 min · cpu 조각 117개(완료 117/117) 실패 0 · gpu 조각 134개(완료 134/231) 실패 0 · GPU 사용률 100/100/100/100 % · 부하 12.61 12.59 13.98
[2026-09-29T10:18:37Z]: [2026-09-29T10:18:37Z] [pack] results_lg.tar.gz 29M · 파일 760개
[2026-09-29T10:23:37Z]: [2026-09-29T10:23:37Z] [progress] 경과 128 min · cpu 조각 117개(완료 117/117) 실패 0 · gpu 조각 135개(완료 135/231) 실패 0 · GPU 사용률 100/100/100/100 % · 부하 12.39 12.53 13.57
[2026-09-29T10:28:38Z]: [2026-09-29T10:28:38Z] [progress] 경과 133 min · cpu 조각 117개(완료 117/117) 실패 0 · gpu 조각 135개(완료 135/231) 실패 0 · GPU 사용률 100/100/100/100 % · 부하 12.28 12.41 13.22
[2026-09-29T10:33:38Z]: [2026-09-29T10:33:38Z] [progress] 경과 138 min · cpu 조각 117개(완료 117/117) 실패 0 · gpu 조각 135개(완료 135/231) 실패 0 · GPU 사용률 100/100/100/100 % · 부하 12.52 12.46 13.01
[2026-09-29T10:38:38Z]: [2026-09-29T10:38:38Z] [progress] 경과 143 min · cpu 조각 117개(완료 117/117) 실패 0 · gpu 조각 135개(완료 135/231) 실패 0 · GPU 사용률 100/100/100/100 % · 부하 12.61 12.48 12.87
[2026-09-29T10:43:38Z]: [2026-09-29T10:43:38Z] [progress] 경과 148 min · cpu 조각 117개(완료 117/117) 실패 0 · gpu 조각 135개(완료 135/231) 실패 0 · GPU 사용률 100/100/100/100 % · 부하 12.41 12.48 12.76
[2026-09-29T10:48:38Z]: [2026-09-29T10:48:38Z] [progress] 경과 153 min · cpu 조각 117개(완료 117/117) 실패 0 · gpu 조각 135개(완료 135/231) 실패 0 · GPU 사용률 100/100/100/100 % · 부하 12.46 12.47 12.68
[2026-09-29T10:48:41Z]: [2026-09-29T10:48:41Z] [pack] results_lg.tar.gz 29M · 파일 763개
[2026-09-29T10:53:41Z]: [2026-09-29T10:53:41Z] [progress] 경과 158 min · cpu 조각 117개(완료 117/117) 실패 0 · gpu 조각 136개(완료 136/231) 실패 0 · GPU 사용률 100/100/100/100 % · 부하 12.32 12.36 12.57
[2026-09-29T10:58:41Z]: [2026-09-29T10:58:41Z] [progress] 경과 163 min · cpu 조각 117개(완료 117/117) 실패 0 · gpu 조각 136개(완료 136/231) 실패 0 · GPU 사용률 100/100/100/100 % · 부하 12.48 12.43 12.54
[2026-09-29T11:03:41Z]: [2026-09-29T11:03:41Z] [progress] 경과 168 min · cpu 조각 117개(완료 117/117) 실패 0 · gpu 조각 136개(완료 136/231) 실패 0 · GPU 사용률 100/100/100/100 % · 부하 12.37 12.44 12.52
[2026-09-29T11:08:42Z]: [2026-09-29T11:08:42Z] [progress] 경과 173 min · cpu 조각 117개(완료 117/117) 실패 0 · gpu 조각 136개(완료 136/231) 실패 0 · GPU 사용률 100/100/100/100 % · 부하 12.45 12.40 12.47
[2026-09-29T11:13:42Z]: [2026-09-29T11:13:42Z] [progress] 경과 178 min · cpu 조각 117개(완료 117/117) 실패 0 · gpu 조각 136개(완료 136/231) 실패 0 · GPU 사용률 100/100/100/100 % · 부하 12.41 12.45 12.46
[2026-09-29T11:18:42Z]: [2026-09-29T11:18:42Z] [progress] 경과 183 min · cpu 조각 117개(완료 117/117) 실패 0 · gpu 조각 136개(완료 136/231) 실패 0 · GPU 사용률 100/100/100/100 % · 부하 12.27 12.36 12.42
[2026-09-29T11:18:45Z]: [2026-09-29T11:18:45Z] [pack] results_lg.tar.gz 29M · 파일 766개
[2026-09-29T11:23:45Z]: [2026-09-29T11:23:45Z] [progress] 경과 189 min · cpu 조각 117개(완료 117/117) 실패 0 · gpu 조각 137개(완료 137/231) 실패 0 · GPU 사용률 100/100/100/100 % · 부하 12.21 12.28 12.37
[2026-09-29T11:28:45Z]: [2026-09-29T11:28:45Z] [progress] 경과 194 min · cpu 조각 117개(완료 117/117) 실패 0 · gpu 조각 137개(완료 137/231) 실패 0 · GPU 사용률 100/100/100/100 % · 부하 12.23 12.34 12.36
[2026-09-29T11:33:45Z]: [2026-09-29T11:33:45Z] [progress] 경과 199 min · cpu 조각 117개(완료 117/117) 실패 0 · gpu 조각 137개(완료 137/231) 실패 0 · GPU 사용률 100/100/100/100 % · 부하 12.25 12.34 12.35
[2026-09-29T11:38:45Z]: [2026-09-29T11:38:45Z] [progress] 경과 204 min · cpu 조각 117개(완료 117/117) 실패 0 · gpu 조각 139개(완료 139/231) 실패 0 · GPU 사용률 100/100/100/100 % · 부하 12.26 12.28 12.32
[2026-09-29T11:43:45Z]: [2026-09-29T11:43:45Z] [progress] 경과 209 min · cpu 조각 117개(완료 117/117) 실패 0 · gpu 조각 139개(완료 139/231) 실패 0 · GPU 사용률 100/100/100/100 % · 부하 12.14 12.22 12.28
[2026-09-29T11:48:46Z]: [2026-09-29T11:48:46Z] [progress] 경과 214 min · cpu 조각 117개(완료 117/117) 실패 0 · gpu 조각 139개(완료 139/231) 실패 0 · GPU 사용률 100/100/100/100 % · 부하 12.50 12.45 12.37
[2026-09-29T11:48:48Z]: [2026-09-29T11:48:48Z] [pack] results_lg.tar.gz 29M · 파일 775개
[2026-09-29T11:53:49Z]: [2026-09-29T11:53:49Z] [progress] 경과 219 min · cpu 조각 117개(완료 117/117) 실패 0 · gpu 조각 139개(완료 139/231) 실패 0 · GPU 사용률 100/100/100/100 % · 부하 12.20 12.32 12.33
[2026-09-29T11:58:49Z]: [2026-09-29T11:58:49Z] [progress] 경과 224 min · cpu 조각 117개(완료 117/117) 실패 0 · gpu 조각 139개(완료 139/231) 실패 0 · GPU 사용률 100/100/100/100 % · 부하 12.35 12.37 12.36
[2026-09-29T12:03:49Z]: [2026-09-29T12:03:49Z] [progress] 경과 229 min · cpu 조각 117개(완료 117/117) 실패 0 · gpu 조각 139개(완료 139/231) 실패 0 · GPU 사용률 100/100/100/100 % · 부하 12.64 12.45 12.39
[2026-09-29T12:08:49Z]: [2026-09-29T12:08:49Z] [progress] 경과 234 min · cpu 조각 117개(완료 117/117) 실패 0 · gpu 조각 140개(완료 140/231) 실패 0 · GPU 사용률 100/100/100/100 % · 부하 12.32 12.46 12.41
[2026-09-29T12:13:49Z]: [2026-09-29T12:13:49Z] [progress] 경과 239 min · cpu 조각 117개(완료 117/117) 실패 0 · gpu 조각 141개(완료 141/231) 실패 0 · GPU 사용률 100/100/100/100 % · 부하 12.58 12.47 12.43
[2026-09-29T12:18:49Z]: [2026-09-29T12:18:49Z] [progress] 경과 244 min · cpu 조각 117개(완료 117/117) 실패 0 · gpu 조각 141개(완료 141/231) 실패 0 · GPU 사용률 100/100/100/100 % · 부하 12.62 12.51 12.45
[2026-09-29T12:18:52Z]: [2026-09-29T12:18:52Z] [pack] results_lg.tar.gz 30M · 파일 781개
[2026-09-29T12:23:52Z]: [2026-09-29T12:23:52Z] [progress] 경과 249 min · cpu 조각 117개(완료 117/117) 실패 0 · gpu 조각 142개(완료 142/231) 실패 0 · GPU 사용률 100/100/100/100 % · 부하 14.19 13.01 12.64
[2026-09-29T12:28:53Z]: [2026-09-29T12:28:53Z] [progress] 경과 254 min · cpu 조각 117개(완료 117/117) 실패 0 · gpu 조각 142개(완료 142/231) 실패 0 · GPU 사용률 100/100/100/100 % · 부하 12.47 12.75 12.63
[2026-09-29T12:33:53Z]: [2026-09-29T12:33:53Z] [progress] 경과 259 min · cpu 조각 117개(완료 117/117) 실패 0 · gpu 조각 142개(완료 142/231) 실패 0 · GPU 사용률 100/100/100/100 % · 부하 12.29 12.60 12.61
[2026-09-29T12:38:53Z]: [2026-09-29T12:38:53Z] [progress] 경과 264 min · cpu 조각 117개(완료 117/117) 실패 0 · gpu 조각 142개(완료 142/231) 실패 0 · GPU 사용률 100/100/100/100 % · 부하 12.43 12.50 12.57
[2026-09-29T12:43:53Z]: [2026-09-29T12:43:53Z] [progress] 경과 269 min · cpu 조각 117개(완료 117/117) 실패 0 · gpu 조각 142개(완료 142/231) 실패 0 · GPU 사용률 100/100/100/100 % · 부하 12.46 12.43 12.51
[2026-09-29T12:48:53Z]: [2026-09-29T12:48:53Z] [progress] 경과 274 min · cpu 조각 117개(완료 117/117) 실패 0 · gpu 조각 143개(완료 143/231) 실패 0 · GPU 사용률 100/100/100/100 % · 부하 12.34 12.43 12.50
[2026-09-29T12:48:56Z]: [2026-09-29T12:48:56Z] [pack] results_lg.tar.gz 30M · 파일 787개
[2026-09-29T12:53:56Z]: [2026-09-29T12:53:56Z] [progress] 경과 279 min · cpu 조각 117개(완료 117/117) 실패 0 · gpu 조각 143개(완료 143/231) 실패 0 · GPU 사용률 100/100/100/100 % · 부하 12.41 12.47 12.50
[2026-09-29T12:58:56Z]: [2026-09-29T12:58:56Z] [progress] 경과 284 min · cpu 조각 117개(완료 117/117) 실패 0 · gpu 조각 143개(완료 143/231) 실패 0 · GPU 사용률 100/100/100/100 % · 부하 12.27 12.38 12.45
[2026-09-29T13:03:56Z]: [2026-09-29T13:03:56Z] [progress] 경과 289 min · cpu 조각 117개(완료 117/117) 실패 0 · gpu 조각 145개(완료 145/231) 실패 0 · GPU 사용률 100/100/100/100 % · 부하 12.47 12.35 12.40
[2026-09-29T13:08:57Z]: [2026-09-29T13:08:57Z] [progress] 경과 294 min · cpu 조각 117개(완료 117/117) 실패 0 · gpu 조각 145개(완료 145/231) 실패 0 · GPU 사용률 100/100/100/100 % · 부하 12.30 12.35 12.38
[2026-09-29T13:13:57Z]: [2026-09-29T13:13:57Z] [progress] 경과 299 min · cpu 조각 117개(완료 117/117) 실패 0 · gpu 조각 145개(완료 145/231) 실패 0 · GPU 사용률 100/100/100/100 % · 부하 12.52 12.44 12.40
[2026-09-29T13:18:57Z]: [2026-09-29T13:18:57Z] [progress] 경과 304 min · cpu 조각 117개(완료 117/117) 실패 0 · gpu 조각 145개(완료 145/231) 실패 0 · GPU 사용률 100/100/100/100 % · 부하 12.79 12.55 12.45
[2026-09-29T13:19:00Z]: [2026-09-29T13:19:00Z] [pack] results_lg.tar.gz 30M · 파일 793개
[2026-09-29T13:24:00Z]: [2026-09-29T13:24:00Z] [progress] 경과 309 min · cpu 조각 117개(완료 117/117) 실패 0 · gpu 조각 147개(완료 147/231) 실패 0 · GPU 사용률 100/100/100/100 % · 부하 12.78 12.52 12.45
[2026-09-29T13:29:00Z]: [2026-09-29T13:29:00Z] [progress] 경과 314 min · cpu 조각 117개(완료 117/117) 실패 0 · gpu 조각 147개(완료 147/231) 실패 0 · GPU 사용률 100/100/100/100 % · 부하 12.50 12.54 12.47
[2026-09-29T13:34:00Z]: [2026-09-29T13:34:00Z] [progress] 경과 319 min · cpu 조각 117개(완료 117/117) 실패 0 · gpu 조각 148개(완료 148/231) 실패 0 · GPU 사용률 100/100/100/100 % · 부하 12.42 12.53 12.50
[2026-09-29T13:39:00Z]: [2026-09-29T13:39:00Z] [progress] 경과 324 min · cpu 조각 117개(완료 117/117) 실패 0 · gpu 조각 149개(완료 149/231) 실패 0 · GPU 사용률 100/100/100/100 % · 부하 12.27 12.45 12.48
[2026-09-29T13:44:01Z]: [2026-09-29T13:44:01Z] [progress] 경과 329 min · cpu 조각 117개(완료 117/117) 실패 0 · gpu 조각 149개(완료 149/231) 실패 0 · GPU 사용률 100/100/100/100 % · 부하 12.41 12.56 12.53
[2026-09-29T13:49:01Z]: [2026-09-29T13:49:01Z] [progress] 경과 334 min · cpu 조각 117개(완료 117/117) 실패 0 · gpu 조각 151개(완료 151/231) 실패 0 · GPU 사용률 100/100/100/100 % · 부하 12.56 12.60 12.56
[2026-09-29T13:49:04Z]: [2026-09-29T13:49:03Z] [pack] results_lg.tar.gz 30M · 파일 811개
[2026-09-29T13:54:04Z]: [2026-09-29T13:54:04Z] [progress] 경과 339 min · cpu 조각 117개(완료 117/117) 실패 0 · gpu 조각 151개(완료 151/231) 실패 0 · GPU 사용률 100/100/100/100 % · 부하 12.23 12.45 12.51
[2026-09-29T13:59:04Z]: [2026-09-29T13:59:04Z] [progress] 경과 344 min · cpu 조각 117개(완료 117/117) 실패 0 · gpu 조각 152개(완료 152/231) 실패 0 · GPU 사용률 100/100/100/100 % · 부하 12.63 12.57 12.55
[2026-09-29T14:04:04Z]: [2026-09-29T14:04:04Z] [progress] 경과 349 min · cpu 조각 117개(완료 117/117) 실패 0 · gpu 조각 153개(완료 153/231) 실패 0 · GPU 사용률 100/100/100/100 % · 부하 12.53 12.53 12.53
[2026-09-29T14:09:04Z]: [2026-09-29T14:09:04Z] [progress] 경과 354 min · cpu 조각 117개(완료 117/117) 실패 0 · gpu 조각 154개(완료 154/231) 실패 0 · GPU 사용률 100/100/100/100 % · 부하 12.52 12.49 12.51
[2026-09-29T14:14:04Z]: [2026-09-29T14:14:04Z] [progress] 경과 359 min · cpu 조각 117개(완료 117/117) 실패 0 · gpu 조각 154개(완료 154/231) 실패 0 · GPU 사용률 100/100/100/100 % · 부하 12.81 12.63 12.56
[2026-09-29T14:19:04Z]: [2026-09-29T14:19:04Z] [progress] 경과 364 min · cpu 조각 117개(완료 117/117) 실패 0 · gpu 조각 156개(완료 156/231) 실패 0 · GPU 사용률 100/100/100/100 % · 부하 12.41 12.54 12.54
[2026-09-29T14:19:07Z]: [2026-09-29T14:19:07Z] [pack] results_lg.tar.gz 30M · 파일 826개
[2026-09-29T14:24:07Z]: [2026-09-29T14:24:07Z] [progress] 경과 369 min · cpu 조각 117개(완료 117/117) 실패 0 · gpu 조각 158개(완료 158/231) 실패 0 · GPU 사용률 100/100/100/100 % · 부하 12.66 12.50 12.52
[2026-09-29T14:29:08Z]: [2026-09-29T14:29:08Z] [progress] 경과 374 min · cpu 조각 117개(완료 117/117) 실패 0 · gpu 조각 162개(완료 162/231) 실패 0 · GPU 사용률 100/100/100/100 % · 부하 12.58 12.56 12.54
[2026-09-29T14:34:08Z]: [2026-09-29T14:34:08Z] [progress] 경과 379 min · cpu 조각 117개(완료 117/117) 실패 0 · gpu 조각 162개(완료 162/231) 실패 0 · GPU 사용률 100/100/100/100 % · 부하 12.64 12.57 12.55
[2026-09-29T14:39:08Z]: [2026-09-29T14:39:08Z] [progress] 경과 384 min · cpu 조각 117개(완료 117/117) 실패 0 · gpu 조각 162개(완료 162/231) 실패 0 · GPU 사용률 100/100/100/100 % · 부하 12.45 12.49 12.52
[2026-09-29T14:44:08Z]: [2026-09-29T14:44:08Z] [progress] 경과 389 min · cpu 조각 117개(완료 117/117) 실패 0 · gpu 조각 162개(완료 162/231) 실패 0 · GPU 사용률 100/100/100/100 % · 부하 12.78 12.58 12.55
[2026-09-29T14:49:08Z]: [2026-09-29T14:49:08Z] [progress] 경과 394 min · cpu 조각 117개(완료 117/117) 실패 0 · gpu 조각 162개(완료 162/231) 실패 0 · GPU 사용률 100/100/100/100 % · 부하 12.49 12.58 12.56
[2026-09-29T14:49:11Z]: [2026-09-29T14:49:11Z] [pack] results_lg.tar.gz 30M · 파일 844개
[2026-09-29T14:54:11Z]: [2026-09-29T14:54:11Z] [progress] 경과 399 min · cpu 조각 117개(완료 117/117) 실패 0 · gpu 조각 163개(완료 163/231) 실패 0 · GPU 사용률 100/100/100/100 % · 부하 12.47 12.52 12.53
[2026-09-29T14:59:11Z]: [2026-09-29T14:59:11Z] [progress] 경과 404 min · cpu 조각 117개(완료 117/117) 실패 0 · gpu 조각 166개(완료 166/231) 실패 0 · GPU 사용률 100/100/100/100 % · 부하 12.49 12.55 12.54
[2026-09-29T15:04:12Z]: [2026-09-29T15:04:12Z] [progress] 경과 409 min · cpu 조각 117개(완료 117/117) 실패 0 · gpu 조각 167개(완료 167/231) 실패 0 · GPU 사용률 100/100/100/100 % · 부하 12.57 12.51 12.53
[2026-09-29T15:09:12Z]: [2026-09-29T15:09:12Z] [progress] 경과 414 min · cpu 조각 117개(완료 117/117) 실패 0 · gpu 조각 168개(완료 168/231) 실패 0 · GPU 사용률 100/100/100/100 % · 부하 12.53 12.63 12.58
[2026-09-29T15:14:12Z]: [2026-09-29T15:14:12Z] [progress] 경과 419 min · cpu 조각 117개(완료 117/117) 실패 0 · gpu 조각 169개(완료 169/231) 실패 0 · GPU 사용률 100/100/100/100 % · 부하 12.48 12.57 12.57
[2026-09-29T15:19:12Z]: [2026-09-29T15:19:12Z] [progress] 경과 424 min · cpu 조각 117개(완료 117/117) 실패 0 · gpu 조각 170개(완료 170/231) 실패 0 · GPU 사용률 100/100/100/100 % · 부하 12.69 12.69 12.63
[2026-09-29T15:19:15Z]: [2026-09-29T15:19:15Z] [pack] results_lg.tar.gz 30M · 파일 868개
[2026-09-29T15:24:15Z]: [2026-09-29T15:24:15Z] [progress] 경과 429 min · cpu 조각 117개(완료 117/117) 실패 0 · gpu 조각 172개(완료 172/231) 실패 0 · GPU 사용률 100/100/100/100 % · 부하 12.41 12.58 12.61
[2026-09-29T15:29:15Z]: [2026-09-29T15:29:15Z] [progress] 경과 434 min · cpu 조각 117개(완료 117/117) 실패 0 · gpu 조각 173개(완료 173/231) 실패 0 · GPU 사용률 100/100/100/100 % · 부하 12.53 12.56 12.60
[2026-09-29T15:34:15Z]: [2026-09-29T15:34:15Z] [progress] 경과 439 min · cpu 조각 117개(완료 117/117) 실패 0 · gpu 조각 173개(완료 173/231) 실패 0 · GPU 사용률 100/100/100/100 % · 부하 12.65 12.60 12.60
[2026-09-29T15:39:16Z]: [2026-09-29T15:39:16Z] [progress] 경과 444 min · cpu 조각 117개(완료 117/117) 실패 0 · gpu 조각 173개(완료 173/231) 실패 0 · GPU 사용률 100/100/100/100 % · 부하 12.71 12.63 12.61
[2026-09-29T15:44:16Z]: [2026-09-29T15:44:16Z] [progress] 경과 449 min · cpu 조각 117개(완료 117/117) 실패 0 · gpu 조각 173개(완료 173/231) 실패 0 · GPU 사용률 100/100/100/100 % · 부하 12.86 12.68 12.63
[2026-09-29T15:49:16Z]: [2026-09-29T15:49:16Z] [progress] 경과 454 min · cpu 조각 117개(완료 117/117) 실패 0 · gpu 조각 175개(완료 175/231) 실패 0 · GPU 사용률 100/100/100/100 % · 부하 12.53 12.62 12.62
[2026-09-29T15:49:19Z]: [2026-09-29T15:49:19Z] [pack] results_lg.tar.gz 30M · 파일 883개
[2026-09-29T15:54:19Z]: [2026-09-29T15:54:19Z] [progress] 경과 459 min · cpu 조각 117개(완료 117/117) 실패 0 · gpu 조각 176개(완료 176/231) 실패 0 · GPU 사용률 100/100/100/100 % · 부하 12.51 12.53 12.58
[2026-09-29T15:59:19Z]: [2026-09-29T15:59:19Z] [progress] 경과 464 min · cpu 조각 117개(완료 117/117) 실패 0 · gpu 조각 176개(완료 176/231) 실패 0 · GPU 사용률 100/100/100/100 % · 부하 12.43 12.43 12.52
[2026-09-29T16:04:19Z]: [2026-09-29T16:04:19Z] [progress] 경과 469 min · cpu 조각 117개(완료 117/117) 실패 0 · gpu 조각 177개(완료 177/231) 실패 0 · GPU 사용률 100/100/100/100 % · 부하 12.76 12.61 12.57
[2026-09-29T16:09:19Z]: [2026-09-29T16:09:19Z] [progress] 경과 474 min · cpu 조각 117개(완료 117/117) 실패 0 · gpu 조각 178개(완료 178/231) 실패 0 · GPU 사용률 100/100/100/100 % · 부하 12.71 12.65 12.59
[2026-09-29T16:14:20Z]: [2026-09-29T16:14:20Z] [progress] 경과 479 min · cpu 조각 117개(완료 117/117) 실패 0 · gpu 조각 178개(완료 178/231) 실패 0 · GPU 사용률 100/100/100/100 % · 부하 12.56 12.75 12.67
[2026-09-29T16:19:20Z]: [2026-09-29T16:19:20Z] [progress] 경과 484 min · cpu 조각 117개(완료 117/117) 실패 0 · gpu 조각 178개(완료 178/231) 실패 0 · GPU 사용률 100/100/100/100 % · 부하 12.72 12.67 12.66
[2026-09-29T16:19:23Z]: [2026-09-29T16:19:23Z] [pack] results_lg.tar.gz 30M · 파일 892개
[2026-09-29T16:24:23Z]: [2026-09-29T16:24:23Z] [progress] 경과 489 min · cpu 조각 117개(완료 117/117) 실패 0 · gpu 조각 179개(완료 179/231) 실패 0 · GPU 사용률 100/100/100/100 % · 부하 12.41 12.60 12.63
[2026-09-29T16:29:23Z]: [2026-09-29T16:29:23Z] [progress] 경과 494 min · cpu 조각 117개(완료 117/117) 실패 0 · gpu 조각 179개(완료 179/231) 실패 0 · GPU 사용률 100/100/100/100 % · 부하 12.96 12.70 12.66
[2026-09-29T16:34:23Z]: [2026-09-29T16:34:23Z] [progress] 경과 499 min · cpu 조각 117개(완료 117/117) 실패 0 · gpu 조각 180개(완료 180/231) 실패 0 · GPU 사용률 100/100/100/100 % · 부하 12.60 12.68 12.66
[2026-09-29T16:39:23Z]: [2026-09-29T16:39:23Z] [progress] 경과 504 min · cpu 조각 117개(완료 117/117) 실패 0 · gpu 조각 181개(완료 181/231) 실패 0 · GPU 사용률 100/100/99/100 % · 부하 12.83 12.79 12.71
[2026-09-29T16:44:23Z]: [2026-09-29T16:44:23Z] [progress] 경과 509 min · cpu 조각 117개(완료 117/117) 실패 0 · gpu 조각 184개(완료 184/231) 실패 0 · GPU 사용률 100/100/99/100 % · 부하 12.32 12.56 12.63
[2026-09-29T16:49:24Z]: [2026-09-29T16:49:24Z] [progress] 경과 514 min · cpu 조각 117개(완료 117/117) 실패 0 · gpu 조각 184개(완료 184/231) 실패 0 · GPU 사용률 100/100/99/100 % · 부하 12.22 12.32 12.50
[2026-09-29T16:49:27Z]: [2026-09-29T16:49:27Z] [pack] results_lg.tar.gz 30M · 파일 910개
[2026-09-29T16:54:27Z]: [2026-09-29T16:54:27Z] [progress] 경과 519 min · cpu 조각 117개(완료 117/117) 실패 0 · gpu 조각 185개(완료 185/231) 실패 0 · GPU 사용률 100/100/99/100 % · 부하 12.13 12.23 12.41
[2026-09-29T16:59:27Z]: [2026-09-29T16:59:27Z] [progress] 경과 524 min · cpu 조각 117개(완료 117/117) 실패 0 · gpu 조각 185개(완료 185/231) 실패 0 · GPU 사용률 100/100/99/100 % · 부하 12.28 12.25 12.36
[2026-09-29T17:04:27Z]: [2026-09-29T17:04:27Z] [progress] 경과 529 min · cpu 조각 117개(완료 117/117) 실패 0 · gpu 조각 185개(완료 185/231) 실패 0 · GPU 사용률 100/99/99/100 % · 부하 12.32 12.25 12.33
[2026-09-29T17:09:27Z]: [2026-09-29T17:09:27Z] [progress] 경과 534 min · cpu 조각 117개(완료 117/117) 실패 0 · gpu 조각 185개(완료 185/231) 실패 0 · GPU 사용률 100/100/99/100 % · 부하 12.30 12.29 12.33
[2026-09-29T17:14:27Z]: [2026-09-29T17:14:27Z] [progress] 경과 539 min · cpu 조각 117개(완료 117/117) 실패 0 · gpu 조각 185개(완료 185/231) 실패 0 · GPU 사용률 100/99/99/100 % · 부하 12.26 12.31 12.33
[2026-09-29T17:19:27Z]: [2026-09-29T17:19:27Z] [progress] 경과 544 min · cpu 조각 117개(완료 117/117) 실패 0 · gpu 조각 185개(완료 185/231) 실패 0 · GPU 사용률 100/99/99/100 % · 부하 12.23 12.29 12.32
[2026-09-29T17:19:30Z]: [2026-09-29T17:19:30Z] [pack] results_lg.tar.gz 30M · 파일 913개
[2026-09-29T17:24:31Z]: [2026-09-29T17:24:31Z] [progress] 경과 549 min · cpu 조각 117개(완료 117/117) 실패 0 · gpu 조각 185개(완료 185/231) 실패 0 · GPU 사용률 99/99/99/100 % · 부하 12.33 12.34 12.33
[2026-09-29T17:29:31Z]: [2026-09-29T17:29:31Z] [progress] 경과 554 min · cpu 조각 117개(완료 117/117) 실패 0 · gpu 조각 185개(완료 185/231) 실패 0 · GPU 사용률 100/100/99/100 % · 부하 12.20 12.26 12.30
[2026-09-29T17:34:31Z]: [2026-09-29T17:34:31Z] [progress] 경과 559 min · cpu 조각 117개(완료 117/117) 실패 0 · gpu 조각 185개(완료 185/231) 실패 0 · GPU 사용률 99/100/99/100 % · 부하 12.33 12.26 12.28
[2026-09-29T17:39:31Z]: [2026-09-29T17:39:31Z] [progress] 경과 564 min · cpu 조각 117개(완료 117/117) 실패 0 · gpu 조각 185개(완료 185/231) 실패 0 · GPU 사용률 100/99/99/100 % · 부하 12.35 12.28 12.28
[2026-09-29T17:44:31Z]: [2026-09-29T17:44:31Z] [progress] 경과 569 min · cpu 조각 117개(완료 117/117) 실패 0 · gpu 조각 185개(완료 185/231) 실패 0 · GPU 사용률 100/99/99/100 % · 부하 12.36 12.30 12.28
[2026-09-29T17:49:31Z]: [2026-09-29T17:49:31Z] [progress] 경과 574 min · cpu 조각 117개(완료 117/117) 실패 0 · gpu 조각 185개(완료 185/231) 실패 0 · GPU 사용률 100/99/99/100 % · 부하 12.22 12.24 12.26
[2026-09-29T17:49:34Z]: [2026-09-29T17:49:34Z] [pack] results_lg.tar.gz 30M · 파일 913개
[2026-09-29T17:54:34Z]: [2026-09-29T17:54:34Z] [progress] 경과 579 min · cpu 조각 117개(완료 117/117) 실패 0 · gpu 조각 185개(완료 185/231) 실패 0 · GPU 사용률 99/100/99/100 % · 부하 12.48 12.26 12.25
[2026-09-29T17:59:34Z]: [2026-09-29T17:59:34Z] [progress] 경과 584 min · cpu 조각 117개(완료 117/117) 실패 0 · gpu 조각 185개(완료 185/231) 실패 0 · GPU 사용률 100/100/99/100 % · 부하 12.26 12.25 12.25
[2026-09-29T18:04:35Z]: [2026-09-29T18:04:35Z] [progress] 경과 589 min · cpu 조각 117개(완료 117/117) 실패 0 · gpu 조각 186개(완료 186/231) 실패 0 · GPU 사용률 100/99/99/99 % · 부하 12.40 12.31 12.28
[2026-09-29T18:09:35Z]: [2026-09-29T18:09:35Z] [progress] 경과 594 min · cpu 조각 117개(완료 117/117) 실패 0 · gpu 조각 186개(완료 186/231) 실패 0 · GPU 사용률 100/99/99/99 % · 부하 12.11 12.21 12.25
[2026-09-29T18:14:35Z]: [2026-09-29T18:14:35Z] [progress] 경과 599 min · cpu 조각 117개(완료 117/117) 실패 0 · gpu 조각 186개(완료 186/231) 실패 0 · GPU 사용률 100/100/99/99 % · 부하 12.37 12.25 12.25
[2026-09-29T18:19:35Z]: [2026-09-29T18:19:35Z] [progress] 경과 604 min · cpu 조각 117개(완료 117/117) 실패 0 · gpu 조각 186개(완료 186/231) 실패 0 · GPU 사용률 100/100/99/99 % · 부하 12.27 12.23 12.24
[2026-09-29T18:19:38Z]: [2026-09-29T18:19:38Z] [pack] results_lg.tar.gz 30M · 파일 916개
[2026-09-29T18:24:38Z]: [2026-09-29T18:24:38Z] [progress] 경과 609 min · cpu 조각 117개(완료 117/117) 실패 0 · gpu 조각 186개(완료 186/231) 실패 0 · GPU 사용률 99/99/99/100 % · 부하 12.26 12.25 12.25
[2026-09-29T18:29:38Z]: [2026-09-29T18:29:38Z] [progress] 경과 614 min · cpu 조각 117개(완료 117/117) 실패 0 · gpu 조각 186개(완료 186/231) 실패 0 · GPU 사용률 100/100/99/99 % · 부하 12.21 12.25 12.26
[2026-09-29T18:34:38Z]: [2026-09-29T18:34:38Z] [progress] 경과 619 min · cpu 조각 117개(완료 117/117) 실패 0 · gpu 조각 186개(완료 186/231) 실패 0 · GPU 사용률 99/99/99/99 % · 부하 12.22 12.26 12.26
[2026-09-29T18:39:39Z]: [2026-09-29T18:39:39Z] [progress] 경과 624 min · cpu 조각 117개(완료 117/117) 실패 0 · gpu 조각 186개(완료 186/231) 실패 0 · GPU 사용률 100/99/99/99 % · 부하 12.37 12.27 12.27
[2026-09-29T18:44:39Z]: [2026-09-29T18:44:39Z] [progress] 경과 629 min · cpu 조각 117개(완료 117/117) 실패 0 · gpu 조각 186개(완료 186/231) 실패 0 · GPU 사용률 100/100/99/99 % · 부하 12.23 12.23 12.25
[2026-09-29T18:49:39Z]: [2026-09-29T18:49:39Z] [progress] 경과 634 min · cpu 조각 117개(완료 117/117) 실패 0 · gpu 조각 187개(완료 187/231) 실패 0 · GPU 사용률 100/100/99/99 % · 부하 12.17 12.21 12.25
[2026-09-29T18:49:42Z]: [2026-09-29T18:49:42Z] [pack] results_lg.tar.gz 30M · 파일 919개
[2026-09-29T18:54:42Z]: [2026-09-29T18:54:42Z] [progress] 경과 639 min · cpu 조각 117개(완료 117/117) 실패 0 · gpu 조각 187개(완료 187/231) 실패 0 · GPU 사용률 100/100/99/99 % · 부하 12.30 12.23 12.24
[2026-09-29T18:59:42Z]: [2026-09-29T18:59:42Z] [progress] 경과 644 min · cpu 조각 117개(완료 117/117) 실패 0 · gpu 조각 187개(완료 187/231) 실패 0 · GPU 사용률 100/100/99/99 % · 부하 12.12 12.22 12.24
[2026-09-29T19:04:42Z]: [2026-09-29T19:04:42Z] [progress] 경과 649 min · cpu 조각 117개(완료 117/117) 실패 0 · gpu 조각 187개(완료 187/231) 실패 0 · GPU 사용률 100/100/99/99 % · 부하 12.34 12.24 12.23
[2026-09-29T19:09:42Z]: [2026-09-29T19:09:42Z] [progress] 경과 654 min · cpu 조각 117개(완료 117/117) 실패 0 · gpu 조각 188개(완료 188/231) 실패 0 · GPU 사용률 100/100/99/99 % · 부하 12.25 12.20 12.20
[2026-09-29T19:14:43Z]: [2026-09-29T19:14:43Z] [progress] 경과 659 min · cpu 조각 117개(완료 117/117) 실패 0 · gpu 조각 189개(완료 189/231) 실패 0 · GPU 사용률 100/100/99/99 % · 부하 12.17 12.17 12.18
[2026-09-29T19:19:43Z]: [2026-09-29T19:19:43Z] [progress] 경과 664 min · cpu 조각 117개(완료 117/117) 실패 0 · gpu 조각 189개(완료 189/231) 실패 0 · GPU 사용률 100/100/98/99 % · 부하 12.53 12.31 12.23
[2026-09-29T19:19:46Z]: [2026-09-29T19:19:46Z] [pack] results_lg.tar.gz 30M · 파일 925개
[2026-09-29T19:24:46Z]: [2026-09-29T19:24:46Z] [progress] 경과 670 min · cpu 조각 117개(완료 117/117) 실패 0 · gpu 조각 189개(완료 189/231) 실패 0 · GPU 사용률 100/100/99/99 % · 부하 12.07 12.21 12.21
[2026-09-29T19:29:46Z]: [2026-09-29T19:29:46Z] [progress] 경과 675 min · cpu 조각 117개(완료 117/117) 실패 0 · gpu 조각 189개(완료 189/231) 실패 0 · GPU 사용률 100/100/99/99 % · 부하 12.34 12.25 12.21
[2026-09-29T19:34:46Z]: [2026-09-29T19:34:46Z] [progress] 경과 680 min · cpu 조각 117개(완료 117/117) 실패 0 · gpu 조각 190개(완료 190/231) 실패 0 · GPU 사용률 100/99/99/100 % · 부하 12.46 12.31 12.23
[2026-09-29T19:39:46Z]: [2026-09-29T19:39:46Z] [progress] 경과 685 min · cpu 조각 117개(완료 117/117) 실패 0 · gpu 조각 192개(완료 192/231) 실패 0 · GPU 사용률 99/100/99/99 % · 부하 12.28 12.35 12.27
[2026-09-29T19:44:47Z]: [2026-09-29T19:44:47Z] [progress] 경과 690 min · cpu 조각 117개(완료 117/117) 실패 0 · gpu 조각 193개(완료 193/231) 실패 0 · GPU 사용률 99/99/99/99 % · 부하 12.02 12.18 12.22
[2026-09-29T19:49:47Z]: [2026-09-29T19:49:47Z] [progress] 경과 695 min · cpu 조각 117개(완료 117/117) 실패 0 · gpu 조각 193개(완료 193/231) 실패 0 · GPU 사용률 99/99/99/99 % · 부하 12.12 12.14 12.18
[2026-09-29T19:49:50Z]: [2026-09-29T19:49:50Z] [pack] results_lg.tar.gz 30M · 파일 937개
[2026-09-29T19:54:50Z]: [2026-09-29T19:54:50Z] [progress] 경과 700 min · cpu 조각 117개(완료 117/117) 실패 0 · gpu 조각 194개(완료 194/231) 실패 0 · GPU 사용률 99/99/99/99 % · 부하 11.85 11.92 12.06
[2026-09-29T19:59:50Z]: [2026-09-29T19:59:50Z] [progress] 경과 705 min · cpu 조각 117개(완료 117/117) 실패 0 · gpu 조각 194개(완료 194/231) 실패 0 · GPU 사용률 99/99/99/99 % · 부하 11.99 11.81 11.96
[2026-09-29T20:04:50Z]: [2026-09-29T20:04:50Z] [progress] 경과 710 min · cpu 조각 117개(완료 117/117) 실패 0 · gpu 조각 194개(완료 194/231) 실패 0 · GPU 사용률 99/99/99/99 % · 부하 11.48 11.74 11.90
[2026-09-29T20:09:50Z]: [2026-09-29T20:09:50Z] [progress] 경과 715 min · cpu 조각 117개(완료 117/117) 실패 0 · gpu 조각 194개(완료 194/231) 실패 0 · GPU 사용률 99/99/99/99 % · 부하 11.72 11.79 11.89
[2026-09-29T20:14:50Z]: [2026-09-29T20:14:50Z] [progress] 경과 720 min · cpu 조각 117개(완료 117/117) 실패 0 · gpu 조각 194개(완료 194/231) 실패 0 · GPU 사용률 99/99/99/99 % · 부하 11.75 11.77 11.86
[2026-09-29T20:19:51Z]: [2026-09-29T20:19:51Z] [progress] 경과 725 min · cpu 조각 117개(완료 117/117) 실패 0 · gpu 조각 194개(완료 194/231) 실패 0 · GPU 사용률 99/99/99/99 % · 부하 11.45 11.58 11.75
[2026-09-29T20:19:53Z]: [2026-09-29T20:19:53Z] [pack] results_lg.tar.gz 30M · 파일 940개
[2026-09-29T20:24:54Z]: [2026-09-29T20:24:54Z] [progress] 경과 730 min · cpu 조각 117개(완료 117/117) 실패 0 · gpu 조각 194개(완료 194/231) 실패 0 · GPU 사용률 99/99/99/99 % · 부하 11.86 11.77 11.79
[2026-09-29T20:29:54Z]: [2026-09-29T20:29:54Z] [progress] 경과 735 min · cpu 조각 117개(완료 117/117) 실패 0 · gpu 조각 194개(완료 194/231) 실패 0 · GPU 사용률 99/99/99/99 % · 부하 12.00 11.76 11.77
[2026-09-29T20:34:54Z]: [2026-09-29T20:34:54Z] [progress] 경과 740 min · cpu 조각 117개(완료 117/117) 실패 0 · gpu 조각 194개(완료 194/231) 실패 0 · GPU 사용률 99/99/99/99 % · 부하 11.37 11.60 11.70
[2026-09-29T20:39:54Z]: [2026-09-29T20:39:54Z] [progress] 경과 745 min · cpu 조각 117개(완료 117/117) 실패 0 · gpu 조각 194개(완료 194/231) 실패 0 · GPU 사용률 99/99/95/99 % · 부하 11.64 11.73 11.74
[2026-09-29T20:44:54Z]: [2026-09-29T20:44:54Z] [progress] 경과 750 min · cpu 조각 117개(완료 117/117) 실패 0 · gpu 조각 194개(완료 194/231) 실패 0 · GPU 사용률 98/98/99/99 % · 부하 12.11 11.97 11.85
[2026-09-29T20:49:54Z]: [2026-09-29T20:49:54Z] [progress] 경과 755 min · cpu 조각 117개(완료 117/117) 실패 0 · gpu 조각 194개(완료 194/231) 실패 0 · GPU 사용률 99/99/99/99 % · 부하 11.33 11.70 11.77
[2026-09-29T20:49:57Z]: [2026-09-29T20:49:57Z] [pack] results_lg.tar.gz 30M · 파일 940개
[2026-09-29T20:54:57Z]: [2026-09-29T20:54:57Z] [progress] 경과 760 min · cpu 조각 117개(완료 117/117) 실패 0 · gpu 조각 196개(완료 196/231) 실패 0 · GPU 사용률 99/99/99/99 % · 부하 11.83 11.81 11.81
[2026-09-29T20:59:58Z]: [2026-09-29T20:59:58Z] [progress] 경과 765 min · cpu 조각 117개(완료 117/117) 실패 0 · gpu 조각 197개(완료 197/231) 실패 0 · GPU 사용률 99/99/99/99 % · 부하 11.77 11.85 11.84
[2026-09-29T21:04:58Z]: [2026-09-29T21:04:58Z] [progress] 경과 770 min · cpu 조각 117개(완료 117/117) 실패 0 · gpu 조각 198개(완료 198/231) 실패 0 · GPU 사용률 99/99/99/99 % · 부하 11.52 11.69 11.78
[2026-09-29T21:09:58Z]: [2026-09-29T21:09:58Z] [progress] 경과 775 min · cpu 조각 117개(완료 117/117) 실패 0 · gpu 조각 198개(완료 198/231) 실패 0 · GPU 사용률 99/99/99/99 % · 부하 11.93 11.71 11.75
[2026-09-29T21:14:58Z]: [2026-09-29T21:14:58Z] [progress] 경과 780 min · cpu 조각 117개(완료 117/117) 실패 0 · gpu 조각 199개(완료 199/231) 실패 0 · GPU 사용률 99/99/99/99 % · 부하 11.14 11.47 11.65
[2026-09-29T21:19:58Z]: [2026-09-29T21:19:58Z] [progress] 경과 785 min · cpu 조각 117개(완료 117/117) 실패 0 · gpu 조각 199개(완료 199/231) 실패 0 · GPU 사용률 99/99/99/99 % · 부하 11.58 11.47 11.60
[2026-09-29T21:20:01Z]: [2026-09-29T21:20:01Z] [pack] results_lg.tar.gz 31M · 파일 955개
[2026-09-29T21:25:01Z]: [2026-09-29T21:25:01Z] [progress] 경과 790 min · cpu 조각 117개(완료 117/117) 실패 0 · gpu 조각 199개(완료 199/231) 실패 0 · GPU 사용률 99/99/99/99 % · 부하 11.39 11.43 11.55
[2026-09-29T21:30:02Z]: [2026-09-29T21:30:02Z] [progress] 경과 795 min · cpu 조각 117개(완료 117/117) 실패 0 · gpu 조각 199개(완료 199/231) 실패 0 · GPU 사용률 99/99/99/99 % · 부하 11.67 11.58 11.58
[2026-09-29T21:35:02Z]: [2026-09-29T21:35:02Z] [progress] 경과 800 min · cpu 조각 117개(완료 117/117) 실패 0 · gpu 조각 200개(완료 200/231) 실패 0 · GPU 사용률 99/99/99/99 % · 부하 11.56 11.58 11.58
[2026-09-29T21:40:02Z]: [2026-09-29T21:40:02Z] [progress] 경과 805 min · cpu 조각 117개(완료 117/117) 실패 0 · gpu 조각 201개(완료 201/231) 실패 0 · GPU 사용률 99/99/99/99 % · 부하 11.42 11.51 11.55
[2026-09-29T21:45:02Z]: [2026-09-29T21:45:02Z] [progress] 경과 810 min · cpu 조각 117개(완료 117/117) 실패 0 · gpu 조각 201개(완료 201/231) 실패 0 · GPU 사용률 99/99/99/99 % · 부하 11.32 11.46 11.53
[2026-09-29T21:50:02Z]: [2026-09-29T21:50:02Z] [progress] 경과 815 min · cpu 조각 117개(완료 117/117) 실패 0 · gpu 조각 201개(완료 201/231) 실패 0 · GPU 사용률 99/99/98/99 % · 부하 11.54 11.63 11.60
[2026-09-29T21:50:05Z]: [2026-09-29T21:50:05Z] [pack] results_lg.tar.gz 31M · 파일 961개
[2026-09-29T21:55:05Z]: [2026-09-29T21:55:05Z] [progress] 경과 820 min · cpu 조각 117개(완료 117/117) 실패 0 · gpu 조각 201개(완료 201/231) 실패 0 · GPU 사용률 99/99/99/99 % · 부하 11.44 11.58 11.61
[2026-09-29T22:00:05Z]: [2026-09-29T22:00:05Z] [progress] 경과 825 min · cpu 조각 117개(완료 117/117) 실패 0 · gpu 조각 201개(완료 201/231) 실패 0 · GPU 사용률 99/99/99/99 % · 부하 10.88 11.40 11.55
[2026-09-29T22:05:06Z]: [2026-09-29T22:05:06Z] [progress] 경과 830 min · cpu 조각 117개(완료 117/117) 실패 0 · gpu 조각 203개(완료 203/231) 실패 0 · GPU 사용률 99/99/99/99 % · 부하 11.94 11.63 11.60
[2026-09-29T22:10:06Z]: [2026-09-29T22:10:06Z] [progress] 경과 835 min · cpu 조각 117개(완료 117/117) 실패 0 · gpu 조각 205개(완료 205/231) 실패 0 · GPU 사용률 99/99/99/99 % · 부하 11.61 11.62 11.61
[2026-09-29T22:15:06Z]: [2026-09-29T22:15:06Z] [progress] 경과 840 min · cpu 조각 117개(완료 117/117) 실패 0 · gpu 조각 207개(완료 207/231) 실패 0 · GPU 사용률 99/99/99/99 % · 부하 11.69 11.65 11.63
[2026-09-29T22:20:06Z]: [2026-09-29T22:20:06Z] [progress] 경과 845 min · cpu 조각 117개(완료 117/117) 실패 0 · gpu 조각 208개(완료 208/231) 실패 0 · GPU 사용률 99/99/99/99 % · 부하 11.59 11.63 11.63
[2026-09-29T22:20:09Z]: [2026-09-29T22:20:09Z] [pack] results_lg.tar.gz 31M · 파일 982개
[2026-09-29T22:25:09Z]: [2026-09-29T22:25:09Z] [progress] 경과 850 min · cpu 조각 117개(완료 117/117) 실패 0 · gpu 조각 208개(완료 208/231) 실패 0 · GPU 사용률 99/99/99/99 % · 부하 11.72 11.57 11.60
[2026-09-29T22:30:09Z]: [2026-09-29T22:30:09Z] [progress] 경과 855 min · cpu 조각 117개(완료 117/117) 실패 0 · gpu 조각 208개(완료 208/231) 실패 0 · GPU 사용률 99/99/99/99 % · 부하 11.73 11.64 11.64
[2026-09-29T22:35:09Z]: [2026-09-29T22:35:09Z] [progress] 경과 860 min · cpu 조각 117개(완료 117/117) 실패 0 · gpu 조각 208개(완료 208/231) 실패 0 · GPU 사용률 99/99/99/99 % · 부하 11.76 11.60 11.62
[2026-09-29T22:40:10Z]: [2026-09-29T22:40:10Z] [progress] 경과 865 min · cpu 조각 117개(완료 117/117) 실패 0 · gpu 조각 209개(완료 209/231) 실패 0 · GPU 사용률 99/99/99/99 % · 부하 11.66 11.62 11.63
[2026-09-29T22:45:10Z]: [2026-09-29T22:45:10Z] [progress] 경과 870 min · cpu 조각 117개(완료 117/117) 실패 0 · gpu 조각 210개(완료 210/231) 실패 0 · GPU 사용률 99/99/99/99 % · 부하 11.71 11.69 11.66
[2026-09-29T22:50:10Z]: [2026-09-29T22:50:10Z] [progress] 경과 875 min · cpu 조각 117개(완료 117/117) 실패 0 · gpu 조각 211개(완료 211/231) 실패 0 · GPU 사용률 99/99/99/99 % · 부하 11.76 11.72 11.68
[2026-09-29T22:50:13Z]: [2026-09-29T22:50:13Z] [pack] results_lg.tar.gz 31M · 파일 991개
[2026-09-29T22:55:13Z]: [2026-09-29T22:55:13Z] [progress] 경과 880 min · cpu 조각 117개(완료 117/117) 실패 0 · gpu 조각 211개(완료 211/231) 실패 0 · GPU 사용률 99/99/99/99 % · 부하 11.70 11.68 11.67
[2026-09-29T23:00:13Z]: [2026-09-29T23:00:13Z] [progress] 경과 885 min · cpu 조각 117개(완료 117/117) 실패 0 · gpu 조각 211개(완료 211/231) 실패 0 · GPU 사용률 99/99/99/99 % · 부하 11.68 11.65 11.67
[2026-09-29T23:05:13Z]: [2026-09-29T23:05:13Z] [progress] 경과 890 min · cpu 조각 117개(완료 117/117) 실패 0 · gpu 조각 211개(완료 211/231) 실패 0 · GPU 사용률 99/99/99/99 % · 부하 11.34 11.56 11.62
[2026-09-29T23:10:14Z]: [2026-09-29T23:10:14Z] [progress] 경과 895 min · cpu 조각 117개(완료 117/117) 실패 0 · gpu 조각 212개(완료 212/231) 실패 0 · GPU 사용률 99/99/99/99 % · 부하 11.31 11.50 11.60
[2026-09-29T23:15:14Z]: [2026-09-29T23:15:14Z] [progress] 경과 900 min · cpu 조각 117개(완료 117/117) 실패 0 · gpu 조각 216개(완료 216/231) 실패 0 · GPU 사용률 99/99/99/99 % · 부하 12.82 12.05 11.78
[2026-09-29T23:20:14Z]: [2026-09-29T23:20:14Z] [progress] 경과 905 min · cpu 조각 117개(완료 117/117) 실패 0 · gpu 조각 219개(완료 219/231) 실패 0 · GPU 사용률 99/99/99/98 % · 부하 12.24 12.22 11.95
[2026-09-29T23:20:17Z]: [2026-09-29T23:20:17Z] [pack] results_lg.tar.gz 31M · 파일 1015개
[2026-09-29T23:25:17Z]: [2026-09-29T23:25:17Z] [progress] 경과 910 min · cpu 조각 117개(완료 117/117) 실패 0 · gpu 조각 220개(완료 220/231) 실패 0 · GPU 사용률 93/99/99/98 % · 부하 11.06 11.66 11.81
[2026-09-29T23:30:17Z]: [2026-09-29T23:30:17Z] [progress] 경과 915 min · cpu 조각 117개(완료 117/117) 실패 0 · gpu 조각 220개(완료 220/231) 실패 0 · GPU 사용률 93/99/99/98 % · 부하 11.02 11.29 11.61
[2026-09-29T23:35:17Z]: [2026-09-29T23:35:17Z] [progress] 경과 920 min · cpu 조각 117개(완료 117/117) 실패 0 · gpu 조각 220개(완료 220/231) 실패 0 · GPU 사용률 93/99/99/98 % · 부하 11.18 11.20 11.47
[2026-09-29T23:40:17Z]: [2026-09-29T23:40:17Z] [progress] 경과 925 min · cpu 조각 117개(완료 117/117) 실패 0 · gpu 조각 220개(완료 220/231) 실패 0 · GPU 사용률 94/99/99/98 % · 부하 11.20 11.16 11.36
[2026-09-29T23:45:18Z]: [2026-09-29T23:45:18Z] [progress] 경과 930 min · cpu 조각 117개(완료 117/117) 실패 0 · gpu 조각 220개(완료 220/231) 실패 0 · GPU 사용률 93/99/99/98 % · 부하 11.04 11.09 11.27
[2026-09-29T23:50:18Z]: [2026-09-29T23:50:18Z] [progress] 경과 935 min · cpu 조각 117개(완료 117/117) 실패 0 · gpu 조각 221개(완료 221/231) 실패 0 · GPU 사용률 93/99/99/92 % · 부하 10.06 10.54 10.99
[2026-09-29T23:50:21Z]: [2026-09-29T23:50:21Z] [pack] results_lg.tar.gz 31M · 파일 1021개
[2026-09-29T23:55:21Z]: [2026-09-29T23:55:21Z] [progress] 경과 940 min · cpu 조각 117개(완료 117/117) 실패 0 · gpu 조각 221개(완료 221/231) 실패 0 · GPU 사용률 93/99/99/92 % · 부하 10.14 10.26 10.73
[2026-09-30T00:00:21Z]: [2026-09-30T00:00:21Z] [progress] 경과 945 min · cpu 조각 117개(완료 117/117) 실패 0 · gpu 조각 221개(완료 221/231) 실패 0 · GPU 사용률 93/99/99/92 % · 부하 10.12 10.15 10.54
[2026-09-30T00:05:21Z]: [2026-09-30T00:05:21Z] [progress] 경과 950 min · cpu 조각 117개(완료 117/117) 실패 0 · gpu 조각 222개(완료 222/231) 실패 0 · GPU 사용률 93/99/93/93 % · 부하 8.83 9.33 10.08
[2026-09-30T00:10:21Z]: [2026-09-30T00:10:21Z] [progress] 경과 955 min · cpu 조각 117개(완료 117/117) 실패 0 · gpu 조각 222개(완료 222/231) 실패 0 · GPU 사용률 93/99/93/93 % · 부하 8.82 8.98 9.71
[2026-09-30T00:15:21Z]: [2026-09-30T00:15:21Z] [progress] 경과 960 min · cpu 조각 117개(완료 117/117) 실패 0 · gpu 조각 223개(완료 223/231) 실패 0 · GPU 사용률 93/93/93/93 % · 부하 7.82 8.31 9.22
[2026-09-30T00:20:22Z]: [2026-09-30T00:20:22Z] [progress] 경과 965 min · cpu 조각 117개(완료 117/117) 실패 0 · gpu 조각 224개(완료 224/231) 실패 0 · GPU 사용률 94/14/92/92 % · 부하 7.30 7.80 8.76
[2026-09-30T00:20:25Z]: [2026-09-30T00:20:25Z] [pack] results_lg.tar.gz 31M · 파일 1030개
[2026-09-30T00:25:25Z]: [2026-09-30T00:25:25Z] [progress] 경과 970 min · cpu 조각 117개(완료 117/117) 실패 0 · gpu 조각 224개(완료 224/231) 실패 0 · GPU 사용률 93/15/93/93 % · 부하 7.00 7.28 8.25
[2026-09-30T00:30:25Z]: [2026-09-30T00:30:25Z] [progress] 경과 975 min · cpu 조각 117개(완료 117/117) 실패 0 · gpu 조각 224개(완료 224/231) 실패 0 · GPU 사용률 93/13/93/93 % · 부하 6.69 6.93 7.82
[2026-09-30T00:35:25Z]: [2026-09-30T00:35:25Z] [progress] 경과 980 min · cpu 조각 117개(완료 117/117) 실패 0 · gpu 조각 225개(완료 225/231) 실패 0 · GPU 사용률 93/0/93/93 % · 부하 6.18 6.62 7.45
[2026-09-30T00:40:25Z]: [2026-09-30T00:40:25Z] [progress] 경과 985 min · cpu 조각 117개(완료 117/117) 실패 0 · gpu 조각 225개(완료 225/231) 실패 0 · GPU 사용률 93/0/93/92 % · 부하 5.99 6.17 7.01
[2026-09-30T00:45:25Z]: [2026-09-30T00:45:25Z] [progress] 경과 990 min · cpu 조각 117개(완료 117/117) 실패 0 · gpu 조각 225개(완료 225/231) 실패 0 · GPU 사용률 92/0/93/94 % · 부하 5.75 5.92 6.66
[2026-09-30T00:50:25Z]: [2026-09-30T00:50:25Z] [progress] 경과 995 min · cpu 조각 117개(완료 117/117) 실패 0 · gpu 조각 225개(완료 225/231) 실패 0 · GPU 사용률 94/0/93/93 % · 부하 5.75 5.90 6.44
[2026-09-30T00:50:28Z]: [2026-09-30T00:50:28Z] [pack] results_lg.tar.gz 31M · 파일 1033개
[2026-09-30T00:55:29Z]: [2026-09-30T00:55:29Z] [progress] 경과 1000 min · cpu 조각 117개(완료 117/117) 실패 0 · gpu 조각 225개(완료 225/231) 실패 0 · GPU 사용률 93/0/93/93 % · 부하 5.96 5.92 6.28
[2026-09-30T01:00:29Z]: [2026-09-30T01:00:29Z] [progress] 경과 1005 min · cpu 조각 117개(완료 117/117) 실패 0 · gpu 조각 225개(완료 225/231) 실패 0 · GPU 사용률 94/0/92/92 % · 부하 5.96 5.96 6.18
[2026-09-30T01:05:29Z]: [2026-09-30T01:05:29Z] [progress] 경과 1010 min · cpu 조각 117개(완료 117/117) 실패 0 · gpu 조각 225개(완료 225/231) 실패 0 · GPU 사용률 93/0/93/93 % · 부하 5.90 5.94 6.10
[2026-09-30T01:10:29Z]: [2026-09-30T01:10:29Z] [progress] 경과 1015 min · cpu 조각 117개(완료 117/117) 실패 0 · gpu 조각 225개(완료 225/231) 실패 0 · GPU 사용률 93/0/93/94 % · 부하 5.85 5.91 6.04
[2026-09-30T01:15:29Z]: [2026-09-30T01:15:29Z] [progress] 경과 1020 min · cpu 조각 117개(완료 117/117) 실패 0 · gpu 조각 225개(완료 225/231) 실패 0 · GPU 사용률 93/0/93/93 % · 부하 6.00 5.97 6.00
[2026-09-30T01:20:29Z]: [2026-09-30T01:20:29Z] [progress] 경과 1025 min · cpu 조각 117개(완료 117/117) 실패 0 · gpu 조각 225개(완료 225/231) 실패 0 · GPU 사용률 92/0/93/93 % · 부하 5.98 5.93 5.98
[2026-09-30T01:20:32Z]: [2026-09-30T01:20:32Z] [pack] results_lg.tar.gz 31M · 파일 1033개
[2026-09-30T01:25:32Z]: [2026-09-30T01:25:32Z] [progress] 경과 1030 min · cpu 조각 117개(완료 117/117) 실패 0 · gpu 조각 225개(완료 225/231) 실패 0 · GPU 사용률 93/0/93/93 % · 부하 6.00 5.94 5.98
[2026-09-30T01:30:33Z]: [2026-09-30T01:30:33Z] [progress] 경과 1035 min · cpu 조각 117개(완료 117/117) 실패 0 · gpu 조각 225개(완료 225/231) 실패 0 · GPU 사용률 93/0/92/93 % · 부하 5.98 5.92 5.97
[2026-09-30T01:35:33Z]: [2026-09-30T01:35:33Z] [progress] 경과 1040 min · cpu 조각 117개(완료 117/117) 실패 0 · gpu 조각 225개(완료 225/231) 실패 0 · GPU 사용률 93/0/93/93 % · 부하 5.80 5.92 5.97
[2026-09-30T01:40:33Z]: [2026-09-30T01:40:33Z] [progress] 경과 1045 min · cpu 조각 117개(완료 117/117) 실패 0 · gpu 조각 225개(완료 225/231) 실패 0 · GPU 사용률 94/0/93/93 % · 부하 5.87 5.92 5.96
[2026-09-30T01:45:33Z]: [2026-09-30T01:45:33Z] [progress] 경과 1050 min · cpu 조각 117개(완료 117/117) 실패 0 · gpu 조각 225개(완료 225/231) 실패 0 · GPU 사용률 96/0/93/93 % · 부하 5.82 5.87 5.94
[2026-09-30T01:50:33Z]: [2026-09-30T01:50:33Z] [progress] 경과 1055 min · cpu 조각 117개(완료 117/117) 실패 0 · gpu 조각 225개(완료 225/231) 실패 0 · GPU 사용률 93/0/93/93 % · 부하 5.94 5.93 5.95
[2026-09-30T01:50:36Z]: [2026-09-30T01:50:36Z] [pack] results_lg.tar.gz 31M · 파일 1033개
[2026-09-30T01:55:36Z]: [2026-09-30T01:55:36Z] [progress] 경과 1060 min · cpu 조각 117개(완료 117/117) 실패 0 · gpu 조각 225개(완료 225/231) 실패 0 · GPU 사용률 95/0/92/91 % · 부하 5.87 5.90 5.93
[2026-09-30T02:00:37Z]: [2026-09-30T02:00:37Z] [progress] 경과 1065 min · cpu 조각 117개(완료 117/117) 실패 0 · gpu 조각 225개(완료 225/231) 실패 0 · GPU 사용률 93/0/92/93 % · 부하 5.83 5.95 5.96
[2026-09-30T02:05:37Z]: [2026-09-30T02:05:37Z] [progress] 경과 1070 min · cpu 조각 117개(완료 117/117) 실패 0 · gpu 조각 225개(완료 225/231) 실패 0 · GPU 사용률 93/0/92/93 % · 부하 5.76 5.86 5.93
[2026-09-30T02:10:37Z]: [2026-09-30T02:10:37Z] [progress] 경과 1075 min · cpu 조각 117개(완료 117/117) 실패 0 · gpu 조각 225개(완료 225/231) 실패 0 · GPU 사용률 95/0/93/93 % · 부하 5.96 5.95 5.95
[2026-09-30T02:15:37Z]: [2026-09-30T02:15:37Z] [progress] 경과 1080 min · cpu 조각 117개(완료 117/117) 실패 0 · gpu 조각 225개(완료 225/231) 실패 0 · GPU 사용률 92/0/93/93 % · 부하 5.61 5.84 5.91
[2026-09-30T02:20:37Z]: [2026-09-30T02:20:37Z] [progress] 경과 1085 min · cpu 조각 117개(완료 117/117) 실패 0 · gpu 조각 225개(완료 225/231) 실패 0 · GPU 사용률 93/0/92/93 % · 부하 5.64 5.78 5.88
[2026-09-30T02:20:40Z]: [2026-09-30T02:20:40Z] [pack] results_lg.tar.gz 31M · 파일 1033개
[2026-09-30T02:25:40Z]: [2026-09-30T02:25:40Z] [progress] 경과 1090 min · cpu 조각 117개(완료 117/117) 실패 0 · gpu 조각 225개(완료 225/231) 실패 0 · GPU 사용률 94/0/92/93 % · 부하 6.08 5.93 5.93
[2026-09-30T02:30:40Z]: [2026-09-30T02:30:40Z] [progress] 경과 1095 min · cpu 조각 117개(완료 117/117) 실패 0 · gpu 조각 225개(완료 225/231) 실패 0 · GPU 사용률 94/0/92/93 % · 부하 5.82 5.88 5.91
[2026-09-30T02:35:41Z]: [2026-09-30T02:35:41Z] [progress] 경과 1100 min · cpu 조각 117개(완료 117/117) 실패 0 · gpu 조각 226개(완료 226/231) 실패 0 · GPU 사용률 93/0/14/93 % · 부하 5.11 5.53 5.76
[2026-09-30T02:40:41Z]: [2026-09-30T02:40:41Z] [progress] 경과 1105 min · cpu 조각 117개(완료 117/117) 실패 0 · gpu 조각 226개(완료 226/231) 실패 0 · GPU 사용률 96/0/14/93 % · 부하 5.12 5.24 5.56
[2026-09-30T02:45:41Z]: [2026-09-30T02:45:41Z] [progress] 경과 1110 min · cpu 조각 117개(완료 117/117) 실패 0 · gpu 조각 226개(완료 226/231) 실패 0 · GPU 사용률 93/0/14/93 % · 부하 5.08 5.08 5.39
[2026-09-30T02:50:41Z]: [2026-09-30T02:50:41Z] [progress] 경과 1115 min · cpu 조각 117개(완료 117/117) 실패 0 · gpu 조각 228개(완료 228/231) 실패 0 · GPU 사용률 0/0/14/93 % · 부하 3.31 4.22 4.95
[2026-09-30T02:50:44Z]: [2026-09-30T02:50:44Z] [pack] results_lg.tar.gz 31M · 파일 1042개
[2026-09-30T02:55:44Z]: [2026-09-30T02:55:44Z] [progress] 경과 1121 min · cpu 조각 117개(완료 117/117) 실패 0 · gpu 조각 229개(완료 229/231) 실패 0 · GPU 사용률 0/0/0/94 % · 부하 2.70 3.41 4.39
[2026-09-30T03:00:44Z]: [2026-09-30T03:00:44Z] [progress] 경과 1126 min · cpu 조각 117개(완료 117/117) 실패 0 · gpu 조각 229개(완료 229/231) 실패 0 · GPU 사용률 0/0/0/93 % · 부하 2.16 2.59 3.76
[2026-09-30T03:05:44Z]: [2026-09-30T03:05:44Z] [progress] 경과 1131 min · cpu 조각 117개(완료 117/117) 실패 0 · gpu 조각 229개(완료 229/231) 실패 0 · GPU 사용률 0/0/0/93 % · 부하 2.01 2.26 3.29
[2026-09-30T03:10:45Z]: [2026-09-30T03:10:45Z] [progress] 경과 1136 min · cpu 조각 117개(완료 117/117) 실패 0 · gpu 조각 230개(완료 230/231) 실패 0 · GPU 사용률 0/0/0/14 % · 부하 1.11 1.63 2.74
[2026-09-30T03:15:45Z]: [2026-09-30T03:15:45Z] [progress] 경과 1141 min · cpu 조각 117개(완료 117/117) 실패 0 · gpu 조각 230개(완료 230/231) 실패 0 · GPU 사용률 0/0/0/14 % · 부하 1.20 1.30 2.28
[2026-09-30T03:20:45Z]: [2026-09-30T03:20:45Z] [progress] 경과 1146 min · cpu 조각 117개(완료 117/117) 실패 0 · gpu 조각 230개(완료 230/231) 실패 0 · GPU 사용률 0/0/0/14 % · 부하 1.20 1.20 1.96
[2026-09-30T03:20:48Z]: [2026-09-30T03:20:48Z] [pack] results_lg.tar.gz 31M · 파일 1048개
[2026-09-30T03:21:48Z]: [2026-09-30T03:21:48Z] [lg] GPU 부분 끝: 종료 코드 0
[2026-09-30T03:21:48Z]:   [gpu] TPU available: False, using: 0 TPU cores
[2026-09-30T03:21:48Z]:   [gpu] 💡 Tip: For seamless cloud logging and experiment tracking, try installing [litlogger](https://pypi.org/project/litlogger/) to enable LitLogger, which logs metrics and artifacts automatically to the Lightning Experiments platform.
[2026-09-30T03:21:48Z]:   [gpu] LOCAL_RANK: 0 - CUDA_VISIBLE_DEVICES: [3]
[2026-09-30T03:21:48Z]:   [gpu]   [CA-2|x|s3|gpu|realmlp] 적합 48 · 행 137 · A 228 · 채점 166/8블록 · 원천 16717 · E0 1.591 · 16797.1s · 장치 '3' · 상태 ok(실패 0) · 완료 231/231 · 누적 68598s
[2026-09-30T03:21:48Z]:   [gpu] [done] 완료 231 · 실패 0 · 일부 적합 실패 0 · 68600s
[2026-09-30T03:21:48Z]: [2026-09-30T03:21:48Z] [progress] 경과 1147 min · cpu 조각 117개(완료 117/117) 실패 0 · gpu 조각 231개(완료 231/231) 실패 0 · GPU 사용률 0/0/0/0 % · 부하 1.41 1.33 1.95
[2026-09-30T03:21:51Z]: [2026-09-30T03:21:51Z] [pack] results_lg.tar.gz 31M · 파일 1051개
[2026-09-30T03:21:51Z]: [2026-09-30T03:21:51Z] [lg] logs_lg/lg_cpu.log 의 실패·경고 줄(앞 40줄)
[2026-09-30T03:21:51Z]:       [warn] 이어 학습 실패, 원천 모델 사용: CatBoostError('catboost/libs/data/quantization.cpp:2419: All features are either constant or ignored.')
[2026-09-30T03:21:51Z]:       [warn] 이어 학습 실패, 원천 모델 사용: CatBoostError('catboost/libs/data/quantization.cpp:2419: All features are either constant or ignored.')
[2026-09-30T03:21:51Z]:       [warn] 이어 학습 실패, 원천 모델 사용: CatBoostError('catboost/libs/metrics/metric.cpp:7011: All train targets are equal')
[2026-09-30T03:21:51Z]:       [warn] 이어 학습 실패, 원천 모델 사용: CatBoostError('catboost/libs/data/quantization.cpp:2419: All features are either constant or ignored.')
[2026-09-30T03:21:51Z]:       [warn] 이어 학습 실패, 원천 모델 사용: CatBoostError('catboost/libs/metrics/metric.cpp:7011: All train targets are equal')
[2026-09-30T03:21:51Z]:       [warn] 이어 학습 실패, 원천 모델 사용: CatBoostError('catboost/libs/data/quantization.cpp:2419: All features are either constant or ignored.')
[2026-09-30T03:21:51Z]:       [warn] 이어 학습 실패, 원천 모델 사용: CatBoostError('catboost/libs/data/quantization.cpp:2419: All features are either constant or ignored.')
[2026-09-30T03:21:51Z]:       [warn] 이어 학습 실패, 원천 모델 사용: CatBoostError('catboost/libs/data/quantization.cpp:2419: All features are either constant or ignored.')
[2026-09-30T03:21:51Z]:       [warn] 이어 학습 실패, 원천 모델 사용: CatBoostError('catboost/libs/data/quantization.cpp:2419: All features are either constant or ignored.')
[2026-09-30T03:21:51Z]:       [warn] 이어 학습 실패, 원천 모델 사용: CatBoostError('catboost/libs/data/quantization.cpp:2419: All features are either constant or ignored.')
[2026-09-30T03:21:51Z]:       [warn] 이어 학습 실패, 원천 모델 사용: CatBoostError('catboost/libs/metrics/metric.cpp:7011: All train targets are equal')
[2026-09-30T03:21:51Z]:       [warn] 이어 학습 실패, 원천 모델 사용: CatBoostError('catboost/libs/metrics/metric.cpp:7011: All train targets are equal')
[2026-09-30T03:21:51Z]:       [warn] 이어 학습 실패, 원천 모델 사용: CatBoostError('catboost/libs/metrics/metric.cpp:7011: All train targets are equal')
[2026-09-30T03:21:51Z]:       [warn] 이어 학습 실패, 원천 모델 사용: CatBoostError('catboost/libs/metrics/metric.cpp:7011: All train targets are equal')
[2026-09-30T03:21:51Z]:       [warn] 이어 학습 실패, 원천 모델 사용: CatBoostError('catboost/libs/data/quantization.cpp:2419: All features are either constant or ignored.')
[2026-09-30T03:21:51Z]:       [warn] 이어 학습 실패, 원천 모델 사용: CatBoostError('catboost/libs/data/quantization.cpp:2419: All features are either constant or ignored.')
[2026-09-30T03:21:51Z]:       [warn] 이어 학습 실패, 원천 모델 사용: CatBoostError('catboost/libs/data/quantization.cpp:2419: All features are either constant or ignored.')
[2026-09-30T03:21:51Z]:       [warn] 이어 학습 실패, 원천 모델 사용: CatBoostError('catboost/libs/data/quantization.cpp:2419: All features are either constant or ignored.')
[2026-09-30T03:21:51Z]:       [warn] 이어 학습 실패, 원천 모델 사용: CatBoostError('catboost/libs/data/quantization.cpp:2419: All features are either constant or ignored.')
[2026-09-30T03:21:51Z]:       [warn] 이어 학습 실패, 원천 모델 사용: CatBoostError('catboost/libs/data/quantization.cpp:2419: All features are either constant or ignored.')
[2026-09-30T03:21:51Z]:       [warn] 이어 학습 실패, 원천 모델 사용: CatBoostError('catboost/libs/data/quantization.cpp:2419: All features are either constant or ignored.')
[2026-09-30T03:21:51Z]:       [warn] 이어 학습 실패, 원천 모델 사용: CatBoostError('catboost/libs/data/quantization.cpp:2419: All features are either constant or ignored.')
[2026-09-30T03:21:51Z]:       [warn] 이어 학습 실패, 원천 모델 사용: CatBoostError('catboost/libs/data/quantization.cpp:2419: All features are either constant or ignored.')
[2026-09-30T03:21:51Z]:       [warn] 이어 학습 실패, 원천 모델 사용: CatBoostError('catboost/libs/data/quantization.cpp:2419: All features are either constant or ignored.')
[2026-09-30T03:21:51Z]:       [warn] 이어 학습 실패, 원천 모델 사용: CatBoostError('catboost/libs/data/quantization.cpp:2419: All features are either constant or ignored.')
[2026-09-30T03:21:51Z]:       [warn] 이어 학습 실패, 원천 모델 사용: CatBoostError('catboost/libs/data/quantization.cpp:2419: All features are either constant or ignored.')
[2026-09-30T03:21:51Z]:       [warn] 이어 학습 실패, 원천 모델 사용: CatBoostError('catboost/libs/data/quantization.cpp:2419: All features are either constant or ignored.')
[2026-09-30T03:21:51Z]:       [warn] 이어 학습 실패, 원천 모델 사용: CatBoostError('catboost/libs/data/quantization.cpp:2419: All features are either constant or ignored.')
[2026-09-30T03:21:51Z]:       [warn] 이어 학습 실패, 원천 모델 사용: CatBoostError('catboost/libs/data/quantization.cpp:2419: All features are either constant or ignored.')
[2026-09-30T03:21:51Z]:       [warn] 이어 학습 실패, 원천 모델 사용: CatBoostError('catboost/libs/data/quantization.cpp:2419: All features are either constant or ignored.')
[2026-09-30T03:21:51Z]:       [warn] 이어 학습 실패, 원천 모델 사용: CatBoostError('catboost/libs/data/quantization.cpp:2419: All features are either constant or ignored.')
[2026-09-30T03:21:51Z]:       [warn] 이어 학습 실패, 원천 모델 사용: CatBoostError('catboost/libs/data/quantization.cpp:2419: All features are either constant or ignored.')
[2026-09-30T03:21:51Z]:       [warn] 이어 학습 실패, 원천 모델 사용: CatBoostError('catboost/libs/data/quantization.cpp:2419: All features are either constant or ignored.')
[2026-09-30T03:21:51Z]:       [warn] 이어 학습 실패, 원천 모델 사용: CatBoostError('catboost/libs/data/quantization.cpp:2419: All features are either constant or ignored.')
[2026-09-30T03:21:51Z]:       [warn] 이어 학습 실패, 원천 모델 사용: CatBoostError('catboost/libs/data/quantization.cpp:2419: All features are either constant or ignored.')
[2026-09-30T03:21:51Z]:       [warn] 이어 학습 실패, 원천 모델 사용: CatBoostError('catboost/libs/data/quantization.cpp:2419: All features are either constant or ignored.')
[2026-09-30T03:21:51Z]:       [warn] 이어 학습 실패, 원천 모델 사용: CatBoostError('catboost/libs/data/quantization.cpp:2419: All features are either constant or ignored.')
[2026-09-30T03:21:51Z]:       [warn] 이어 학습 실패, 원천 모델 사용: CatBoostError('catboost/libs/data/quantization.cpp:2419: All features are either constant or ignored.')
[2026-09-30T03:21:51Z]:       [warn] 이어 학습 실패, 원천 모델 사용: CatBoostError('catboost/libs/data/quantization.cpp:2419: All features are either constant or ignored.')
[2026-09-30T03:21:51Z]:       [warn] 이어 학습 실패, 원천 모델 사용: CatBoostError('catboost/libs/data/quantization.cpp:2419: All features are either constant or ignored.')
[2026-09-30T03:21:51Z]:   [data] 17,467셀 · 부분 cpu · 대상 27 · 분할 [1, 2, 3, 4, 5] · n [0, 3, 10, 40, 160, 320, 1000, -1] · 추출 5 · seed [0, 1] · 학습기 ['catboost_lo', 'ridge'] · α ['1', '10', '100', 'cont'] · 중첩 후보 ['10', '100', 'cont'] · λ [0.25, 0.5, 1.0] · 하위 지역 map:lg_subregion_map_v1.csv · 작업 단위 117(건너뜀 18)
[2026-09-30T03:21:51Z]:   [plan] 실행 117 · 재개로 건너뜀 0 · 프로세스 14 · 스레드 4 · 장치 CPU · epochs 100 · RealMLP epochs 256
[2026-09-30T03:21:51Z]:   [done] 완료 117 · 실패 0 · 일부 적합 실패 21 · 3790s
[2026-09-30T03:21:51Z]: [2026-09-30T03:21:51Z] [lg] logs_lg/lg_gpu.log 의 실패·경고 줄(앞 40줄)
[2026-09-30T03:21:51Z]:   [data] 17,467셀 · 부분 gpu · 대상 27 · 분할 [1, 2, 3, 4, 5] · n [0, 3, 10, 40, 160, 320, 1000, -1] · 추출 5 · seed [0, 1] · 학습기 ['mlp', 'cfm', 'ddpm', 'tabm', 'nflow', 'ftt', 'realmlp'] · α ['1', '10', '100', 'cont'] · 중첩 후보 ['10', '100', 'cont'] · λ [0.25, 0.5, 1.0] · 하위 지역 map:lg_subregion_map_v1.csv · 작업 단위 231(건너뜀 3)
[2026-09-30T03:21:51Z]:   [plan] 실행 231 · 재개로 건너뜀 0 · 프로세스 12 · 스레드 2 · 장치 GPU 0,1,2,3 · epochs 100 · RealMLP epochs 256
[2026-09-30T03:21:51Z]:   [done] 완료 231 · 실패 0 · 일부 적합 실패 0 · 68600s
[2026-09-30T03:21:51Z]: [2026-09-30T03:21:51Z] [lg] 집계 시작(제한 7373 s)
[2026-09-30T03:21:53Z]: [data] 17,467셀 · 부분 cpu · 대상 27 · 분할 [1, 2, 3, 4, 5] · n [0, 3, 10, 40, 160, 320, 1000, -1] · 추출 5 · seed [0, 1] · 학습기 ['catboost_lo', 'ridge'] · α ['1', '10', '100', 'cont'] · 중첩 후보 ['10', '100', 'cont'] · λ [0.25, 0.5, 1.0] · 하위 지역 map:lg_subregion_map_v1.csv · 작업 단위 117(건너뜀 18)
[2026-09-30T03:24:37Z]: [summarize] 실패 기록: 조각 상태 {'ok': 327, 'partial': 21} · 저장에서 빠졌거나 대체된 키 0 → lg_failed.csv
[2026-09-30T03:24:37Z]: [summarize] 학습기별 적합 시간(전 조각 합계)
[2026-09-30T03:24:37Z]: part     learner  n_fit       sec  sec_per_fit
[2026-09-30T03:24:37Z]:  cpu catboost_lo 113176  50146.08     0.443081
[2026-09-30T03:24:37Z]:  cpu       ridge   1284     79.97     0.062282
[2026-09-30T03:24:37Z]:  gpu         cfm   1284  10272.00     8.000000
[2026-09-30T03:24:37Z]:  gpu        ddpm   1284  15265.64    11.889128
[2026-09-30T03:24:37Z]:  gpu         ftt   1284 315066.01   245.378512
[2026-09-30T03:24:37Z]:  gpu         mlp   4884   7376.73     1.510387
[2026-09-30T03:24:37Z]:  gpu       nflow   1284  78365.92    61.032648
[2026-09-30T03:24:37Z]:  gpu     realmlp   1284 309857.66   241.322165
[2026-09-30T03:24:37Z]:  gpu        tabm   1284   5650.32     4.400561
[2026-09-30T03:24:37Z]: [summarize] 조각 348 · runs 274,144 · curve 11,226 · minn 2,028 · tests 354 · 164s → /enc/ukrprod_ZovWo/work/data/processed/lg/lg_*
[2026-09-30T03:24:37Z]: test_id role                          verdict                                                                                                                                                                                                                                                  stat
[2026-09-30T03:24:37Z]:      L1    주                               지지                                   두 가중 CI 상한 < 0 인 지역 0/4 (Lena: 유의 [], 셀 가중만 [], 검사 [0, 3, 10, 40]; Canada: 유의 [], 셀 가중만 [3, 10, 40], 검사 [0, 3, 10, 40]; Russia_W: 유의 [], 셀 가중만 [], 검사 [0, 3, 10, -1]; Russia_E: 유의 [], 셀 가중만 [], 검사 [0, 3, 10, -1])
[2026-09-30T03:24:37Z]:      L2    주                  기각(증강은 라벨 0 전용)                                                                                                                                                       R2-R1 유의 개선 n = [], 4지역 평균인 n = [10] | n=10: ns(지역 4/4); n=40: worse(지역 2/4); n=160: ns(지역 2/4)
[2026-09-30T03:24:37Z]:      L2    주                               부분                                                                                                                                         R3-R1 유의 개선 n = [40, 160], 4지역 평균인 n = [10] | n=10: ns(지역 4/4); n=40: improve(지역 2/4); n=160: improve(지역 2/4)
[2026-09-30T03:24:37Z]:      L3    주                               지지 R0, AL 모드 i: 적격 4, n* ≤ 40 대상 2, 그중 α = 1 의 n* 보다 작은 대상 0 (Lena|x: n*=40.0(α=1 40.0, 블록 합집합 20, 분할 최소 5); Canada|x: n*=10.0(α=1 3.0, 블록 합집합 36, 분할 최소 12); AL-2|i: n*=1000.0(α=1 NA, 블록 합집합 20, 분할 최소 5); AL-5|i: n*=NA(α=1 3.0, 블록 합집합 17, 분할 최소 4))
[2026-09-30T03:24:37Z]:      L3   보조                               지지   R0, AL 모드 x: 적격 4, n* ≤ 40 대상 3, 그중 α = 1 의 n* 보다 작은 대상 0 (Lena|x: n*=40.0(α=1 40.0, 블록 합집합 20, 분할 최소 5); Canada|x: n*=10.0(α=1 3.0, 블록 합집합 36, 분할 최소 12); AL-2|x: n*=10.0(α=1 3.0, 블록 합집합 20, 분할 최소 5); AL-5|x: n*=NA(α=1 NA, 블록 합집합 17, 분할 최소 4))
[2026-09-30T03:24:37Z]:      L3   보조                               기각          R1, AL 모드 i: 적격 4, n* ≤ 40 대상 0, 그중 α = 1 의 n* 보다 작은 대상 0 (Lena|x: n*=320.0(α=1 NA, 블록 합집합 20, 분할 최소 5); Canada|x: n*=NA(α=1 NA, 블록 합집합 36, 분할 최소 12); AL-2|i: n*=NA(α=1 NA, 블록 합집합 20, 분할 최소 5); AL-5|i: n*=NA(α=1 NA, 블록 합집합 17, 분할 최소 4))
[2026-09-30T03:24:37Z]:      L3   보조                               기각       R1, AL 모드 x: 적격 4, n* ≤ 40 대상 1, 그중 α = 1 의 n* 보다 작은 대상 0 (Lena|x: n*=320.0(α=1 NA, 블록 합집합 20, 분할 최소 5); Canada|x: n*=NA(α=1 NA, 블록 합집합 36, 분할 최소 12); AL-2|x: n*=10.0(α=1 3.0, 블록 합집합 20, 분할 최소 5); AL-5|x: n*=NA(α=1 NA, 블록 합집합 17, 분할 최소 4))
[2026-09-30T03:24:37Z]:      L4    주               희소 라벨에서도 ML 순가치 있음                                    두 가중 CI 상한 < 0 인 최소 n: 4지역 평균 10, 2–3지역 평균 40 | n=3: ns(지역 4/4); n=10: improve(지역 4/4); n=40: improve(지역 2/4); n=160: improve(지역 2/4); n=320: improve(지역 2/4); n=1000: undetermined(지역 1/4); n=-1: improve(지역 4/4)
[2026-09-30T03:24:37Z]:      L5    주 차이 있음(부분: 지역 수 미달 n = [40, 160])                                                                                                   cfm: 유의 개선 n = [], 유의 악화 n = [160], 셀 가중만 개선 []·악화 [] | n=0: ns(지역 4/4); n=10: ns(지역 4/4); n=40: ns(지역 2/4); n=160: worse(지역 2/4); n=-1: ns(지역 4/4)
[2026-09-30T03:24:37Z]:      L5    주 차이 있음(부분: 지역 수 미달 n = [40, 160])                                                                                          ddpm: 유의 개선 n = [], 유의 악화 n = [0, 160], 셀 가중만 개선 []·악화 [40] | n=0: worse(지역 4/4); n=10: ns(지역 4/4); n=40: ns(지역 2/4); n=160: worse(지역 2/4); n=-1: ns(지역 4/4)
[2026-09-30T03:24:37Z]:      L5    주 차이 있음(부분: 지역 수 미달 n = [40, 160])                                                                                                     ftt: 유의 개선 n = [], 유의 악화 n = [0], 셀 가중만 개선 []·악화 [] | n=0: worse(지역 4/4); n=10: ns(지역 4/4); n=40: ns(지역 2/4); n=160: ns(지역 2/4); n=-1: ns(지역 4/4)
[2026-09-30T03:24:37Z]:      L5    주    동급(부분: 지역 수 미달 n = [40, 160])                                                                                                         mlp: 유의 개선 n = [], 유의 악화 n = [], 셀 가중만 개선 []·악화 [] | n=0: ns(지역 4/4); n=10: ns(지역 4/4); n=40: ns(지역 2/4); n=160: ns(지역 2/4); n=-1: ns(지역 4/4)
[2026-09-30T03:24:37Z]:      L5    주 차이 있음(부분: 지역 수 미달 n = [40, 160])                                                                                                  nflow: 유의 개선 n = [], 유의 악화 n = [40], 셀 가중만 개선 []·악화 [] | n=0: ns(지역 4/4); n=10: ns(지역 4/4); n=40: worse(지역 2/4); n=160: ns(지역 2/4); n=-1: ns(지역 4/4)
[2026-09-30T03:24:37Z]:      L5    주 차이 있음(부분: 지역 수 미달 n = [40, 160])                                                                                          realmlp: 유의 개선 n = [], 유의 악화 n = [0, 40], 셀 가중만 개선 []·악화 [] | n=0: worse(지역 4/4); n=10: ns(지역 4/4); n=40: worse(지역 2/4); n=160: ns(지역 2/4); n=-1: ns(지역 4/4)
[2026-09-30T03:24:37Z]:      L5    주 차이 있음(부분: 지역 수 미달 n = [40, 160])                                                                              ridge: 유의 개선 n = [], 유의 악화 n = [10, 40, 160], 셀 가중만 개선 []·악화 [0, -1] | n=0: ns(지역 4/4); n=10: worse(지역 4/4); n=40: worse(지역 2/4); n=160: worse(지역 2/4); n=-1: ns(지역 4/4)
[2026-09-30T03:24:37Z]:      L5    주    동급(부분: 지역 수 미달 n = [40, 160])                                                                                                     tabm: 유의 개선 n = [], 유의 악화 n = [], 셀 가중만 개선 [160]·악화 [] | n=0: ns(지역 4/4); n=10: ns(지역 4/4); n=40: ns(지역 2/4); n=160: ns(지역 2/4); n=-1: ns(지역 4/4)
[2026-09-30T03:24:37Z]:      L6    주                  판정 불가(통과 조합 없음)                                                                                                                                                                                                              알래스카 통과 조합의 주 4지역 통과 0/0(두 가중, 방법별 기준 λ)
[2026-09-30T03:24:37Z]:      L6   보조                               기각                                                                                                                                                                                                        민감도: 분할 안 채점 블록 ≥ 5 인 알래스카 대상만으로 조합을 고른 경우 0/2
[2026-09-30T03:24:37Z]:      L6   보조                  판정 불가(통과 조합 없음)                                                                                                                                                                                                                               민감도: 셀 가중 CI 만 쓴 경우 0/0
[2026-09-30T03:24:37Z]:      L7    주                               기각                                                                                                                                    Canada|x n=40:X; Canada|x n=160:X; Canada|x n=320:X; Canada|x n=-1:X; CA-3|i n=40:X; CA-3|i n=160:X; CA-3|i n=-1:X
[2026-09-30T03:24:37Z]:      L8    주                               지지                                                                                                                                                                                                 Δ -2.64 [-3.47, -1.90], 블록 등가중 [-3.53, -1.67], 지역 4/4
[2026-09-30T03:24:38Z]: [timing] 조각 348 · 행 49 → lg_timing_by_learner.csv
[2026-09-30T03:24:38Z]: tag part     learner  n_fit       sec  sec_full_epochs  epochs_run  sec_per_fit
[2026-09-30T03:24:38Z]:  lg  cpu catboost_lo 113176  50146.08         50146.08         NaN        0.443
[2026-09-30T03:24:38Z]:  lg  cpu       ridge   1284     79.97            79.97         NaN        0.062
[2026-09-30T03:24:38Z]:  lg  gpu         cfm   1284  10272.00         10272.00       100.0        8.000
[2026-09-30T03:24:38Z]:  lg  gpu        ddpm   1284  15265.64         15265.64       100.0       11.889
[2026-09-30T03:24:38Z]:  lg  gpu         ftt   1284 315066.01        315066.01       100.0      245.379
[2026-09-30T03:24:38Z]:  lg  gpu         mlp   4884   7376.73          7376.73       100.0        1.510
[2026-09-30T03:24:38Z]:  lg  gpu       nflow   1284  78365.92         78365.92       100.0       61.033
[2026-09-30T03:24:38Z]:  lg  gpu     realmlp   1284 309857.66        309857.66       256.0      241.322
[2026-09-30T03:24:38Z]:  lg  gpu        tabm   1284   5650.32          5650.32       100.0        4.401
[2026-09-30T03:24:38Z]: [timing] 적합 수 표(lg_count_<part>_learners.csv)가 없어 본 실행 환산을 생략한다
[2026-09-30T03:24:38Z]: [2026-09-30T03:24:38Z] [progress] 경과 1149 min · cpu 조각 117개(완료 117/117) 실패 0 · gpu 조각 231개(완료 231/231) 실패 0 · GPU 사용률 0/0/0/0 % · 부하 1.13 1.22 1.80
[2026-09-30T03:24:41Z]: [2026-09-30T03:24:41Z] [pack] results_lg.tar.gz 34M · 파일 1061개
[2026-09-30T03:24:41Z]: [2026-09-30T03:24:41Z] [lg] 단계별 상태
[2026-09-30T03:24:41Z]:   stage,rc,sec,note
[2026-09-30T03:24:41Z]:   deps,0,84,ok
[2026-09-30T03:24:41Z]:   cpu,0,4023,
[2026-09-30T03:24:41Z]:   gpu,0,68824,
[2026-09-30T03:24:41Z]:   summarize,0,68993,
[2026-09-30T03:24:41Z]:   timing,0,68994,
[2026-09-30T03:24:45Z]: [2026-09-30T03:24:45Z] [lg] 끝 · 종료 코드 0 · 경과 1150 min
[2026-09-30T03:24:45Z]: Exited with code 0
[2026-09-30T03:24:45Z]: 
