[2026-10-01T04:25:26Z]: Launching [ -f wf_payload.tar.gz ] && tar xzf wf_payload.tar.gz; WF_MODE=full WF_BUDGET_MIN=210 WF_SUM_RESERVE_MIN=50 bash scripts/rescale/run_wf.sh, Working dir: /enc/ukrprod_xQyfeb/work.  Process output follows:
[2026-10-01T04:25:26Z]: [payload] created_utc=2026-10-01T03:56:07Z
[2026-10-01T04:25:26Z]: [payload] git_commit=702934b
[2026-10-01T04:25:26Z]: [payload] git_uncommitted_paths=0
[2026-10-01T04:25:26Z]: [payload] h40_sha16_main_run=7098f59dabe2b73f
[2026-10-01T04:25:26Z]: [payload] sha256 7098f59dabe2b73f scripts/3_deep_learning/h40_label_grid.py
[2026-10-01T04:25:26Z]: [payload] sha256 22e215e435e157be scripts/3_deep_learning/h42_label_grid_ext.py
[2026-10-01T04:25:26Z]: [payload] sha256 42643d1c261764c8 scripts/3_deep_learning/h54_workflow.py
[2026-10-01T04:25:26Z]: [payload] sha256 db746179789f21a7 src/polar/m1_core.py
[2026-10-01T04:25:26Z]: [payload] sha256 4b6b888275d5f47f src/polar/h4_common.py
[2026-10-01T04:25:26Z]: [payload] sha256 2a910d36299ee2fb src/polar/m1_stats.py
[2026-10-01T04:25:26Z]: [payload] sha256 a49559e2dce61535 src/polar/fidelity.py
[2026-10-01T04:25:26Z]: [payload] sha256 b799bd4e6aeb69b5 src/polar/physics.py
[2026-10-01T04:25:26Z]: [payload] sha256 56de62e3af9f350e tests/test_h54_workflow.py
[2026-10-01T04:25:26Z]: [payload] sha256 c37a90d6a5ff80b2 scripts/rescale/run_wf.sh
[2026-10-01T04:25:26Z]: [payload] sha256 af1c1f2bf081ac8d scripts/rescale/lg_common.sh
[2026-10-01T04:25:26Z]: [payload] sha256 71b5d3f6c297770d data/processed/fidelity_base_v3.csv
[2026-10-01T04:25:26Z]: [payload] sha256 711d0cd3ba0e2e41 data/processed/e5_soil_tdd_v3.csv
[2026-10-01T04:25:26Z]: [payload] sha256 2ef333b24d60332a data/processed/e5_soil_tdd_v4.csv
[2026-10-01T04:25:26Z]: [payload] sha256 87bd06f98bb1d141 data/processed/lg_subregion_map_v1.csv
[2026-10-01T04:25:26Z]: [payload] sha256 58e4db50f71b96a9 data/processed/lgd/run_tables/Tibet/fidelity_base_v3.csv
[2026-10-01T04:25:26Z]: [payload] sha256 7eeb6d49d5096c4c data/processed/lgd/run_tables/NAtlantic_lic/fidelity_base_v3.csv
[2026-10-01T04:25:26Z]: [payload] sha256 6a8ab259d10f3c07 data/processed/lgd/run_tables/Russia_C/fidelity_base_v3.csv
[2026-10-01T04:25:26Z]: [2026-10-01T04:25:26Z] [env] 작업 디렉터리 /enc/ukrprod_xQyfeb/work
[2026-10-01T04:25:26Z]: [2026-10-01T04:25:26Z] [env] 코어 수 96 (RESCALE_CORES_PER_SLOT = 96, OMP_NUM_THREADS = 없음) · 메모리 369 GB (여유 344 GB)
[2026-10-01T04:25:26Z]: [2026-10-01T04:25:26Z] [env] 디스크 1.2T 여유 / 1.2T
[2026-10-01T04:25:26Z]: [2026-10-01T04:25:26Z] [env] python /program/pytorch-2.4.1/venv/bin/python3 · pip /program/pytorch-2.4.1/venv/bin/pip
[2026-10-01T04:25:30Z]: [env] python 3.11.10 · Linux-4.18.0-553.159.1.el8_10.x86_64-x86_64-with-glibc2.28
[2026-10-01T04:25:30Z]: [env] 가상환경 True · prefix /program/pytorch-2.4.1/venv
[2026-10-01T04:25:30Z]: [env] numpy 2.1.1
[2026-10-01T04:25:30Z]: [env] pandas 없음
[2026-10-01T04:25:30Z]: [env] scipy 없음
[2026-10-01T04:25:30Z]: [env] scikit-learn 없음
[2026-10-01T04:25:30Z]: [env] catboost 없음
[2026-10-01T04:25:30Z]: [env] pytabkit 없음
[2026-10-01T04:25:30Z]: [env] pytest 없음
[2026-10-01T04:25:31Z]: [env] torch 2.4.1
[2026-10-01T04:25:31Z]: [env] CUDA_VISIBLE_DEVICES = None
[2026-10-01T04:25:56Z]: [env] torch 2.4.1+cu121 · CUDA 빌드 12.1 · CUDA 사용 가능 False · GPU 수 0
[2026-10-01T04:25:59Z]: [2026-10-01T04:25:59Z] [env] nvidia-smi 없음
[2026-10-01T04:26:01Z]: [2026-10-01T04:26:01Z] [deps] 없는 필수 패키지: catboost>=1.2 scikit-learn>=1.3 pandas>=2.1,<3 scipy>=1.11
[2026-10-01T04:26:01Z]: [2026-10-01T04:26:01Z] [deps] pip install --user catboost>=1.2 scikit-learn>=1.3 pandas>=2.1,<3 scipy>=1.11
[2026-10-01T04:26:02Z]: ERROR: Can not perform a '--user' install. User site-packages are not visible in this virtualenv.
[2026-10-01T04:26:02Z]: [2026-10-01T04:26:02Z] [deps] --user 설치 실패(가상환경이면 정상이다). 기본 위치에 다시 시도한다
[2026-10-01T04:26:30Z]: [deps] 확인: catboost 1.2.10 · scikit-learn 1.9.1 · pandas 2.3.3 · scipy 1.17.1 · numpy 2.1.1
[2026-10-01T04:26:30Z]: [2026-10-01T04:26:30Z] [wf] 모드 full · 코어 96 · 워커 22 × 스레드 4 · 실험 wf1,wf2,wf3,wf4 · 시간 한도 210 min
[2026-10-01T04:26:30Z]: [2026-10-01T04:26:30Z] [wf] 실행 시작(pid 11318, 제한 9536 s) → logs_wf/wf_run.log
[2026-10-01T04:31:31Z]: [2026-10-01T04:31:31Z] [progress] 경과 6 min · 조각 31개 ·  완료 31/343 · 실패 0 ·  부하 92.86 57.35 24.90
[2026-10-01T04:36:31Z]: [2026-10-01T04:36:31Z] [progress] 경과 11 min · 조각 63개 ·  완료 63/343 · 실패 0 ·  부하 91.79 78.47 42.99
[2026-10-01T04:41:31Z]: [2026-10-01T04:41:31Z] [progress] 경과 16 min · 조각 89개 ·  완료 89/343 · 실패 0 ·  부하 90.69 86.67 56.45
[2026-10-01T04:46:31Z]: [2026-10-01T04:46:31Z] [progress] 경과 21 min · 조각 139개 ·  완료 139/343 · 실패 0 ·  부하 83.31 86.77 64.94
[2026-10-01T04:50:31Z]:   [run] [pool] 워커 22 · 스레드 4 · 코어 고정 예(워커마다 4코어)
[2026-10-01T04:50:31Z]:   [run]     [warn] 적합 실패(wf1|catboost_lo|R1cv): CatBoostError('catboost/libs/data/quantization.cpp:2419: All features are either constant or ignored.')
[2026-10-01T04:50:31Z]:   [run]     [warn] 적합 실패(wf1|catboost|R1cv): CatBoostError('catboost/libs/data/quantization.cpp:2419: All features are either constant or ignored.')
[2026-10-01T04:50:31Z]:   [run]     [warn] 적합 실패(wf1|catboost_lo|Recv): CatBoostError('catboost/libs/data/quantization.cpp:2419: All features are either constant or ignored.')
[2026-10-01T04:50:31Z]:   [run]     [warn] 적합 실패(wf1|catboost_lo|R1cv): CatBoostError('catboost/libs/data/quantization.cpp:2419: All features are either constant or ignored.')
[2026-10-01T04:50:31Z]:   [run]     [warn] 적합 실패(wf1|catboost|R1cv): CatBoostError('catboost/libs/data/quantization.cpp:2419: All features are either constant or ignored.')
[2026-10-01T04:50:31Z]:   [run]     [warn] 적합 실패(wf1|catboost_lo|Recv): CatBoostError('catboost/libs/data/quantization.cpp:2419: All features are either constant or ignored.')
[2026-10-01T04:50:31Z]:   [run]     [warn] 적합 실패(wf1|catboost_lo|R1cv): CatBoostError('catboost/libs/data/quantization.cpp:2419: All features are either constant or ignored.')
[2026-10-01T04:50:31Z]:   [run]     [warn] 적합 실패(wf1|catboost|R1cv): CatBoostError('catboost/libs/data/quantization.cpp:2419: All features are either constant or ignored.')
[2026-10-01T04:50:31Z]:   [run]     [warn] 적합 실패(wf1|catboost_lo|Recv): CatBoostError('catboost/libs/data/quantization.cpp:2419: All features are either constant or ignored.')
[2026-10-01T04:50:31Z]:   [run]     [warn] 적합 실패(wf1|catboost_lo|R1cv): CatBoostError('catboost/libs/data/quantization.cpp:2419: All features are either constant or ignored.')
[2026-10-01T04:50:31Z]:   [run]     [warn] 적합 실패(wf1|catboost|R1cv): CatBoostError('catboost/libs/data/quantization.cpp:2419: All features are either constant or ignored.')
[2026-10-01T04:50:31Z]:   [run]     [warn] 적합 실패(wf1|catboost_lo|Recv): CatBoostError('catboost/libs/data/quantization.cpp:2419: All features are either constant or ignored.')
[2026-10-01T04:50:31Z]:   [run]     [warn] 적합 실패(wf1|catboost_lo|R1cv): CatBoostError('catboost/libs/data/quantization.cpp:2419: All features are either constant or ignored.')
[2026-10-01T04:50:31Z]:   [run]     [warn] 적합 실패(wf1|catboost|R1cv): CatBoostError('catboost/libs/data/quantization.cpp:2419: All features are either constant or ignored.')
[2026-10-01T04:50:31Z]:   [run]     [warn] 적합 실패(wf1|catboost_lo|Recv): CatBoostError('catboost/libs/data/quantization.cpp:2419: All features are either constant or ignored.')
[2026-10-01T04:50:31Z]:   [run]     [warn] 적합 실패(wf1|catboost_lo|R1cv): CatBoostError('catboost/libs/data/quantization.cpp:2419: All features are either constant or ignored.')
[2026-10-01T04:50:31Z]:   [run]     [warn] 적합 실패(wf1|catboost|R1cv): CatBoostError('catboost/libs/data/quantization.cpp:2419: All features are either constant or ignored.')
[2026-10-01T04:50:31Z]:   [run]     [warn] 적합 실패(wf1|catboost_lo|Recv): CatBoostError('catboost/libs/data/quantization.cpp:2419: All features are either constant or ignored.')
[2026-10-01T04:50:31Z]:   [run]     [warn] 적합 실패(wf1|catboost_lo|R1cv): CatBoostError('catboost/libs/data/quantization.cpp:2419: All features are either constant or ignored.')
[2026-10-01T04:50:31Z]:   [run]     [warn] 적합 실패(wf1|catboost|R1cv): CatBoostError('catboost/libs/data/quantization.cpp:2419: All features are either constant or ignored.')
[2026-10-01T04:50:31Z]:   [run]     [warn] 적합 실패(wf1|catboost_lo|Recv): CatBoostError('catboost/libs/data/quantization.cpp:2419: All features are either constant or ignored.')
[2026-10-01T04:50:31Z]:   [run]     [warn] 적합 실패(wf1|catboost_lo|R1cv): CatBoostError('catboost/libs/metrics/metric.cpp:7011: All train targets are equal')
[2026-10-01T04:50:31Z]:   [run]     [warn] 적합 실패(wf1|catboost|R1cv): CatBoostError('catboost/libs/metrics/metric.cpp:7011: All train targets are equal')
[2026-10-01T04:50:31Z]:   [run]     [warn] 적합 실패(wf1|catboost_lo|Recv): CatBoostError('catboost/libs/metrics/metric.cpp:7011: All train targets are equal')
[2026-10-01T04:50:31Z]:   [run]     [warn] 적합 실패(wf1|catboost_lo|R1cv): CatBoostError('catboost/libs/data/quantization.cpp:2419: All features are either constant or ignored.')
[2026-10-01T04:50:31Z]:   [run]     [warn] 적합 실패(wf1|catboost|R1cv): CatBoostError('catboost/libs/data/quantization.cpp:2419: All features are either constant or ignored.')
[2026-10-01T04:50:31Z]:   [run]     [warn] 적합 실패(wf1|catboost_lo|Recv): CatBoostError('catboost/libs/data/quantization.cpp:2419: All features are either constant or ignored.')
[2026-10-01T04:50:31Z]:   [run]     [warn] 적합 실패(wf1|catboost_lo|R1cv): CatBoostError('catboost/libs/data/quantization.cpp:2419: All features are either constant or ignored.')
[2026-10-01T04:50:31Z]:   [run]     [warn] 적합 실패(wf1|catboost|R1cv): CatBoostError('catboost/libs/data/quantization.cpp:2419: All features are either constant or ignored.')
[2026-10-01T04:50:31Z]:   [run]     [warn] 적합 실패(wf1|catboost_lo|Recv): CatBoostError('catboost/libs/data/quantization.cpp:2419: All features are either constant or ignored.')
[2026-10-01T04:50:31Z]:   [run]     [warn] 적합 실패(wf1|catboost_lo|R1cv): CatBoostError('catboost/libs/data/quantization.cpp:2419: All features are either constant or ignored.')
[2026-10-01T04:50:31Z]:   [run]     [warn] 적합 실패(wf1|catboost|R1cv): CatBoostError('catboost/libs/data/quantization.cpp:2419: All features are either constant or ignored.')
[2026-10-01T04:50:31Z]:   [run]     [warn] 적합 실패(wf1|catboost_lo|Recv): CatBoostError('catboost/libs/data/quantization.cpp:2419: All features are either constant or ignored.')
[2026-10-01T04:50:31Z]:   [run]     [warn] 적합 실패(wf1|catboost_lo|R1cv): CatBoostError('catboost/libs/data/quantization.cpp:2419: All features are either constant or ignored.')
[2026-10-01T04:50:31Z]:   [run]     [warn] 적합 실패(wf1|catboost|R1cv): CatBoostError('catboost/libs/data/quantization.cpp:2419: All features are either constant or ignored.')
[2026-10-01T04:50:31Z]:   [run]     [warn] 적합 실패(wf1|catboost_lo|Recv): CatBoostError('catboost/libs/data/quantization.cpp:2419: All features are either constant or ignored.')
[2026-10-01T04:50:31Z]:   [run]     [warn] 적합 실패(wf1|catboost_lo|R1cv): CatBoostError('catboost/libs/data/quantization.cpp:2419: All features are either constant or ignored.')
[2026-10-01T04:50:31Z]:   [run]     [warn] 적합 실패(wf1|catboost|R1cv): CatBoostError('catboost/libs/data/quantization.cpp:2419: All features are either constant or ignored.')
[2026-10-01T04:50:31Z]:   [run]     [warn] 적합 실패(wf1|catboost_lo|Recv): CatBoostError('catboost/libs/data/quantization.cpp:2419: All features are either constant or ignored.')
[2026-10-01T04:50:31Z]:   [run] [data] 실험 ['wf1', 'wf2', 'wf3', 'wf4'] · 작업 단위 343(건너뜀 21) · 실험별 {'wf1': 33, 'wf2': 168, 'wf3': 10, 'wf4': 132} · 분할 [1, 2, 3, 4, 5] · seed [0, 1] · 스레드 4 · 워커 22
[2026-10-01T04:50:31Z]:   [run] [plan] 실행 343 · 재개로 건너뜀 0 · 프로세스 22 · 스레드 4
[2026-10-01T04:50:31Z]:   [run] [done] 완료 343 · 실패 0 · 일부 적합 실패 11 · 1419s
[2026-10-01T04:50:32Z]: [2026-10-01T04:50:32Z] [pack] results_wf.tar.gz 18M · 파일 1034개
[2026-10-01T04:50:32Z]: [2026-10-01T04:50:32Z] [wf] 집계 시작(제한 10794 s)
[2026-10-01T04:51:19Z]:   [summarize] [summarize] 실험 ['wf1', 'wf2', 'wf3', 'wf4'] · 조각 343 · runs 115,221 · curve 3,452 · tests 1,140 · 46s → /enc/ukrprod_xQyfeb/work/data/processed/wf/wf_*
[2026-10-01T04:51:19Z]:   [summarize] exp test_id role   target                                                                                                                                                                                         verdict
[2026-10-01T04:51:19Z]:   [summarize] wf1   WF1-a   서술   AL-1|r                                                                                                                              부분(분할 2/4): 기각: n ≥ 1,000 에서 R1·R2(교차검증 λ)가 최선 물리 보정식보다 우세인 n 이 없다
[2026-10-01T04:51:19Z]:   [summarize] wf1   WF1-c   서술   AL-1|r                                                                                                         부분(분할 2/4): 부분 지지: 열세인 n 의 수가 D0 보다 적은 레시피 = R1, R2 [통계적으로 구별되나 크기는 0.5 cm 미만: R2 n=20]
[2026-10-01T04:51:19Z]:   [summarize] wf1   WF1-a   서술   AL-2|r                                                                                                                                       지지: 최선 물리 보정식보다 우세인 n 이 있다(R1 n=1000, R2 n=1000, R1 n=전량)
[2026-10-01T04:51:19Z]:   [summarize] wf1   WF1-c   서술   AL-2|r                                                                                                                                                             지지: R1·R2·D1 모두 열세인 n 의 수가 D0 보다 적다
[2026-10-01T04:51:19Z]:   [summarize] wf1   WF1-a   서술   AL-6|r                                                                                                                                    판정 불가(대비 0/4; 없는 대비: R1 n=1000, R2 n=1000, R1 n=전량, R2 n=전량)
[2026-10-01T04:51:19Z]:   [summarize] wf1   WF1-c   서술   AL-6|r                                                                                                                                                          판정 불가(판정할 수 없는 대비가 있다: R1, R2, D1, D0)
[2026-10-01T04:51:19Z]:   [summarize] wf1   WF1-a    주 Alaska|r                                                                                                                                          기각: n ≥ 1,000 에서 R1·R2(교차검증 λ)가 최선 물리 보정식보다 우세인 n 이 없다
[2026-10-01T04:51:19Z]:   [summarize] wf1   WF1-b    주 Alaska|r                                                                                                                                                          기각: 우세인 n 이 없다(SAR 열의 추가 가치를 확인하지 못했다)
[2026-10-01T04:51:19Z]:   [summarize] wf1   WF1-c    주 Alaska|r                                                                                                부분 지지: 열세인 n 의 수가 D0 보다 적은 레시피 = R2, D1 [통계적으로 구별되나 크기는 0.5 cm 미만: R1 n=20, R1 n=100, D1 n=2000]
[2026-10-01T04:51:19Z]:   [summarize] wf1   WF1-a   서술 Canada|r                                                                                                                                          기각: n ≥ 1,000 에서 R1·R2(교차검증 λ)가 최선 물리 보정식보다 우세인 n 이 없다
[2026-10-01T04:51:19Z]:   [summarize] wf1   WF1-c   서술 Canada|r                                                                                                                                                           기각: 열세인 n 의 수가 D0 보다 적은 물리 기반 레시피가 없다
[2026-10-01T04:51:19Z]:   [summarize] wf1   WF1-a   서술   Lena|r                                                                                                                                          기각: n ≥ 1,000 에서 R1·R2(교차검증 λ)가 최선 물리 보정식보다 우세인 n 이 없다
[2026-10-01T04:51:19Z]:   [summarize] wf1   WF1-c   서술   Lena|r                                                                                                                       기각: 열세인 n 의 수가 D0 보다 적은 물리 기반 레시피가 없다 [통계적으로 구별되나 크기는 0.5 cm 미만: R1 n=20]
[2026-10-01T04:51:19Z]:   [summarize] wf2   WF2-a   서술   AL-1|r                                                        지지: S1 보다 우세인 (전략, n) = S3 n=50, S4 n=50, S4 n=100, S4 n=200. 세 n 모두 우세인 전략 = S4 [통계적으로 구별되나 크기는 0.5 cm 미만: S4 n=200, S6 n=50, S6 n=200]
[2026-10-01T04:51:19Z]:   [summarize] wf2   WF2-a   서술   AL-2|r                                                                                                 지지: S1 보다 우세인 (전략, n) = S2 n=50, S2 n=100, S4 n=50, S7 n=50 [통계적으로 구별되나 크기는 0.5 cm 미만: S4 n=50]
[2026-10-01T04:51:19Z]:   [summarize] wf2   WF2-a    주 Alaska|r                                                                                                                 지지: S1 보다 우세인 (전략, n) = S3 n=100 [통계적으로 구별되나 크기는 0.5 cm 미만: S3 n=100, S5 n=100]
[2026-10-01T04:51:19Z]:   [summarize] wf2   WF2-a   서술 Canada|r 지지: S1 보다 우세인 (전략, n) = S2 n=50, S2 n=100, S2 n=200, S3 n=100, S4 n=50, S4 n=100, S4 n=200, S5 n=200, S6 n=100, S6 n=200, S7 n=100. 세 n 모두 우세인 전략 = S2, S4 [통계적으로 구별되나 크기는 0.5 cm 미만: S3 n=100]
[2026-10-01T04:51:19Z]:   [summarize] wf2   WF2-a   서술   Lena|r                                                                                                              기각: n {50, 100, 200} 의 R1 에서 S1 보다 우세인 전략이 없다 [통계적으로 구별되나 크기는 0.5 cm 미만: S3 n=100]
[2026-10-01T04:51:19Z]:   [summarize] wf2   WF2-b    주      NaN                                                                                                                  기각: S3 가 S1 보다 열세인 대상이 있다(Lena|r) [통계적으로 구별되나 크기는 0.5 cm 미만: Lena|r, Canada|r]
[2026-10-01T04:51:19Z]:   [summarize] wf3   WF3-a    주      NaN                                                                                                                                                            기각: n ≥ 500 에서 Pc 가 P1 보다 우세인 대비가 없다
[2026-10-01T04:51:19Z]:   [summarize] wf3   WF3-b   서술 Alaska|r                                                                                             서술(방향 중립): R1c 동등 13, 미결정 8, 열세 2, 우세 1; R1i 동등 24 [통계적으로 구별되나 크기는 0.5 cm 미만: R1c@c2 n=2000 λ 0.25]
[2026-10-01T04:51:19Z]:   [summarize] wf3   WF3-b   서술   Lena|r                                                                                                                                                   서술(방향 중립): R1c 동등 2, 미결정 16; R1i 동등 15, 미결정 3
[2026-10-01T04:51:19Z]:   [summarize] wf4   WF4-a    주      NaN                                                                                                                                                   부분(지역 2/4): 부분 지지: 비열등인 n = n=40, n=160, n=전량
[2026-10-01T04:51:19Z]:   [summarize] wf4   WF4-b    주      NaN                                                                                                                                                               기각: W 의 우세 대상 수가 R1(0.25)보다 많지 않다
[2026-10-01T04:51:19Z]:   [summarize] wf4   WF4-c    주      NaN                                                                                                                                                            지지: 양의 순위상관(ρ 0.38, CI [0.17, 0.55])
[2026-10-01T04:51:21Z]: [2026-10-01T04:51:21Z] [pack] results_wf.tar.gz 18M · 파일 1041개
[2026-10-01T04:51:21Z]: [2026-10-01T04:51:21Z] [wf] 단계별 상태
[2026-10-01T04:51:21Z]:   stage,required,rc,sec,note
[2026-10-01T04:51:21Z]:   inputs,1,0,33,
[2026-10-01T04:51:21Z]:   deps,1,0,64,
[2026-10-01T04:51:21Z]:   run,1,0,1505,
[2026-10-01T04:51:21Z]:   summarize,1,0,1553,
[2026-10-01T04:51:21Z]: [2026-10-01T04:51:21Z] [wf] 모든 단계 통과 · 경과 25 min
[2026-10-01T04:51:21Z]: Exited with code 0
[2026-10-01T04:51:21Z]: 
