[data] 17,467셀 · 축 ['main', 'sens'] · 민감도 ['d3', 'd10', 'rid', 'tgt'] · 분할 1–5 · n [0, 3, 10, 40, 160, 320, 1000, -1] · seed 2 · λ [0.25, 0.5, 1.0] · 하위 지역 map:lg_subregion_map_v1.csv · 작업 단위 172(건너뜀 23) · 스레드 3
[plan] 실행 172 · 재개로 건너뜀 0 · GPU [9, 7, 6](프로세스 3개) · 스레드 3 · 가중치 tabpfn-v2-regressor.ckpt SHA-1 9bfedc2abaad · tabpfn 8.0.7 · n_estimators 8 · 컨텍스트 상한 10,000 · run_id 35826-20260930T014024 · 기록 /home/willy010313/Polar_Bigdata/data/processed/lgt/run_lgt
  [main|Russia_W|x|s1] 적합 140 · 행 349 · 컨텍스트 최대 9016 · A 16 · 채점 12/7블록 · 원천 17436 · 424.1s · GPU '6' 메모리 최댓값 1445.1 MiB(예약 3306.0 MiB) · 상태 ok(실패 0) · 완료 1/172 · 누적 434s
  [main|Russia_E|x|s1] 적합 140 · 행 349 · 컨텍스트 최대 9015 · A 15 · 채점 14/10블록 · 원천 17437 · 415.8s · GPU '6' 메모리 최댓값 1445.4 MiB(예약 3306.0 MiB) · 상태 ok(실패 0) · 완료 2/172 · 누적 851s
  [main|Canada|x|s1] 적합 320 · 행 784 · 컨텍스트 최대 9355 · A 355 · 채점 393/20블록 · 원천 16697 · 1004.3s · GPU '7' 메모리 최댓값 1579.9 MiB(예약 6550.0 MiB) · 상태 ok(실패 0) · 완료 3/172 · 누적 1014s
  [main|Lena|x|s1] 적합 380 · 행 929 · 컨텍스트 최대 10000 · A 1505 · 채점 1478/11블록 · 원천 14429 · 1292.8s · GPU '9' 메모리 최댓값 1917.6 MiB(예약 7346.0 MiB) · 상태 ok(실패 0) · 완료 4/172 · 누적 1303s
  [main|Russia_E|x|s2] 적합 140 · 행 349 · 컨텍스트 최대 9017 · A 17 · 채점 11/8블록 · 원천 17437 · 414.4s · GPU '9' 메모리 최댓값 1445.0 MiB(예약 3306.0 MiB) · 상태 ok(실패 0) · 완료 5/172 · 누적 1718s
  [main|Canada|x|s2] 적합 320 · 행 784 · 컨텍스트 최대 9363 · A 363 · 채점 385/12블록 · 원천 16697 · 1000.7s · GPU '7' 메모리 최댓값 1579.8 MiB(예약 6548.0 MiB) · 상태 ok(실패 0) · 완료 6/172 · 누적 2016s
  [main|Russia_W|x|s2] 적합 140 · 행 349 · 컨텍스트 최대 9014 · A 14 · 채점 17/12블록 · 원천 17436 · 413.9s · GPU '9' 메모리 최댓값 1445.8 MiB(예약 3306.0 MiB) · 상태 ok(실패 0) · 완료 7/172 · 누적 2132s
  [main|Lena|x|s2] 적합 380 · 행 929 · 컨텍스트 최대 10000 · A 1293 · 채점 1687/5블록 · 원천 14429 · 1330.3s · GPU '6' 메모리 최댓값 1963.6 MiB(예약 7492.0 MiB) · 상태 ok(실패 0) · 완료 8/172 · 누적 2182s
  [main|Russia_E|x|s3] 적합 140 · 행 349 · 컨텍스트 최대 9015 · A 15 · 채점 14/11블록 · 원천 17437 · 421.2s · GPU '6' 메모리 최댓값 1445.4 MiB(예약 3306.0 MiB) · 상태 ok(실패 0) · 완료 9/172 · 누적 2604s
  [main|Russia_W|x|s3] 적합 140 · 행 349 · 컨텍스트 최대 9015 · A 15 · 채점 16/8블록 · 원천 17436 · 416.5s · GPU '6' 메모리 최댓값 1445.7 MiB(예약 3306.0 MiB) · 상태 ok(실패 0) · 완료 10/172 · 누적 3020s
  [main|Canada|x|s3] 적합 320 · 행 784 · 컨텍스트 최대 9406 · A 406 · 채점 342/21블록 · 원천 16697 · 967.0s · GPU '9' 메모리 최댓값 1576.5 MiB(예약 6528.0 MiB) · 상태 ok(실패 0) · 완료 11/172 · 누적 3099s
  [main|Lena|x|s3] 적합 380 · 행 929 · 컨텍스트 최대 10000 · A 1737 · 채점 1278/14블록 · 원천 14429 · 1284.6s · GPU '7' 메모리 최댓값 1874.0 MiB(예약 7338.0 MiB) · 상태 ok(실패 0) · 완료 12/172 · 누적 3301s
  [main|Russia_W|x|s4] 적합 140 · 행 349 · 컨텍스트 최대 9016 · A 16 · 채점 14/11블록 · 원천 17436 · 419.0s · GPU '7' 메모리 최댓값 1445.5 MiB(예약 3306.0 MiB) · 상태 ok(실패 0) · 완료 13/172 · 누적 3720s
  [main|Canada|x|s4] 적합 320 · 행 784 · 컨텍스트 최대 9325 · A 325 · 채점 423/25블록 · 원천 16697 · 979.3s · GPU '9' 메모리 최댓값 1582.4 MiB(예약 5478.0 MiB) · 상태 ok(실패 0) · 완료 14/172 · 누적 4079s
  [main|Russia_E|x|s4] 적합 140 · 행 349 · 컨텍스트 최대 9015 · A 15 · 채점 14/10블록 · 원천 17437 · 418.9s · GPU '7' 메모리 최댓값 1445.4 MiB(예약 3306.0 MiB) · 상태 ok(실패 0) · 완료 15/172 · 누적 4139s
  [main|Lena|x|s4] 적합 380 · 행 929 · 컨텍스트 최대 10000 · A 1533 · 채점 1428/16블록 · 원천 14429 · 1299.0s · GPU '6' 메모리 최댓값 1906.9 MiB(예약 7444.0 MiB) · 상태 ok(실패 0) · 완료 16/172 · 누적 4320s
  [main|Russia_E|x|s5] 적합 140 · 행 349 · 컨텍스트 최대 9016 · A 16 · 채점 12/8블록 · 원천 17437 · 417.5s · GPU '6' 메모리 최댓값 1445.1 MiB(예약 3306.0 MiB) · 상태 ok(실패 0) · 완료 17/172 · 누적 4738s
  [main|Canada|x|s5] 적합 320 · 행 784 · 컨텍스트 최대 9360 · A 360 · 채점 388/18블록 · 원천 16697 · 999.6s · GPU '7' 메모리 최댓값 1580.0 MiB(예약 6548.0 MiB) · 상태 ok(실패 0) · 완료 18/172 · 누적 5139s
  [main|Russia_W|x|s5] 적합 140 · 행 349 · 컨텍스트 최대 9016 · A 16 · 채점 13/8블록 · 원천 17436 · 419.5s · GPU '6' 메모리 최댓값 1445.3 MiB(예약 3306.0 MiB) · 상태 ok(실패 0) · 완료 19/172 · 누적 5158s
  [main|Lena|x|s5] 적합 380 · 행 929 · 컨텍스트 최대 10000 · A 1120 · 채점 1860/16블록 · 원천 14429 · 1318.4s · GPU '9' 메모리 최댓값 2001.7 MiB(예약 7734.0 MiB) · 상태 ok(실패 0) · 완료 20/172 · 누적 5398s
  [sens|Russia_W|x|s1] 적합 80 · 행 167 · 컨텍스트 최대 9100 · A 16 · 채점 12/7블록 · 원천 17436 · 246.1s · GPU '9' 메모리 최댓값 1480.9 MiB(예약 4350.0 MiB) · 상태 ok(실패 0) · 완료 21/172 · 누적 5645s
  [sens|Canada|x|s1] 적합 232 · 행 477 · 컨텍스트 최대 10000 · A 355 · 채점 393/20블록 · 원천 16697 · 601.7s · GPU '6' 메모리 최댓값 1679.7 MiB(예약 6634.0 MiB) · 상태 ok(실패 0) · 완료 22/172 · 누적 5760s
  [sens|Lena|x|s1] 적합 248 · 행 511 · 컨텍스트 최대 10000 · A 1505 · 채점 1478/11블록 · 원천 14429 · 666.3s · GPU '7' 메모리 최댓값 1964.7 MiB(예약 8670.0 MiB) · 상태 ok(실패 0) · 완료 23/172 · 누적 5806s
  [sens|Russia_E|x|s1] 적합 80 · 행 167 · 컨텍스트 최대 9100 · A 15 · 채점 14/10블록 · 원천 17437 · 246.1s · GPU '9' 메모리 최댓값 1481.1 MiB(예약 4350.0 MiB) · 상태 ok(실패 0) · 완료 24/172 · 누적 5891s
  [sens|Russia_E|x|s2] 적합 80 · 행 167 · 컨텍스트 최대 9100 · A 17 · 채점 11/8블록 · 원천 17437 · 246.1s · GPU '9' 메모리 최댓값 1480.9 MiB(예약 4350.0 MiB) · 상태 ok(실패 0) · 완료 25/172 · 누적 6138s
  [sens|Russia_W|x|s2] 적합 80 · 행 167 · 컨텍스트 최대 9100 · A 14 · 채점 17/12블록 · 원천 17436 · 245.9s · GPU '9' 메모리 최댓값 1481.4 MiB(예약 4350.0 MiB) · 상태 ok(실패 0) · 완료 26/172 · 누적 6384s
  [sens|Canada|x|s2] 적합 232 · 행 477 · 컨텍스트 최대 10000 · A 363 · 채점 385/12블록 · 원천 16697 · 598.2s · GPU '7' 메모리 최댓값 1677.3 MiB(예약 6634.0 MiB) · 상태 ok(실패 0) · 완료 27/172 · 누적 6404s
  [sens|Lena|x|s2] 적합 248 · 행 511 · 컨텍스트 최대 10000 · A 1293 · 채점 1687/5블록 · 원천 14429 · 673.8s · GPU '6' 메모리 최댓값 2011.5 MiB(예약 8844.0 MiB) · 상태 ok(실패 0) · 완료 28/172 · 누적 6434s
  [sens|Russia_E|x|s3] 적합 80 · 행 167 · 컨텍스트 최대 9100 · A 15 · 채점 14/11블록 · 원천 17437 · 248.1s · GPU '6' 메모리 최댓값 1481.1 MiB(예약 4350.0 MiB) · 상태 ok(실패 0) · 완료 29/172 · 누적 6683s
  [sens|Russia_W|x|s3] 적합 80 · 행 167 · 컨텍스트 최대 9100 · A 15 · 채점 16/8블록 · 원천 17436 · 246.1s · GPU '6' 메모리 최댓값 1481.3 MiB(예약 4350.0 MiB) · 상태 ok(실패 0) · 완료 30/172 · 누적 6929s
  [sens|Canada|x|s3] 적합 232 · 행 477 · 컨텍스트 최대 10000 · A 406 · 채점 342/21블록 · 원천 16697 · 591.6s · GPU '7' 메모리 최댓값 1668.2 MiB(예약 5560.0 MiB) · 상태 ok(실패 0) · 완료 31/172 · 누적 6996s
  [sens|Lena|x|s3] 적합 248 · 행 511 · 컨텍스트 최대 10000 · A 1737 · 채점 1278/14블록 · 원천 14429 · 644.4s · GPU '9' 메모리 최댓값 1919.6 MiB(예약 7498.0 MiB) · 상태 ok(실패 0) · 완료 32/172 · 누적 7029s
  [sens|Russia_W|x|s4] 적합 80 · 행 167 · 컨텍스트 최대 9100 · A 16 · 채점 14/11블록 · 원천 17436 · 243.1s · GPU '9' 메모리 최댓값 1481.2 MiB(예약 4350.0 MiB) · 상태 ok(실패 0) · 완료 33/172 · 누적 7273s
  [sens|Russia_E|x|s4] 적합 80 · 행 167 · 컨텍스트 최대 9100 · A 15 · 채점 14/10블록 · 원천 17437 · 245.2s · GPU '9' 메모리 최댓값 1481.1 MiB(예약 4350.0 MiB) · 상태 ok(실패 0) · 완료 34/172 · 누적 7518s
  [sens|Canada|x|s4] 적합 232 · 행 477 · 컨텍스트 최대 10000 · A 325 · 채점 423/25블록 · 원천 16697 · 596.2s · GPU '7' 메모리 최댓값 1686.9 MiB(예약 6654.0 MiB) · 상태 ok(실패 0) · 완료 35/172 · 누적 7594s
  [sens|Lena|x|s4] 적합 248 · 행 511 · 컨텍스트 최대 10000 · A 1533 · 채점 1428/16블록 · 원천 14429 · 665.2s · GPU '6' 메모리 최댓값 1952.9 MiB(예약 8768.0 MiB) · 상태 ok(실패 0) · 완료 36/172 · 누적 7595s
  [sens|Russia_E|x|s5] 적합 80 · 행 167 · 컨텍스트 최대 9100 · A 16 · 채점 12/8블록 · 원천 17437 · 251.7s · GPU '6' 메모리 최댓값 1480.9 MiB(예약 4350.0 MiB) · 상태 ok(실패 0) · 완료 37/172 · 누적 7847s
  [sens|Russia_W|x|s5] 적합 80 · 행 167 · 컨텍스트 최대 9100 · A 16 · 채점 13/8블록 · 원천 17436 · 252.9s · GPU '6' 메모리 최댓값 1481.0 MiB(예약 4350.0 MiB) · 상태 ok(실패 0) · 완료 38/172 · 누적 8101s
  [sens|Lena|x|s5] 적합 248 · 행 511 · 컨텍스트 최대 10000 · A 1120 · 채점 1860/16블록 · 원천 14429 · 670.2s · GPU '9' 메모리 최댓값 2050.5 MiB(예약 9106.0 MiB) · 상태 ok(실패 0) · 완료 39/172 · 누적 8189s
  [sens|Canada|x|s5] 적합 232 · 행 477 · 컨텍스트 최대 10000 · A 360 · 채점 388/18블록 · 원천 16697 · 598.0s · GPU '7' 메모리 최댓값 1678.0 MiB(예약 6634.0 MiB) · 상태 ok(실패 0) · 완료 40/172 · 누적 8193s
  [main|Alaska|x|s1] 적합 380 · 행 929 · 컨텍스트 최대 10000 · A 7436 · 채점 6170/44블록 · 원천 3860 · 858.3s · GPU '6' 메모리 최댓값 2950.4 MiB(예약 10086.0 MiB) · 상태 ok(실패 0) · 완료 41/172 · 누적 8960s
  [main|Alaska|x|s2] 적합 380 · 행 929 · 컨텍스트 최대 10000 · A 6821 · 채점 6785/63블록 · 원천 3860 · 874.1s · GPU '9' 메모리 최댓값 3085.8 MiB(예약 10640.0 MiB) · 상태 ok(실패 0) · 완료 42/172 · 누적 9064s
  [main|Alaska|x|s3] 적합 380 · 행 929 · 컨텍스트 최대 10000 · A 6758 · 채점 6848/21블록 · 원천 3860 · 887.4s · GPU '7' 메모리 최댓값 3100.0 MiB(예약 10684.0 MiB) · 상태 ok(실패 0) · 완료 43/172 · 누적 9081s
  [main|AL-2|x|s1] 적합 380 · 행 929 · 컨텍스트 최대 5555 · A 1694 · 채점 1797/10블록 · 원천 3861 · 577.6s · GPU '7' 메모리 최댓값 1307.7 MiB(예약 4900.0 MiB) · 상태 ok(실패 0) · 완료 44/172 · 누적 9659s
  [main|Alaska|x|s4] 적합 380 · 행 929 · 컨텍스트 최대 10000 · A 6540 · 채점 7066/23블록 · 원천 3860 · 908.5s · GPU '6' 메모리 최댓값 3147.7 MiB(예약 10882.0 MiB) · 상태 ok(실패 0) · 완료 45/172 · 누적 9869s
  [main|Alaska|x|s5] 적합 380 · 행 929 · 컨텍스트 최대 10000 · A 6322 · 채점 7284/38블록 · 원천 3860 · 905.6s · GPU '9' 메모리 최댓값 3196.4 MiB(예약 10450.0 MiB) · 상태 ok(실패 0) · 완료 46/172 · 누적 9970s
  [main|AL-3|x|s1] 적합 320 · 행 784 · 컨텍스트 최대 4195 · A 334 · 채점 317/4블록 · 원천 3861 · 402.3s · GPU '7' 메모리 최댓값 773.7 MiB(예약 2508.0 MiB) · 상태 ok(실패 0) · 완료 47/172 · 누적 10062s
  [main|Russia_C|x|s1] 적합 80 · 행 204 · 컨텍스트 최대 9004 · A 4 · 채점 3/2블록 · 원천 16208 · 240.1s · GPU '7' 메모리 최댓값 1443.4 MiB(예약 2292.0 MiB) · 상태 ok(실패 0) · 완료 48/172 · 누적 10302s
  [main|CA-3|x|s1] 적합 260 · 행 639 · 컨텍스트 최대 9224 · A 224 · 채점 125/3블록 · 원천 16697 · 799.3s · GPU '6' 메모리 최댓값 1501.7 MiB(예약 6444.0 MiB) · 상태 ok(실패 0) · 완료 49/172 · 누적 10669s
  [main|CA-2|x|s1] 적합 260 · 행 639 · 컨텍스트 최대 9161 · A 161 · 채점 234/5블록 · 원천 16717 · 793.3s · GPU '9' 메모리 최댓값 1515.4 MiB(예약 4310.0 MiB) · 상태 ok(실패 0) · 완료 50/172 · 누적 10764s
  [main|AL-2|x|s2] 적합 380 · 행 929 · 컨텍스트 최대 5725 · A 1864 · 채점 1627/10블록 · 원천 3861 · 567.7s · GPU '7' 메모리 최댓값 1296.3 MiB(예약 4786.0 MiB) · 상태 ok(실패 0) · 완료 51/172 · 누적 10871s
  [main|AL-3|x|s2] 적합 320 · 행 784 · 컨텍스트 최대 4222 · A 361 · 채점 290/5블록 · 원천 3861 · 390.5s · GPU '6' 메모리 최댓값 772.4 MiB(예약 2982.0 MiB) · 상태 ok(실패 0) · 완료 52/172 · 누적 11060s
  [main|AL-1|x|s2] 적합 260 · 행 639 · 컨텍스트 최대 4149 · A 288 · 채점 4866/8블록 · 원천 3861 · 493.1s · GPU '9' 메모리 최댓값 1766.4 MiB(예약 6542.0 MiB) · 상태 ok(실패 0) · 완료 53/172 · 누적 11258s
  [main|Russia_C|x|s2] 적합 20 · 행 59 · 컨텍스트 최대 9003 · A 3 · 채점 4/3블록 · 원천 16208 · 60.4s · GPU '9' 메모리 최댓값 1443.5 MiB(예약 2294.0 MiB) · 상태 ok(실패 0) · 완료 54/172 · 누적 11319s
  [main|Greenland|x|s2] 적합 20 · 행 59 · 컨텍스트 최대 9002 · A 2 · 채점 1/1블록(무효 분할) · 원천 17464 · 59.8s · GPU '9' 메모리 최댓값 1443.3 MiB(예약 2292.0 MiB) · 상태 ok(실패 0) · 완료 55/172 · 누적 11379s
  [main|CA-2|x|s2] 적합 260 · 행 639 · 컨텍스트 최대 9237 · A 237 · 채점 158/2블록 · 원천 16717 · 798.6s · GPU '7' 메모리 최댓값 1510.3 MiB(예약 5316.0 MiB) · 상태 ok(실패 0) · 완료 56/172 · 누적 11670s
  [main|CA-3|x|s2] 적합 260 · 행 639 · 컨텍스트 최대 9176 · A 176 · 채점 172/13블록 · 원천 16697 · 798.2s · GPU '6' 메모리 최댓값 1504.9 MiB(예약 5320.0 MiB) · 상태 ok(실패 0) · 완료 57/172 · 누적 11859s
  [main|AL-1|x|s3] 적합 380 · 행 929 · 컨텍스트 최대 8695 · A 4834 · 채점 320/6블록 · 원천 3861 · 491.4s · GPU '9' 메모리 최댓값 1464.2 MiB(예약 4470.0 MiB) · 상태 ok(실패 0) · 완료 58/172 · 누적 11870s
  [main|AL-3|x|s3] 적합 260 · 행 639 · 컨텍스트 최대 4166 · A 305 · 채점 346/3블록 · 원천 3861 · 310.7s · GPU '6' 메모리 최댓값 775.9 MiB(예약 2520.0 MiB) · 상태 ok(실패 0) · 완료 59/172 · 누적 12170s
  [main|AL-2|x|s3] 적합 380 · 행 929 · 컨텍스트 최대 5606 · A 1745 · 채점 1746/15블록 · 원천 3861 · 574.9s · GPU '7' 메모리 최댓값 1305.0 MiB(예약 4868.0 MiB) · 상태 ok(실패 0) · 완료 60/172 · 누적 12245s
  [main|Russia_C|x|s3] 적합 80 · 행 204 · 컨텍스트 최대 9004 · A 4 · 채점 3/3블록 · 원천 16208 · 242.1s · GPU '7' 메모리 최댓값 1443.4 MiB(예약 2292.0 MiB) · 상태 ok(실패 0) · 완료 61/172 · 누적 12487s
  [main|CA-2|x|s3] 적합 260 · 행 639 · 컨텍스트 최대 9228 · A 228 · 채점 166/8블록 · 원천 16717 · 784.4s · GPU '9' 메모리 최댓값 1511.4 MiB(예약 5324.0 MiB) · 상태 ok(실패 0) · 완료 62/172 · 누적 12655s
  [main|CA-3|x|s3] 적합 200 · 행 494 · 컨텍스트 최대 9125 · A 125 · 채점 224/8블록 · 원천 16697 · 615.0s · GPU '6' 메모리 최댓값 1507.8 MiB(예약 4298.0 MiB) · 상태 ok(실패 0) · 완료 63/172 · 누적 12786s
  [main|AL-2|x|s4] 적합 380 · 행 929 · 컨텍스트 최대 5194 · A 1333 · 채점 2158/17블록 · 원천 3861 · 592.5s · GPU '7' 메모리 최댓값 1332.6 MiB(예약 5156.0 MiB) · 상태 ok(실패 0) · 완료 64/172 · 누적 13081s
  [main|AL-3|x|s4] 적합 320 · 행 784 · 컨텍스트 최대 4210 · A 349 · 채점 302/7블록 · 원천 3861 · 396.6s · GPU '6' 메모리 최댓값 773.4 MiB(예약 2986.0 MiB) · 상태 ok(실패 0) · 완료 65/172 · 누적 13183s
  [main|AL-1|x|s4] 적합 320 · 행 784 · 컨텍스트 최대 4298 · A 437 · 채점 4717/2블록 · 원천 3861 · 595.4s · GPU '9' 메모리 최댓값 1756.5 MiB(예약 6480.0 MiB) · 상태 ok(실패 0) · 완료 66/172 · 누적 13251s
  [main|Russia_C|x|s4] 적합 80 · 행 204 · 컨텍스트 최대 9004 · A 4 · 채점 3/2블록 · 원천 16208 · 237.1s · GPU '9' 메모리 최댓값 1443.4 MiB(예약 2292.0 MiB) · 상태 ok(실패 0) · 완료 67/172 · 누적 13489s
  [main|CA-3|x|s4] 적합 200 · 행 494 · 컨텍스트 최대 9113 · A 113 · 채점 235/11블록 · 원천 16697 · 609.0s · GPU '6' 메모리 최댓값 1508.3 MiB(예약 4306.0 MiB) · 상태 ok(실패 0) · 완료 68/172 · 누적 13792s
  [main|CA-2|x|s4] 적합 260 · 행 639 · 컨텍스트 최대 9202 · A 202 · 채점 193/5블록 · 원천 16717 · 794.0s · GPU '7' 메모리 최댓값 1513.0 MiB(예약 5328.0 MiB) · 상태 ok(실패 0) · 완료 69/172 · 누적 13875s
  [main|AL-1|x|s5] 적합 380 · 행 929 · 컨텍스트 최대 8577 · A 4716 · 채점 438/9블록 · 원천 3861 · 502.8s · GPU '9' 메모리 최댓값 1472.6 MiB(예약 4536.0 MiB) · 상태 ok(실패 0) · 완료 70/172 · 누적 13992s
  [main|AL-3|x|s5] 적합 260 · 행 639 · 컨텍스트 최대 4130 · A 269 · 채점 382/10블록 · 원천 3861 · 320.8s · GPU '7' 메모리 최댓값 778.7 MiB(예약 2534.0 MiB) · 상태 ok(실패 0) · 완료 71/172 · 누적 14197s
  [main|AL-2|x|s5] 적합 380 · 행 929 · 컨텍스트 최대 5785 · A 1924 · 채점 1567/5블록 · 원천 3861 · 564.7s · GPU '6' 메모리 최댓값 1293.1 MiB(예약 4740.0 MiB) · 상태 ok(실패 0) · 완료 72/172 · 누적 14357s
  [main|Russia_C|x|s5] 적합 80 · 행 204 · 컨텍스트 최대 9004 · A 4 · 채점 3/3블록 · 원천 16208 · 241.4s · GPU '6' 메모리 최댓값 1443.4 MiB(예약 2292.0 MiB) · 상태 ok(실패 0) · 완료 73/172 · 누적 14599s
  [main|CA-2|x|s5] 적합 260 · 행 639 · 컨텍스트 최대 9194 · A 194 · 채점 201/8블록 · 원천 16717 · 778.5s · GPU '9' 메모리 최댓값 1513.4 MiB(예약 5346.0 MiB) · 상태 ok(실패 0) · 완료 74/172 · 누적 14771s
  [main|CA-3|x|s5] 적합 260 · 행 639 · 컨텍스트 최대 9178 · A 178 · 채점 171/4블록 · 원천 16697 · 795.5s · GPU '7' 메모리 최댓값 1504.3 MiB(예약 5320.0 MiB) · 상태 ok(실패 0) · 완료 75/172 · 누적 14992s
  [main|AL-6|x|s1] 적합 380 · 행 929 · 컨텍스트 최대 5565 · A 1704 · 채점 1516/5블록 · 원천 3861 · 552.1s · GPU '9' 메모리 최댓값 1246.4 MiB(예약 4702.0 MiB) · 상태 ok(실패 0) · 완료 76/172 · 누적 15323s
  [main|AL-6|i|s1] 적합 380 · 행 929 · 컨텍스트 최대 10000 · A 1704 · 채점 1516/5블록 · 원천 14247 · 1318.2s · GPU '6' 메모리 최댓값 1927.9 MiB(예약 7376.0 MiB) · 상태 ok(실패 0) · 완료 77/172 · 누적 15918s
  [main|LE-2|i|s1] 적합 320 · 행 784 · 컨텍스트 최대 9893 · A 893 · 채점 282/5블록 · 원천 14479 · 981.8s · GPU '9' 메모리 최댓값 1638.9 MiB(예약 6532.0 MiB) · 상태 ok(실패 0) · 완료 78/172 · 누적 16306s
  [main|AL-2|i|s1] 적합 380 · 행 929 · 컨텍스트 최대 10000 · A 1694 · 채점 1797/10블록 · 원천 10231 · 1337.0s · GPU '7' 메모리 최댓값 1987.8 MiB(예약 7566.0 MiB) · 상태 ok(실패 0) · 완료 79/172 · 누적 16330s
  [main|AL-5|x|s1] 적합 320 · 행 784 · 컨텍스트 최대 4314 · A 454 · 채점 165/10블록 · 원천 3860 · 392.2s · GPU '7' 메모리 최댓값 758.8 MiB(예약 2926.0 MiB) · 상태 ok(실패 0) · 완료 80/172 · 누적 16723s
  [main|LE-2|x|s1] 적합 320 · 행 784 · 컨텍스트 최대 9893 · A 893 · 채점 282/5블록 · 원천 14429 · 997.0s · GPU '6' 메모리 최댓값 1639.3 MiB(예약 6532.0 MiB) · 상태 ok(실패 0) · 완료 81/172 · 누적 16915s
  [main|AL-5|i|s1] 적합 320 · 행 784 · 컨텍스트 최대 9454 · A 454 · 채점 165/10블록 · 원천 16846 · 972.9s · GPU '9' 메모리 최댓값 1547.0 MiB(예약 6404.0 MiB) · 상태 ok(실패 0) · 완료 82/172 · 누적 17279s
  [main|LE-1|i|s1] 적합 320 · 행 784 · 컨텍스트 최대 9448 · A 448 · 채점 1335/5블록 · 원천 14753 · 1068.8s · GPU '7' 메모리 최댓값 1801.5 MiB(예약 7314.0 MiB) · 상태 ok(실패 0) · 완료 83/172 · 누적 17792s
  [main|LE-1|x|s1] 적합 320 · 행 784 · 컨텍스트 최대 9448 · A 448 · 채점 1335/5블록 · 원천 14429 · 1075.8s · GPU '6' 메모리 최댓값 1801.5 MiB(예약 7314.0 MiB) · 상태 ok(실패 0) · 완료 84/172 · 누적 17991s
  [main|AL-3|i|s1] 적합 320 · 행 784 · 컨텍스트 최대 9334 · A 334 · 채점 317/4블록 · 원천 16816 · 983.2s · GPU '9' 메모리 최댓값 1561.8 MiB(예약 5418.0 MiB) · 상태 ok(실패 0) · 완료 85/172 · 누적 18263s
  [main|AL-4|x|s1] 적합 260 · 행 639 · 컨텍스트 최대 4148 · A 287 · 채점 184/3블록 · 원천 3861 · 314.5s · GPU '6' 메모리 최댓값 737.2 MiB(예약 2430.0 MiB) · 상태 ok(실패 0) · 완료 86/172 · 누적 18306s
  [main|AL-4|i|s1] 적합 260 · 행 639 · 컨텍스트 최대 9287 · A 287 · 채점 184/3블록 · 원천 16995 · 799.9s · GPU '7' 메모리 최댓값 1525.7 MiB(예약 5336.0 MiB) · 상태 ok(실패 0) · 완료 87/172 · 누적 18593s
  [main|CA-3|i|s1] 적합 260 · 행 639 · 컨텍스트 최대 9224 · A 224 · 채점 125/3블록 · 원천 17096 · 776.6s · GPU '9' 메모리 최댓값 1501.5 MiB(예약 6444.0 MiB) · 상태 ok(실패 0) · 완료 88/172 · 누적 19040s
  [main|CA-2|i|s1] 적합 260 · 행 639 · 컨텍스트 최대 9161 · A 161 · 채점 234/5블록 · 원천 17071 · 799.3s · GPU '6' 메모리 최댓값 1515.5 MiB(예약 4310.0 MiB) · 상태 ok(실패 0) · 완료 89/172 · 누적 19106s
  [main|AL-2|i|s2] 적합 380 · 행 929 · 컨텍스트 최대 10000 · A 1864 · 채점 1627/10블록 · 원천 10231 · 1321.3s · GPU '7' 메모리 최댓값 1952.0 MiB(예약 7440.0 MiB) · 상태 ok(실패 0) · 완료 90/172 · 누적 19914s
  [main|LE-2|i|s2] 적합 380 · 행 929 · 컨텍스트 최대 10000 · A 1062 · 채점 167/4블록 · 원천 14479 · 1181.2s · GPU '9' 메모리 최댓값 1630.1 MiB(예약 6468.0 MiB) · 상태 ok(실패 0) · 완료 91/172 · 누적 20221s
  [main|LE-2|x|s2] 적합 380 · 행 929 · 컨텍스트 최대 10000 · A 1062 · 채점 167/4블록 · 원천 14429 · 1206.6s · GPU '6' 메모리 최댓값 1629.5 MiB(예약 6468.0 MiB) · 상태 ok(실패 0) · 완료 92/172 · 누적 20313s
  [main|LE-1|i|s2] 적합 320 · 행 784 · 컨텍스트 최대 9557 · A 557 · 채점 1226/3블록 · 원천 14753 · 1063.7s · GPU '7' 메모리 최댓값 1795.2 MiB(예약 7260.0 MiB) · 상태 ok(실패 0) · 완료 93/172 · 누적 20979s
  [main|LE-1|x|s2] 적합 320 · 행 784 · 컨텍스트 최대 9557 · A 557 · 채점 1226/3블록 · 원천 14429 · 1044.3s · GPU '9' 메모리 최댓값 1795.2 MiB(예약 7260.0 MiB) · 상태 ok(실패 0) · 완료 94/172 · 누적 21266s
  [main|AL-5|i|s2] 적합 320 · 행 784 · 컨텍스트 최대 9400 · A 400 · 채점 219/9블록 · 원천 16846 · 980.8s · GPU '6' 메모리 최댓값 1550.4 MiB(예약 6438.0 MiB) · 상태 ok(실패 0) · 완료 95/172 · 누적 21294s
  [main|AL-5|x|s2] 적합 320 · 행 784 · 컨텍스트 최대 4260 · A 400 · 채점 219/9블록 · 원천 3860 · 390.8s · GPU '7' 메모리 최댓값 761.5 MiB(예약 2946.0 MiB) · 상태 ok(실패 0) · 완료 96/172 · 누적 21370s
  [main|CA-2|i|s2] 적합 260 · 행 639 · 컨텍스트 최대 9237 · A 237 · 채점 158/2블록 · 원천 17071 · 791.1s · GPU '7' 메모리 최댓값 1510.3 MiB(예약 5316.0 MiB) · 상태 ok(실패 0) · 완료 97/172 · 누적 22162s
  [main|AL-3|i|s2] 적합 320 · 행 784 · 컨텍스트 최대 9361 · A 361 · 채점 290/5블록 · 원천 16816 · 972.1s · GPU '9' 메모리 최댓값 1560.3 MiB(예약 6476.0 MiB) · 상태 ok(실패 0) · 완료 98/172 · 누적 22239s
  [main|AL-1|i|s2] 적합 260 · 행 639 · 컨텍스트 최대 9288 · A 288 · 채점 4866/8블록 · 원천 9815 · 1060.9s · GPU '6' 메모리 최댓값 2554.4 MiB(예약 9542.0 MiB) · 상태 ok(실패 0) · 완료 99/172 · 누적 22356s
  [main|CA-3|i|s2] 적합 260 · 행 639 · 컨텍스트 최대 9176 · A 176 · 채점 172/13블록 · 원천 17096 · 791.4s · GPU '7' 메모리 최댓값 1504.2 MiB(예약 5320.0 MiB) · 상태 ok(실패 0) · 완료 100/172 · 누적 22954s
  [main|AL-1|i|s3] 적합 380 · 행 929 · 컨텍스트 최대 10000 · A 4834 · 채점 320/6블록 · 원천 9815 · 1187.9s · GPU '9' 메모리 최댓값 1662.9 MiB(예약 6570.0 MiB) · 상태 ok(실패 0) · 완료 101/172 · 누적 23427s
  [main|AL-2|i|s3] 적합 380 · 행 929 · 컨텍스트 최대 10000 · A 1745 · 채점 1746/15블록 · 원천 10231 · 1310.1s · GPU '6' 메모리 최댓값 1977.1 MiB(예약 7526.0 MiB) · 상태 ok(실패 0) · 완료 102/172 · 누적 23666s
  [main|AL-6|x|s3] 적합 380 · 행 929 · 컨텍스트 최대 5566 · A 1705 · 채점 1515/4블록 · 원천 3861 · 555.3s · GPU '9' 메모리 최댓값 1246.3 MiB(예약 4702.0 MiB) · 상태 ok(실패 0) · 완료 103/172 · 누적 23983s
  [main|AL-6|i|s3] 적합 380 · 행 929 · 컨텍스트 최대 10000 · A 1705 · 채점 1515/4블록 · 원천 14247 · 1297.8s · GPU '7' 메모리 최댓값 1925.8 MiB(예약 7376.0 MiB) · 상태 ok(실패 0) · 완료 104/172 · 누적 24252s
  [main|LE-1|i|s3] 적합 380 · 행 929 · 컨텍스트 최대 10000 · A 1184 · 채점 602/12블록 · 원천 14753 · 1210.6s · GPU '6' 메모리 최댓값 1724.8 MiB(예약 6764.0 MiB) · 상태 ok(실패 0) · 완료 105/172 · 누적 24877s
  [main|LE-1|x|s3] 적합 380 · 행 929 · 컨텍스트 최대 10000 · A 1184 · 채점 602/12블록 · 원천 14429 · 1201.1s · GPU '9' 메모리 최댓값 1724.8 MiB(예약 6764.0 MiB) · 상태 ok(실패 0) · 완료 106/172 · 누적 25185s
  [main|AL-5|i|s3] 적합 320 · 행 784 · 컨텍스트 최대 9385 · A 385 · 채점 234/14블록 · 원천 16846 · 973.2s · GPU '7' 메모리 최댓값 1551.0 MiB(예약 6446.0 MiB) · 상태 ok(실패 0) · 완료 107/172 · 누적 25226s
  [main|AL-5|x|s3] 적합 320 · 행 784 · 컨텍스트 최대 4245 · A 385 · 채점 234/14블록 · 원천 3860 · 385.0s · GPU '6' 메모리 최댓값 763.5 MiB(예약 3414.0 MiB) · 상태 ok(실패 0) · 완료 108/172 · 누적 25263s
  [main|AL-3|i|s3] 적합 260 · 행 639 · 컨텍스트 최대 9305 · A 305 · 채점 346/3블록 · 원천 16816 · 786.5s · GPU '9' 메모리 최댓값 1563.4 MiB(예약 5440.0 MiB) · 상태 ok(실패 0) · 완료 109/172 · 누적 25972s
  [main|CA-2|i|s3] 적합 260 · 행 639 · 컨텍스트 최대 9228 · A 228 · 채점 166/8블록 · 원천 17071 · 786.1s · GPU '7' 메모리 최댓값 1510.5 MiB(예약 5324.0 MiB) · 상태 ok(실패 0) · 완료 110/172 · 누적 26012s
  [main|LE-2|i|s3] 적합 260 · 행 639 · 컨텍스트 최대 9183 · A 183 · 채점 1014/4블록 · 원천 14479 · 836.3s · GPU '6' 메모리 최댓값 1691.6 MiB(예약 4654.0 MiB) · 상태 ok(실패 0) · 완료 111/172 · 누적 26100s
  [main|CA-3|i|s3] 적합 200 · 행 494 · 컨텍스트 최대 9125 · A 125 · 채점 224/8블록 · 원천 17096 · 599.0s · GPU '7' 메모리 최댓값 1508.1 MiB(예약 4298.0 MiB) · 상태 ok(실패 0) · 완료 112/172 · 누적 26612s
  [main|LE-2|x|s3] 적합 260 · 행 639 · 컨텍스트 최대 9183 · A 183 · 채점 1014/4블록 · 원천 14429 · 823.9s · GPU '9' 메모리 최댓값 1691.6 MiB(예약 4654.0 MiB) · 상태 ok(실패 0) · 완료 113/172 · 누적 26796s
  [main|AL-6|x|s4] 적합 380 · 행 929 · 컨텍스트 최대 5566 · A 1705 · 채점 1515/4블록 · 원천 3861 · 553.8s · GPU '7' 메모리 최댓값 1245.7 MiB(예약 4682.0 MiB) · 상태 ok(실패 0) · 완료 114/172 · 누적 27166s
  [main|AL-6|i|s4] 적합 380 · 행 929 · 컨텍스트 최대 10000 · A 1705 · 채점 1515/4블록 · 원천 14247 · 1295.7s · GPU '6' 메모리 최댓값 1925.8 MiB(예약 7376.0 MiB) · 상태 ok(실패 0) · 완료 115/172 · 누적 27396s
  [main|AL-2|i|s4] 적합 380 · 행 929 · 컨텍스트 최대 10000 · A 1333 · 채점 2158/17블록 · 원천 10231 · 1338.7s · GPU '9' 메모리 최댓값 2067.3 MiB(예약 7934.0 MiB) · 상태 ok(실패 0) · 완료 116/172 · 누적 28136s
  [main|LE-1|i|s4] 적합 320 · 행 784 · 컨텍스트 최대 9508 · A 508 · 채점 1275/7블록 · 원천 14753 · 1033.4s · GPU '7' 메모리 최댓값 1797.5 MiB(예약 8430.0 MiB) · 상태 ok(실패 0) · 완료 117/172 · 누적 28200s
  [main|LE-1|x|s4] 적합 320 · 행 784 · 컨텍스트 최대 9508 · A 508 · 채점 1275/7블록 · 원천 14429 · 1039.9s · GPU '6' 메모리 최댓값 1797.5 MiB(예약 8430.0 MiB) · 상태 ok(실패 0) · 완료 118/172 · 누적 28436s
  [main|AL-3|i|s4] 적합 320 · 행 784 · 컨텍스트 최대 9349 · A 349 · 채점 302/7블록 · 원천 16816 · 966.6s · GPU '7' 메모리 최댓값 1561.0 MiB(예약 7524.0 MiB) · 상태 ok(실패 0) · 완료 119/172 · 누적 29167s
  [main|AL-5|i|s4] 적합 260 · 행 639 · 컨텍스트 최대 9270 · A 270 · 채점 349/4블록 · 원천 16846 · 785.2s · GPU '6' 메모리 최댓값 1559.1 MiB(예약 5436.0 MiB) · 상태 ok(실패 0) · 완료 120/172 · 누적 29222s
  [main|AL-1|i|s4] 적합 320 · 행 784 · 컨텍스트 최대 9437 · A 437 · 채점 4717/2블록 · 원천 9815 · 1277.1s · GPU '9' 메모리 최댓값 2544.5 MiB(예약 9488.0 MiB) · 상태 ok(실패 0) · 완료 121/172 · 누적 29413s
  [main|AL-5|x|s4] 적합 260 · 행 639 · 컨텍스트 최대 4130 · A 270 · 채점 349/4블록 · 원천 3860 · 312.0s · GPU '7' 메모리 최댓값 770.4 MiB(예약 2516.0 MiB) · 상태 ok(실패 0) · 완료 122/172 · 누적 29479s
  [main|AL-4|x|s4] 적합 200 · 행 494 · 컨텍스트 최대 4001 · A 140 · 채점 331/2블록 · 원천 3861 · 237.9s · GPU '7' 메모리 최댓값 747.2 MiB(예약 2004.0 MiB) · 상태 ok(실패 0) · 완료 123/172 · 누적 29718s
  [main|CA-2|i|s4] 적합 260 · 행 639 · 컨텍스트 최대 9202 · A 202 · 채점 193/5블록 · 원천 17071 · 778.3s · GPU '6' 메모리 최댓값 1513.2 MiB(예약 5328.0 MiB) · 상태 ok(실패 0) · 완료 124/172 · 누적 30000s
  [main|AL-4|i|s4] 적합 200 · 행 494 · 컨텍스트 최대 9140 · A 140 · 채점 331/2블록 · 원천 16995 · 603.5s · GPU '9' 메모리 최댓값 1534.9 MiB(예약 4340.0 MiB) · 상태 ok(실패 0) · 완료 125/172 · 누적 30017s
  [main|CA-3|i|s4] 적합 200 · 행 494 · 컨텍스트 최대 9113 · A 113 · 채점 235/11블록 · 원천 17096 · 596.7s · GPU '7' 메모리 최댓값 1508.3 MiB(예약 4306.0 MiB) · 상태 ok(실패 0) · 완료 126/172 · 누적 30315s
  [main|AL-1|i|s5] 적합 380 · 행 929 · 컨텍스트 최대 10000 · A 4716 · 채점 438/9블록 · 원천 9815 · 1188.8s · GPU '6' 메모리 최댓값 1691.2 MiB(예약 6648.0 MiB) · 상태 ok(실패 0) · 완료 127/172 · 누적 31190s
  [main|AL-2|i|s5] 적합 380 · 행 929 · 컨텍스트 최대 10000 · A 1924 · 채점 1567/5블록 · 원천 10231 · 1291.6s · GPU '9' 메모리 최댓값 1937.5 MiB(예약 7410.0 MiB) · 상태 ok(실패 0) · 완료 128/172 · 누적 31309s
  [main|AL-6|i|s5] 적합 380 · 행 929 · 컨텍스트 최대 10000 · A 1516 · 채점 1704/2블록 · 원천 14247 · 1296.8s · GPU '7' 메모리 최댓값 1968.8 MiB(예약 8696.0 MiB) · 상태 ok(실패 0) · 완료 129/172 · 누적 31612s
  [main|AL-6|x|s5] 적합 380 · 행 929 · 컨텍스트 최대 5377 · A 1516 · 채점 1704/2블록 · 원천 3861 · 559.6s · GPU '6' 메모리 최댓값 1258.6 MiB(예약 4802.0 MiB) · 상태 ok(실패 0) · 완료 130/172 · 누적 31750s
  [main|AL-5|x|s5] 적합 320 · 행 784 · 컨텍스트 최대 4221 · A 361 · 채점 258/14블록 · 원천 3860 · 389.2s · GPU '7' 메모리 최댓값 764.9 MiB(예약 2966.0 MiB) · 상태 ok(실패 0) · 완료 131/172 · 누적 32002s
  [main|AL-5|i|s5] 적합 320 · 행 784 · 컨텍스트 최대 9361 · A 361 · 채점 258/14블록 · 원천 16846 · 974.0s · GPU '9' 메모리 최댓값 1552.7 MiB(예약 6456.0 MiB) · 상태 ok(실패 0) · 완료 132/172 · 누적 32284s
  [main|AL-3|i|s5] 적합 260 · 행 639 · 컨텍스트 최대 9269 · A 269 · 채점 382/10블록 · 원천 16816 · 784.7s · GPU '6' 메모리 최댓값 1566.6 MiB(예약 5452.0 MiB) · 상태 ok(실패 0) · 완료 133/172 · 누적 32535s
  [main|CA-2|i|s5] 적합 260 · 행 639 · 컨텍스트 최대 9194 · A 194 · 채점 201/8블록 · 원천 17071 · 773.2s · GPU '7' 메모리 최댓값 1513.9 MiB(예약 5346.0 MiB) · 상태 ok(실패 0) · 완료 134/172 · 누적 32775s
  [main|AL-4|x|s5] 적합 200 · 행 494 · 컨텍스트 최대 4000 · A 139 · 채점 332/3블록 · 원천 3861 · 239.0s · GPU '7' 메모리 최댓값 747.9 MiB(예약 2004.0 MiB) · 상태 ok(실패 0) · 완료 135/172 · 누적 33015s
  [main|CA-3|i|s5] 적합 260 · 행 639 · 컨텍스트 최대 9178 · A 178 · 채점 171/4블록 · 원천 17096 · 777.3s · GPU '9' 메모리 최댓값 1504.8 MiB(예약 5320.0 MiB) · 상태 ok(실패 0) · 완료 136/172 · 누적 33061s
  [main|AL-4|i|s5] 적합 200 · 행 494 · 컨텍스트 최대 9139 · A 139 · 채점 332/3블록 · 원천 16995 · 602.1s · GPU '6' 메모리 최댓값 1535.2 MiB(예약 4340.0 MiB) · 상태 ok(실패 0) · 완료 137/172 · 누적 33137s
  [sens|AL-2|x|s1] 적합 248 · 행 511 · 컨텍스트 최대 5555 · A 1694 · 채점 1797/10블록 · 원천 3861 · 315.6s · GPU '9' 메모리 최댓값 1337.5 MiB(예약 5026.0 MiB) · 상태 ok(실패 0) · 완료 138/172 · 누적 33377s
  [sens|AL-3|x|s1] 적합 232 · 행 477 · 컨텍스트 최대 5461 · A 334 · 채점 317/4블록 · 원천 3861 · 250.4s · GPU '6' 메모리 최댓값 967.2 MiB(예약 3166.0 MiB) · 상태 ok(실패 0) · 완료 139/172 · 누적 33388s
  [sens|Alaska|x|s1] 적합 248 · 행 511 · 컨텍스트 최대 10000 · A 7436 · 채점 6170/44블록 · 원천 3860 · 495.3s · GPU '7' 메모리 최댓값 3016.1 MiB(예약 9108.0 MiB) · 상태 ok(실패 0) · 완료 140/172 · 누적 33511s
  [sens|Russia_C|x|s1] 적합 32 · 행 69 · 컨텍스트 최대 9009 · A 4 · 채점 3/2블록 · 원천 16208 · 96.8s · GPU '7' 메모리 최댓값 1476.5 MiB(예약 3328.0 MiB) · 상태 ok(실패 0) · 완료 141/172 · 누적 33608s
  [sens|CA-3|x|s1] 적합 216 · 행 443 · 컨텍스트 최대 10000 · A 224 · 채점 125/3블록 · 원천 16697 · 562.6s · GPU '9' 메모리 최댓값 1620.9 MiB(예약 5560.0 MiB) · 상태 ok(실패 0) · 완료 142/172 · 누적 33940s
  [sens|CA-2|x|s1] 적합 216 · 행 443 · 컨텍스트 최대 10000 · A 161 · 채점 234/5블록 · 원천 16717 · 566.5s · GPU '6' 메모리 최댓값 1644.9 MiB(예약 5496.0 MiB) · 상태 ok(실패 0) · 완료 143/172 · 누적 33955s
  [sens|Alaska|x|s2] 적합 248 · 행 511 · 컨텍스트 최대 10000 · A 6821 · 채점 6785/63블록 · 원천 3860 · 517.6s · GPU '7' 메모리 최댓값 3153.5 MiB(예약 10784.0 MiB) · 상태 ok(실패 0) · 완료 144/172 · 누적 34126s
  [sens|AL-3|x|s2] 적합 232 · 행 477 · 컨텍스트 최대 5461 · A 361 · 채점 290/5블록 · 원천 3861 · 250.3s · GPU '6' 메모리 최댓값 960.1 MiB(예약 3136.0 MiB) · 상태 ok(실패 0) · 완료 145/172 · 누적 34206s
  [sens|AL-2|x|s2] 적합 248 · 행 511 · 컨텍스트 최대 5725 · A 1864 · 채점 1627/10블록 · 원천 3861 · 310.5s · GPU '9' 메모리 최댓값 1324.5 MiB(예약 4916.0 MiB) · 상태 ok(실패 0) · 완료 146/172 · 누적 34251s
  [sens|AL-1|x|s2] 적합 216 · 행 443 · 컨텍스트 최대 5461 · A 288 · 채점 4866/8블록 · 원천 3861 · 381.2s · GPU '7' 메모리 최댓값 1967.3 MiB(예약 5766.0 MiB) · 상태 ok(실패 0) · 완료 147/172 · 누적 34508s
  [sens|Russia_C|x|s2] 적합 16 · 행 35 · 컨텍스트 최대 9003 · A 3 · 채점 4/3블록 · 원천 16208 · 51.8s · GPU '7' 메모리 최댓값 1476.6 MiB(예약 2356.0 MiB) · 상태 ok(실패 0) · 완료 148/172 · 누적 34560s
  [sens|Greenland|x|s2] 적합 16 · 행 35 · 컨텍스트 최대 9002 · A 2 · 채점 1/1블록(무효 분할) · 원천 17464 · 50.8s · GPU '7' 메모리 최댓값 1475.8 MiB(예약 2356.0 MiB) · 상태 ok(실패 0) · 완료 149/172 · 누적 34611s
  [sens|CA-2|x|s2] 적합 216 · 행 443 · 컨텍스트 최대 10000 · A 237 · 채점 158/2블록 · 원천 16717 · 569.4s · GPU '6' 메모리 최댓값 1628.7 MiB(예약 5454.0 MiB) · 상태 ok(실패 0) · 완료 150/172 · 누적 34775s
  [sens|CA-3|x|s2] 적합 216 · 행 443 · 컨텍스트 최대 10000 · A 176 · 채점 172/13블록 · 원천 16697 · 572.7s · GPU '9' 메모리 최댓값 1631.0 MiB(예약 6486.0 MiB) · 상태 ok(실패 0) · 완료 151/172 · 누적 34824s
  [sens|AL-1|x|s3] 적합 248 · 행 511 · 컨텍스트 최대 8695 · A 4834 · 채점 320/6블록 · 원천 3861 · 283.1s · GPU '6' 메모리 최댓값 1501.4 MiB(예약 4586.0 MiB) · 상태 ok(실패 0) · 완료 152/172 · 누적 35059s
  [sens|Alaska|x|s3] 적합 248 · 행 511 · 컨텍스트 최대 10000 · A 6758 · 채점 6848/21블록 · 원천 3860 · 515.2s · GPU '7' 메모리 최댓값 3167.6 MiB(예약 9640.0 MiB) · 상태 ok(실패 0) · 완료 153/172 · 누적 35127s
  [sens|AL-2|x|s3] 적합 248 · 행 511 · 컨텍스트 최대 5606 · A 1745 · 채점 1746/15블록 · 원천 3861 · 314.6s · GPU '9' 메모리 최댓값 1332.4 MiB(예약 4368.0 MiB) · 상태 ok(실패 0) · 완료 154/172 · 누적 35139s
  [sens|AL-3|x|s3] 적합 216 · 행 443 · 컨텍스트 최대 5461 · A 305 · 채점 346/3블록 · 원천 3861 · 243.6s · GPU '6' 메모리 최댓값 974.5 MiB(예약 2712.0 MiB) · 상태 ok(실패 0) · 완료 155/172 · 누적 35303s
  [sens|Russia_C|x|s3] 적합 32 · 행 69 · 컨텍스트 최대 9009 · A 4 · 채점 3/3블록 · 원천 16208 · 97.5s · GPU '6' 메모리 최댓값 1476.5 MiB(예약 3328.0 MiB) · 상태 ok(실패 0) · 완료 156/172 · 누적 35401s
  [sens|CA-3|x|s3] 적합 152 · 행 313 · 컨텍스트 최대 9400 · A 125 · 채점 224/8블록 · 원천 16697 · 409.2s · GPU '9' 메모리 최댓값 1550.5 MiB(예약 5370.0 MiB) · 상태 ok(실패 0) · 완료 157/172 · 누적 35549s
  [sens|CA-2|x|s3] 적합 216 · 행 443 · 컨텍스트 최대 10000 · A 228 · 채점 166/8블록 · 원천 16717 · 570.9s · GPU '7' 메모리 최댓값 1629.1 MiB(예약 5452.0 MiB) · 상태 ok(실패 0) · 완료 158/172 · 누적 35698s
  [sens|AL-2|x|s4] 적합 248 · 행 511 · 컨텍스트 최대 5461 · A 1333 · 채점 2158/17블록 · 원천 3861 · 320.4s · GPU '9' 메모리 최댓값 1372.4 MiB(예약 4418.0 MiB) · 상태 ok(실패 0) · 완료 159/172 · 누적 35870s
  [sens|Alaska|x|s4] 적합 248 · 행 511 · 컨텍스트 최대 10000 · A 6540 · 채점 7066/23블록 · 원천 3860 · 523.9s · GPU '6' 메모리 최댓값 3216.5 MiB(예약 9814.0 MiB) · 상태 ok(실패 0) · 완료 160/172 · 누적 35925s
  [sens|AL-1|x|s4] 적합 232 · 행 477 · 컨텍스트 최대 5461 · A 437 · 채점 4717/2블록 · 원천 3861 · 389.3s · GPU '7' 메모리 최댓값 1934.5 MiB(예약 6630.0 MiB) · 상태 ok(실패 0) · 완료 161/172 · 누적 36088s
  [sens|AL-3|x|s4] 적합 232 · 행 477 · 컨텍스트 최대 5461 · A 349 · 채점 302/7블록 · 원천 3861 · 249.0s · GPU '9' 메모리 최댓값 962.6 MiB(예약 2694.0 MiB) · 상태 ok(실패 0) · 완료 162/172 · 누적 36119s
  [sens|Russia_C|x|s4] 적합 32 · 행 69 · 컨텍스트 최대 9009 · A 4 · 채점 3/2블록 · 원천 16208 · 98.4s · GPU '9' 메모리 최댓값 1476.5 MiB(예약 3328.0 MiB) · 상태 ok(실패 0) · 완료 163/172 · 누적 36218s
  [sens|CA-2|x|s4] 적합 216 · 행 443 · 컨텍스트 최대 10000 · A 202 · 채점 193/5블록 · 원천 16717 · 571.8s · GPU '6' 메모리 최댓값 1636.8 MiB(예약 5480.0 MiB) · 상태 ok(실패 0) · 완료 164/172 · 누적 36497s
  [sens|CA-3|x|s4] 적합 152 · 행 313 · 컨텍스트 최대 9400 · A 113 · 채점 235/11블록 · 원천 16697 · 409.5s · GPU '7' 메모리 최댓값 1552.4 MiB(예약 4346.0 MiB) · 상태 ok(실패 0) · 완료 165/172 · 누적 36498s
  [sens|Alaska|x|s5] 적합 248 · 행 511 · 컨텍스트 최대 10000 · A 6322 · 채점 7284/38블록 · 원천 3860 · 526.0s · GPU '9' 메모리 최댓값 3267.2 MiB(예약 9974.0 MiB) · 상태 ok(실패 0) · 완료 166/172 · 누적 36744s
  [sens|AL-1|x|s5] 적합 248 · 행 511 · 컨텍스트 최대 8577 · A 4716 · 채점 438/9블록 · 원천 3861 · 283.3s · GPU '6' 메모리 최댓값 1509.6 MiB(예약 4654.0 MiB) · 상태 ok(실패 0) · 완료 167/172 · 누적 36781s
  [sens|AL-2|x|s5] 적합 248 · 행 511 · 컨텍스트 최대 5785 · A 1924 · 채점 1567/5블록 · 원천 3861 · 308.5s · GPU '7' 메모리 최댓값 1321.3 MiB(예약 4238.0 MiB) · 상태 ok(실패 0) · 완료 168/172 · 누적 36807s
  [sens|AL-3|x|s5] 적합 216 · 행 443 · 컨텍스트 최대 5461 · A 269 · 채점 382/10블록 · 원천 3861 · 246.4s · GPU '9' 메모리 최댓값 983.5 MiB(예약 2728.0 MiB) · 상태 ok(실패 0) · 완료 169/172 · 누적 36991s
  [sens|Russia_C|x|s5] 적합 32 · 행 69 · 컨텍스트 최대 9009 · A 4 · 채점 3/3블록 · 원천 16208 · 98.4s · GPU '9' 메모리 최댓값 1476.5 MiB(예약 3328.0 MiB) · 상태 ok(실패 0) · 완료 170/172 · 누적 37090s
  [sens|CA-2|x|s5] 적합 216 · 행 443 · 컨텍스트 최대 10000 · A 194 · 채점 201/8블록 · 원천 16717 · 584.3s · GPU '6' 메모리 최댓값 1638.0 MiB(예약 5480.0 MiB) · 상태 ok(실패 0) · 완료 171/172 · 누적 37366s
  [sens|CA-3|x|s5] 적합 216 · 행 443 · 컨텍스트 최대 10000 · A 178 · 채점 171/4블록 · 원천 16697 · 586.7s · GPU '7' 메모리 최댓값 1630.4 MiB(예약 6486.0 MiB) · 상태 ok(실패 0) · 완료 172/172 · 누적 37394s
[done] 완료 172 · 실패 0 · 일부 적합 실패 0 · 격리 0 · 37395s · 상태 기록 /home/willy010313/Polar_Bigdata/data/processed/lgt/lgt_run_status.json
