[data] 17,467셀 · 부분 gpu · 대상 27 · 분할 [1, 2, 3, 4, 5] · n [0, 3, 10, 40, 160, 320, 1000, -1] · 추출 5 · seed [0, 1] · 학습기 ['mlp', 'realmlp', 'ftt', 'tabm', 'cfm', 'ddpm', 'nflow'] · α ['1', '10', '100', 'cont'] · 중첩 후보 ['10', '100', 'cont'] · λ [0.25, 0.5, 1.0] · 하위 지역 map:lg_subregion_map_v1.csv · 작업 단위 231(건너뜀 3)
[count-only] 부분 gpu · 작업 단위 231 · 건너뜀 3(dup_of_2, invalid_nb_eval<2, no_eval)
                units  n_A_min  n_A_max  fit_total  rows  est_h
target    mode                                                 
Lena      x        21     1293     1737       1428  3903  39.44
Canada    x        21      355      406       1428  3903  45.46
Russia_W  x        21       14       16        684  1899  23.68
Russia_E  x        21       15       17        684  1899  23.68
Alaska    x        21     6758     7436       1428  3903  11.41
AL-2      x        21     1694     1864       1428  3903  10.76
AL-3      x        21      305      361       1428  3903  10.58
AL-1      x        14      288     4834        952  2602   7.24
CA-3      x        21      125      224       1304  3569  41.64
CA-2      x        21      161      237       1428  3903  45.49
Russia_C  x        21        3        4        312   897  11.00
Greenland x         7        2        2         84   251   3.94
[count-only] 축별 적합 수: learner 8,988 · mlp_alpha 2,520 · mlp_cont 1,080
[count-only] 총 적합 12,588 (전체 학습 11,508 + 경량[ridge V1·이어 학습] 1,080) · 저장 행 34,535
[count-only] 학습기별 추정(프로세스 1개 기준 누적 시간. n_fit_pseudo·est_h_pseudo = 유사라벨 행을 넣는 D1·R2 적합)
learner  n_fit  rows_per_fit  base_s  equiv_fits  est_h  n_fit_pseudo  est_h_pseudo
realmlp   1284         48947   161.5        5237 234.95           428        198.24
    ftt   1284         48947    11.2        5237  16.29           428         13.75
  nflow   1284         48947     8.6        5237  12.51           428         10.56
   tabm   1284         48947     2.6        5237   3.78           428          3.19
    mlp   4884         25272     1.0       10286   2.86           428          1.23
   ddpm   1284         48947     1.5        5237   2.18           428          1.84
    cfm   1284         48947     1.2        5237   1.75           428          1.47
  추정 누적 274.3 GPU-h(로컬 GPU 기준) → 워커 4개 68.6 h · T4 2–3배 가정 137.2–205.7 h
  추정 누적 274.3 GPU-h(로컬 GPU 기준) → 워커 8개 34.3 h · T4 2–3배 가정 68.6–102.9 h
  추정 누적 274.3 GPU-h(로컬 GPU 기준) → 워커 12개 22.9 h · T4 2–3배 가정 45.7–68.6 h
  생성 모델(cfm·ddpm·nflow)의 표본 추출 시간은 채점 셀 수에 비례하며 위 추정에 들어 있지 않다
