[data] 17,467셀 · 부분 cpu · 대상 27 · 분할 [1, 2, 3, 4, 5] · n [0, 3, 10, 40, 160, 320, 1000, -1] · 추출 5 · seed [0, 1] · 학습기 ['catboost_lo', 'ridge'] · α ['1', '10', '100', 'cont'] · 중첩 후보 ['10', '100', 'cont'] · λ [0.25, 0.5, 1.0] · 하위 지역 map:lg_subregion_map_v1.csv · 작업 단위 117(건너뜀 18)
[count-only] 부분 cpu · 작업 단위 117 · 건너뜀 18(dup_of_1, dup_of_2, invalid_nb_eval<2, no_eval)
                units  n_A_min  n_A_max  fit_total   rows  est_h
target    mode                                                  
Lena      x         5     1120     1737       9392  15016   1.18
Canada    x         5      325      406      11261  12716   1.39
Russia_W  x         5       14       16       2002   4938   0.33
Russia_E  x         5       15       17       2002   4938   0.33
Alaska    x         5     6322     7436       5474  13456   0.39
AL-6      i         4     1516     1705       4264  10496   0.65
AL-2      i         5     1333     1924       8282  14680   0.89
AL-5      i         5      270      454       6968  11920   0.97
AL-3      i         5      269      361       4175  10320   0.69
AL-4      i         3      139      287       1858   4602   0.31
AL-1      i         4      288     4834       3769   9296   0.46
AL-6      x         4     1516     1705       4264  10496   0.31
AL-2      x         5     1333     1924       8420  15016   0.52
AL-5      x         5      270      454       6902  11920   0.41
AL-3      x         5      269      361       4319  10656   0.29
AL-4      x         3      139      287       1858   4602   0.13
AL-1      x         4      288     4834       3865   9520   0.27
LE-2      i         3      183     1062       2703   6672   0.41
          x         3      183     1062       2703   6672   0.41
LE-1      i         4      448     1184       3769   9296   0.58
          x         4      448     1184       3769   9296   0.57
CA-3      i         5      113      224       3330   8250   0.56
          x         5      113      224       3462   8558   0.56
CA-2      i         5      161      237       3680   9120   0.62
          x         5      161      237       3824   9456   0.62
Russia_C  x         5        3        4        926   2279   0.15
Greenland x         1        2        2         58    147   0.01
[count-only] 축별 적합 수: v1_ridge 2,839 · method 39,512 · alpha 32,664 · alpha_cont 16,332 · nested_cv 14,412 · nested_cont 7,206 · place 3,050 · learner 1,284
[count-only] 총 적합 117,299 (전체 학습 90,922 + 경량[ridge V1·이어 학습] 26,377) · 저장 행 244,334
[count-only] 학습기별 추정(프로세스 1개 기준 누적 시간. n_fit_pseudo·est_h_pseudo = 유사라벨 행을 넣는 D1·R2 적합)
    learner  n_fit  rows_per_fit  base_s  equiv_fits  est_h  n_fit_pseudo  est_h_pseudo
catboost_lo 113176         21185    0.50      100571  13.97         11356          5.18
      ridge   1284         48947    0.05        3762   0.05           428          0.04
  추정 누적 14.0 h(4스레드 기준) → 워커 2개 7.0 h
  추정 누적 14.0 h(4스레드 기준) → 워커 10개 1.4 h
  추정 누적 14.0 h(4스레드 기준) → 워커 15개 0.9 h
