[2026-09-29T06:52:27Z] [deps] 없는 필수 패키지: catboost>=1.2 scikit-learn>=1.3 pandas>=2.1,<3 scipy>=1.11
[2026-09-29T06:52:27Z] [deps] pip install --user catboost>=1.2 scikit-learn>=1.3 pandas>=2.1,<3 scipy>=1.11
ERROR: Can not perform a '--user' install. User site-packages are not visible in this virtualenv.
[2026-09-29T06:52:31Z] [deps] --user 설치 실패(가상환경이면 정상이다). 기본 위치에 다시 시도한다
ERROR: Could not install packages due to an OSError: [Errno 28] No space left on device: '/program/pytorch-2.4.1/venv/bin/plotly_get_chrome'

[2026-09-29T06:52:47Z] [deps] 기본 위치 설치 실패. --target /enc/ukrprod_qOkSo/work/.pydeps 에 다시 시도한다
[deps] 확인: catboost 1.2.10 · scikit-learn 1.9.1 · pandas 2.3.3 · scipy 1.17.1 · numpy 2.4.6
[2026-09-29T06:53:20Z] [deps] pip install --user pytabkit==1.7.3
ERROR: Can not perform a '--user' install. User site-packages are not visible in this virtualenv.
[2026-09-29T06:53:20Z] [deps] --user 설치 실패(가상환경이면 정상이다). 기본 위치에 다시 시도한다
ERROR: Could not install packages due to an OSError: [Errno 28] No space left on device: '/program/pytorch-2.4.1/venv/lib/python3.11/site-packages/tqdm'

[2026-09-29T06:53:25Z] [deps] 기본 위치 설치 실패. --target /enc/ukrprod_qOkSo/work/.pydeps 에 다시 시도한다
WARNING: Target directory /enc/ukrprod_qOkSo/work/.pydeps/scipy.libs already exists. Specify --upgrade to force replacement.
WARNING: Target directory /enc/ukrprod_qOkSo/work/.pydeps/numpy-2.4.6.dist-info already exists. Specify --upgrade to force replacement.
WARNING: Target directory /enc/ukrprod_qOkSo/work/.pydeps/cloudpickle-3.1.2.dist-info already exists. Specify --upgrade to force replacement.
WARNING: Target directory /enc/ukrprod_qOkSo/work/.pydeps/threadpoolctl-3.7.0.dist-info already exists. Specify --upgrade to force replacement.
WARNING: Target directory /enc/ukrprod_qOkSo/work/.pydeps/numpy already exists. Specify --upgrade to force replacement.
WARNING: Target directory /enc/ukrprod_qOkSo/work/.pydeps/sklearn already exists. Specify --upgrade to force replacement.
WARNING: Target directory /enc/ukrprod_qOkSo/work/.pydeps/packaging-26.3.dist-info already exists. Specify --upgrade to force replacement.
WARNING: Target directory /enc/ukrprod_qOkSo/work/.pydeps/narwhals-2.26.0.dist-info already exists. Specify --upgrade to force replacement.
WARNING: Target directory /enc/ukrprod_qOkSo/work/.pydeps/six.py already exists. Specify --upgrade to force replacement.
WARNING: Target directory /enc/ukrprod_qOkSo/work/.pydeps/threadpoolctl.py already exists. Specify --upgrade to force replacement.
WARNING: Target directory /enc/ukrprod_qOkSo/work/.pydeps/cloudpickle already exists. Specify --upgrade to force replacement.
WARNING: Target directory /enc/ukrprod_qOkSo/work/.pydeps/six-1.17.0.dist-info already exists. Specify --upgrade to force replacement.
WARNING: Target directory /enc/ukrprod_qOkSo/work/.pydeps/python_dateutil-2.9.0.post0.dist-info already exists. Specify --upgrade to force replacement.
WARNING: Target directory /enc/ukrprod_qOkSo/work/.pydeps/__pycache__ already exists. Specify --upgrade to force replacement.
WARNING: Target directory /enc/ukrprod_qOkSo/work/.pydeps/joblib already exists. Specify --upgrade to force replacement.
WARNING: Target directory /enc/ukrprod_qOkSo/work/.pydeps/scipy already exists. Specify --upgrade to force replacement.
WARNING: Target directory /enc/ukrprod_qOkSo/work/.pydeps/scikit_learn-1.9.1.dist-info already exists. Specify --upgrade to force replacement.
WARNING: Target directory /enc/ukrprod_qOkSo/work/.pydeps/numpy.libs already exists. Specify --upgrade to force replacement.
WARNING: Target directory /enc/ukrprod_qOkSo/work/.pydeps/scikit_learn.libs already exists. Specify --upgrade to force replacement.
WARNING: Target directory /enc/ukrprod_qOkSo/work/.pydeps/pandas already exists. Specify --upgrade to force replacement.
WARNING: Target directory /enc/ukrprod_qOkSo/work/.pydeps/packaging already exists. Specify --upgrade to force replacement.
WARNING: Target directory /enc/ukrprod_qOkSo/work/.pydeps/dateutil already exists. Specify --upgrade to force replacement.
WARNING: Target directory /enc/ukrprod_qOkSo/work/.pydeps/narwhals already exists. Specify --upgrade to force replacement.
WARNING: Target directory /enc/ukrprod_qOkSo/work/.pydeps/joblib-1.6.0.dist-info already exists. Specify --upgrade to force replacement.
WARNING: Target directory /enc/ukrprod_qOkSo/work/.pydeps/scipy-1.17.1.dist-info already exists. Specify --upgrade to force replacement.
WARNING: Target directory /enc/ukrprod_qOkSo/work/.pydeps/bin already exists. Specify --upgrade to force replacement.
WARNING: Target directory /enc/ukrprod_qOkSo/work/.pydeps/share already exists. Specify --upgrade to force replacement.
[2026-09-29T06:55:56Z] [deps] 선택 패키지 pytabkit 설치함(pytabkit==1.7.3)
[2026-09-29T06:56:01Z] [deps] pip install --user pytest>=7
ERROR: Can not perform a '--user' install. User site-packages are not visible in this virtualenv.
[2026-09-29T06:56:02Z] [deps] --user 설치 실패(가상환경이면 정상이다). 기본 위치에 다시 시도한다
ERROR: Could not install packages due to an OSError: [Errno 28] No space left on device: '/program/pytorch-2.4.1/venv/lib/python3.11/site-packages/pygments'

[2026-09-29T06:56:03Z] [deps] 기본 위치 설치 실패. --target /enc/ukrprod_qOkSo/work/.pydeps 에 다시 시도한다
WARNING: Target directory /enc/ukrprod_qOkSo/work/.pydeps/packaging-26.3.dist-info already exists. Specify --upgrade to force replacement.
WARNING: Target directory /enc/ukrprod_qOkSo/work/.pydeps/__pycache__ already exists. Specify --upgrade to force replacement.
WARNING: Target directory /enc/ukrprod_qOkSo/work/.pydeps/packaging already exists. Specify --upgrade to force replacement.
WARNING: Target directory /enc/ukrprod_qOkSo/work/.pydeps/bin already exists. Specify --upgrade to force replacement.
[2026-09-29T06:56:05Z] [deps] 선택 패키지 pytest 설치함(pytest>=7)
