[data] 17,467셀 · 부분 cpu · 대상 1 · 분할 [1] · n [0, 40] · 추출 1 · seed [0] · 학습기 ['catboost_lo', 'ridge'] · α ['1', '10', '100', 'cont'] · 중첩 후보 ['10', '100', 'cont'] · λ [0.25, 0.5, 1.0] · 하위 지역 map:lg_subregion_map_v1.csv · 작업 단위 1(건너뜀 0)
[summarize] 학습기별 적합 시간(전 조각 합계)
part     learner  n_fit     sec  sec_per_fit
 cpu catboost_lo     71   20.62     0.290423
 cpu       ridge      6    0.44     0.073333
 gpu         cfm      6   67.52    11.253333
 gpu        ddpm      6   77.17    12.861667
 gpu         ftt      6 1333.29   222.215000
 gpu         mlp     16   29.08     1.817500
 gpu       nflow      6  256.28    42.713333
 gpu        tabm      6   26.62     4.436667
[summarize] 조각 7 · runs 199 · curve 199 · minn 125 · tests 62 · 1s → /enc/ukrprod_qOkSo/work/data/processed/lg/lg_precheck_*
test_id role                        verdict                                                                                                                                                            stat
     L1    주 부분(지역 1/4): 검사한 지역에서는 지지 조건 충족 두 가중 CI 상한 < 0 인 지역 0/1 (Lena: 유의 [], 셀 가중만 [], 검사 []; Canada: 유의 [], 셀 가중만 [], 검사 [0, 40]; Russia_W: 유의 [], 셀 가중만 [], 검사 []; Russia_E: 유의 [], 셀 가중만 [], 검사 [])
     L2    주                          판정 불가                                                                                                 R2-R1 유의 개선 n = [], 4지역 평균인 n = [] | n=40: undetermined(지역 1/4)
     L2    주                          판정 불가                                                                                                 R3-R1 유의 개선 n = [], 4지역 평균인 n = [] | n=40: undetermined(지역 1/4)
     L3    주            판정 불가(적격 대상 1개 < 2)                                                        R0, AL 모드 i: 적격 1, n* ≤ 40 대상 0, 그중 α = 1 의 n* 보다 작은 대상 0 (Canada|x: n*=NA(α=1 NA, 블록 합집합 20, 분할 최소 20))
     L3   보조            판정 불가(적격 대상 1개 < 2)                                                        R0, AL 모드 x: 적격 1, n* ≤ 40 대상 0, 그중 α = 1 의 n* 보다 작은 대상 0 (Canada|x: n*=NA(α=1 NA, 블록 합집합 20, 분할 최소 20))
     L3   보조            판정 불가(적격 대상 1개 < 2)                                                        R1, AL 모드 i: 적격 1, n* ≤ 40 대상 0, 그중 α = 1 의 n* 보다 작은 대상 0 (Canada|x: n*=NA(α=1 NA, 블록 합집합 20, 분할 최소 20))
     L3   보조            판정 불가(적격 대상 1개 < 2)                                                        R1, AL 모드 x: 적격 1, n* ≤ 40 대상 0, 그중 α = 1 의 n* 보다 작은 대상 0 (Canada|x: n*=NA(α=1 NA, 블록 합집합 20, 분할 최소 20))
     L4    주                          판정 불가                                                                                  두 가중 CI 상한 < 0 인 최소 n: 4지역 평균 None, 2–3지역 평균 None | n=40: undetermined(지역 1/4)
     L5    주                          판정 불가                                                      cfm: 유의 개선 n = [], 유의 악화 n = [], 셀 가중만 개선 []·악화 [] | n=0: undetermined(지역 1/4); n=40: undetermined(지역 1/4)
     L5    주                          판정 불가                                                     ddpm: 유의 개선 n = [], 유의 악화 n = [], 셀 가중만 개선 []·악화 [] | n=0: undetermined(지역 1/4); n=40: undetermined(지역 1/4)
     L5    주                          판정 불가                                                      ftt: 유의 개선 n = [], 유의 악화 n = [], 셀 가중만 개선 []·악화 [] | n=0: undetermined(지역 1/4); n=40: undetermined(지역 1/4)
     L5    주                          판정 불가                                                      mlp: 유의 개선 n = [], 유의 악화 n = [], 셀 가중만 개선 []·악화 [] | n=0: undetermined(지역 1/4); n=40: undetermined(지역 1/4)
     L5    주                          판정 불가                                                    nflow: 유의 개선 n = [], 유의 악화 n = [], 셀 가중만 개선 []·악화 [] | n=0: undetermined(지역 1/4); n=40: undetermined(지역 1/4)
     L5    주                          판정 불가                                                    ridge: 유의 개선 n = [], 유의 악화 n = [], 셀 가중만 개선 []·악화 [] | n=0: undetermined(지역 1/4); n=40: undetermined(지역 1/4)
     L5    주                          판정 불가                                                     tabm: 유의 개선 n = [], 유의 악화 n = [], 셀 가중만 개선 []·악화 [] | n=0: undetermined(지역 1/4); n=40: undetermined(지역 1/4)
     L6    주                판정 불가(통과 조합 없음)                                                                                                                        알래스카 통과 조합의 주 4지역 통과 0/0(두 가중, 방법별 기준 λ)
     L6   보조                판정 불가(통과 조합 없음)                                                                                                                  민감도: 분할 안 채점 블록 ≥ 5 인 알래스카 대상만으로 조합을 고른 경우 0/0
     L6   보조                판정 불가(통과 조합 없음)                                                                                                                                         민감도: 셀 가중 CI 만 쓴 경우 0/0
     L7    주                             기각                                                                                                                                                 Canada|x n=40:X
     L8    주                          판정 불가                                                                                                                                                                
