[xk] Alaska: 셀 13,606 · 블록 74 · λ 겹별 [0.5, 0.5, 0.5, 0.5, 0.5] · 12.7s
[xk] Lena: 셀 3,037 · 블록 20 · λ 겹별 [0.5, 0.25, 0.5, 0.5, 1.0] · 6.3s
[xk] Canada: 셀 750 · 블록 39 · λ 겹별 [1.0, 1.0, 0.25, 1.0, 1.0] · 4.6s
region support  n_units method   rmse_cw  rmse_cw_lo  rmse_cw_hi
Alaska     1km    13605     p1 14.300770   12.171535   18.894773
Alaska     1km    13605     r1 13.798174   11.630582   18.179880
Alaska 0.05deg      104     p1 12.776390   10.809967   15.019549
Alaska 0.05deg      104     r1 11.173847    9.401787   13.324909
Alaska  0.1deg       83     p1 12.693837   10.211525   15.277899
Alaska  0.1deg       83     r1 11.167059    9.059175   13.537430
Alaska 0.25deg       56     p1 13.126116   10.443161   15.963506
Alaska 0.25deg       56     r1 11.524569    9.219907   14.218787
  Lena     1km     1342     p1 20.195593   14.493685   51.211045
  Lena     1km     1342     r1 19.651353   13.385142   51.011137
  Lena 0.05deg       26     p1 28.369022   12.713539   52.630475
  Lena 0.05deg       26     r1 28.719243   11.501193   51.731158
  Lena  0.1deg       21     p1 30.472472   10.780524   53.548135
  Lena  0.1deg       21     r1 30.853176   10.299311   52.932248
  Lena 0.25deg       16     p1 24.792962   10.674841   40.348305
  Lena 0.25deg       16     r1 23.703812    9.265149   38.902433
Canada     1km      745     p1 28.853227   18.570674   36.074623
Canada     1km      745     r1 26.185665   17.301371   33.224401
Canada 0.05deg       37     p1 20.320160   13.656984   25.793597
Canada 0.05deg       37     r1 19.191505   11.519012   24.275140
Canada  0.1deg       26     p1 20.196767   12.823897   27.255853
Canada  0.1deg       26     r1 18.822569   10.839990   25.912971
Canada 0.25deg       19     p1 15.845519   10.474610   20.058819
Canada 0.25deg       19     r1 14.888573    8.353223   19.106606
[done] 36.8s
