[2026-09-29T13:53:48Z] [env] 작업 디렉터리 /enc/ukrprod_ShFtT/work
[2026-09-29T13:53:48Z] [env] 코어 수 64 (RESCALE_CORES_PER_SLOT = 64, OMP_NUM_THREADS = 없음) · 메모리 433 GB (여유 427 GB)
[2026-09-29T13:53:48Z] [env] 디스크 2.8T 여유 / 2.8T
[2026-09-29T13:53:48Z] [env] python /program/pytorch-2.4.1/venv/bin/python3 · pip /program/pytorch-2.4.1/venv/bin/pip
[env] python 3.11.10 · Linux-4.18.0-553.153.1.el8_10.x86_64-x86_64-with-glibc2.28
[env] 가상환경 True · prefix /program/pytorch-2.4.1/venv
[env] numpy 2.1.1
[env] pandas 없음
[env] scipy 없음
[env] scikit-learn 없음
[env] catboost 없음
[env] pytabkit 없음
[env] pytest 없음
[env] torch 2.4.1
[env] CUDA_VISIBLE_DEVICES = None
[env] torch 2.4.1+cu121 · CUDA 빌드 12.1 · CUDA 사용 가능 True · GPU 수 4
[env] GPU 0: Tesla T4 · 15.6 GiB
[env] GPU 1: Tesla T4 · 15.6 GiB
[env] GPU 2: Tesla T4 · 15.6 GiB
[env] GPU 3: Tesla T4 · 15.6 GiB
[env] nvidia-smi: index, name, memory.total [MiB], memory.used [MiB], utilization.gpu [%]
[env] nvidia-smi: 0, Tesla T4, 16384 MiB, 1 MiB, 0 %
[env] nvidia-smi: 1, Tesla T4, 16384 MiB, 1 MiB, 0 %
[env] nvidia-smi: 2, Tesla T4, 16384 MiB, 1 MiB, 0 %
[env] nvidia-smi: 3, Tesla T4, 16384 MiB, 1 MiB, 0 %
