[data] 17,467셀 · 채점 17,374셀/174블록 · 부분 all · 단 ['V-R', 'V-P', 'V-S', 'V-B', 'V-C0', 'V-C100', 'V-C500', 'V-G', 'W2-Alaska', 'W2-Lena', 'W2-Canada', 'W1-Alaska', 'W1-Lena', 'W1-Canada'] · 반복 3(지역 내 5) · fold 5 · seed [0, 1] · 학습기 ['catboost_lo', 'catboost', 'rf'] · λ [0.25, 0.5, 1.0] · 작업 단위 292(건너뜀 15) · 연도 정합 도일 표 lgx_tdd_matched_v1.csv:54f132e461ea
[count-only] 작업 단위 292 · 건너뜀 15(no_eval) · 군집 정의 map:lgx_cluster_map_v1.csv
           units  n_train_min  n_train_med  n_train_max  n_test_sum  buf_excl_max  lt1000  fit_total  keys  est_h
scheme                                                                                                           
V-G            7         3860      16697.0        17464       17374          1252       0        126   336   0.07
V-R           15        13973      13974.0        13974       52122             0       0        270   525   0.15
W2-Alaska     25        11703      15260.0        15771       68030             1       0        600  1125   0.28
W2-Canada     25        17216      17310.0        17349        3735            20       0        600  1125   0.32
W2-Lena       25        16096      17111.0        17291       14790             1       0        600  1125   0.31
V-B           15        10640      14376.0        15193       52122             0       0        270   525   0.15
V-C100        25        10044      17323.0        17465       17374          5461       0        450   875   0.29
V-C500        25         6888      17119.0        17465       17374          9930       0        450   875   0.26
V-C0          25        12343      17350.0        17465       17374             0       0        450   875   0.30
V-P           15        13758      14011.0        14116       52122             0       0        270   525   0.15
V-S           15        13590      13979.0        14221       52122             0       0        270   525   0.15
W1-Alaska     25         7843      11400.0        11911       68030             0       0        400   725   0.20
W1-Canada     25          519        613.0          652        3735             0      25        400   725   0.02
W1-Lena       25         1667       2682.0         2862       14790             0       0        400   725   0.05
[count-only] 학습기별 추정(프로세스 1개, 4스레드 기준 누적 시간. measured = False 는 가정값)
    learner  n_fit  rows_per_fit  base_s  est_h  measured
         rf   1168         12693     6.0   1.48     False
   catboost   1168         12693     4.0   1.02     False
catboost_lo   3220         13464     0.3   0.23      True
[count-only] 총 적합 5,556 · 저장 키 10,611 · 추정 누적 2.7 h → 워커 2개 1.4 h · 워커 14개 0.2 h
