[data] 부분 cpu · 축 ['base', 'x1', 'x2', 'x9', 'n3', 'prox', 'x5', 'x9f', 'n4', 'n4a', 'ridge'] · 작업 단위 33(건너뜀 0) · 축별 {'base': 3, 'x1': 3, 'x2': 3, 'x9': 3, 'n3': 3, 'prox': 3, 'x5': 3, 'x9f': 3, 'n4': 3, 'n4a': 3, 'ridge': 3}
[plan] 실행 33 · 선택 작업 3 · 재개로 건너뜀 0 · 프로세스 1 · 스레드 4 · 장치 CPU · epochs 100 · RealMLP epochs 256
  [select] Canada|x: catboost_tuned 선택 표 18행 → /enc/ukrprod_gLyfeb/work/data/processed/lgx/lgx_smoke_tuned_select.csv · 남은 선택 작업 2
  [select] Russia_W|x: catboost_tuned 선택 표 36행 → /enc/ukrprod_gLyfeb/work/data/processed/lgx/lgx_smoke_tuned_select.csv · 남은 선택 작업 1
  [select] AL-3|i: catboost_tuned 선택 표 54행 → /enc/ukrprod_gLyfeb/work/data/processed/lgx/lgx_smoke_tuned_select.csv · 남은 선택 작업 0
  [base|Canada|x|s1] 적합 19 · 행 53 · A 355 · 채점 393/20블록 · 원천 16697 · 15.2s · 장치 '' · 상태 ok(실패 0) · 완료 1/33 · 누적 705s
  [base|Russia_W|x|s1] 적합 14 · 행 40 · A 16 · 채점 12/7블록 · 원천 17436 · 11.6s · 장치 '' · 상태 ok(실패 0) · 완료 2/33 · 누적 717s
  [x1|Canada|x|s1] 적합 38 · 행 89 · A 355 · 채점 393/20블록 · 원천 16697 · 10.9s · 장치 '' · 상태 ok(실패 0) · 완료 3/33 · 누적 728s
  [x1|Russia_W|x|s1] 적합 28 · 행 67 · A 16 · 채점 12/7블록 · 원천 17436 · 8.3s · 장치 '' · 상태 ok(실패 0) · 완료 4/33 · 누적 736s
  [x2|Canada|x|s1] 적합 44 · 행 92 · A 355 · 채점 393/20블록 · 원천 16697 · 61.1s · 장치 '' · 상태 ok(실패 0) · 완료 5/33 · 누적 797s
  [x2|Russia_W|x|s1] 적합 28 · 행 58 · A 16 · 채점 12/7블록 · 원천 17436 · 39.9s · 장치 '' · 상태 ok(실패 0) · 완료 6/33 · 누적 837s
  [x9|Canada|x|s1] 적합 51 · 행 222 · A 355 · 채점 393/20블록 · 원천 16697 · 14.9s · 장치 '' · 상태 ok(실패 0) · 완료 7/33 · 누적 852s
  [x9|Russia_W|x|s1] 적합 37 · 행 171 · A 16 · 채점 12/7블록 · 원천 17436 · 10.8s · 장치 '' · 상태 ok(실패 0) · 완료 8/33 · 누적 863s
  [n3|Canada|x|s1] 적합 37 · 행 109 · A 355 · 채점 393/20블록 · 원천 16697 · 102.8s · 장치 '' · 상태 ok(실패 0) · 완료 9/33 · 누적 966s
  [n3|Russia_W|x|s1] 적합 27 · 행 82 · A 16 · 채점 12/7블록 · 원천 17436 · 77.5s · 장치 '' · 상태 ok(실패 0) · 완료 10/33 · 누적 1043s
  [base|AL-3|i|s1] 적합 19 · 행 53 · A 334 · 채점 317/4블록 · 원천 16816 · 14.7s · 장치 '' · 상태 ok(실패 0) · 완료 11/33 · 누적 1058s
  [x1|AL-3|i|s1] 적합 38 · 행 89 · A 334 · 채점 317/4블록 · 원천 16816 · 10.8s · 장치 '' · 상태 ok(실패 0) · 완료 12/33 · 누적 1069s
  [x2|AL-3|i|s1] 적합 44 · 행 92 · A 334 · 채점 317/4블록 · 원천 16816 · 58.3s · 장치 '' · 상태 ok(실패 0) · 완료 13/33 · 누적 1127s
  [x9|AL-3|i|s1] 적합 51 · 행 222 · A 334 · 채점 317/4블록 · 원천 16816 · 14.6s · 장치 '' · 상태 ok(실패 0) · 완료 14/33 · 누적 1142s
  [n3|AL-3|i|s1] 적합 37 · 행 109 · A 334 · 채점 317/4블록 · 원천 16816 · 106.5s · 장치 '' · 상태 ok(실패 0) · 완료 15/33 · 누적 1248s
  [prox|Canada|x|s1] 적합 92 · 행 71 · A 355 · 채점 393/20블록 · 원천 16697 · 26.6s · 장치 '' · 상태 ok(실패 0) · 완료 16/33 · 누적 1275s
  [prox|Russia_W|x|s1] 적합 72 · 행 61 · A 16 · 채점 12/7블록 · 원천 17436 · 21.0s · 장치 '' · 상태 ok(실패 0) · 완료 17/33 · 누적 1296s
  [prox|AL-3|i|s1] 적합 92 · 행 71 · A 334 · 채점 317/4블록 · 원천 16816 · 26.4s · 장치 '' · 상태 ok(실패 0) · 완료 18/33 · 누적 1322s
  [x5|Canada|x|s1] 적합 48 · 행 45 · A 355 · 채점 393/20블록 · 원천 16697 · 14.0s · 장치 '' · 상태 ok(실패 0) · 완료 19/33 · 누적 1336s
  [x5|Russia_W|x|s1] 적합 35 · 행 33 · A 16 · 채점 12/7블록 · 원천 17436 · 10.2s · 장치 '' · 상태 ok(실패 0) · 완료 20/33 · 누적 1346s
  [x5|AL-3|i|s1] 적합 49 · 행 45 · A 334 · 채점 317/4블록 · 원천 16816 · 14.3s · 장치 '' · 상태 ok(실패 0) · 완료 21/33 · 누적 1361s
  [x9f|Canada|x|s1] 적합 22 · 행 67 · A 355 · 채점 393/20블록 · 원천 16697 · 5.2s · 장치 '' · 상태 ok(실패 0) · 완료 22/33 · 누적 1366s
  [x9f|Russia_W|x|s1] 적합 16 · 행 51 · A 16 · 채점 12/7블록 · 원천 17436 · 3.9s · 장치 '' · 상태 ok(실패 0) · 완료 23/33 · 누적 1370s
  [x9f|AL-3|i|s1] 적합 22 · 행 67 · A 334 · 채점 317/4블록 · 원천 16816 · 5.2s · 장치 '' · 상태 ok(실패 0) · 완료 24/33 · 누적 1375s
  [n4|Canada|x|s1] 적합 11 · 행 37 · A 355 · 채점 393/20블록 · 원천 16697 · 3.2s · 장치 '' · 상태 ok(실패 0) · 완료 25/33 · 누적 1378s
  [n4|Russia_W|x|s1] 적합 8 · 행 28 · A 16 · 채점 12/7블록 · 원천 17436 · 2.4s · 장치 '' · 상태 ok(실패 0) · 완료 26/33 · 누적 1381s
  [n4|AL-3|i|s1] 적합 11 · 행 37 · A 334 · 채점 317/4블록 · 원천 16816 · 3.2s · 장치 '' · 상태 ok(실패 0) · 완료 27/33 · 누적 1384s
  [n4a|Canada|x|s1] 적합 0 · 행 7 · A 355 · 채점 393/20블록 · 원천 16697 · 0.0s · 장치 '' · 상태 ok(실패 0) · 완료 28/33 · 누적 1384s
  [n4a|Russia_W|x|s1] 적합 0 · 행 5 · A 16 · 채점 12/7블록 · 원천 17436 · 0.0s · 장치 '' · 상태 ok(실패 0) · 완료 29/33 · 누적 1384s
  [n4a|AL-3|i|s1] 적합 0 · 행 7 · A 334 · 채점 317/4블록 · 원천 16816 · 0.0s · 장치 '' · 상태 ok(실패 0) · 완료 30/33 · 누적 1384s
  [ridge|Canada|x|s1] 적합 30 · 행 69 · A 355 · 채점 393/20블록 · 원천 16697 · 1.2s · 장치 '' · 상태 ok(실패 0) · 완료 31/33 · 누적 1385s
  [ridge|Russia_W|x|s1] 적합 22 · 행 52 · A 16 · 채점 12/7블록 · 원천 17436 · 0.9s · 장치 '' · 상태 ok(실패 0) · 완료 32/33 · 누적 1386s
  [ridge|AL-3|i|s1] 적합 30 · 행 69 · A 334 · 채점 317/4블록 · 원천 16816 · 1.2s · 장치 '' · 상태 ok(실패 0) · 완료 33/33 · 누적 1387s
[done] 완료 33 · 실패 0 · 일부 적합 실패 0 · 선택 설정 없는 n3 조각 0 · 1387s
