[timing] LG 사전 점검의 gpu 조각 7개를 분할 4·5 축(g45)의 실측으로 읽었다
[timing] 조각 115 · 행 189 → lgx_smoke_timing_by_learner.csv
harness           tag part    axis        learner  n_fit     sec  sec_full_epochs    est_s  epochs_run  sec_per_fit  calib
    h41     lgv_smoke  cpu     V-B       catboost     10   14.76           14.760    34.64         NaN        1.476  0.426
    h41     lgv_smoke  cpu     V-B    catboost_lo     25    6.79            6.790     6.70         NaN        0.272  1.013
    h41     lgv_smoke  cpu     V-B             rf     10   38.05           38.050    50.22         NaN        3.805  0.758
    h41     lgv_smoke  cpu  V-C100       catboost      6    9.37            9.370    22.68         NaN        1.562  0.413
    h41     lgv_smoke  cpu  V-C100    catboost_lo     15    4.26            4.260     4.35         NaN        0.284  0.979
    h41     lgv_smoke  cpu  V-C100             rf      6   24.59           24.590    33.54         NaN        4.098  0.733
    h41     lgv_smoke  cpu     V-G       catboost     14   20.93           20.930    50.28         NaN        1.495  0.416
    h41     lgv_smoke  cpu     V-G    catboost_lo     35    9.56            9.560     9.55         NaN        0.273  1.001
    h41     lgv_smoke  cpu     V-G             rf     14   57.42           57.420    74.36         NaN        4.101  0.772
    h41     lgv_smoke  cpu     V-R       catboost     10   15.14           15.140    34.70         NaN        1.514  0.436
    h41     lgv_smoke  cpu     V-R    catboost_lo     25    7.03            7.030     6.75         NaN        0.281  1.041
    h41     lgv_smoke  cpu     V-R             rf     10   40.01           40.010    50.20         NaN        4.001  0.797
    h41     lgv_smoke  cpu W1-Lena       catboost     10    6.15            6.150     8.52         NaN        0.615  0.722
    h41     lgv_smoke  cpu W1-Lena    catboost_lo     20    1.93            1.930     1.88         NaN        0.096  1.027
    h41     lgv_smoke  cpu W1-Lena             rf     10   10.23           10.230     8.72         NaN        1.023  1.173
    h41     lgv_smoke  cpu W2-Lena       catboost     10   16.00           16.000    40.28         NaN        1.600  0.397
    h41     lgv_smoke  cpu W2-Lena    catboost_lo     50   14.58           14.580    14.96         NaN        0.292  0.975
    h41     lgv_smoke  cpu W2-Lena             rf     10   46.22           46.220    60.56         NaN        4.622  0.763
    h42   lg_precheck  gpu     g45            cfm      6   67.52           67.520    43.42       100.0       11.253  1.555
    h42   lg_precheck  gpu     g45           ddpm      6   77.17           77.170    54.28       100.0       12.862  1.422
    h42   lg_precheck  gpu     g45            ftt      6 1333.29         1333.290   405.30       100.0      222.215  3.290
    h42   lg_precheck  gpu     g45            mlp     16   29.08           29.080    47.05       100.0        1.818  0.618
    h42   lg_precheck  gpu     g45          nflow      6  256.28          256.280   311.20       100.0       42.713  0.824
    h42   lg_precheck  gpu     g45           tabm      6   26.62           26.620    94.08       100.0        4.437  0.283
    h42 lgrm_precheck  gpu     g45        realmlp      6   76.48         2447.360  5844.18         8.0       12.747  0.419
    h42    lgx1_smoke  cpu      x1    catboost_lo    104   29.79           29.790    31.50         NaN        0.286  0.946
    h42    lgx2_smoke  cpu      x2    catboost_lo    116  159.26          159.260   125.60         NaN        1.373  1.268
    h42    lgx5_smoke  cpu      x5    catboost_lo    132   38.09           38.090    39.39         NaN        0.289  0.967
    h42    lgx9_smoke  cpu      x9    catboost_lo    139   40.01           40.010    42.15         NaN        0.288  0.949
    h42   lgx9f_smoke  cpu     x9f    catboost_lo     60   14.28           14.280    13.89         NaN        0.238  1.028
    h42    lgxb_smoke  cpu    base    catboost_lo     52   41.26           41.260    37.15         NaN        0.793  1.111
    h42    lgxg_smoke  gpu     g45            cfm     33    9.12          304.000   242.51         3.0        0.276  1.254
    h42    lgxg_smoke  gpu     g45           ddpm     33   23.74          791.333   303.15         3.0        0.719  2.610
    h42    lgxg_smoke  gpu     g45            ftt     33  268.75         8958.333  2263.42         3.0        8.144  3.958
    h42    lgxg_smoke  gpu     g45            mlp    113   12.40          366.450   303.55         3.0        0.110  1.207
    h42    lgxg_smoke  gpu     g45          nflow     33   27.68          922.667  1737.97         3.0        0.839  0.531
    h42    lgxg_smoke  gpu     g45        realmlp     33  202.81        17306.453 32637.52         3.0        6.146  0.530
    h42    lgxg_smoke  gpu     g45           tabm     33    9.82          327.333   525.43         3.0        0.298  0.623
    h42   lgxn3_smoke  cpu      n3       catboost     41  111.77          111.770   169.68         NaN        2.726  0.659
    h42   lgxn3_smoke  cpu      n3 catboost_tuned     30   32.18           32.180    66.77         NaN        1.073  0.482
    h42   lgxn3_smoke  cpu      n3             rf     30  142.60          142.600   122.29         NaN        4.753  1.166
    h42   lgxn4_smoke  cpu      n4    catboost_lo     30    8.75            8.750     9.09         NaN        0.292  0.963
    h42   lgxnn_smoke  gpu      nn            ftt     30   58.16         1938.667   476.54         3.0        1.939  4.068
    h42   lgxnn_smoke  gpu      nn            mlp     30    1.78           59.333    42.56         3.0        0.059  1.394
    h42   lgxnn_smoke  gpu      nn           tabm     30    2.66           88.667   110.63         3.0        0.089  0.801
    h42    lgxp_smoke  cpu    prox    catboost_lo    256   73.86           73.860    78.16         NaN        0.289  0.945
    h42   lgxr0_smoke  cpu   ridge          ridge     82    3.15            3.150     9.74         NaN        0.038  0.323
    h42   lgxr0_smoke  gpu      r0            cfm     11    1.71           57.000    18.71         3.0        0.155  3.046
    h42   lgxr0_smoke  gpu      r0           ddpm     11    5.80          193.333    23.40         3.0        0.527  8.262
    h42   lgxr0_smoke  gpu      r0            ftt     11   20.22          674.000   174.70         3.0        1.838  3.858
    h42   lgxr0_smoke  gpu      r0          nflow     11    6.76          225.333   134.14         3.0        0.615  1.680
    h42   lgxr0_smoke  gpu      r0        realmlp     11   18.85         1608.533  2519.07         3.0        1.714  0.639
    h42   lgxr0_smoke  gpu      r0           tabm     11    5.80          193.333    40.56         3.0        0.527  4.767
[timing] 적합 수 표(lgx_count_<부분>_detail.csv, ladder/lgv_count.csv)가 없어 본 실행 환산을 생략한다
