[timing] LG 사전 점검의 gpu 조각 7개를 분할 4·5 축(g45)의 실측으로 읽었다
[timing] 조각 134 · 행 279 → lgx_smoke_timing_by_learner.csv
harness            tag part    axis        learner  n_fit     sec  sec_full_epochs    est_s  epochs_run  sec_per_fit  calib
    h41      lgv_smoke  cpu     V-B       catboost     10   14.76           14.760    34.64         NaN        1.476  0.426
    h41      lgv_smoke  cpu     V-B    catboost_lo     25    6.79            6.790     6.70         NaN        0.272  1.013
    h41      lgv_smoke  cpu     V-B             rf     10   38.05           38.050    50.22         NaN        3.805  0.758
    h41      lgv_smoke  cpu  V-C100       catboost      6    9.37            9.370    22.68         NaN        1.562  0.413
    h41      lgv_smoke  cpu  V-C100    catboost_lo     15    4.26            4.260     4.35         NaN        0.284  0.979
    h41      lgv_smoke  cpu  V-C100             rf      6   24.59           24.590    33.54         NaN        4.098  0.733
    h41      lgv_smoke  cpu     V-G       catboost     14   20.93           20.930    50.28         NaN        1.495  0.416
    h41      lgv_smoke  cpu     V-G    catboost_lo     35    9.56            9.560     9.55         NaN        0.273  1.001
    h41      lgv_smoke  cpu     V-G             rf     14   57.42           57.420    74.36         NaN        4.101  0.772
    h41      lgv_smoke  cpu     V-R       catboost     10   15.14           15.140    34.70         NaN        1.514  0.436
    h41      lgv_smoke  cpu     V-R    catboost_lo     25    7.03            7.030     6.75         NaN        0.281  1.041
    h41      lgv_smoke  cpu     V-R             rf     10   40.01           40.010    50.20         NaN        4.001  0.797
    h41      lgv_smoke  cpu W1-Lena       catboost     10    6.15            6.150     8.52         NaN        0.615  0.722
    h41      lgv_smoke  cpu W1-Lena    catboost_lo     20    1.93            1.930     1.88         NaN        0.096  1.027
    h41      lgv_smoke  cpu W1-Lena             rf     10   10.23           10.230     8.72         NaN        1.023  1.173
    h41      lgv_smoke  cpu W2-Lena       catboost     10   16.00           16.000    40.28         NaN        1.600  0.397
    h41      lgv_smoke  cpu W2-Lena    catboost_lo     50   14.58           14.580    14.96         NaN        0.292  0.975
    h41      lgv_smoke  cpu W2-Lena             rf     10   46.22           46.220    60.56         NaN        4.622  0.763
    h42    lg_precheck  gpu     g45            cfm      6   67.52           67.520    43.42       100.0       11.253  1.555
    h42    lg_precheck  gpu     g45           ddpm      6   77.17           77.170    54.28       100.0       12.862  1.422
    h42    lg_precheck  gpu     g45            ftt      6 1333.29         1333.290   405.30       100.0      222.215  3.290
    h42    lg_precheck  gpu     g45            mlp     16   29.08           29.080    47.05       100.0        1.818  0.618
    h42    lg_precheck  gpu     g45          nflow      6  256.28          256.280   311.20       100.0       42.713  0.824
    h42    lg_precheck  gpu     g45           tabm      6   26.62           26.620    94.08       100.0        4.437  0.283
    h42  lgrm_precheck  gpu     g45        realmlp      6   76.48         2447.360  5844.18         8.0       12.747  0.419
    h42  lgx1_precheck  cpu      x1    catboost_lo     18    5.23            5.230     5.40         NaN        0.291  0.969
    h42     lgx1_smoke  cpu      x1    catboost_lo    104   29.79           29.790    31.50         NaN        0.286  0.946
    h42  lgx2_precheck  cpu      x2    catboost_lo     27   39.15           39.150    30.08         NaN        1.450  1.302
    h42     lgx2_smoke  cpu      x2    catboost_lo    116  159.26          159.260   125.60         NaN        1.373  1.268
    h42  lgx5_precheck  cpu      x5    catboost_lo     23    6.62            6.620     6.68         NaN        0.288  0.991
    h42     lgx5_smoke  cpu      x5    catboost_lo    132   38.09           38.090    39.39         NaN        0.289  0.967
    h42  lgx9_precheck  cpu      x9    catboost_lo     22    6.25            6.250     6.60         NaN        0.284  0.947
    h42     lgx9_smoke  cpu      x9    catboost_lo    139   40.01           40.010    42.15         NaN        0.288  0.949
    h42 lgx9f_precheck  cpu     x9f    catboost_lo     10    2.35            2.350     2.27         NaN        0.235  1.035
    h42    lgx9f_smoke  cpu     x9f    catboost_lo     60   14.28           14.280    13.89         NaN        0.238  1.028
    h42  lgxb_precheck  cpu    base    catboost_lo      9    7.44            7.440     6.56         NaN        0.827  1.134
    h42     lgxb_smoke  cpu    base    catboost_lo     52   41.26           41.260    37.15         NaN        0.793  1.111
    h42     lgxg_smoke  gpu     g45            cfm     33    9.12          304.000   242.51         3.0        0.276  1.254
    h42     lgxg_smoke  gpu     g45           ddpm     33   23.74          791.333   303.15         3.0        0.719  2.610
    h42     lgxg_smoke  gpu     g45            ftt     33  268.75         8958.333  2263.42         3.0        8.144  3.958
    h42     lgxg_smoke  gpu     g45            mlp    113   12.40          366.450   303.55         3.0        0.110  1.207
    h42     lgxg_smoke  gpu     g45          nflow     33   27.68          922.667  1737.97         3.0        0.839  0.531
    h42     lgxg_smoke  gpu     g45        realmlp     33  202.81        17306.453 32637.52         3.0        6.146  0.530
    h42     lgxg_smoke  gpu     g45           tabm     33    9.82          327.333   525.43         3.0        0.298  0.623
    h42 lgxn3_precheck  cpu      n3       catboost      7   19.60           19.600    29.55         NaN        2.800  0.663
    h42 lgxn3_precheck  cpu      n3 catboost_tuned      5    4.67            4.670    11.00         NaN        0.934  0.425
    h42 lgxn3_precheck  cpu      n3             rf      5   22.80           22.800    20.03         NaN        4.560  1.138
    h42    lgxn3_smoke  cpu      n3       catboost     41  111.77          111.770   169.68         NaN        2.726  0.659
    h42    lgxn3_smoke  cpu      n3 catboost_tuned     30   32.18           32.180    66.77         NaN        1.073  0.482
    h42    lgxn3_smoke  cpu      n3             rf     30  142.60          142.600   122.29         NaN        4.753  1.166
    h42 lgxn4_precheck  cpu      n4    catboost_lo      5    1.45            1.450     1.50         NaN        0.290  0.967
    h42    lgxn4_smoke  cpu      n4    catboost_lo     30    8.75            8.750     9.09         NaN        0.292  0.963
    h42 lgxnn_precheck  gpu      nn            ftt      5  351.77          351.770    78.04       100.0       70.354  4.508
    h42 lgxnn_precheck  gpu      nn            mlp      5    5.60            5.600     6.97       100.0        1.120  0.803
    h42 lgxnn_precheck  gpu      nn           tabm      5   10.26           10.260    18.11       100.0        2.052  0.567
    h42    lgxnn_smoke  gpu      nn            ftt     30   58.16         1938.667   476.54         3.0        1.939  4.068
    h42    lgxnn_smoke  gpu      nn            mlp     30    1.78           59.333    42.56         3.0        0.059  1.394
    h42    lgxnn_smoke  gpu      nn           tabm     30    2.66           88.667   110.63         3.0        0.089  0.801
    h42  lgxp_precheck  cpu    prox    catboost_lo     82   23.65           23.650    24.96         NaN        0.288  0.948
    h42     lgxp_smoke  cpu    prox    catboost_lo    256   73.86           73.860    78.16         NaN        0.289  0.945
    h42 lgxr0_precheck  cpu   ridge          ridge     14    0.53            0.530     1.70         NaN        0.038  0.312
    h42 lgxr0_precheck  gpu      r0            cfm      2    6.43            6.430     3.34       100.0        3.215  1.925
    h42 lgxr0_precheck  gpu      r0           ddpm      2    8.69            8.690     4.18       100.0        4.345  2.079
    h42 lgxr0_precheck  gpu      r0            ftt      2  223.26          223.260    31.21       100.0      111.630  7.153
    h42 lgxr0_precheck  gpu      r0          nflow      2  104.03          104.030    23.96       100.0       52.015  4.342
    h42 lgxr0_precheck  gpu      r0        realmlp      2  169.05          169.050   449.97       256.0       84.525  0.376
    h42 lgxr0_precheck  gpu      r0           tabm      2    4.94            4.940     7.24       100.0        2.470  0.682
    h42    lgxr0_smoke  cpu   ridge          ridge     82    3.15            3.150     9.74         NaN        0.038  0.323
    h42    lgxr0_smoke  gpu      r0            cfm     11    1.71           57.000    18.71         3.0        0.155  3.046
    h42    lgxr0_smoke  gpu      r0           ddpm     11    5.80          193.333    23.40         3.0        0.527  8.262
    h42    lgxr0_smoke  gpu      r0            ftt     11   20.22          674.000   174.70         3.0        1.838  3.858
    h42    lgxr0_smoke  gpu      r0          nflow     11    6.76          225.333   134.14         3.0        0.615  1.680
    h42    lgxr0_smoke  gpu      r0        realmlp     11   18.85         1608.533  2519.07         3.0        1.714  0.639
    h42    lgxr0_smoke  gpu      r0           tabm     11    5.80          193.333    40.56         3.0        0.527  4.767
[timing] 본 실행 환산 → lgx_smoke_full_projection.csv (누적 시간 h, 워커 수로 나눈 벽시계 h)
harness part      axis        learner  n_fit_full  est_h_full  proj_h_full  calib_mean  n_fit_measured         source  workers  proj_wall_h
    h42  cpu      base    catboost_lo       28156       4.206        4.735       1.126               9 축·학습기·방법/사전 점검       14        0.338
    h42  cpu        n3       catboost        2770       2.333        1.554       0.666               7 축·학습기·방법/사전 점검       14        0.111
    h42  cpu        n3 catboost_tuned        2050       0.946        0.416       0.440               5 축·학습기·방법/사전 점검       14        0.030
    h42  cpu        n3             rf        2050       1.540        1.755       1.140               5 축·학습기·방법/사전 점검       14        0.125
    h42  cpu        n4    catboost_lo       19880       1.508        1.452       0.963               5 축·학습기·방법/사전 점검       14        0.104
    h42  cpu      prox    catboost_lo       45736       3.098        2.935       0.948              82 축·학습기·방법/사전 점검       14        0.210
    h42  cpu     ridge          ridge        5540       0.120        0.037       0.305              14 축·학습기·방법/사전 점검       14        0.003
    h42  cpu        x1    catboost_lo       56312       3.688        3.611       0.979              18 축·학습기·방법/사전 점검       14        0.258
    h42  cpu        x2    catboost_lo       51608      11.888       15.322       1.289              27 축·학습기·방법/사전 점검       14        1.094
    h42  cpu        x5    catboost_lo       18619       1.226        1.204       0.982              23 축·학습기·방법/사전 점검       14        0.086
    h42  cpu        x9    catboost_lo       65058       4.332        4.061       0.937              22 축·학습기·방법/사전 점검       14        0.290
    h42  cpu       x9f    catboost_lo       20466       1.078        1.114       1.033              10 축·학습기·방법/사전 점검       14        0.080
    h42  gpu       g45            cfm         876       1.154        1.796       1.556               6 축·학습기·방법/사전 점검       12        0.150
    h42  gpu       g45           ddpm         876       1.443        2.054       1.424               6 축·학습기·방법/사전 점검       12        0.171
    h42  gpu       g45            ftt         876      10.769       35.442       3.291               6 축·학습기·방법/사전 점검       12        2.954
    h42  gpu       g45            mlp        3356       1.897        1.450       0.764              44 축·학습기·방법/사전 점검       12        0.121
    h42  gpu       g45          nflow         876       8.269        6.849       0.828               6 축·학습기·방법/사전 점검       12        0.571
    h42  gpu       g45        realmlp         876     155.289       65.066       0.419               6 축·학습기·방법/사전 점검       12        5.422
    h42  gpu       g45           tabm         876       2.499        0.709       0.284               6 축·학습기·방법/사전 점검       12        0.059
    h42  gpu        nn            ftt        2050       5.995       26.394       4.403               5 축·학습기·방법/사전 점검       12        2.199
    h42  gpu        nn            mlp        2050       0.536        0.419       0.782               5 축·학습기·방법/사전 점검       12        0.035
    h42  gpu        nn           tabm        2050       1.392        0.790       0.567               5 축·학습기·방법/사전 점검       12        0.066
    h42  gpu        r0            cfm         720       0.227        0.437       1.925               2 축·학습기·방법/사전 점검       12        0.036
    h42  gpu        r0           ddpm         720       0.283        0.588       2.079               2 축·학습기·방법/사전 점검       12        0.049
    h42  gpu        r0            ftt         720       2.114       15.122       7.153               2 축·학습기·방법/사전 점검       12        1.260
    h42  gpu        r0          nflow         720       1.623        7.047       4.342               2 축·학습기·방법/사전 점검       12        0.587
    h42  gpu        r0        realmlp         720      30.486       11.453       0.376               2 축·학습기·방법/사전 점검       12        0.954
    h42  gpu        r0           tabm         720       0.491        0.335       0.682               2 축·학습기·방법/사전 점검       12        0.028
    h41  cpu       V-G           (전체)         126       0.075        0.049       0.655              63      같은 단의 스모크        2        0.024
    h41  cpu       V-R           (전체)         270       0.153        0.104       0.678              45      같은 단의 스모크        2        0.052
    h41  cpu W2-Alaska           (전체)         600       0.278        0.186       0.669               0         전체 스모크        2        0.093
    h41  cpu W2-Canada           (전체)         600       0.321        0.215       0.669               0         전체 스모크        2        0.107
    h41  cpu   W2-Lena           (전체)         600       0.314        0.208       0.663              70      같은 단의 스모크        2        0.104
    h41  cpu       V-B           (전체)         270       0.153        0.099       0.651              45      같은 단의 스모크        2        0.050
    h41  cpu    V-C100           (전체)         450       0.293        0.185       0.631              27      같은 단의 스모크        2        0.092
    h41  cpu    V-C500           (전체)         450       0.265        0.177       0.669               0         전체 스모크        2        0.089
    h41  cpu      V-C0           (전체)         450       0.300        0.200       0.669               0         전체 스모크        2        0.100
    h41  cpu       V-P           (전체)         270       0.153        0.102       0.669               0         전체 스모크        2        0.051
    h41  cpu       V-S           (전체)         270       0.153        0.102       0.669               0         전체 스모크        2        0.051
    h41  cpu W1-Alaska           (전체)         400       0.200        0.134       0.669               0         전체 스모크        2        0.067
    h41  cpu W1-Canada           (전체)         400       0.016        0.011       0.669               0         전체 스모크        2        0.005
    h41  cpu   W1-Lena           (전체)         400       0.053        0.051       0.958              40      같은 단의 스모크        2        0.025
[timing] h42 cpu: 환산 누적 38.2 h · 벽시계 2.7 h(워커 14개) · 실측 없는 (축, 학습기) []
[timing] h42 gpu: 환산 누적 176.0 h · 벽시계 14.7 h(워커 12개) · 실측 없는 (축, 학습기) []
[timing] h41 cpu: 환산 누적 1.8 h · 벽시계 0.9 h(워커 2개) · 실측 없는 (축, 학습기) []
[timing] h42 gpu: RealMLP 제외 99.4 GPU-h · RealMLP 76.5 GPU-h(환산이 없는 항목은 0 으로 더했다)
