[data] 부분 cpu · 축 ['base', 'x1', 'x2', 'x9', 'n3', 'prox', 'x5', 'x9f', 'n4', 'n4a', 'ridge'] · 작업 단위 33(건너뜀 0) · 축별 {'base': 3, 'x1': 3, 'x2': 3, 'x9': 3, 'n3': 3, 'prox': 3, 'x5': 3, 'x9f': 3, 'n4': 3, 'n4a': 3, 'ridge': 3}
[plan] 실행 33 · 선택 작업 3 · 재개로 건너뜀 0 · 프로세스 1 · 스레드 4 · 장치 CPU · epochs 100 · RealMLP epochs 256
  [select] Canada|x: catboost_tuned 선택 표 18행 → /enc/ukrprod_nxvpT/work/data/processed/lgx/lgx_smoke_tuned_select.csv · 남은 선택 작업 2
  [select] Russia_W|x: catboost_tuned 선택 표 36행 → /enc/ukrprod_nxvpT/work/data/processed/lgx/lgx_smoke_tuned_select.csv · 남은 선택 작업 1
  [select] AL-3|i: catboost_tuned 선택 표 54행 → /enc/ukrprod_nxvpT/work/data/processed/lgx/lgx_smoke_tuned_select.csv · 남은 선택 작업 0
  [base|Canada|x|s1] 적합 19 · 행 53 · A 355 · 채점 393/20블록 · 원천 16697 · 15.2s · 장치 '' · 상태 ok(실패 0) · 완료 1/33 · 누적 704s
  [base|Russia_W|x|s1] 적합 14 · 행 40 · A 16 · 채점 12/7블록 · 원천 17436 · 11.5s · 장치 '' · 상태 ok(실패 0) · 완료 2/33 · 누적 715s
  [x1|Canada|x|s1] 적합 38 · 행 89 · A 355 · 채점 393/20블록 · 원천 16697 · 10.8s · 장치 '' · 상태 ok(실패 0) · 완료 3/33 · 누적 726s
  [x1|Russia_W|x|s1] 적합 28 · 행 67 · A 16 · 채점 12/7블록 · 원천 17436 · 8.3s · 장치 '' · 상태 ok(실패 0) · 완료 4/33 · 누적 734s
  [x2|Canada|x|s1] 적합 44 · 행 92 · A 355 · 채점 393/20블록 · 원천 16697 · 60.8s · 장치 '' · 상태 ok(실패 0) · 완료 5/33 · 누적 795s
  [x2|Russia_W|x|s1] 적합 28 · 행 58 · A 16 · 채점 12/7블록 · 원천 17436 · 40.1s · 장치 '' · 상태 ok(실패 0) · 완료 6/33 · 누적 835s
  [x9|Canada|x|s1] 적합 51 · 행 222 · A 355 · 채점 393/20블록 · 원천 16697 · 14.5s · 장치 '' · 상태 ok(실패 0) · 완료 7/33 · 누적 850s
  [x9|Russia_W|x|s1] 적합 37 · 행 171 · A 16 · 채점 12/7블록 · 원천 17436 · 10.9s · 장치 '' · 상태 ok(실패 0) · 완료 8/33 · 누적 861s
  [n3|Canada|x|s1] 적합 37 · 행 109 · A 355 · 채점 393/20블록 · 원천 16697 · 103.0s · 장치 '' · 상태 ok(실패 0) · 완료 9/33 · 누적 964s
  [n3|Russia_W|x|s1] 적합 27 · 행 82 · A 16 · 채점 12/7블록 · 원천 17436 · 77.1s · 장치 '' · 상태 ok(실패 0) · 완료 10/33 · 누적 1041s
  [base|AL-3|i|s1] 적합 19 · 행 53 · A 334 · 채점 317/4블록 · 원천 16816 · 14.6s · 장치 '' · 상태 ok(실패 0) · 완료 11/33 · 누적 1056s
  [x1|AL-3|i|s1] 적합 38 · 행 89 · A 334 · 채점 317/4블록 · 원천 16816 · 10.8s · 장치 '' · 상태 ok(실패 0) · 완료 12/33 · 누적 1066s
  [x2|AL-3|i|s1] 적합 44 · 행 92 · A 334 · 채점 317/4블록 · 원천 16816 · 57.6s · 장치 '' · 상태 ok(실패 0) · 완료 13/33 · 누적 1124s
  [x9|AL-3|i|s1] 적합 51 · 행 222 · A 334 · 채점 317/4블록 · 원천 16816 · 14.6s · 장치 '' · 상태 ok(실패 0) · 완료 14/33 · 누적 1139s
  [n3|AL-3|i|s1] 적합 37 · 행 109 · A 334 · 채점 317/4블록 · 원천 16816 · 106.1s · 장치 '' · 상태 ok(실패 0) · 완료 15/33 · 누적 1245s
  [prox|Canada|x|s1] 적합 92 · 행 71 · A 355 · 채점 393/20블록 · 원천 16697 · 26.3s · 장치 '' · 상태 ok(실패 0) · 완료 16/33 · 누적 1271s
  [prox|Russia_W|x|s1] 적합 72 · 행 61 · A 16 · 채점 12/7블록 · 원천 17436 · 21.2s · 장치 '' · 상태 ok(실패 0) · 완료 17/33 · 누적 1292s
  [prox|AL-3|i|s1] 적합 92 · 행 71 · A 334 · 채점 317/4블록 · 원천 16816 · 26.2s · 장치 '' · 상태 ok(실패 0) · 완료 18/33 · 누적 1318s
  [x5|Canada|x|s1] 적합 48 · 행 45 · A 355 · 채점 393/20블록 · 원천 16697 · 13.8s · 장치 '' · 상태 ok(실패 0) · 완료 19/33 · 누적 1332s
  [x5|Russia_W|x|s1] 적합 35 · 행 33 · A 16 · 채점 12/7블록 · 원천 17436 · 10.1s · 장치 '' · 상태 ok(실패 0) · 완료 20/33 · 누적 1342s
  [x5|AL-3|i|s1] 적합 49 · 행 45 · A 334 · 채점 317/4블록 · 원천 16816 · 14.1s · 장치 '' · 상태 ok(실패 0) · 완료 21/33 · 누적 1356s
  [x9f|Canada|x|s1] 적합 22 · 행 67 · A 355 · 채점 393/20블록 · 원천 16697 · 5.2s · 장치 '' · 상태 ok(실패 0) · 완료 22/33 · 누적 1362s
  [x9f|Russia_W|x|s1] 적합 16 · 행 51 · A 16 · 채점 12/7블록 · 원천 17436 · 3.9s · 장치 '' · 상태 ok(실패 0) · 완료 23/33 · 누적 1366s
  [x9f|AL-3|i|s1] 적합 22 · 행 67 · A 334 · 채점 317/4블록 · 원천 16816 · 5.2s · 장치 '' · 상태 ok(실패 0) · 완료 24/33 · 누적 1371s
  [n4|Canada|x|s1] 적합 11 · 행 37 · A 355 · 채점 393/20블록 · 원천 16697 · 3.2s · 장치 '' · 상태 ok(실패 0) · 완료 25/33 · 누적 1374s
  [n4|Russia_W|x|s1] 적합 8 · 행 28 · A 16 · 채점 12/7블록 · 원천 17436 · 2.4s · 장치 '' · 상태 ok(실패 0) · 완료 26/33 · 누적 1376s
  [n4|AL-3|i|s1] 적합 11 · 행 37 · A 334 · 채점 317/4블록 · 원천 16816 · 3.2s · 장치 '' · 상태 ok(실패 0) · 완료 27/33 · 누적 1380s
  [n4a|Canada|x|s1] 적합 0 · 행 7 · A 355 · 채점 393/20블록 · 원천 16697 · 0.0s · 장치 '' · 상태 ok(실패 0) · 완료 28/33 · 누적 1380s
  [n4a|Russia_W|x|s1] 적합 0 · 행 5 · A 16 · 채점 12/7블록 · 원천 17436 · 0.0s · 장치 '' · 상태 ok(실패 0) · 완료 29/33 · 누적 1380s
  [n4a|AL-3|i|s1] 적합 0 · 행 7 · A 334 · 채점 317/4블록 · 원천 16816 · 0.0s · 장치 '' · 상태 ok(실패 0) · 완료 30/33 · 누적 1380s
  [ridge|Canada|x|s1] 적합 30 · 행 69 · A 355 · 채점 393/20블록 · 원천 16697 · 1.1s · 장치 '' · 상태 ok(실패 0) · 완료 31/33 · 누적 1381s
  [ridge|Russia_W|x|s1] 적합 22 · 행 52 · A 16 · 채점 12/7블록 · 원천 17436 · 0.9s · 장치 '' · 상태 ok(실패 0) · 완료 32/33 · 누적 1382s
  [ridge|AL-3|i|s1] 적합 30 · 행 69 · A 334 · 채점 317/4블록 · 원천 16816 · 1.1s · 장치 '' · 상태 ok(실패 0) · 완료 33/33 · 누적 1383s
[done] 완료 33 · 실패 0 · 일부 적합 실패 0 · 선택 설정 없는 n3 조각 0 · 1383s
