[data] 17,467셀 · 채점 17,374셀/174블록 · 부분 all · 단 ['V-R', 'V-B', 'V-C100', 'V-G', 'W2-Lena', 'W1-Lena'] · 반복 1(지역 내 1) · fold 5 · seed [0] · 학습기 ['catboost_lo', 'catboost', 'rf'] · λ [0.25, 0.5, 1.0] · 작업 단위 30(건너뜀 27) · 연도 정합 도일 표 lgx_tdd_matched_v1.csv:54f132e461ea
  [warn] V-C100 r1: 예측되지 않은 채점 셀이 14412개다(범위 0.1705). --allow-partial: 통계에 넣는다
[summarize] 학습기별 적합 시간(전 조각 합계)
   axis     learner  n_fit    sec  sec_per_fit
 pooled    catboost     40  60.59      1.51475
 pooled catboost_lo    100  27.29      0.27290
 pooled          rf     40 159.97      3.99925
     w1    catboost     10   6.14      0.61400
     w1 catboost_lo     20   1.96      0.09800
     w1          rf     10  10.17      1.01700
     w2    catboost     10  16.13      1.61300
     w2 catboost_lo     30   8.88      0.29600
     w2          rf     10  46.19      4.61900
w2_nest catboost_lo     20   5.59      0.27950
[summarize] 조각 30 · 지표 835 · 대비 1,557 · 판정 표 183 · 실패 기록 1 · 8s → /enc/ukrprod_nxvpT/work/data/processed/lgx/ladder/lgv_smoke_*
test_id role                                             verdict                                                                                                                                                                                                  stat
    L19    주 지지하지 않음(V-R 에서 우세가 아니다. '역전' 표현을 쓰지 않고 열화 크기만 보고한다) catboost_lo | V-R: Δ -4.11 [-6.17, -1.02], 블록 등가중 [-2.67, 0.55], 지역 5/5, 미결정 | V-G: Δ 6.48 [3.97, 9.29], 블록 등가중 [3.74, 7.05], 지역 5/5, 열세 | 열화: Δ 10.73 [7.26, 13.53], 블록 등가중 [4.71, 7.90], 지역 5/5, 열세
    L19   보조                                                  지지   catboost | V-R: Δ -6.23 [-8.74, -2.52], 블록 등가중 [-4.85, -0.80], 지역 5/5, 우세 | V-G: Δ 7.08 [4.33, 9.69], 블록 등가중 [3.87, 7.56], 지역 5/5, 열세 | 열화: Δ 13.44 [9.89, 15.91], 블록 등가중 [6.43, 10.36], 지역 5/5, 열세
    L19   보조                                                  지지        rf | V-R: Δ -6.49 [-8.40, -3.59], 블록 등가중 [-5.32, -1.62], 지역 5/5, 우세 | V-G: Δ 5.88 [4.14, 8.04], 블록 등가중 [3.94, 7.05], 지역 5/5, 열세 | 열화: Δ 12.50 [10.27, 14.16], 블록 등가중 [7.12, 10.54], 지역 5/5, 열세
    L20    주                           판정 불가(점 추정이 없는 단: V-C500)                                                                                                                      catboost_lo | V-R 22.69, V-B 27.28, V-C100 17.02, V-G 33.42 | V-C500 − V-R: 행 없음
    L20   보조                           판정 불가(점 추정이 없는 단: V-C500)                                                                                                                         catboost | V-R 20.58, V-B 27.13, V-C100 17.25, V-G 34.02 | V-C500 − V-R: 행 없음
    L20   보조                           판정 불가(점 추정이 없는 단: V-C500)                                                                                                                               rf | V-R 20.32, V-B 26.50, V-C100 18.68, V-G 32.82 | V-C500 − V-R: 행 없음
    L21    주                                                  지지                                                                                                                      catboost_lo, λ 0.25 | Δ -9.07 [-11.36, -6.19], 블록 등가중 [-6.85, -4.16], 지역 5/5, 우세
    L21   보조                                                  지지                                                                                                                        catboost_lo, λ 0.5 | Δ -6.71 [-8.25, -4.64], 블록 등가중 [-5.09, -3.06], 지역 5/5, 우세
    L21   보조                                        지지하지 않음(미결정)                                                                                                                        catboost_lo, λ 1.0 | Δ -1.44 [-2.21, -0.48], 블록 등가중 [-1.40, 0.14], 지역 5/5, 미결정
    L21   보조                                                  지지                                                                                                                        catboost, λ 0.25 | Δ -10.64 [-12.70, -7.70], 블록 등가중 [-8.27, -5.22], 지역 5/5, 우세
    L21   보조                                                  지지                                                                                                                           catboost, λ 0.5 | Δ -7.05 [-8.69, -4.83], 블록 등가중 [-5.43, -3.37], 지역 5/5, 우세
    L21   보조                                        지지하지 않음(미결정)                                                                                                                            catboost, λ 1.0 | Δ -0.04 [-1.34, 1.76], 블록 등가중 [-0.12, 1.32], 지역 5/5, 미결정
    L21   보조                                                  지지                                                                                                                               rf, λ 0.25 | Δ -9.64 [-11.01, -7.79], 블록 등가중 [-8.31, -5.60], 지역 5/5, 우세
    L21   보조                                                  지지                                                                                                                                 rf, λ 0.5 | Δ -6.22 [-7.52, -4.61], 블록 등가중 [-5.43, -3.43], 지역 5/5, 우세
    L21   보조                                        지지하지 않음(미결정)                                                                                                                                    rf, λ 1.0 | Δ 0.50 [-1.13, 2.36], 블록 등가중 [0.12, 1.68], 지역 5/5, 미결정
    L22    주                                     우세 지역 1/1: Lena                                                                                                              R1w[catboost_lo, λ 0.25] | k = 1/1 | Lena: Δ -0.78 [-2.38, -0.15], 우세 | Alaska 는 재현(비맹검)
    L22   보조                                     우세 지역 1/1: Lena                                                                                                               R1w[catboost_lo, λ 0.5] | k = 1/1 | Lena: Δ -1.34 [-4.60, -0.06], 우세 | Alaska 는 재현(비맹검)
    L22   보조                 지역 내 조건에서도 재보정 물리식 대비 순가치는 확인되지 않았다                                                                                                               R1w[catboost_lo, λ 1.0] | k = 0/1 | Lena: Δ -1.72 [-8.40, 0.99], 미결정 | Alaska 는 재현(비맹검)
    L22   보조                 지역 내 조건에서도 재보정 물리식 대비 순가치는 확인되지 않았다                                                                                                         R1w@nest[catboost_lo, λ -1.0] | k = 0/1 | Lena: Δ -0.76 [-2.37, 0.04], 미결정 | Alaska 는 재현(비맹검)
    L22   보조                                     우세 지역 1/1: Lena                                                                                                                 R1w[catboost, λ 0.25] | k = 1/1 | Lena: Δ -1.05 [-3.21, -0.16], 우세 | Alaska 는 재현(비맹검)
    L22   보조                 지역 내 조건에서도 재보정 물리식 대비 순가치는 확인되지 않았다                                                                                                                       R1w[rf, λ 0.25] | k = 0/1 | Lena: Δ -0.94 [-2.60, 0.02], 미결정 | Alaska 는 재현(비맹검)
