[summarize] 재현 점검: 3/3 단위 통과 → lgx_smoke_gate.csv
[summarize] 조각 81 · runs 3,380 · curve 3,082(16s, 프로세스 2) · tests 915 · 22s → /enc/ukrprod_nxvpT/work/data/processed/lgx/lgx_smoke_*
test_id role                                                                                                                                                                                verdict
     L9   보조                                                                                                                                               부분(지역 2/4, 분할 1/2): 미지지: 구현을 점검하고 표만 싣는다
    L10    주                                                                                                                                                   판정 불가(분할 1/2. 등록한 분할이 모두 채워진 뒤 판정한다)
    L10   보조                                                                                                                                                   판정 불가(분할 1/2. 등록한 분할이 모두 채워진 뒤 판정한다)
    L11   보조                                                                                                                                                                 부분(지역 2/4, 분할 1/2): 지지
    L12    주                                                                                                                                                   판정 불가(분할 1/2. 등록한 분할이 모두 채워진 뒤 판정한다)
    L13   보조                                                                                                                                                                부분(지역 2/4, 분할 1/2): 미지지
    L13   보조                                                                                                                                                 부분(대상 1/2(없는 대상: CA-3|i), 분할 1/2): 미지지
    L14   보조                                                                                                                                                 부분(지역 2/4, 분할 1/2): 혼재 또는 미결정: 표로 보고한다
    L15    주                                                                                                                                                   판정 불가(분할 1/2. 등록한 분할이 모두 채워진 뒤 판정한다)
    L16   보조                                                                                                                                부분(지역 2/4, 분할 1/2): 비율 의존: 표로 보고한다(기준 r = 10 은 바꾸지 않는다)
    L16   보조                                                                                                                                                 부분(지역 2/4, 분할 1/2): 수렴 문장의 조건을 충족하지 못함
    L17   보조                                                                                                                              부분(지역 2/4, 분할 1/2): 대상 라벨의 공변량과 잔차의 관계가 기여한다: n=-1 λ=0.25
    L18   보조                                                                      부분(대비 2/6(없는 대비: α=10 n=40, α=10 n=160, α=100 n=40, α=100 n=160), 지역 2/4, 분할 1/2): 지지: 가중을 주어도 증강 결합은 R1 보다 낫지 않다
    L23   보조                                                                                                                                                    부분(지역 2/4, 분할 1/2): 근접 성분은 확인되지 않았다
    L24   보조                                                                                                                                         판정 불가(대상 1/4, 기준 2개 이상. 남은 대상에 따라 결과가 바뀔 수 있다)
    L24   보조                                                                                                                                         판정 불가(대상 1/4, 기준 3개 이상. 남은 대상에 따라 결과가 바뀔 수 있다)
    L25   보조                                                                                                                                                     판정 불가(칸 1/6. 남은 칸에 따라 결과가 바뀔 수 있다)
    L26   보조                                                                                                                                       판정 불가(5분할 판정에서 제외: 분할 일부만 있다. LG 의 3분할 판정을 유지한다)
    L26   보조                                                                                                                                       판정 불가(5분할 판정에서 제외: 분할 일부만 있다. LG 의 3분할 판정을 유지한다)
    L26   보조                                                                                                                                       판정 불가(5분할 판정에서 제외: 분할 일부만 있다. LG 의 3분할 판정을 유지한다)
    L26   보조                                                                                                                                       판정 불가(5분할 판정에서 제외: 분할 일부만 있다. LG 의 3분할 판정을 유지한다)
    L26   보조                                                                                                                                       판정 불가(5분할 판정에서 제외: 분할 일부만 있다. LG 의 3분할 판정을 유지한다)
    L26   보조                                                                                                                                       판정 불가(5분할 판정에서 제외: 분할 일부만 있다. LG 의 3분할 판정을 유지한다)
    L26   보조                                                                                                                                       판정 불가(5분할 판정에서 제외: 분할 일부만 있다. LG 의 3분할 판정을 유지한다)
    L26   보조                                                                                                                                       판정 불가(5분할 판정에서 제외: 분할 일부만 있다. LG 의 3분할 판정을 유지한다)
    L27   보조                                                                                                                               판정 불가(시험한 학습기 0/8, 부호가 같은 학습기 0. 남은 학습기에 따라 결과가 바뀔 수 있다)
    L28   보조                                                                                                                                                                 부분(지역 2/4, 분할 1/2): 강건
    L28   보조                                                                                                                                                                 부분(지역 2/4, 분할 1/2): 강건
    L28   보조                                                                                                                                                                      판정 불가(판정한 대비 0/5)
    L28   보조                                                                                                                                                                      판정 불가(판정한 대비 0/5)
    L28   보조                                                                                                                                                                 부분(지역 2/4, 분할 1/2): 강건
    L28   보조                                                                                                                                                                 부분(지역 2/4, 분할 1/2): 약화
    L28   보조                                                                                                                                                                 부분(지역 2/4, 분할 1/2): 약화
    L28   보조                                                                                                                                                                 부분(지역 2/4, 분할 1/2): 약화
    L28   보조                                                                                                                                                                 부분(지역 2/4, 분할 1/2): 약화
    L28   보조                                                                                                                                                                 부분(지역 2/4, 분할 1/2): 강건
    L28   보조                                                                                                                                                       부분(지역 2/4, 분할 1/2): 앵커 교체의 이득 없음
    L29    주                                                                                                                                                   판정 불가(분할 1/2. 등록한 분할이 모두 채워진 뒤 판정한다)
    L29   보조 판정 불가(대비 12/24; 없는 대비: B:ens n=40, P1@soil n=40, P1@ku n=40, P1@ed n=40, P1@cci n=40, P1@tddm n=40, B:ens n=160, P1@soil n=160, P1@ku n=160, P1@ed n=160, P1@cci n=160, P1@tddm n=160)
    L29   보조                                                                                                                                                   판정 불가(분할 1/2. 등록한 분할이 모두 채워진 뒤 판정한다)
    L30    주                                                                                                                                                   판정 불가(분할 1/2. 등록한 분할이 모두 채워진 뒤 판정한다)
    L31   보조                                                                                                                                                   판정 불가(지역 2/4. 남은 지역에 따라 결과가 바뀔 수 있다)
