[data] 17,467셀 · 채점 17,374셀/174블록 · 부분 all · 단 ['V-R', 'V-B', 'V-C100', 'V-G', 'W2-Lena', 'W1-Lena'] · 반복 1(지역 내 1) · fold 5 · seed [0] · 학습기 ['catboost_lo', 'catboost', 'rf'] · λ [0.25, 0.5, 1.0] · 작업 단위 30(건너뜀 27) · 연도 정합 도일 표 lgx_tdd_matched_v1.csv:54f132e461ea
[plan] 실행 30 · 재개로 건너뜀 0 · 프로세스 1 · 스레드 4
  [V-G|r1|f0] 적합 9 · 키 31 · 학습 3860 · 채점 13606 · 버퍼 제외 1 · 8.6s · 상태 ok(실패 0) · 완료 1/30 · 누적 11s
  [V-G|r1|f1] 적합 9 · 키 31 · 학습 14429 · 채점 2958 · 버퍼 제외 1 · 13.3s · 상태 ok(실패 0) · 완료 2/30 · 누적 24s
  [V-G|r1|f2] 적합 9 · 키 31 · 학습 16697 · 채점 747 · 버퍼 제외 20 · 15.1s · 상태 ok(실패 0) · 완료 3/30 · 누적 39s
  [V-G|r1|f3] 적합 9 · 키 31 · 학습 17436 · 채점 28 · 버퍼 제외 0 · 14.8s · 상태 ok(실패 0) · 완료 4/30 · 누적 54s
  [V-G|r1|f4] 적합 9 · 키 31 · 학습 17437 · 채점 27 · 버퍼 제외 0 · 15.0s · 상태 ok(실패 0) · 완료 5/30 · 누적 69s
  [V-G|r1|f5] 적합 9 · 키 31 · 학습 16208 · 채점 7 · 버퍼 제외 1252 · 13.7s · 상태 ok(실패 0) · 완료 6/30 · 누적 82s
  [V-G|r1|f6] 적합 9 · 키 31 · 학습 17464 · 채점 1 · 버퍼 제외 0 · 14.7s · 상태 ok(실패 0) · 완료 7/30 · 누적 97s
  [V-R|r1|f0] 적합 9 · 키 18 · 학습 13973 · 채점 3467 · 버퍼 제외 0 · 12.6s · 상태 ok(실패 0) · 완료 8/30 · 누적 110s
  [V-R|r1|f1] 적합 9 · 키 18 · 학습 13973 · 채점 3478 · 버퍼 제외 0 · 12.5s · 상태 ok(실패 0) · 완료 9/30 · 누적 122s
  [V-R|r1|f2] 적합 9 · 키 18 · 학습 13974 · 채점 3475 · 버퍼 제외 0 · 12.5s · 상태 ok(실패 0) · 완료 10/30 · 누적 135s
  [V-R|r1|f3] 적합 9 · 키 18 · 학습 13974 · 채점 3475 · 버퍼 제외 0 · 12.4s · 상태 ok(실패 0) · 완료 11/30 · 누적 147s
  [V-R|r1|f4] 적합 9 · 키 18 · 학습 13974 · 채점 3479 · 버퍼 제외 0 · 12.4s · 상태 ok(실패 0) · 완료 12/30 · 누적 160s
  [W2-Lena|r1|f0] 적합 14 · 키 24 · 학습 16558 · 채점 908 · 버퍼 제외 1 · 15.3s · 상태 ok(실패 0) · 완료 13/30 · 누적 175s
  [W2-Lena|r1|f1] 적합 14 · 키 24 · 학습 17027 · 채점 439 · 버퍼 제외 1 · 15.6s · 상태 ok(실패 0) · 완료 14/30 · 누적 190s
  [W2-Lena|r1|f2] 적합 14 · 키 24 · 학습 17289 · 채점 123 · 버퍼 제외 1 · 15.7s · 상태 ok(실패 0) · 완료 15/30 · 누적 206s
  [W2-Lena|r1|f3] 적합 14 · 키 24 · 학습 16128 · 채점 1313 · 버퍼 제외 1 · 14.6s · 상태 ok(실패 0) · 완료 16/30 · 누적 221s
  [W2-Lena|r1|f4] 적합 14 · 키 24 · 학습 17291 · 채점 175 · 버퍼 제외 1 · 15.8s · 상태 ok(실패 0) · 완료 17/30 · 누적 237s
  [V-B|r1|f0] 적합 9 · 키 18 · 학습 10640 · 채점 6767 · 버퍼 제외 0 · 9.6s · 상태 ok(실패 0) · 완료 18/30 · 누적 246s
  [V-B|r1|f1] 적합 9 · 키 18 · 학습 15047 · 채점 2398 · 버퍼 제외 0 · 12.9s · 상태 ok(실패 0) · 완료 19/30 · 누적 259s
  [V-B|r1|f2] 적합 9 · 키 18 · 학습 14433 · 채점 3033 · 버퍼 제외 0 · 12.5s · 상태 ok(실패 0) · 완료 20/30 · 누적 271s
  [V-B|r1|f3] 적합 9 · 키 18 · 학습 14701 · 채점 2762 · 버퍼 제외 0 · 12.4s · 상태 ok(실패 0) · 완료 21/30 · 누적 284s
  [V-B|r1|f4] 적합 9 · 키 18 · 학습 15047 · 채점 2414 · 버퍼 제외 0 · 12.4s · 상태 ok(실패 0) · 완료 22/30 · 누적 296s
  [V-C100|r1|f0] 적합 9 · 키 18 · 학습 17464 · 채점 2 · 버퍼 제외 0 · 14.6s · 상태 ok(실패 0) · 완료 23/30 · 누적 311s
  [V-C100|r1|f3] 적합 9 · 키 18 · 학습 14753 · 채점 1783 · 버퍼 제외 928 · 12.3s · 상태 ok(실패 0) · 완료 24/30 · 누적 323s
  [V-C100|r1|f4] 적합 9 · 키 18 · 학습 14478 · 채점 1177 · 버퍼 제외 1736 · 12.1s · 상태 ok(실패 0) · 완료 25/30 · 누적 335s
  [W1-Lena|r1|f0] 적합 8 · 키 15 · 학습 2129 · 채점 908 · 버퍼 제외 0 · 3.4s · 상태 ok(실패 0) · 완료 26/30 · 누적 339s
  [W1-Lena|r1|f1] 적합 8 · 키 15 · 학습 2598 · 채점 439 · 버퍼 제외 0 · 3.7s · 상태 ok(실패 0) · 완료 27/30 · 누적 342s
  [W1-Lena|r1|f2] 적합 8 · 키 15 · 학습 2860 · 채점 123 · 버퍼 제외 0 · 4.0s · 상태 ok(실패 0) · 완료 28/30 · 누적 346s
  [W1-Lena|r1|f3] 적합 8 · 키 15 · 학습 1699 · 채점 1313 · 버퍼 제외 0 · 3.1s · 상태 ok(실패 0) · 완료 29/30 · 누적 350s
  [W1-Lena|r1|f4] 적합 8 · 키 15 · 학습 2862 · 채점 175 · 버퍼 제외 0 · 4.0s · 상태 ok(실패 0) · 완료 30/30 · 누적 354s
[done] 완료 30 · 실패 0 · 일부 적합 실패 0 · 354s
