[timing] LG 사전 점검의 gpu 조각 7개를 분할 4·5 축(g45)의 실측으로 읽었다
[timing] 조각 134 · 행 279 → lgx_smoke_timing_by_learner.csv
harness            tag part    axis        learner  n_fit     sec  sec_full_epochs    est_s  epochs_run  sec_per_fit  calib
    h41      lgv_smoke  cpu     V-B       catboost     10   14.96           14.960    34.64         NaN        1.496  0.432
    h41      lgv_smoke  cpu     V-B    catboost_lo     25    6.73            6.730     6.70         NaN        0.269  1.004
    h41      lgv_smoke  cpu     V-B             rf     10   37.89           37.890    50.22         NaN        3.789  0.754
    h41      lgv_smoke  cpu  V-C100       catboost      6    9.40            9.400    22.68         NaN        1.567  0.414
    h41      lgv_smoke  cpu  V-C100    catboost_lo     15    4.26            4.260     4.35         NaN        0.284  0.979
    h41      lgv_smoke  cpu  V-C100             rf      6   24.53           24.530    33.54         NaN        4.088  0.731
    h41      lgv_smoke  cpu     V-G       catboost     14   20.90           20.900    50.28         NaN        1.493  0.416
    h41      lgv_smoke  cpu     V-G    catboost_lo     35    9.48            9.480     9.55         NaN        0.271  0.993
    h41      lgv_smoke  cpu     V-G             rf     14   57.45           57.450    74.36         NaN        4.104  0.773
    h41      lgv_smoke  cpu     V-R       catboost     10   15.33           15.330    34.70         NaN        1.533  0.442
    h41      lgv_smoke  cpu     V-R    catboost_lo     25    6.82            6.820     6.75         NaN        0.273  1.010
    h41      lgv_smoke  cpu     V-R             rf     10   40.10           40.100    50.20         NaN        4.010  0.799
    h41      lgv_smoke  cpu W1-Lena       catboost     10    6.14            6.140     8.52         NaN        0.614  0.721
    h41      lgv_smoke  cpu W1-Lena    catboost_lo     20    1.96            1.960     1.88         NaN        0.098  1.043
    h41      lgv_smoke  cpu W1-Lena             rf     10   10.17           10.170     8.72         NaN        1.017  1.166
    h41      lgv_smoke  cpu W2-Lena       catboost     10   16.13           16.130    40.28         NaN        1.613  0.400
    h41      lgv_smoke  cpu W2-Lena    catboost_lo     50   14.47           14.470    14.96         NaN        0.289  0.967
    h41      lgv_smoke  cpu W2-Lena             rf     10   46.19           46.190    60.56         NaN        4.619  0.763
    h42    lg_precheck  gpu     g45            cfm      6   67.52           67.520    43.42       100.0       11.253  1.555
    h42    lg_precheck  gpu     g45           ddpm      6   77.17           77.170    54.28       100.0       12.862  1.422
    h42    lg_precheck  gpu     g45            ftt      6 1333.29         1333.290   405.30       100.0      222.215  3.290
    h42    lg_precheck  gpu     g45            mlp     16   29.08           29.080    47.05       100.0        1.818  0.618
    h42    lg_precheck  gpu     g45          nflow      6  256.28          256.280   311.20       100.0       42.713  0.824
    h42    lg_precheck  gpu     g45           tabm      6   26.62           26.620    94.08       100.0        4.437  0.283
    h42  lgrm_precheck  gpu     g45        realmlp      6   76.48         2447.360  5844.18         8.0       12.747  0.419
    h42  lgx1_precheck  cpu      x1    catboost_lo     18    5.23            5.230     5.40         NaN        0.291  0.969
    h42     lgx1_smoke  cpu      x1    catboost_lo    104   29.66           29.660    31.50         NaN        0.285  0.942
    h42  lgx2_precheck  cpu      x2    catboost_lo     27   38.89           38.890    30.08         NaN        1.440  1.293
    h42     lgx2_smoke  cpu      x2    catboost_lo    116  158.39          158.390   125.60         NaN        1.365  1.261
    h42  lgx5_precheck  cpu      x5    catboost_lo     23    6.69            6.690     6.68         NaN        0.291  1.001
    h42     lgx5_smoke  cpu      x5    catboost_lo    132   37.77           37.770    39.39         NaN        0.286  0.959
    h42  lgx9_precheck  cpu      x9    catboost_lo     22    6.24            6.240     6.60         NaN        0.284  0.945
    h42     lgx9_smoke  cpu      x9    catboost_lo    139   39.67           39.670    42.15         NaN        0.285  0.941
    h42 lgx9f_precheck  cpu     x9f    catboost_lo     10    2.34            2.340     2.27         NaN        0.234  1.031
    h42    lgx9f_smoke  cpu     x9f    catboost_lo     60   14.17           14.170    13.89         NaN        0.236  1.020
    h42  lgxb_precheck  cpu    base    catboost_lo      9    7.26            7.260     6.56         NaN        0.807  1.107
    h42     lgxb_smoke  cpu    base    catboost_lo     52   41.13           41.130    37.15         NaN        0.791  1.107
    h42     lgxg_smoke  gpu     g45            cfm     33    9.37          312.333   242.51         3.0        0.284  1.288
    h42     lgxg_smoke  gpu     g45           ddpm     33   22.89          763.000   303.15         3.0        0.694  2.517
    h42     lgxg_smoke  gpu     g45            ftt     33  264.70         8823.333  2263.42         3.0        8.021  3.898
    h42     lgxg_smoke  gpu     g45            mlp    113   11.50          338.067   303.55         3.0        0.102  1.114
    h42     lgxg_smoke  gpu     g45          nflow     33   28.56          952.000  1737.97         3.0        0.865  0.548
    h42     lgxg_smoke  gpu     g45        realmlp     33  205.24        17513.813 32637.52         3.0        6.219  0.537
    h42     lgxg_smoke  gpu     g45           tabm     33   10.04          334.667   525.43         3.0        0.304  0.637
    h42 lgxn3_precheck  cpu      n3       catboost      7   19.31           19.310    29.55         NaN        2.759  0.653
    h42 lgxn3_precheck  cpu      n3 catboost_tuned      5    4.68            4.680    11.00         NaN        0.936  0.425
    h42 lgxn3_precheck  cpu      n3             rf      5   23.06           23.060    20.03         NaN        4.612  1.151
    h42    lgxn3_smoke  cpu      n3       catboost     41  111.65          111.650   169.68         NaN        2.723  0.658
    h42    lgxn3_smoke  cpu      n3 catboost_tuned     30   31.75           31.750    66.77         NaN        1.058  0.476
    h42    lgxn3_smoke  cpu      n3             rf     30  142.65          142.650   122.29         NaN        4.755  1.166
    h42 lgxn4_precheck  cpu      n4    catboost_lo      5    1.48            1.480     1.50         NaN        0.296  0.987
    h42    lgxn4_smoke  cpu      n4    catboost_lo     30    8.63            8.630     9.09         NaN        0.288  0.949
    h42 lgxnn_precheck  gpu      nn            ftt      5  346.77          346.770    78.04       100.0       69.354  4.443
    h42 lgxnn_precheck  gpu      nn            mlp      5    5.58            5.580     6.97       100.0        1.116  0.801
    h42 lgxnn_precheck  gpu      nn           tabm      5   10.23           10.230    18.11       100.0        2.046  0.565
    h42    lgxnn_smoke  gpu      nn            ftt     30   56.80         1893.333   476.54         3.0        1.893  3.973
    h42    lgxnn_smoke  gpu      nn            mlp     30    1.71           57.000    42.56         3.0        0.057  1.339
    h42    lgxnn_smoke  gpu      nn           tabm     30    2.29           76.333   110.63         3.0        0.076  0.690
    h42  lgxp_precheck  cpu    prox    catboost_lo     82   23.52           23.520    24.96         NaN        0.287  0.942
    h42     lgxp_smoke  cpu    prox    catboost_lo    256   73.53           73.530    78.16         NaN        0.287  0.941
    h42 lgxr0_precheck  cpu   ridge          ridge     14    0.51            0.510     1.70         NaN        0.036  0.300
    h42 lgxr0_precheck  gpu      r0            cfm      2    6.44            6.440     3.34       100.0        3.220  1.928
    h42 lgxr0_precheck  gpu      r0           ddpm      2    8.77            8.770     4.18       100.0        4.385  2.098
    h42 lgxr0_precheck  gpu      r0            ftt      2  220.91          220.910    31.21       100.0      110.455  7.078
    h42 lgxr0_precheck  gpu      r0          nflow      2  103.70          103.700    23.96       100.0       51.850  4.328
    h42 lgxr0_precheck  gpu      r0        realmlp      2  170.91          170.910   449.97       256.0       85.455  0.380
    h42 lgxr0_precheck  gpu      r0           tabm      2    4.91            4.910     7.24       100.0        2.455  0.678
    h42    lgxr0_smoke  cpu   ridge          ridge     82    3.09            3.090     9.74         NaN        0.038  0.317
    h42    lgxr0_smoke  gpu      r0            cfm     11    1.76           58.667    18.71         3.0        0.160  3.136
    h42    lgxr0_smoke  gpu      r0           ddpm     11    5.91          197.000    23.40         3.0        0.537  8.419
    h42    lgxr0_smoke  gpu      r0            ftt     11   20.19          673.000   174.70         3.0        1.835  3.852
    h42    lgxr0_smoke  gpu      r0          nflow     11    7.16          238.667   134.14         3.0        0.651  1.779
    h42    lgxr0_smoke  gpu      r0        realmlp     11   19.41         1656.320  2519.07         3.0        1.765  0.658
    h42    lgxr0_smoke  gpu      r0           tabm     11    6.29          209.667    40.56         3.0        0.572  5.169
[timing] 본 실행 환산 → lgx_smoke_full_projection.csv (누적 시간 h, 워커 수로 나눈 벽시계 h)
harness part      axis        learner  n_fit_full  est_h_full  proj_h_full  calib_mean  n_fit_measured         source  workers  proj_wall_h
    h42  cpu      base    catboost_lo       28156       4.206        4.624       1.099               9 축·학습기·방법/사전 점검       14        0.330
    h42  cpu        n3       catboost        2770       2.333        1.533       0.657               7 축·학습기·방법/사전 점검       14        0.110
    h42  cpu        n3 catboost_tuned        2050       0.946        0.417       0.440               5 축·학습기·방법/사전 점검       14        0.030
    h42  cpu        n3             rf        2050       1.540        1.774       1.152               5 축·학습기·방법/사전 점검       14        0.127
    h42  cpu        n4    catboost_lo       19880       1.508        1.479       0.981               5 축·학습기·방법/사전 점검       14        0.106
    h42  cpu      prox    catboost_lo       45736       3.098        2.919       0.942              82 축·학습기·방법/사전 점검       14        0.209
    h42  cpu     ridge          ridge        5540       0.120        0.035       0.294              14 축·학습기·방법/사전 점검       14        0.003
    h42  cpu        x1    catboost_lo       56312       3.688        3.571       0.968              18 축·학습기·방법/사전 점검       14        0.255
    h42  cpu        x2    catboost_lo       51608      11.888       15.229       1.281              27 축·학습기·방법/사전 점검       14        1.088
    h42  cpu        x5    catboost_lo       18619       1.226        1.227       1.001              23 축·학습기·방법/사전 점검       14        0.088
    h42  cpu        x9    catboost_lo       65058       4.332        4.067       0.939              22 축·학습기·방법/사전 점검       14        0.290
    h42  cpu       x9f    catboost_lo       20466       1.078        1.110       1.030              10 축·학습기·방법/사전 점검       14        0.079
    h42  gpu       g45            cfm         876       1.154        1.796       1.556               6 축·학습기·방법/사전 점검       12        0.150
    h42  gpu       g45           ddpm         876       1.443        2.054       1.424               6 축·학습기·방법/사전 점검       12        0.171
    h42  gpu       g45            ftt         876      10.769       35.442       3.291               6 축·학습기·방법/사전 점검       12        2.954
    h42  gpu       g45            mlp        3356       1.897        1.450       0.764              44 축·학습기·방법/사전 점검       12        0.121
    h42  gpu       g45          nflow         876       8.269        6.849       0.828               6 축·학습기·방법/사전 점검       12        0.571
    h42  gpu       g45        realmlp         876     155.289       65.066       0.419               6 축·학습기·방법/사전 점검       12        5.422
    h42  gpu       g45           tabm         876       2.499        0.709       0.284               6 축·학습기·방법/사전 점검       12        0.059
    h42  gpu        nn            ftt        2050       5.995       25.999       4.337               5 축·학습기·방법/사전 점검       12        2.167
    h42  gpu        nn            mlp        2050       0.536        0.416       0.776               5 축·학습기·방법/사전 점검       12        0.035
    h42  gpu        nn           tabm        2050       1.392        0.790       0.568               5 축·학습기·방법/사전 점검       12        0.066
    h42  gpu        r0            cfm         720       0.227        0.438       1.928               2 축·학습기·방법/사전 점검       12        0.036
    h42  gpu        r0           ddpm         720       0.283        0.594       2.098               2 축·학습기·방법/사전 점검       12        0.049
    h42  gpu        r0            ftt         720       2.114       14.963       7.078               2 축·학습기·방법/사전 점검       12        1.247
    h42  gpu        r0          nflow         720       1.623        7.024       4.328               2 축·학습기·방법/사전 점검       12        0.585
    h42  gpu        r0        realmlp         720      30.486       11.579       0.380               2 축·학습기·방법/사전 점검       12        0.965
    h42  gpu        r0           tabm         720       0.491        0.333       0.678               2 축·학습기·방법/사전 점검       12        0.028
    h41  cpu       V-G           (전체)         126       0.075        0.049       0.655              63      같은 단의 스모크        2        0.024
    h41  cpu       V-R           (전체)         270       0.153        0.104       0.679              45      같은 단의 스모크        2        0.052
    h41  cpu W2-Alaska           (전체)         600       0.278        0.186       0.669               0         전체 스모크        2        0.093
    h41  cpu W2-Canada           (전체)         600       0.321        0.215       0.669               0         전체 스모크        2        0.107
    h41  cpu   W2-Lena           (전체)         600       0.314        0.208       0.663              70      같은 단의 스모크        2        0.104
    h41  cpu       V-B           (전체)         270       0.153        0.099       0.651              45      같은 단의 스모크        2        0.050
    h41  cpu    V-C100           (전체)         450       0.293        0.185       0.631              27      같은 단의 스모크        2        0.092
    h41  cpu    V-C500           (전체)         450       0.265        0.177       0.669               0         전체 스모크        2        0.089
    h41  cpu      V-C0           (전체)         450       0.300        0.200       0.669               0         전체 스모크        2        0.100
    h41  cpu       V-P           (전체)         270       0.153        0.102       0.669               0         전체 스모크        2        0.051
    h41  cpu       V-S           (전체)         270       0.153        0.102       0.669               0         전체 스모크        2        0.051
    h41  cpu W1-Alaska           (전체)         400       0.200        0.134       0.669               0         전체 스모크        2        0.067
    h41  cpu W1-Canada           (전체)         400       0.016        0.011       0.669               0         전체 스모크        2        0.005
    h41  cpu   W1-Lena           (전체)         400       0.053        0.051       0.956              40      같은 단의 스모크        2        0.025
[timing] h42 cpu: 환산 누적 38.0 h · 벽시계 2.7 h(워커 14개) · 실측 없는 (축, 학습기) []
[timing] h42 gpu: 환산 누적 175.5 h · 벽시계 14.6 h(워커 12개) · 실측 없는 (축, 학습기) []
[timing] h41 cpu: 환산 누적 1.8 h · 벽시계 0.9 h(워커 2개) · 실측 없는 (축, 학습기) []
[timing] h42 gpu: RealMLP 제외 98.9 GPU-h · RealMLP 76.6 GPU-h(환산이 없는 항목은 0 으로 더했다)
