[data] 17,467셀 · 부분 cpu · 대상 27 · 분할 [1, 2, 3, 4, 5] · n [0, 3, 10, 40, 160, 320, 1000, -1] · 추출 5 · seed [0, 1] · 학습기 ['catboost_lo', 'ridge'] · α ['1', '10', '100', 'cont'] · 중첩 후보 ['10', '100', 'cont'] · λ [0.25, 0.5, 1.0] · 하위 지역 map:lg_subregion_map_v1.csv · 작업 단위 117(건너뜀 18)
[summarize] 실패 기록: 조각 상태 {'ok': 327, 'partial': 21} · 저장에서 빠졌거나 대체된 키 0 → lg_failed.csv
[summarize] 학습기별 적합 시간(전 조각 합계)
part     learner  n_fit       sec  sec_per_fit
 cpu catboost_lo 113176  50146.08     0.443081
 cpu       ridge   1284     79.97     0.062282
 gpu         cfm   1284  10272.00     8.000000
 gpu        ddpm   1284  15265.64    11.889128
 gpu         ftt   1284 315066.01   245.378512
 gpu         mlp   4884   7376.73     1.510387
 gpu       nflow   1284  78365.92    61.032648
 gpu     realmlp   1284 309857.66   241.322165
 gpu        tabm   1284   5650.32     4.400561
[summarize] 조각 348 · runs 274,144 · curve 11,226 · minn 2,028 · tests 354 · 164s → /enc/ukrprod_ZovWo/work/data/processed/lg/lg_*
test_id role                          verdict                                                                                                                                                                                                                                                  stat
     L1    주                               지지                                   두 가중 CI 상한 < 0 인 지역 0/4 (Lena: 유의 [], 셀 가중만 [], 검사 [0, 3, 10, 40]; Canada: 유의 [], 셀 가중만 [3, 10, 40], 검사 [0, 3, 10, 40]; Russia_W: 유의 [], 셀 가중만 [], 검사 [0, 3, 10, -1]; Russia_E: 유의 [], 셀 가중만 [], 검사 [0, 3, 10, -1])
     L2    주                  기각(증강은 라벨 0 전용)                                                                                                                                                       R2-R1 유의 개선 n = [], 4지역 평균인 n = [10] | n=10: ns(지역 4/4); n=40: worse(지역 2/4); n=160: ns(지역 2/4)
     L2    주                               부분                                                                                                                                         R3-R1 유의 개선 n = [40, 160], 4지역 평균인 n = [10] | n=10: ns(지역 4/4); n=40: improve(지역 2/4); n=160: improve(지역 2/4)
     L3    주                               지지 R0, AL 모드 i: 적격 4, n* ≤ 40 대상 2, 그중 α = 1 의 n* 보다 작은 대상 0 (Lena|x: n*=40.0(α=1 40.0, 블록 합집합 20, 분할 최소 5); Canada|x: n*=10.0(α=1 3.0, 블록 합집합 36, 분할 최소 12); AL-2|i: n*=1000.0(α=1 NA, 블록 합집합 20, 분할 최소 5); AL-5|i: n*=NA(α=1 3.0, 블록 합집합 17, 분할 최소 4))
     L3   보조                               지지   R0, AL 모드 x: 적격 4, n* ≤ 40 대상 3, 그중 α = 1 의 n* 보다 작은 대상 0 (Lena|x: n*=40.0(α=1 40.0, 블록 합집합 20, 분할 최소 5); Canada|x: n*=10.0(α=1 3.0, 블록 합집합 36, 분할 최소 12); AL-2|x: n*=10.0(α=1 3.0, 블록 합집합 20, 분할 최소 5); AL-5|x: n*=NA(α=1 NA, 블록 합집합 17, 분할 최소 4))
     L3   보조                               기각          R1, AL 모드 i: 적격 4, n* ≤ 40 대상 0, 그중 α = 1 의 n* 보다 작은 대상 0 (Lena|x: n*=320.0(α=1 NA, 블록 합집합 20, 분할 최소 5); Canada|x: n*=NA(α=1 NA, 블록 합집합 36, 분할 최소 12); AL-2|i: n*=NA(α=1 NA, 블록 합집합 20, 분할 최소 5); AL-5|i: n*=NA(α=1 NA, 블록 합집합 17, 분할 최소 4))
     L3   보조                               기각       R1, AL 모드 x: 적격 4, n* ≤ 40 대상 1, 그중 α = 1 의 n* 보다 작은 대상 0 (Lena|x: n*=320.0(α=1 NA, 블록 합집합 20, 분할 최소 5); Canada|x: n*=NA(α=1 NA, 블록 합집합 36, 분할 최소 12); AL-2|x: n*=10.0(α=1 3.0, 블록 합집합 20, 분할 최소 5); AL-5|x: n*=NA(α=1 NA, 블록 합집합 17, 분할 최소 4))
     L4    주               희소 라벨에서도 ML 순가치 있음                                    두 가중 CI 상한 < 0 인 최소 n: 4지역 평균 10, 2–3지역 평균 40 | n=3: ns(지역 4/4); n=10: improve(지역 4/4); n=40: improve(지역 2/4); n=160: improve(지역 2/4); n=320: improve(지역 2/4); n=1000: undetermined(지역 1/4); n=-1: improve(지역 4/4)
     L5    주 차이 있음(부분: 지역 수 미달 n = [40, 160])                                                                                                   cfm: 유의 개선 n = [], 유의 악화 n = [160], 셀 가중만 개선 []·악화 [] | n=0: ns(지역 4/4); n=10: ns(지역 4/4); n=40: ns(지역 2/4); n=160: worse(지역 2/4); n=-1: ns(지역 4/4)
     L5    주 차이 있음(부분: 지역 수 미달 n = [40, 160])                                                                                          ddpm: 유의 개선 n = [], 유의 악화 n = [0, 160], 셀 가중만 개선 []·악화 [40] | n=0: worse(지역 4/4); n=10: ns(지역 4/4); n=40: ns(지역 2/4); n=160: worse(지역 2/4); n=-1: ns(지역 4/4)
     L5    주 차이 있음(부분: 지역 수 미달 n = [40, 160])                                                                                                     ftt: 유의 개선 n = [], 유의 악화 n = [0], 셀 가중만 개선 []·악화 [] | n=0: worse(지역 4/4); n=10: ns(지역 4/4); n=40: ns(지역 2/4); n=160: ns(지역 2/4); n=-1: ns(지역 4/4)
     L5    주    동급(부분: 지역 수 미달 n = [40, 160])                                                                                                         mlp: 유의 개선 n = [], 유의 악화 n = [], 셀 가중만 개선 []·악화 [] | n=0: ns(지역 4/4); n=10: ns(지역 4/4); n=40: ns(지역 2/4); n=160: ns(지역 2/4); n=-1: ns(지역 4/4)
     L5    주 차이 있음(부분: 지역 수 미달 n = [40, 160])                                                                                                  nflow: 유의 개선 n = [], 유의 악화 n = [40], 셀 가중만 개선 []·악화 [] | n=0: ns(지역 4/4); n=10: ns(지역 4/4); n=40: worse(지역 2/4); n=160: ns(지역 2/4); n=-1: ns(지역 4/4)
     L5    주 차이 있음(부분: 지역 수 미달 n = [40, 160])                                                                                          realmlp: 유의 개선 n = [], 유의 악화 n = [0, 40], 셀 가중만 개선 []·악화 [] | n=0: worse(지역 4/4); n=10: ns(지역 4/4); n=40: worse(지역 2/4); n=160: ns(지역 2/4); n=-1: ns(지역 4/4)
     L5    주 차이 있음(부분: 지역 수 미달 n = [40, 160])                                                                              ridge: 유의 개선 n = [], 유의 악화 n = [10, 40, 160], 셀 가중만 개선 []·악화 [0, -1] | n=0: ns(지역 4/4); n=10: worse(지역 4/4); n=40: worse(지역 2/4); n=160: worse(지역 2/4); n=-1: ns(지역 4/4)
     L5    주    동급(부분: 지역 수 미달 n = [40, 160])                                                                                                     tabm: 유의 개선 n = [], 유의 악화 n = [], 셀 가중만 개선 [160]·악화 [] | n=0: ns(지역 4/4); n=10: ns(지역 4/4); n=40: ns(지역 2/4); n=160: ns(지역 2/4); n=-1: ns(지역 4/4)
     L6    주                  판정 불가(통과 조합 없음)                                                                                                                                                                                                              알래스카 통과 조합의 주 4지역 통과 0/0(두 가중, 방법별 기준 λ)
     L6   보조                               기각                                                                                                                                                                                                        민감도: 분할 안 채점 블록 ≥ 5 인 알래스카 대상만으로 조합을 고른 경우 0/2
     L6   보조                  판정 불가(통과 조합 없음)                                                                                                                                                                                                                               민감도: 셀 가중 CI 만 쓴 경우 0/0
     L7    주                               기각                                                                                                                                    Canada|x n=40:X; Canada|x n=160:X; Canada|x n=320:X; Canada|x n=-1:X; CA-3|i n=40:X; CA-3|i n=160:X; CA-3|i n=-1:X
     L8    주                               지지                                                                                                                                                                                                 Δ -2.64 [-3.47, -1.90], 블록 등가중 [-3.53, -1.67], 지역 4/4
