[2026-09-29T13:53:48Z]: Launching [ -f lgx_payload.tar.gz ] && tar xzf lgx_payload.tar.gz; LGX_PARTS="gpu" LGX_LABEL=gpu_rm LGX_GPU_LEARNERS=realmlp LGX_SUMMARIZE=0 LGX_BUDGET_MIN=555 LGX_SUM_RESERVE_MIN=20 bash scripts/rescale/run_lgx.sh, Working dir: /enc/ukrprod_ShFtT/work.  Process output follows:
[2026-09-29T13:53:48Z]: [payload] created_utc=2026-09-29T13:42:30Z
[2026-09-29T13:53:48Z]: [payload] git_commit=858c7dd
[2026-09-29T13:53:48Z]: [payload] git_uncommitted_paths=2
[2026-09-29T13:53:48Z]: [payload] h40_sha16_main_run=7098f59dabe2b73f
[2026-09-29T13:53:48Z]: [payload] reference_shards=19 (from results/rescale_lg_smoke)
[2026-09-29T13:53:48Z]: [payload] sha256 7098f59dabe2b73f scripts/3_deep_learning/h40_label_grid.py
[2026-09-29T13:53:48Z]: [payload] sha256 22e215e435e157be scripts/3_deep_learning/h42_label_grid_ext.py
[2026-09-29T13:53:48Z]: [payload] sha256 492373e4d37b5ea4 scripts/2_evaluation/h41_validation_ladder.py
[2026-09-29T13:53:48Z]: [payload] sha256 db746179789f21a7 src/polar/m1_core.py
[2026-09-29T13:53:48Z]: [payload] sha256 6f4ba47bf407cdfa src/polar/tab_models.py
[2026-09-29T13:53:48Z]: [payload] sha256 4b6b888275d5f47f src/polar/h4_common.py
[2026-09-29T13:53:48Z]: [payload] sha256 2a910d36299ee2fb src/polar/m1_stats.py
[2026-09-29T13:53:48Z]: [payload] sha256 b799bd4e6aeb69b5 src/polar/physics.py
[2026-09-29T13:53:48Z]: [payload] sha256 a49559e2dce61535 src/polar/fidelity.py
[2026-09-29T13:53:48Z]: [payload] sha256 45e8adc32cf2a949 src/polar/m1_ext.py
[2026-09-29T13:53:48Z]: [payload] sha256 e196cd053d4a1210 tests/test_h42_ext.py
[2026-09-29T13:53:48Z]: [payload] sha256 9d303efa41d11aab tests/test_h41_ladder.py
[2026-09-29T13:53:48Z]: [payload] sha256 af1c1f2bf081ac8d scripts/rescale/lg_common.sh
[2026-09-29T13:53:48Z]: [payload] sha256 df8ac154b578b8ff scripts/rescale/lgx_common.sh
[2026-09-29T13:53:48Z]: [payload] sha256 8e3fd1d027091f28 scripts/rescale/run_lgx.sh
[2026-09-29T13:53:48Z]: [payload] sha256 980e0f6317b999ea scripts/rescale/run_lgx_smoke.sh
[2026-09-29T13:53:48Z]: [payload] sha256 8023f6ccf25d40e4 scripts/rescale/lgx_timing_table.py
[2026-09-29T13:53:48Z]: [payload] sha256 d84217e5ab7d2586 scripts/rescale/lgx_gate_check.py
[2026-09-29T13:53:48Z]: [payload] sha256 71b5d3f6c297770d data/processed/fidelity_base_v3.csv
[2026-09-29T13:53:48Z]: [payload] sha256 711d0cd3ba0e2e41 data/processed/e5_soil_tdd_v3.csv
[2026-09-29T13:53:48Z]: [payload] sha256 87bd06f98bb1d141 data/processed/lg_subregion_map_v1.csv
[2026-09-29T13:53:48Z]: [payload] sha256 bfb4eab409938967 data/processed/lgx_label_flags_v1.csv
[2026-09-29T13:53:48Z]: [payload] sha256 e6ce00b2020565a8 data/processed/lgx_tdd_matched_v1.csv
[2026-09-29T13:53:48Z]: [payload] sha256 a417fa4e9799bea3 data/processed/lgx_cluster_map_v1.csv
[2026-09-29T13:53:48Z]: [2026-09-29T13:53:48Z] [env] 작업 디렉터리 /enc/ukrprod_ShFtT/work
[2026-09-29T13:53:48Z]: [2026-09-29T13:53:48Z] [env] 코어 수 64 (RESCALE_CORES_PER_SLOT = 64, OMP_NUM_THREADS = 없음) · 메모리 433 GB (여유 427 GB)
[2026-09-29T13:53:48Z]: [2026-09-29T13:53:48Z] [env] 디스크 2.8T 여유 / 2.8T
[2026-09-29T13:53:48Z]: [2026-09-29T13:53:48Z] [env] python /program/pytorch-2.4.1/venv/bin/python3 · pip /program/pytorch-2.4.1/venv/bin/pip
[2026-09-29T13:53:50Z]: [env] python 3.11.10 · Linux-4.18.0-553.153.1.el8_10.x86_64-x86_64-with-glibc2.28
[2026-09-29T13:53:50Z]: [env] 가상환경 True · prefix /program/pytorch-2.4.1/venv
[2026-09-29T13:53:50Z]: [env] numpy 2.1.1
[2026-09-29T13:53:50Z]: [env] pandas 없음
[2026-09-29T13:53:50Z]: [env] scipy 없음
[2026-09-29T13:53:50Z]: [env] scikit-learn 없음
[2026-09-29T13:53:50Z]: [env] catboost 없음
[2026-09-29T13:53:50Z]: [env] pytabkit 없음
[2026-09-29T13:53:50Z]: [env] pytest 없음
[2026-09-29T13:53:50Z]: [env] torch 2.4.1
[2026-09-29T13:53:50Z]: [env] CUDA_VISIBLE_DEVICES = None
[2026-09-29T13:54:10Z]: [env] torch 2.4.1+cu121 · CUDA 빌드 12.1 · CUDA 사용 가능 True · GPU 수 4
[2026-09-29T13:54:10Z]: [env] GPU 0: Tesla T4 · 15.6 GiB
[2026-09-29T13:54:10Z]: [env] GPU 1: Tesla T4 · 15.6 GiB
[2026-09-29T13:54:10Z]: [env] GPU 2: Tesla T4 · 15.6 GiB
[2026-09-29T13:54:10Z]: [env] GPU 3: Tesla T4 · 15.6 GiB
[2026-09-29T13:54:12Z]: [env] nvidia-smi: index, name, memory.total [MiB], memory.used [MiB], utilization.gpu [%]
[2026-09-29T13:54:12Z]: [env] nvidia-smi: 0, Tesla T4, 16384 MiB, 1 MiB, 0 %
[2026-09-29T13:54:12Z]: [env] nvidia-smi: 1, Tesla T4, 16384 MiB, 1 MiB, 0 %
[2026-09-29T13:54:12Z]: [env] nvidia-smi: 2, Tesla T4, 16384 MiB, 1 MiB, 0 %
[2026-09-29T13:54:12Z]: [env] nvidia-smi: 3, Tesla T4, 16384 MiB, 1 MiB, 0 %
[2026-09-29T13:54:12Z]: [2026-09-29T13:54:12Z] [deps] 고정 판 설치(--target /enc/ukrprod_ShFtT/work/.pydeps): catboost==1.2.10 scikit-learn==1.9.1 pandas==2.3.3 scipy==1.17.1 · numpy==2.4.6
[2026-09-29T13:54:48Z]: [2026-09-29T13:54:48Z] [deps] 필수 패키지가 모두 있다. 설치를 건너뛴다
[2026-09-29T13:54:51Z]: [deps] 확인: catboost 1.2.10 · scikit-learn 1.9.1 · pandas 2.3.3 · scipy 1.17.1 · numpy 2.4.6
[2026-09-29T13:54:52Z]: [deps] 판 대조: numpy 설치 2.4.6 · 고정 2.4.6 · 같다
[2026-09-29T13:54:52Z]: [deps] 판 대조: catboost 설치 1.2.10 · 고정 1.2.10 · 같다
[2026-09-29T13:54:53Z]: [deps] 판 대조: scikit-learn 설치 1.9.1 · 고정 1.9.1 · 같다
[2026-09-29T13:54:53Z]: [deps] 판 대조: pandas 설치 2.3.3 · 고정 2.3.3 · 같다
[2026-09-29T13:54:53Z]: [deps] 판 대조: scipy 설치 1.17.1 · 고정 1.17.1 · 같다
[2026-09-29T13:54:53Z]: [2026-09-29T13:54:53Z] [deps] pip install --user pytabkit==1.7.3
[2026-09-29T13:54:53Z]: ERROR: Can not perform a '--user' install. User site-packages are not visible in this virtualenv.
[2026-09-29T13:54:53Z]: [2026-09-29T13:54:53Z] [deps] --user 설치 실패(가상환경이면 정상이다). 기본 위치에 다시 시도한다
[2026-09-29T13:55:26Z]: [2026-09-29T13:55:26Z] [deps] 선택 패키지 pytabkit 설치함(pytabkit==1.7.3)
[2026-09-29T13:55:34Z]: [env] numpy 2.4.6
[2026-09-29T13:55:34Z]: [env] pandas 2.3.3
[2026-09-29T13:55:34Z]: [env] scipy 1.17.1
[2026-09-29T13:55:34Z]: [env] scikit-learn 1.9.1
[2026-09-29T13:55:34Z]: [env] catboost 1.2.10
[2026-09-29T13:55:34Z]: [env] pytabkit 1.7.3
[2026-09-29T13:55:34Z]: [env] torch 2.4.1
[2026-09-29T13:55:34Z]: [env] torch 2.4.1+cu121 · CUDA 빌드 12.1 · CUDA 사용 가능 True · GPU 수 4
[2026-09-29T13:55:37Z]: [2026-09-29T13:55:37Z] [restore] 입력 묶음 없음. 처음부터 실행한다
[2026-09-29T13:55:37Z]: [2026-09-29T13:55:37Z] [lgx] 재현 점검의 기준: LG 사전 점검 조각(tag lg_precheck, 캐나다 x 분할 1). 본 실행 조각과의 대조는 통합 집계 작업에서 한다
[2026-09-29T13:55:37Z]: [2026-09-29T13:55:37Z] [lgx] 코어 64 · 부분 'gpu' · 묶음 results_lgx_gpu_rm.tar.gz · h42 cpu 워커 16 × 스레드 4 · h41 워커 16 × 스레드 4 · GPU '0,1,2,3' × 프로세스 3 × 스레드 2 · 집계 프로세스 14
[2026-09-29T13:55:37Z]: [2026-09-29T13:55:37Z] [lgx] GPU 학습기 'realmlp' · cpu 축 '전부' · gpu 축 '전부' · 시간 한도 555 min(집계 예비 20 min) · 집계 0 · 조각 묶음 1
[2026-09-29T13:55:37Z]: [2026-09-29T13:55:37Z] [lgx] h42 gpu 부분 시작(pid 20185) → logs_lgx_gpu_rm/lgx_gpu.log
[2026-09-29T14:00:37Z]: [2026-09-29T14:00:37Z] [progress] 경과 6 min · h42 cpu 조각 0개() 실패 0 · h41 조각 0개() 실패 0 · h42 gpu 조각 0개() 실패 0 · GPU 사용률 99/99/99/99 % · 부하 11.71 8.05 4.07 · 디스크 여유 2.8T
[2026-09-29T14:05:37Z]: [2026-09-29T14:05:37Z] [progress] 경과 11 min · h42 cpu 조각 0개() 실패 0 · h41 조각 0개() 실패 0 · h42 gpu 조각 0개() 실패 0 · GPU 사용률 99/99/99/99 % · 부하 11.47 10.29 6.16 · 디스크 여유 2.8T
[2026-09-29T14:10:37Z]: [2026-09-29T14:10:37Z] [progress] 경과 16 min · h42 cpu 조각 0개() 실패 0 · h41 조각 0개() 실패 0 · h42 gpu 조각 6개(완료 6/77) 실패 0 · GPU 사용률 99/99/99/99 % · 부하 11.78 11.19 7.70 · 디스크 여유 2.8T
[2026-09-29T14:15:37Z]: [2026-09-29T14:15:37Z] [progress] 경과 21 min · h42 cpu 조각 0개() 실패 0 · h41 조각 0개() 실패 0 · h42 gpu 조각 9개(완료 9/77) 실패 0 · GPU 사용률 99/99/99/99 % · 부하 11.64 11.51 8.81 · 디스크 여유 2.8T
[2026-09-29T14:20:37Z]: [2026-09-29T14:20:37Z] [progress] 경과 26 min · h42 cpu 조각 0개() 실패 0 · h41 조각 0개() 실패 0 · h42 gpu 조각 14개(완료 14/77) 실패 0 · GPU 사용률 99/98/99/99 % · 부하 11.65 11.62 9.61 · 디스크 여유 2.8T
[2026-09-29T14:25:38Z]: [2026-09-29T14:25:38Z] [progress] 경과 31 min · h42 cpu 조각 0개() 실패 0 · h41 조각 0개() 실패 0 · h42 gpu 조각 20개(완료 20/77) 실패 0 · GPU 사용률 99/99/99/99 % · 부하 11.34 11.54 10.14 · 디스크 여유 2.8T
[2026-09-29T14:25:38Z]: [2026-09-29T14:25:38Z] [pack] results_lgx_gpu_rm.tar.gz 216K · 파일 67개 · 조각 포함 1
[2026-09-29T14:30:38Z]: [2026-09-29T14:30:38Z] [progress] 경과 36 min · h42 cpu 조각 0개() 실패 0 · h41 조각 0개() 실패 0 · h42 gpu 조각 31개(완료 31/77) 실패 0 · GPU 사용률 99/99/99/99 % · 부하 11.67 11.61 10.56 · 디스크 여유 2.8T
[2026-09-29T14:35:38Z]: [2026-09-29T14:35:38Z] [progress] 경과 41 min · h42 cpu 조각 0개() 실패 0 · h41 조각 0개() 실패 0 · h42 gpu 조각 40개(완료 40/77) 실패 0 · GPU 사용률 99/99/99/99 % · 부하 11.40 11.51 10.82 · 디스크 여유 2.8T
[2026-09-29T14:40:38Z]: [2026-09-29T14:40:38Z] [progress] 경과 46 min · h42 cpu 조각 0개() 실패 0 · h41 조각 0개() 실패 0 · h42 gpu 조각 43개(완료 43/77) 실패 0 · GPU 사용률 99/99/99/99 % · 부하 11.87 11.67 11.09 · 디스크 여유 2.8T
[2026-09-29T14:45:38Z]: [2026-09-29T14:45:38Z] [progress] 경과 51 min · h42 cpu 조각 0개() 실패 0 · h41 조각 0개() 실패 0 · h42 gpu 조각 44개(완료 44/77) 실패 0 · GPU 사용률 99/99/99/99 % · 부하 11.51 11.60 11.22 · 디스크 여유 2.8T
[2026-09-29T14:50:39Z]: [2026-09-29T14:50:39Z] [progress] 경과 56 min · h42 cpu 조각 0개() 실패 0 · h41 조각 0개() 실패 0 · h42 gpu 조각 46개(완료 46/77) 실패 0 · GPU 사용률 99/99/99/99 % · 부하 11.80 11.72 11.38 · 디스크 여유 2.8T
[2026-09-29T14:55:39Z]: [2026-09-29T14:55:39Z] [progress] 경과 61 min · h42 cpu 조각 0개() 실패 0 · h41 조각 0개() 실패 0 · h42 gpu 조각 52개(완료 52/77) 실패 0 · GPU 사용률 99/99/99/99 % · 부하 11.44 11.65 11.45 · 디스크 여유 2.8T
[2026-09-29T14:55:39Z]: [2026-09-29T14:55:39Z] [pack] results_lgx_gpu_rm.tar.gz 428K · 파일 163개 · 조각 포함 1
[2026-09-29T15:00:39Z]: [2026-09-29T15:00:39Z] [progress] 경과 66 min · h42 cpu 조각 0개() 실패 0 · h41 조각 0개() 실패 0 · h42 gpu 조각 55개(완료 55/77) 실패 0 · GPU 사용률 99/99/99/99 % · 부하 11.64 11.51 11.44 · 디스크 여유 2.8T
[2026-09-29T15:05:39Z]: [2026-09-29T15:05:39Z] [progress] 경과 71 min · h42 cpu 조각 0개() 실패 0 · h41 조각 0개() 실패 0 · h42 gpu 조각 55개(완료 55/77) 실패 0 · GPU 사용률 99/99/99/99 % · 부하 11.32 11.48 11.45 · 디스크 여유 2.8T
[2026-09-29T15:10:39Z]: [2026-09-29T15:10:39Z] [progress] 경과 76 min · h42 cpu 조각 0개() 실패 0 · h41 조각 0개() 실패 0 · h42 gpu 조각 55개(완료 55/77) 실패 0 · GPU 사용률 99/99/99/99 % · 부하 11.68 11.56 11.49 · 디스크 여유 2.8T
[2026-09-29T15:15:40Z]: [2026-09-29T15:15:40Z] [progress] 경과 81 min · h42 cpu 조각 0개() 실패 0 · h41 조각 0개() 실패 0 · h42 gpu 조각 55개(완료 55/77) 실패 0 · GPU 사용률 99/99/99/99 % · 부하 11.76 11.74 11.59 · 디스크 여유 2.8T
[2026-09-29T15:20:40Z]: [2026-09-29T15:20:40Z] [progress] 경과 86 min · h42 cpu 조각 0개() 실패 0 · h41 조각 0개() 실패 0 · h42 gpu 조각 55개(완료 55/77) 실패 0 · GPU 사용률 99/99/99/99 % · 부하 11.47 11.62 11.58 · 디스크 여유 2.8T
[2026-09-29T15:25:40Z]: [2026-09-29T15:25:40Z] [progress] 경과 91 min · h42 cpu 조각 0개() 실패 0 · h41 조각 0개() 실패 0 · h42 gpu 조각 55개(완료 55/77) 실패 0 · GPU 사용률 99/99/99/99 % · 부하 11.72 11.64 11.60 · 디스크 여유 2.8T
[2026-09-29T15:25:40Z]: [2026-09-29T15:25:40Z] [pack] results_lgx_gpu_rm.tar.gz 448K · 파일 172개 · 조각 포함 1
[2026-09-29T15:30:40Z]: [2026-09-29T15:30:40Z] [progress] 경과 96 min · h42 cpu 조각 0개() 실패 0 · h41 조각 0개() 실패 0 · h42 gpu 조각 55개(완료 55/77) 실패 0 · GPU 사용률 99/99/99/99 % · 부하 11.75 11.72 11.65 · 디스크 여유 2.8T
[2026-09-29T15:35:40Z]: [2026-09-29T15:35:40Z] [progress] 경과 101 min · h42 cpu 조각 0개() 실패 0 · h41 조각 0개() 실패 0 · h42 gpu 조각 55개(완료 55/77) 실패 0 · GPU 사용률 99/99/99/99 % · 부하 11.67 11.65 11.64 · 디스크 여유 2.8T
[2026-09-29T15:40:41Z]: [2026-09-29T15:40:41Z] [progress] 경과 106 min · h42 cpu 조각 0개() 실패 0 · h41 조각 0개() 실패 0 · h42 gpu 조각 55개(완료 55/77) 실패 0 · GPU 사용률 99/99/99/99 % · 부하 11.32 11.58 11.62 · 디스크 여유 2.8T
[2026-09-29T15:45:41Z]: [2026-09-29T15:45:41Z] [progress] 경과 111 min · h42 cpu 조각 0개() 실패 0 · h41 조각 0개() 실패 0 · h42 gpu 조각 55개(완료 55/77) 실패 0 · GPU 사용률 99/99/99/99 % · 부하 11.63 11.58 11.62 · 디스크 여유 2.8T
[2026-09-29T15:50:41Z]: [2026-09-29T15:50:41Z] [progress] 경과 116 min · h42 cpu 조각 0개() 실패 0 · h41 조각 0개() 실패 0 · h42 gpu 조각 55개(완료 55/77) 실패 0 · GPU 사용률 99/99/99/99 % · 부하 11.48 11.61 11.63 · 디스크 여유 2.8T
[2026-09-29T15:55:41Z]: [2026-09-29T15:55:41Z] [progress] 경과 121 min · h42 cpu 조각 0개() 실패 0 · h41 조각 0개() 실패 0 · h42 gpu 조각 55개(완료 55/77) 실패 0 · GPU 사용률 99/99/99/99 % · 부하 11.64 11.68 11.66 · 디스크 여유 2.8T
[2026-09-29T15:55:41Z]: [2026-09-29T15:55:41Z] [pack] results_lgx_gpu_rm.tar.gz 448K · 파일 172개 · 조각 포함 1
[2026-09-29T16:00:41Z]: [2026-09-29T16:00:41Z] [progress] 경과 126 min · h42 cpu 조각 0개() 실패 0 · h41 조각 0개() 실패 0 · h42 gpu 조각 55개(완료 55/77) 실패 0 · GPU 사용률 99/99/99/99 % · 부하 11.84 11.69 11.66 · 디스크 여유 2.8T
[2026-09-29T16:05:42Z]: [2026-09-29T16:05:42Z] [progress] 경과 131 min · h42 cpu 조각 0개() 실패 0 · h41 조각 0개() 실패 0 · h42 gpu 조각 57개(완료 57/77) 실패 0 · GPU 사용률 99/99/99/99 % · 부하 11.58 11.58 11.62 · 디스크 여유 2.8T
[2026-09-29T16:10:42Z]: [2026-09-29T16:10:42Z] [progress] 경과 136 min · h42 cpu 조각 0개() 실패 0 · h41 조각 0개() 실패 0 · h42 gpu 조각 59개(완료 59/77) 실패 0 · GPU 사용률 99/99/99/99 % · 부하 11.97 11.70 11.65 · 디스크 여유 2.8T
[2026-09-29T16:15:42Z]: [2026-09-29T16:15:42Z] [progress] 경과 141 min · h42 cpu 조각 0개() 실패 0 · h41 조각 0개() 실패 0 · h42 gpu 조각 59개(완료 59/77) 실패 0 · GPU 사용률 99/99/99/99 % · 부하 11.53 11.64 11.64 · 디스크 여유 2.8T
[2026-09-29T16:20:42Z]: [2026-09-29T16:20:42Z] [progress] 경과 146 min · h42 cpu 조각 0개() 실패 0 · h41 조각 0개() 실패 0 · h42 gpu 조각 59개(완료 59/77) 실패 0 · GPU 사용률 99/99/99/99 % · 부하 11.59 11.60 11.63 · 디스크 여유 2.8T
[2026-09-29T16:25:42Z]: [2026-09-29T16:25:42Z] [progress] 경과 151 min · h42 cpu 조각 0개() 실패 0 · h41 조각 0개() 실패 0 · h42 gpu 조각 59개(완료 59/77) 실패 0 · GPU 사용률 99/99/99/99 % · 부하 11.35 11.45 11.56 · 디스크 여유 2.8T
[2026-09-29T16:25:42Z]: [2026-09-29T16:25:42Z] [pack] results_lgx_gpu_rm.tar.gz 568K · 파일 184개 · 조각 포함 1
[2026-09-29T16:30:43Z]: [2026-09-29T16:30:43Z] [progress] 경과 156 min · h42 cpu 조각 0개() 실패 0 · h41 조각 0개() 실패 0 · h42 gpu 조각 59개(완료 59/77) 실패 0 · GPU 사용률 99/99/99/99 % · 부하 11.41 11.48 11.55 · 디스크 여유 2.8T
[2026-09-29T16:35:43Z]: [2026-09-29T16:35:43Z] [progress] 경과 161 min · h42 cpu 조각 0개() 실패 0 · h41 조각 0개() 실패 0 · h42 gpu 조각 59개(완료 59/77) 실패 0 · GPU 사용률 99/99/99/99 % · 부하 12.01 11.59 11.57 · 디스크 여유 2.8T
[2026-09-29T16:40:43Z]: [2026-09-29T16:40:43Z] [progress] 경과 166 min · h42 cpu 조각 0개() 실패 0 · h41 조각 0개() 실패 0 · h42 gpu 조각 59개(완료 59/77) 실패 0 · GPU 사용률 99/99/99/99 % · 부하 11.25 11.36 11.48 · 디스크 여유 2.8T
[2026-09-29T16:45:43Z]: [2026-09-29T16:45:43Z] [progress] 경과 171 min · h42 cpu 조각 0개() 실패 0 · h41 조각 0개() 실패 0 · h42 gpu 조각 59개(완료 59/77) 실패 0 · GPU 사용률 99/99/99/99 % · 부하 11.24 11.47 11.51 · 디스크 여유 2.8T
[2026-09-29T16:50:43Z]: [2026-09-29T16:50:43Z] [progress] 경과 176 min · h42 cpu 조각 0개() 실패 0 · h41 조각 0개() 실패 0 · h42 gpu 조각 59개(완료 59/77) 실패 0 · GPU 사용률 99/99/99/99 % · 부하 11.54 11.51 11.53 · 디스크 여유 2.8T
[2026-09-29T16:55:44Z]: [2026-09-29T16:55:44Z] [progress] 경과 181 min · h42 cpu 조각 0개() 실패 0 · h41 조각 0개() 실패 0 · h42 gpu 조각 59개(완료 59/77) 실패 0 · GPU 사용률 99/99/99/99 % · 부하 11.29 11.51 11.53 · 디스크 여유 2.8T
[2026-09-29T16:55:44Z]: [2026-09-29T16:55:44Z] [pack] results_lgx_gpu_rm.tar.gz 568K · 파일 184개 · 조각 포함 1
[2026-09-29T17:00:44Z]: [2026-09-29T17:00:44Z] [progress] 경과 186 min · h42 cpu 조각 0개() 실패 0 · h41 조각 0개() 실패 0 · h42 gpu 조각 59개(완료 59/77) 실패 0 · GPU 사용률 99/99/99/99 % · 부하 11.29 11.66 11.62 · 디스크 여유 2.8T
[2026-09-29T17:05:44Z]: [2026-09-29T17:05:44Z] [progress] 경과 191 min · h42 cpu 조각 0개() 실패 0 · h41 조각 0개() 실패 0 · h42 gpu 조각 59개(완료 59/77) 실패 0 · GPU 사용률 99/99/99/99 % · 부하 11.35 11.63 11.64 · 디스크 여유 2.8T
[2026-09-29T17:10:44Z]: [2026-09-29T17:10:44Z] [progress] 경과 196 min · h42 cpu 조각 0개() 실패 0 · h41 조각 0개() 실패 0 · h42 gpu 조각 60개(완료 60/77) 실패 0 · GPU 사용률 99/99/99/99 % · 부하 11.64 11.68 11.67 · 디스크 여유 2.8T
[2026-09-29T17:15:44Z]: [2026-09-29T17:15:44Z] [progress] 경과 201 min · h42 cpu 조각 0개() 실패 0 · h41 조각 0개() 실패 0 · h42 gpu 조각 64개(완료 64/77) 실패 0 · GPU 사용률 99/99/99/99 % · 부하 11.57 11.59 11.64 · 디스크 여유 2.8T
[2026-09-29T17:20:45Z]: [2026-09-29T17:20:45Z] [progress] 경과 206 min · h42 cpu 조각 0개() 실패 0 · h41 조각 0개() 실패 0 · h42 gpu 조각 67개(완료 67/77) 실패 0 · GPU 사용률 99/93/99/93 % · 부하 10.00 11.04 11.43 · 디스크 여유 2.8T
[2026-09-29T17:25:45Z]: [2026-09-29T17:25:45Z] [progress] 경과 211 min · h42 cpu 조각 0개() 실패 0 · h41 조각 0개() 실패 0 · h42 gpu 조각 67개(완료 67/77) 실패 0 · GPU 사용률 99/94/99/93 % · 부하 9.80 10.45 11.08 · 디스크 여유 2.8T
[2026-09-29T17:25:45Z]: [2026-09-29T17:25:45Z] [pack] results_lgx_gpu_rm.tar.gz 672K · 파일 208개 · 조각 포함 1
[2026-09-29T17:30:45Z]: [2026-09-29T17:30:45Z] [progress] 경과 216 min · h42 cpu 조각 0개() 실패 0 · h41 조각 0개() 실패 0 · h42 gpu 조각 67개(완료 67/77) 실패 0 · GPU 사용률 99/93/99/93 % · 부하 9.43 9.94 10.68 · 디스크 여유 2.8T
[2026-09-29T17:35:45Z]: [2026-09-29T17:35:45Z] [progress] 경과 221 min · h42 cpu 조각 0개() 실패 0 · h41 조각 0개() 실패 0 · h42 gpu 조각 67개(완료 67/77) 실패 0 · GPU 사용률 99/95/99/94 % · 부하 9.88 9.97 10.48 · 디스크 여유 2.8T
[2026-09-29T17:40:45Z]: [2026-09-29T17:40:45Z] [progress] 경과 226 min · h42 cpu 조각 0개() 실패 0 · h41 조각 0개() 실패 0 · h42 gpu 조각 67개(완료 67/77) 실패 0 · GPU 사용률 99/93/99/94 % · 부하 9.81 9.92 10.30 · 디스크 여유 2.8T
[2026-09-29T17:45:46Z]: [2026-09-29T17:45:46Z] [progress] 경과 231 min · h42 cpu 조각 0개() 실패 0 · h41 조각 0개() 실패 0 · h42 gpu 조각 67개(완료 67/77) 실패 0 · GPU 사용률 99/94/99/93 % · 부하 9.72 9.85 10.16 · 디스크 여유 2.8T
[2026-09-29T17:50:46Z]: [2026-09-29T17:50:46Z] [progress] 경과 236 min · h42 cpu 조각 0개() 실패 0 · h41 조각 0개() 실패 0 · h42 gpu 조각 67개(완료 67/77) 실패 0 · GPU 사용률 99/93/99/93 % · 부하 10.01 9.94 10.10 · 디스크 여유 2.8T
[2026-09-29T17:55:46Z]: [2026-09-29T17:55:46Z] [progress] 경과 241 min · h42 cpu 조각 0개() 실패 0 · h41 조각 0개() 실패 0 · h42 gpu 조각 67개(완료 67/77) 실패 0 · GPU 사용률 99/94/99/93 % · 부하 9.43 9.71 9.95 · 디스크 여유 2.8T
[2026-09-29T17:55:46Z]: [2026-09-29T17:55:46Z] [pack] results_lgx_gpu_rm.tar.gz 672K · 파일 208개 · 조각 포함 1
[2026-09-29T18:00:46Z]: [2026-09-29T18:00:46Z] [progress] 경과 246 min · h42 cpu 조각 0개() 실패 0 · h41 조각 0개() 실패 0 · h42 gpu 조각 67개(완료 67/77) 실패 0 · GPU 사용률 99/94/99/94 % · 부하 9.66 9.75 9.92 · 디스크 여유 2.8T
[2026-09-29T18:05:46Z]: [2026-09-29T18:05:46Z] [progress] 경과 251 min · h42 cpu 조각 0개() 실패 0 · h41 조각 0개() 실패 0 · h42 gpu 조각 67개(완료 67/77) 실패 0 · GPU 사용률 99/95/99/93 % · 부하 9.82 9.71 9.85 · 디스크 여유 2.8T
[2026-09-29T18:10:46Z]: [2026-09-29T18:10:46Z] [progress] 경과 256 min · h42 cpu 조각 0개() 실패 0 · h41 조각 0개() 실패 0 · h42 gpu 조각 67개(완료 67/77) 실패 0 · GPU 사용률 99/92/99/93 % · 부하 9.75 9.78 9.85 · 디스크 여유 2.8T
[2026-09-29T18:15:47Z]: [2026-09-29T18:15:47Z] [progress] 경과 261 min · h42 cpu 조각 0개() 실패 0 · h41 조각 0개() 실패 0 · h42 gpu 조각 67개(완료 67/77) 실패 0 · GPU 사용률 99/93/99/94 % · 부하 9.89 9.77 9.83 · 디스크 여유 2.8T
[2026-09-29T18:20:47Z]: [2026-09-29T18:20:47Z] [progress] 경과 266 min · h42 cpu 조각 0개() 실패 0 · h41 조각 0개() 실패 0 · h42 gpu 조각 67개(완료 67/77) 실패 0 · GPU 사용률 99/95/99/93 % · 부하 9.66 9.74 9.81 · 디스크 여유 2.8T
[2026-09-29T18:25:47Z]: [2026-09-29T18:25:47Z] [progress] 경과 271 min · h42 cpu 조각 0개() 실패 0 · h41 조각 0개() 실패 0 · h42 gpu 조각 68개(완료 68/77) 실패 0 · GPU 사용률 99/94/99/14 % · 부하 8.97 9.24 9.58 · 디스크 여유 2.8T
[2026-09-29T18:25:47Z]: [2026-09-29T18:25:47Z] [pack] results_lgx_gpu_rm.tar.gz 680K · 파일 211개 · 조각 포함 1
[2026-09-29T18:30:47Z]: [2026-09-29T18:30:47Z] [progress] 경과 276 min · h42 cpu 조각 0개() 실패 0 · h41 조각 0개() 실패 0 · h42 gpu 조각 69개(완료 69/77) 실패 0 · GPU 사용률 99/94/94/14 % · 부하 7.94 8.40 9.11 · 디스크 여유 2.8T
[2026-09-29T18:35:47Z]: [2026-09-29T18:35:47Z] [progress] 경과 281 min · h42 cpu 조각 0개() 실패 0 · h41 조각 0개() 실패 0 · h42 gpu 조각 69개(완료 69/77) 실패 0 · GPU 사용률 99/94/94/14 % · 부하 7.95 8.01 8.73 · 디스크 여유 2.8T
[2026-09-29T18:40:48Z]: [2026-09-29T18:40:48Z] [progress] 경과 287 min · h42 cpu 조각 0개() 실패 0 · h41 조각 0개() 실패 0 · h42 gpu 조각 69개(완료 69/77) 실패 0 · GPU 사용률 99/94/96/14 % · 부하 8.00 7.94 8.48 · 디스크 여유 2.8T
[2026-09-29T18:45:48Z]: [2026-09-29T18:45:48Z] [progress] 경과 292 min · h42 cpu 조각 0개() 실패 0 · h41 조각 0개() 실패 0 · h42 gpu 조각 69개(완료 69/77) 실패 0 · GPU 사용률 99/96/93/15 % · 부하 7.53 7.68 8.21 · 디스크 여유 2.8T
[2026-09-29T18:50:48Z]: [2026-09-29T18:50:48Z] [progress] 경과 297 min · h42 cpu 조각 0개() 실패 0 · h41 조각 0개() 실패 0 · h42 gpu 조각 70개(완료 70/77) 실패 0 · GPU 사용률 95/94/94/15 % · 부하 7.13 7.57 8.03 · 디스크 여유 2.8T
[2026-09-29T18:55:48Z]: [2026-09-29T18:55:48Z] [progress] 경과 302 min · h42 cpu 조각 0개() 실패 0 · h41 조각 0개() 실패 0 · h42 gpu 조각 70개(완료 70/77) 실패 0 · GPU 사용률 94/93/94/14 % · 부하 6.93 7.14 7.71 · 디스크 여유 2.8T
[2026-09-29T18:55:48Z]: [2026-09-29T18:55:48Z] [pack] results_lgx_gpu_rm.tar.gz 708K · 파일 217개 · 조각 포함 1
[2026-09-29T19:00:49Z]: [2026-09-29T19:00:49Z] [progress] 경과 307 min · h42 cpu 조각 0개() 실패 0 · h41 조각 0개() 실패 0 · h42 gpu 조각 71개(완료 71/77) 실패 0 · GPU 사용률 94/14/93/14 % · 부하 5.78 6.46 7.27 · 디스크 여유 2.8T
[2026-09-29T19:05:49Z]: [2026-09-29T19:05:49Z] [progress] 경과 312 min · h42 cpu 조각 0개() 실패 0 · h41 조각 0개() 실패 0 · h42 gpu 조각 71개(완료 71/77) 실패 0 · GPU 사용률 94/14/93/14 % · 부하 6.01 6.12 6.89 · 디스크 여유 2.8T
[2026-09-29T19:10:49Z]: [2026-09-29T19:10:49Z] [progress] 경과 317 min · h42 cpu 조각 0개() 실패 0 · h41 조각 0개() 실패 0 · h42 gpu 조각 71개(완료 71/77) 실패 0 · GPU 사용률 94/14/94/14 % · 부하 5.97 6.00 6.61 · 디스크 여유 2.8T
[2026-09-29T19:15:49Z]: [2026-09-29T19:15:49Z] [progress] 경과 322 min · h42 cpu 조각 0개() 실패 0 · h41 조각 0개() 실패 0 · h42 gpu 조각 71개(완료 71/77) 실패 0 · GPU 사용률 94/14/94/14 % · 부하 6.61 6.33 6.56 · 디스크 여유 2.8T
[2026-09-29T19:20:49Z]: [2026-09-29T19:20:49Z] [progress] 경과 327 min · h42 cpu 조각 0개() 실패 0 · h41 조각 0개() 실패 0 · h42 gpu 조각 71개(완료 71/77) 실패 0 · GPU 사용률 93/15/93/14 % · 부하 5.90 6.02 6.35 · 디스크 여유 2.8T
[2026-09-29T19:25:49Z]: [2026-09-29T19:25:49Z] [progress] 경과 332 min · h42 cpu 조각 0개() 실패 0 · h41 조각 0개() 실패 0 · h42 gpu 조각 72개(완료 72/77) 실패 0 · GPU 사용률 14/14/94/14 % · 부하 5.00 5.59 6.09 · 디스크 여유 2.8T
[2026-09-29T19:25:50Z]: [2026-09-29T19:25:50Z] [pack] results_lgx_gpu_rm.tar.gz 764K · 파일 223개 · 조각 포함 1
[2026-09-29T19:30:50Z]: [2026-09-29T19:30:50Z] [progress] 경과 337 min · h42 cpu 조각 0개() 실패 0 · h41 조각 0개() 실패 0 · h42 gpu 조각 72개(완료 72/77) 실패 0 · GPU 사용률 14/14/94/16 % · 부하 4.94 5.23 5.79 · 디스크 여유 2.8T
[2026-09-29T19:35:50Z]: [2026-09-29T19:35:50Z] [progress] 경과 342 min · h42 cpu 조각 0개() 실패 0 · h41 조각 0개() 실패 0 · h42 gpu 조각 72개(완료 72/77) 실패 0 · GPU 사용률 14/14/93/14 % · 부하 5.02 5.08 5.56 · 디스크 여유 2.8T
[2026-09-29T19:40:50Z]: [2026-09-29T19:40:50Z] [progress] 경과 347 min · h42 cpu 조각 0개() 실패 0 · h41 조각 0개() 실패 0 · h42 gpu 조각 73개(완료 73/77) 실패 0 · GPU 사용률 14/14/14/14 % · 부하 4.04 4.53 5.20 · 디스크 여유 2.8T
[2026-09-29T19:45:50Z]: [2026-09-29T19:45:50Z] [progress] 경과 352 min · h42 cpu 조각 0개() 실패 0 · h41 조각 0개() 실패 0 · h42 gpu 조각 73개(완료 73/77) 실패 0 · GPU 사용률 14/14/14/14 % · 부하 4.08 4.24 4.88 · 디스크 여유 2.8T
[2026-09-29T19:50:51Z]: [2026-09-29T19:50:51Z] [progress] 경과 357 min · h42 cpu 조각 0개() 실패 0 · h41 조각 0개() 실패 0 · h42 gpu 조각 73개(완료 73/77) 실패 0 · GPU 사용률 14/14/14/14 % · 부하 4.03 4.12 4.64 · 디스크 여유 2.8T
[2026-09-29T19:55:51Z]: [2026-09-29T19:55:51Z] [progress] 경과 362 min · h42 cpu 조각 0개() 실패 0 · h41 조각 0개() 실패 0 · h42 gpu 조각 73개(완료 73/77) 실패 0 · GPU 사용률 14/14/13/14 % · 부하 4.22 4.10 4.48 · 디스크 여유 2.8T
[2026-09-29T19:55:51Z]: [2026-09-29T19:55:51Z] [pack] results_lgx_gpu_rm.tar.gz 792K · 파일 226개 · 조각 포함 1
[2026-09-29T20:00:51Z]: [2026-09-29T20:00:51Z] [progress] 경과 367 min · h42 cpu 조각 0개() 실패 0 · h41 조각 0개() 실패 0 · h42 gpu 조각 73개(완료 73/77) 실패 0 · GPU 사용률 13/14/14/14 % · 부하 4.01 4.03 4.33 · 디스크 여유 2.8T
[2026-09-29T20:05:51Z]: [2026-09-29T20:05:51Z] [progress] 경과 372 min · h42 cpu 조각 0개() 실패 0 · h41 조각 0개() 실패 0 · h42 gpu 조각 73개(완료 73/77) 실패 0 · GPU 사용률 14/14/14/14 % · 부하 4.02 4.03 4.24 · 디스크 여유 2.8T
[2026-09-29T20:10:51Z]: [2026-09-29T20:10:51Z] [progress] 경과 377 min · h42 cpu 조각 0개() 실패 0 · h41 조각 0개() 실패 0 · h42 gpu 조각 73개(완료 73/77) 실패 0 · GPU 사용률 14/14/14/14 % · 부하 4.04 4.00 4.16 · 디스크 여유 2.8T
[2026-09-29T20:15:52Z]: [2026-09-29T20:15:52Z] [progress] 경과 382 min · h42 cpu 조각 0개() 실패 0 · h41 조각 0개() 실패 0 · h42 gpu 조각 73개(완료 73/77) 실패 0 · GPU 사용률 15/14/14/14 % · 부하 3.96 3.99 4.09 · 디스크 여유 2.8T
[2026-09-29T20:20:52Z]: [2026-09-29T20:20:52Z] [progress] 경과 387 min · h42 cpu 조각 0개() 실패 0 · h41 조각 0개() 실패 0 · h42 gpu 조각 73개(완료 73/77) 실패 0 · GPU 사용률 14/14/14/14 % · 부하 3.98 3.96 4.04 · 디스크 여유 2.8T
[2026-09-29T20:25:52Z]: [2026-09-29T20:25:52Z] [progress] 경과 392 min · h42 cpu 조각 0개() 실패 0 · h41 조각 0개() 실패 0 · h42 gpu 조각 73개(완료 73/77) 실패 0 · GPU 사용률 14/14/14/14 % · 부하 3.97 3.98 4.01 · 디스크 여유 2.8T
[2026-09-29T20:25:52Z]: [2026-09-29T20:25:52Z] [pack] results_lgx_gpu_rm.tar.gz 792K · 파일 226개 · 조각 포함 1
[2026-09-29T20:30:52Z]: [2026-09-29T20:30:52Z] [progress] 경과 397 min · h42 cpu 조각 0개() 실패 0 · h41 조각 0개() 실패 0 · h42 gpu 조각 73개(완료 73/77) 실패 0 · GPU 사용률 14/14/13/14 % · 부하 4.00 4.00 4.00 · 디스크 여유 2.8T
[2026-09-29T20:35:52Z]: [2026-09-29T20:35:52Z] [progress] 경과 402 min · h42 cpu 조각 0개() 실패 0 · h41 조각 0개() 실패 0 · h42 gpu 조각 73개(완료 73/77) 실패 0 · GPU 사용률 14/14/14/14 % · 부하 4.02 4.00 4.00 · 디스크 여유 2.8T
[2026-09-29T20:40:52Z]: [2026-09-29T20:40:52Z] [progress] 경과 407 min · h42 cpu 조각 0개() 실패 0 · h41 조각 0개() 실패 0 · h42 gpu 조각 73개(완료 73/77) 실패 0 · GPU 사용률 14/13/14/14 % · 부하 3.95 3.95 3.99 · 디스크 여유 2.8T
[2026-09-29T20:45:53Z]: [2026-09-29T20:45:53Z] [progress] 경과 412 min · h42 cpu 조각 0개() 실패 0 · h41 조각 0개() 실패 0 · h42 gpu 조각 74개(완료 74/77) 실패 0 · GPU 사용률 13/0/14/13 % · 부하 3.02 3.56 3.83 · 디스크 여유 2.8T
[2026-09-29T20:50:53Z]: [2026-09-29T20:50:53Z] [progress] 경과 417 min · h42 cpu 조각 0개() 실패 0 · h41 조각 0개() 실패 0 · h42 gpu 조각 74개(완료 74/77) 실패 0 · GPU 사용률 14/0/13/14 % · 부하 3.04 3.22 3.60 · 디스크 여유 2.8T
[2026-09-29T20:55:53Z]: [2026-09-29T20:55:53Z] [progress] 경과 422 min · h42 cpu 조각 0개() 실패 0 · h41 조각 0개() 실패 0 · h42 gpu 조각 74개(완료 74/77) 실패 0 · GPU 사용률 14/0/14/13 % · 부하 3.11 3.10 3.43 · 디스크 여유 2.8T
[2026-09-29T20:55:53Z]: [2026-09-29T20:55:53Z] [pack] results_lgx_gpu_rm.tar.gz 808K · 파일 229개 · 조각 포함 1
[2026-09-29T21:00:53Z]: [2026-09-29T21:00:53Z] [progress] 경과 427 min · h42 cpu 조각 0개() 실패 0 · h41 조각 0개() 실패 0 · h42 gpu 조각 74개(완료 74/77) 실패 0 · GPU 사용률 14/0/14/14 % · 부하 3.02 3.06 3.32 · 디스크 여유 2.8T
[2026-09-29T21:05:54Z]: [2026-09-29T21:05:54Z] [progress] 경과 432 min · h42 cpu 조각 0개() 실패 0 · h41 조각 0개() 실패 0 · h42 gpu 조각 74개(완료 74/77) 실패 0 · GPU 사용률 14/0/13/15 % · 부하 4.49 3.34 3.33 · 디스크 여유 2.8T
[2026-09-29T21:10:54Z]: [2026-09-29T21:10:54Z] [progress] 경과 437 min · h42 cpu 조각 0개() 실패 0 · h41 조각 0개() 실패 0 · h42 gpu 조각 74개(완료 74/77) 실패 0 · GPU 사용률 14/0/14/13 % · 부하 3.07 3.12 3.22 · 디스크 여유 2.8T
[2026-09-29T21:15:54Z]: [2026-09-29T21:15:54Z] [progress] 경과 442 min · h42 cpu 조각 0개() 실패 0 · h41 조각 0개() 실패 0 · h42 gpu 조각 74개(완료 74/77) 실패 0 · GPU 사용률 14/0/14/14 % · 부하 3.04 3.05 3.16 · 디스크 여유 2.8T
[2026-09-29T21:20:54Z]: [2026-09-29T21:20:54Z] [progress] 경과 447 min · h42 cpu 조각 0개() 실패 0 · h41 조각 0개() 실패 0 · h42 gpu 조각 74개(완료 74/77) 실패 0 · GPU 사용률 14/0/14/14 % · 부하 2.92 3.00 3.10 · 디스크 여유 2.8T
[2026-09-29T21:25:54Z]: [2026-09-29T21:25:54Z] [progress] 경과 452 min · h42 cpu 조각 0개() 실패 0 · h41 조각 0개() 실패 0 · h42 gpu 조각 74개(완료 74/77) 실패 0 · GPU 사용률 14/0/14/14 % · 부하 3.06 3.03 3.08 · 디스크 여유 2.8T
[2026-09-29T21:25:54Z]: [2026-09-29T21:25:54Z] [pack] results_lgx_gpu_rm.tar.gz 808K · 파일 229개 · 조각 포함 1
[2026-09-29T21:30:55Z]: [2026-09-29T21:30:55Z] [progress] 경과 457 min · h42 cpu 조각 0개() 실패 0 · h41 조각 0개() 실패 0 · h42 gpu 조각 74개(완료 74/77) 실패 0 · GPU 사용률 13/0/13/15 % · 부하 3.07 3.05 3.08 · 디스크 여유 2.8T
[2026-09-29T21:35:55Z]: [2026-09-29T21:35:55Z] [progress] 경과 462 min · h42 cpu 조각 0개() 실패 0 · h41 조각 0개() 실패 0 · h42 gpu 조각 74개(완료 74/77) 실패 0 · GPU 사용률 13/0/14/14 % · 부하 3.03 3.03 3.06 · 디스크 여유 2.8T
[2026-09-29T21:40:55Z]: [2026-09-29T21:40:55Z] [progress] 경과 467 min · h42 cpu 조각 0개() 실패 0 · h41 조각 0개() 실패 0 · h42 gpu 조각 74개(완료 74/77) 실패 0 · GPU 사용률 13/0/14/13 % · 부하 3.00 3.01 3.04 · 디스크 여유 2.8T
[2026-09-29T21:45:55Z]: [2026-09-29T21:45:55Z] [progress] 경과 472 min · h42 cpu 조각 0개() 실패 0 · h41 조각 0개() 실패 0 · h42 gpu 조각 74개(완료 74/77) 실패 0 · GPU 사용률 14/0/14/14 % · 부하 2.93 3.04 3.04 · 디스크 여유 2.8T
[2026-09-29T21:50:55Z]: [2026-09-29T21:50:55Z] [progress] 경과 477 min · h42 cpu 조각 0개() 실패 0 · h41 조각 0개() 실패 0 · h42 gpu 조각 76개(완료 76/77) 실패 0 · GPU 사용률 0/0/14/0 % · 부하 1.23 2.18 2.69 · 디스크 여유 2.8T
[2026-09-29T21:55:55Z]: [2026-09-29T21:55:55Z] [progress] 경과 482 min · h42 cpu 조각 0개() 실패 0 · h41 조각 0개() 실패 0 · h42 gpu 조각 76개(완료 76/77) 실패 0 · GPU 사용률 0/0/14/0 % · 부하 1.00 1.42 2.21 · 디스크 여유 2.8T
[2026-09-29T21:55:56Z]: [2026-09-29T21:55:56Z] [pack] results_lgx_gpu_rm.tar.gz 836K · 파일 235개 · 조각 포함 1
[2026-09-29T21:57:16Z]: [2026-09-29T21:57:16Z] [lgx] h42 gpu 부분 끝: 종료 코드 0
[2026-09-29T21:57:16Z]:   [gpu] TPU available: False, using: 0 TPU cores
[2026-09-29T21:57:16Z]:   [gpu] 💡 Tip: For seamless cloud logging and experiment tracking, try installing [litlogger](https://pypi.org/project/litlogger/) to enable LitLogger, which logs metrics and artifacts automatically to the Lightning Experiments platform.
[2026-09-29T21:57:16Z]:   [gpu] LOCAL_RANK: 0 - CUDA_VISIBLE_DEVICES: [2]
[2026-09-29T21:57:16Z]:   [gpu]   [g45|CA-2|x|s5|realmlp] 적합 48 · 행 137 · A 194 · 채점 201/8블록 · 원천 16717 · 16998.8s · 장치 '2' · 상태 ok(실패 0) · 완료 77/77 · 누적 28883s
[2026-09-29T21:57:16Z]:   [gpu] [done] 완료 77 · 실패 0 · 일부 적합 실패 0 · 선택 설정 없는 n3 조각 0 · 28885s
[2026-09-29T21:57:16Z]: [2026-09-29T21:57:16Z] [progress] 경과 483 min · h42 cpu 조각 0개() 실패 0 · h41 조각 0개() 실패 0 · h42 gpu 조각 77개(완료 77/77) 실패 0 · GPU 사용률 0/0/0/0 % · 부하 0.80 1.28 2.10 · 디스크 여유 2.8T
[2026-09-29T21:57:16Z]: [2026-09-29T21:57:16Z] [pack] results_lgx_gpu_rm.tar.gz 852K · 파일 238개 · 조각 포함 1
[2026-09-29T21:57:16Z]: [2026-09-29T21:57:16Z] [lgx] logs_lgx_gpu_rm/lgx_gpu.log 의 실패·경고 줄(앞 40줄)
[2026-09-29T21:57:16Z]:   [data] 부분 gpu · 축 ['r0', 'g45', 'nn'] · 작업 단위 77(건너뜀 7) · 축별 {'r0': 55, 'g45': 22}
[2026-09-29T21:57:16Z]:   [plan] 실행 77 · 선택 작업 0 · 재개로 건너뜀 0 · 프로세스 12 · 스레드 2 · 장치 GPU 0,1,2,3 · epochs 100 · RealMLP epochs 256
[2026-09-29T21:57:16Z]:   [done] 완료 77 · 실패 0 · 일부 적합 실패 0 · 선택 설정 없는 n3 조각 0 · 28885s
[2026-09-29T21:57:16Z]: [timing] LG 사전 점검의 gpu 조각 7개를 분할 4·5 축(g45)의 실측으로 읽었다
[2026-09-29T21:57:16Z]: [timing] 조각 84 · 행 26 → lgx_gpu_rm_timing_by_learner.csv
[2026-09-29T21:57:16Z]: harness           tag part axis learner  n_fit       sec  sec_full_epochs     est_s  epochs_run  sec_per_fit  calib
[2026-09-29T21:57:16Z]:     h42   lg_precheck  gpu  g45     cfm      6     67.52            67.52     43.42       100.0       11.253  1.555
[2026-09-29T21:57:16Z]:     h42   lg_precheck  gpu  g45    ddpm      6     77.17            77.17     54.28       100.0       12.862  1.422
[2026-09-29T21:57:16Z]:     h42   lg_precheck  gpu  g45     ftt      6   1333.29          1333.29    405.30       100.0      222.215  3.290
[2026-09-29T21:57:16Z]:     h42   lg_precheck  gpu  g45     mlp     16     29.08            29.08     47.05       100.0        1.818  0.618
[2026-09-29T21:57:16Z]:     h42   lg_precheck  gpu  g45   nflow      6    256.28           256.28    311.20       100.0       42.713  0.824
[2026-09-29T21:57:16Z]:     h42   lg_precheck  gpu  g45    tabm      6     26.62            26.62     94.08       100.0        4.437  0.283
[2026-09-29T21:57:16Z]:     h42 lgrm_precheck  gpu  g45 realmlp      6     76.48          2447.36   5844.18         8.0       12.747  0.419
[2026-09-29T21:57:16Z]:     h42          lgxg  gpu  g45 realmlp    876 201764.71        201764.71 559041.62       256.0      230.325  0.361
[2026-09-29T21:57:16Z]:     h42         lgxr0  gpu   r0 realmlp    720  40622.64         40622.64 109749.82       256.0       56.420  0.370
[2026-09-29T21:57:16Z]: [timing] 적합 수 표(lgx_count_<부분>_detail.csv, ladder/lgv_count.csv)가 없어 본 실행 환산을 생략한다
[2026-09-29T21:57:16Z]: [2026-09-29T21:57:16Z] [progress] 경과 483 min · h42 cpu 조각 0개() 실패 0 · h41 조각 0개() 실패 0 · h42 gpu 조각 77개(완료 77/77) 실패 0 · GPU 사용률 0/0/0/0 % · 부하 0.80 1.28 2.10 · 디스크 여유 2.8T
[2026-09-29T21:57:17Z]: [2026-09-29T21:57:17Z] [pack] results_lgx_gpu_rm.tar.gz 852K · 파일 240개 · 조각 포함 1
[2026-09-29T21:57:17Z]: [2026-09-29T21:57:17Z] [lgx] 단계별 상태
[2026-09-29T21:57:17Z]:   stage,rc,sec,note
[2026-09-29T21:57:17Z]:   inputs,0,24,ok
[2026-09-29T21:57:17Z]:   deps,0,64,ok
[2026-09-29T21:57:17Z]:   deps_versions,0,65,사전 점검과 같은 판
[2026-09-29T21:57:17Z]:   gpu_check,0,109,GPU 0,1,2,3
[2026-09-29T21:57:17Z]:   restore,0,109,확장 조각 0개 · 재현 점검 기준 'lg_precheck'
[2026-09-29T21:57:17Z]:   gpu,0,29008,
[2026-09-29T21:57:17Z]:   summarize,NA,29008,LGX_SUMMARIZE=0. 집계는 통합 집계 작업에서 한다
[2026-09-29T21:57:17Z]:   timing,0,29008,
[2026-09-29T21:57:17Z]: [2026-09-29T21:57:17Z] [lgx] 끝 · 종료 코드 0 · 경과 483 min
[2026-09-29T21:57:17Z]: Exited with code 0
[2026-09-29T21:57:17Z]: 
