[data] 실험 ['wf6', 'wf7', 'wf8'] · 작업 단위 266(건너뜀 19) · 실험별 {'wf6': 74, 'wf7': 117, 'wf8': 75} · 분할 [1, 2, 3, 4, 5] · seed [0, 1] · 스레드 4 · 워커 22
[plan] 실행 266 · 재개로 건너뜀 0 · 프로세스 22 · 스레드 4
[pool] 워커 22 · 스레드 4 · 코어 고정 예(워커마다 4코어)
  [wf7|AL-1|x|s5] 적합 128 · 행 193 · A 4716 · 채점 438 · 17.4s · 상태 ok(실패 0) · 완료 1/266 · 누적 19s
  [wf7|AL-1|x|s3] 적합 128 · 행 193 · A 4834 · 채점 320 · 17.6s · 상태 ok(실패 0) · 완료 2/266 · 누적 19s
  [wf7|Alaska|x|s2] 적합 128 · 행 193 · A 6821 · 채점 6785 · 19.1s · 상태 ok(실패 0) · 완료 3/266 · 누적 20s
  [wf7|Alaska|x|s1] 적합 128 · 행 193 · A 7436 · 채점 6170 · 19.2s · 상태 ok(실패 0) · 완료 4/266 · 누적 20s
  [wf7|Alaska|x|s5] 적합 128 · 행 193 · A 6322 · 채점 7284 · 19.4s · 상태 ok(실패 0) · 완료 5/266 · 누적 21s
  [wf7|Alaska|x|s4] 적합 128 · 행 193 · A 6540 · 채점 7066 · 19.4s · 상태 ok(실패 0) · 완료 6/266 · 누적 21s
  [wf7|Alaska|x|s3] 적합 128 · 행 193 · A 6758 · 채점 6848 · 19.5s · 상태 ok(실패 0) · 완료 7/266 · 누적 21s
  [wf7|AL-1|i|s3] 적합 128 · 행 193 · A 4834 · 채점 320 · 28.5s · 상태 ok(실패 0) · 완료 8/266 · 누적 30s
  [wf7|AL-1|i|s5] 적합 128 · 행 193 · A 4716 · 채점 438 · 28.8s · 상태 ok(실패 0) · 완료 9/266 · 누적 30s
  [wf6|Alaska|r|s2] 적합 230 · 행 301 · A 6821 · 채점 6785 · 34.6s · 상태 ok(실패 0) · 완료 10/266 · 누적 36s
  [wf6|Alaska|r|s17] 적합 230 · 행 301 · A 7213 · 채점 6393 · 35.4s · 상태 ok(실패 0) · 완료 11/266 · 누적 37s
  [wf6|Alaska|r|s14] 적합 230 · 행 301 · A 7000 · 채점 6606 · 35.5s · 상태 ok(실패 0) · 완료 12/266 · 누적 37s
  [wf6|Alaska|r|s8] 적합 230 · 행 301 · A 8270 · 채점 5336 · 36.1s · 상태 ok(실패 0) · 완료 13/266 · 누적 37s
  [wf6|Alaska|r|s11] 적합 230 · 행 301 · A 7220 · 채점 6386 · 36.4s · 상태 ok(실패 0) · 완료 14/266 · 누적 38s
  [wf6|Alaska|r|s13] 적합 230 · 행 301 · A 7487 · 채점 6119 · 36.5s · 상태 ok(실패 0) · 완료 15/266 · 누적 38s
  [wf6|Alaska|r|s10] 적합 230 · 행 301 · A 7410 · 채점 6196 · 36.5s · 상태 ok(실패 0) · 완료 16/266 · 누적 38s
  [wf6|Alaska|r|s16] 적합 230 · 행 301 · A 8582 · 채점 5024 · 36.6s · 상태 ok(실패 0) · 완료 17/266 · 누적 38s
  [wf6|Alaska|r|s25] 적합 230 · 행 301 · A 8104 · 채점 5502 · 36.7s · 상태 ok(실패 0) · 완료 18/266 · 누적 38s
  [wf6|Alaska|r|s21] 적합 230 · 행 301 · A 9146 · 채점 4460 · 36.8s · 상태 ok(실패 0) · 완료 19/266 · 누적 38s
  [wf6|Alaska|r|s1] 적합 230 · 행 301 · A 7436 · 채점 6170 · 36.8s · 상태 ok(실패 0) · 완료 20/266 · 누적 38s
  [wf6|Alaska|r|s9] 적합 230 · 행 301 · A 6810 · 채점 6796 · 37.5s · 상태 ok(실패 0) · 완료 21/266 · 누적 39s
  [wf6|Alaska|r|s6] 적합 230 · 행 301 · A 7627 · 채점 5979 · 37.6s · 상태 ok(실패 0) · 완료 22/266 · 누적 39s
  [wf7|AL-2|x|s2] 적합 128 · 행 193 · A 1864 · 채점 1627 · 16.7s · 상태 ok(실패 0) · 완료 23/266 · 누적 54s
  [wf7|AL-2|x|s5] 적합 128 · 행 193 · A 1924 · 채점 1567 · 16.9s · 상태 ok(실패 0) · 완료 24/266 · 누적 55s
  [wf7|AL-2|x|s3] 적합 128 · 행 193 · A 1745 · 채점 1746 · 17.0s · 상태 ok(실패 0) · 완료 25/266 · 누적 55s
  [wf6|Alaska|r|s7] 적합 230 · 행 301 · A 6809 · 채점 6797 · 36.8s · 상태 ok(실패 0) · 완료 26/266 · 누적 55s
  [wf7|AL-6|x|s3] 적합 128 · 행 193 · A 1705 · 채점 1515 · 16.7s · 상태 ok(실패 0) · 완료 27/266 · 누적 55s
  [wf6|Alaska|r|s19] 적합 230 · 행 301 · A 6671 · 채점 6935 · 35.3s · 상태 ok(실패 0) · 완료 28/266 · 누적 56s
  [wf6|Alaska|r|s3] 적합 230 · 행 301 · A 6758 · 채점 6848 · 37.1s · 상태 ok(실패 0) · 완료 29/266 · 누적 56s
  [wf6|Alaska|r|s24] 적합 230 · 행 301 · A 6540 · 채점 7066 · 35.2s · 상태 ok(실패 0) · 완료 30/266 · 누적 56s
  [wf6|Alaska|r|s12] 적합 230 · 행 301 · A 6554 · 채점 7052 · 35.4s · 상태 ok(실패 0) · 완료 31/266 · 누적 56s
  [wf6|Alaska|r|s23] 적합 230 · 행 301 · A 6623 · 채점 6983 · 35.6s · 상태 ok(실패 0) · 완료 32/266 · 누적 56s
  [wf6|Alaska|r|s4] 적합 230 · 행 301 · A 6540 · 채점 7066 · 35.8s · 상태 ok(실패 0) · 완료 33/266 · 누적 56s
  [wf6|Alaska|r|s5] 적합 230 · 행 301 · A 6322 · 채점 7284 · 35.7s · 상태 ok(실패 0) · 완료 34/266 · 누적 66s
  [wf7|AL-2|i|s2] 적합 128 · 행 193 · A 1864 · 채점 1627 · 28.0s · 상태 ok(실패 0) · 완료 35/266 · 누적 66s
  [wf7|AL-2|i|s5] 적합 128 · 행 193 · A 1924 · 채점 1567 · 28.5s · 상태 ok(실패 0) · 완료 36/266 · 누적 66s
  [wf7|AL-2|i|s3] 적합 128 · 행 193 · A 1745 · 채점 1746 · 28.2s · 상태 ok(실패 0) · 완료 37/266 · 누적 66s
  [wf6|Alaska|r|s20] 적합 230 · 행 301 · A 6494 · 채점 7112 · 36.7s · 상태 ok(실패 0) · 완료 38/266 · 누적 66s
  [wf6|Alaska|r|s15] 적합 212 · 행 301 · A 6106 · 채점 7500 · 30.7s · 상태 ok(실패 0) · 완료 39/266 · 누적 67s
  [wf7|AL-6|i|s3] 적합 128 · 행 193 · A 1705 · 채점 1515 · 30.5s · 상태 ok(실패 0) · 완료 40/266 · 누적 69s
  [wf7|AL-6|i|s4] 적합 128 · 행 193 · A 1705 · 채점 1515 · 30.8s · 상태 ok(실패 0) · 완료 41/266 · 누적 70s
  [wf7|Lena|x|s3] 적합 128 · 행 193 · A 1737 · 채점 1278 · 31.9s · 상태 ok(실패 0) · 완료 42/266 · 누적 70s
  [wf6|Alaska|r|s22] 적합 230 · 행 301 · A 6315 · 채점 7291 · 34.8s · 상태 ok(실패 0) · 완료 43/266 · 누적 71s
  [wf7|AL-6|x|s4] 적합 128 · 행 193 · A 1705 · 채점 1515 · 16.6s · 상태 ok(실패 0) · 완료 44/266 · 누적 71s
  [wf7|AL-6|x|s1] 적합 128 · 행 193 · A 1704 · 채점 1516 · 16.9s · 상태 ok(실패 0) · 완료 45/266 · 누적 72s
  [wf6|Alaska|r|s18] 적합 230 · 행 301 · A 5247 · 채점 8359 · 35.0s · 상태 ok(실패 0) · 완료 46/266 · 누적 72s
  [wf7|AL-2|x|s1] 적합 128 · 행 193 · A 1694 · 채점 1797 · 16.8s · 상태 ok(실패 0) · 완료 47/266 · 누적 72s
  [wf7|AL-6|x|s5] 적합 128 · 행 193 · A 1516 · 채점 1704 · 16.8s · 상태 ok(실패 0) · 완료 48/266 · 누적 73s
  [wf7|AL-2|x|s4] 적합 128 · 행 193 · A 1333 · 채점 2158 · 17.0s · 상태 ok(실패 0) · 완료 49/266 · 누적 73s
  [wf7|AL-2|i|s1] 적합 128 · 행 193 · A 1694 · 채점 1797 · 28.1s · 상태 ok(실패 0) · 완료 50/266 · 누적 83s
  [wf7|AL-2|i|s4] 적합 128 · 행 193 · A 1333 · 채점 2158 · 28.1s · 상태 ok(실패 0) · 완료 51/266 · 누적 84s
  [wf7|AL-6|i|s1] 적합 128 · 행 193 · A 1704 · 채점 1516 · 30.7s · 상태 ok(실패 0) · 완료 52/266 · 누적 85s
  [wf7|AL-6|i|s5] 적합 128 · 행 193 · A 1516 · 채점 1704 · 30.7s · 상태 ok(실패 0) · 완료 53/266 · 누적 87s
  [wf7|Lena|x|s4] 적합 128 · 행 193 · A 1533 · 채점 1428 · 31.8s · 상태 ok(실패 0) · 완료 54/266 · 누적 87s
  [wf7|Lena|x|s1] 적합 128 · 행 193 · A 1505 · 채점 1478 · 32.0s · 상태 ok(실패 0) · 완료 55/266 · 누적 88s
  [wf6|Lena|r|s23] 적합 218 · 행 301 · A 2096 · 채점 865 · 24.9s · 상태 ok(실패 0) · 완료 56/266 · 누적 95s
  [wf7|LE-2|i|s1] 적합 108 · 행 163 · A 893 · 채점 282 · 26.7s · 상태 ok(실패 0) · 완료 57/266 · 누적 95s
  [wf7|LE-2|x|s1] 적합 108 · 행 163 · A 893 · 채점 282 · 26.5s · 상태 ok(실패 0) · 완료 58/266 · 누적 96s
  [wf7|LE-1|x|s3] 적합 128 · 행 193 · A 1184 · 채점 602 · 31.6s · 상태 ok(실패 0) · 완료 59/266 · 누적 97s
  [wf7|LE-1|i|s3] 적합 128 · 행 193 · A 1184 · 채점 602 · 31.8s · 상태 ok(실패 0) · 완료 60/266 · 누적 98s
  [wf7|LE-1|x|s2] 적합 108 · 행 163 · A 557 · 채점 1226 · 26.5s · 상태 ok(실패 0) · 완료 61/266 · 누적 98s
  [wf7|LE-1|i|s2] 적합 108 · 행 163 · A 557 · 채점 1226 · 26.9s · 상태 ok(실패 0) · 완료 62/266 · 누적 98s
  [wf7|Lena|x|s2] 적합 128 · 행 193 · A 1293 · 채점 1687 · 32.0s · 상태 ok(실패 0) · 완료 63/266 · 누적 98s
  [wf7|AL-5|x|s1] 적합 108 · 행 163 · A 454 · 채점 165 · 13.8s · 상태 ok(실패 0) · 완료 64/266 · 누적 98s
  [wf7|LE-2|i|s2] 적합 128 · 행 193 · A 1062 · 채점 167 · 31.5s · 상태 ok(실패 0) · 완료 65/266 · 누적 98s
  [wf7|Lena|x|s5] 적합 128 · 행 193 · A 1120 · 채점 1860 · 32.1s · 상태 ok(실패 0) · 완료 66/266 · 누적 98s
  [wf7|LE-1|x|s4] 적합 108 · 행 163 · A 508 · 채점 1275 · 26.5s · 상태 ok(실패 0) · 완료 67/266 · 누적 98s
  [wf6|Lena|r|s3] 적합 224 · 행 301 · A 1737 · 채점 1278 · 26.1s · 상태 ok(실패 0) · 완료 68/266 · 누적 98s
  [wf7|LE-2|x|s2] 적합 128 · 행 193 · A 1062 · 채점 167 · 31.3s · 상태 ok(실패 0) · 완료 69/266 · 누적 99s
  [wf7|LE-1|i|s4] 적합 108 · 행 163 · A 508 · 채점 1275 · 27.0s · 상태 ok(실패 0) · 완료 70/266 · 누적 99s
  [wf6|Lena|r|s12] 적합 230 · 행 301 · A 1712 · 채점 1325 · 27.2s · 상태 ok(실패 0) · 완료 71/266 · 누적 100s
  [wf6|Lena|r|s11] 적합 230 · 행 301 · A 1686 · 채점 1348 · 26.9s · 상태 ok(실패 0) · 완료 72/266 · 누적 100s
  [wf7|AL-1|x|s4] 적합 108 · 행 163 · A 437 · 채점 4717 · 14.5s · 상태 ok(실패 0) · 완료 73/266 · 누적 102s
  [wf7|AL-5|i|s1] 적합 108 · 행 163 · A 454 · 채점 165 · 27.5s · 상태 ok(실패 0) · 완료 74/266 · 누적 111s
  [wf7|AL-5|x|s2] 적합 108 · 행 163 · A 400 · 채점 219 · 13.8s · 상태 ok(실패 0) · 완료 75/266 · 누적 111s
  [wf7|AL-1|i|s4] 적합 108 · 행 163 · A 437 · 채점 4717 · 24.2s · 상태 ok(실패 0) · 완료 76/266 · 누적 111s
  [wf7|AL-5|x|s3] 적합 108 · 행 163 · A 385 · 채점 234 · 13.9s · 상태 ok(실패 0) · 완료 77/266 · 누적 112s
  [wf7|LE-1|i|s1] 적합 108 · 행 163 · A 448 · 채점 1335 · 27.1s · 상태 ok(실패 0) · 완료 78/266 · 누적 112s
  [wf7|AL-3|x|s2] 적합 108 · 행 163 · A 361 · 채점 290 · 13.7s · 상태 ok(실패 0) · 완료 79/266 · 누적 112s
  [wf7|AL-5|x|s5] 적합 108 · 행 163 · A 361 · 채점 258 · 13.8s · 상태 ok(실패 0) · 완료 80/266 · 누적 113s
  [wf7|LE-1|x|s1] 적합 108 · 행 163 · A 448 · 채점 1335 · 26.8s · 상태 ok(실패 0) · 완료 81/266 · 누적 113s
  [wf6|Lena|r|s20] 적합 170 · 행 301 · A 1642 · 채점 1319 · 20.0s · 상태 ok(실패 0) · 완료 82/266 · 누적 115s
  [wf6|Lena|r|s4] 적합 182 · 행 301 · A 1533 · 채점 1428 · 21.1s · 상태 ok(실패 0) · 완료 83/266 · 누적 121s
  [wf6|Lena|r|s6] 적합 227 · 행 301 · A 1583 · 채점 1378 · 25.8s · 상태 ok(실패 0) · 완료 84/266 · 누적 123s
  [wf7|Canada|x|s3] 적합 108 · 행 163 · A 406 · 채점 342 · 28.1s · 상태 ok(실패 0) · 완료 85/266 · 누적 123s
  [wf6|Lena|r|s9] 적합 230 · 행 301 · A 1586 · 채점 1394 · 26.0s · 상태 ok(실패 0) · 완료 86/266 · 누적 124s
  [wf7|AL-5|i|s2] 적합 108 · 행 163 · A 400 · 채점 219 · 27.6s · 상태 ok(실패 0) · 완료 87/266 · 누적 124s
  [wf6|Lena|r|s25] 적합 230 · 행 301 · A 1573 · 채점 1439 · 26.6s · 상태 ok(실패 0) · 완료 88/266 · 누적 124s
  [wf6|Lena|r|s21] 적합 230 · 행 301 · A 1551 · 채점 1429 · 26.6s · 상태 ok(실패 0) · 완료 89/266 · 누적 125s
  [wf7|AL-5|i|s3] 적합 108 · 행 163 · A 385 · 채점 234 · 27.5s · 상태 ok(실패 0) · 완료 90/266 · 누적 125s
  [wf7|AL-3|x|s4] 적합 108 · 행 163 · A 349 · 채점 302 · 13.9s · 상태 ok(실패 0) · 완료 91/266 · 누적 125s
  [wf7|AL-3|i|s2] 적합 108 · 행 163 · A 361 · 채점 290 · 27.7s · 상태 ok(실패 0) · 완료 92/266 · 누적 126s
  [wf7|AL-5|i|s5] 적합 108 · 행 163 · A 361 · 채점 258 · 27.6s · 상태 ok(실패 0) · 완료 93/266 · 누적 126s
  [wf7|Canada|x|s2] 적합 108 · 행 163 · A 363 · 채점 385 · 28.1s · 상태 ok(실패 0) · 완료 94/266 · 누적 126s
  [wf7|AL-3|x|s1] 적합 108 · 행 163 · A 334 · 채점 317 · 14.0s · 상태 ok(실패 0) · 완료 95/266 · 누적 127s
  [wf7|Canada|x|s5] 적합 108 · 행 163 · A 360 · 채점 388 · 28.1s · 상태 ok(실패 0) · 완료 96/266 · 누적 128s
  [wf7|Canada|x|s1] 적합 108 · 행 163 · A 355 · 채점 393 · 28.2s · 상태 ok(실패 0) · 완료 97/266 · 누적 131s
  [wf7|AL-3|x|s3] 적합 88 · 행 133 · A 305 · 채점 346 · 11.1s · 상태 ok(실패 0) · 완료 98/266 · 누적 135s
  [wf7|AL-1|x|s2] 적합 88 · 행 133 · A 288 · 채점 4866 · 11.6s · 상태 ok(실패 0) · 완료 99/266 · 누적 136s
  [wf7|AL-4|x|s1] 적합 88 · 행 133 · A 287 · 채점 184 · 11.2s · 상태 ok(실패 0) · 완료 100/266 · 누적 137s
  [wf6|Lena|r|s10] 적합 224 · 행 301 · A 1524 · 채점 1456 · 25.7s · 상태 ok(실패 0) · 완료 101/266 · 누적 137s
  [wf7|AL-5|x|s4] 적합 88 · 행 133 · A 270 · 채점 349 · 11.2s · 상태 ok(실패 0) · 완료 102/266 · 누적 137s
  [wf6|Lena|r|s7] 적합 230 · 행 301 · A 1519 · 채점 1496 · 26.0s · 상태 ok(실패 0) · 완료 103/266 · 누적 138s
  [wf6|Lena|r|s16] 적합 218 · 행 301 · A 1519 · 채점 1464 · 25.4s · 상태 ok(실패 0) · 완료 104/266 · 누적 138s
  [wf6|Lena|r|s1] 적합 227 · 행 301 · A 1505 · 채점 1478 · 26.6s · 상태 ok(실패 0) · 완료 105/266 · 누적 139s
  [wf7|AL-3|x|s5] 적합 88 · 행 133 · A 269 · 채점 382 · 11.2s · 상태 ok(실패 0) · 완료 106/266 · 누적 139s
  [wf7|AL-3|i|s4] 적합 108 · 행 163 · A 349 · 채점 302 · 27.9s · 상태 ok(실패 0) · 완료 107/266 · 누적 139s
  [wf7|AL-3|i|s1] 적합 108 · 행 163 · A 334 · 채점 317 · 27.7s · 상태 ok(실패 0) · 완료 108/266 · 누적 140s
  [wf6|Lena|r|s13] 적합 230 · 행 301 · A 1495 · 채점 1520 · 25.8s · 상태 ok(실패 0) · 완료 109/266 · 누적 141s
  [wf7|AL-1|i|s2] 적합 88 · 행 133 · A 288 · 채점 4866 · 20.0s · 상태 ok(실패 0) · 완료 110/266 · 누적 145s
  [wf7|AL-3|i|s3] 적합 88 · 행 133 · A 305 · 채점 346 · 22.6s · 상태 ok(실패 0) · 완료 111/266 · 누적 146s
  [wf7|AL-4|i|s1] 적합 88 · 행 133 · A 287 · 채점 184 · 22.5s · 상태 ok(실패 0) · 완료 112/266 · 누적 148s
  [wf7|AL-5|i|s4] 적합 88 · 행 133 · A 270 · 채점 349 · 22.4s · 상태 ok(실패 0) · 완료 113/266 · 누적 148s
  [wf6|Lena|r|s8] 적합 230 · 행 301 · A 1474 · 채점 1560 · 25.9s · 상태 ok(실패 0) · 완료 114/266 · 누적 149s
  [wf7|Canada|x|s4] 적합 108 · 행 163 · A 325 · 채점 423 · 28.1s · 상태 ok(실패 0) · 완료 115/266 · 누적 150s
  [wf7|AL-3|i|s5] 적합 88 · 행 133 · A 269 · 채점 382 · 22.8s · 상태 ok(실패 0) · 완료 116/266 · 누적 150s
  [wf6|Lena|r|s19] 적합 230 · 행 301 · A 1457 · 채점 1577 · 26.7s · 상태 ok(실패 0) · 완료 117/266 · 누적 150s
  [wf6|Lena|r|s18] 적합 227 · 행 301 · A 1413 · 채점 1570 · 26.4s · 상태 ok(실패 0) · 완료 118/266 · 누적 152s
  [wf7|CA-2|i|s2] 적합 88 · 행 133 · A 237 · 채점 158 · 23.0s · 상태 ok(실패 0) · 완료 119/266 · 누적 154s
  [wf7|CA-2|x|s2] 적합 88 · 행 133 · A 237 · 채점 158 · 22.5s · 상태 ok(실패 0) · 완료 120/266 · 누적 157s
  [wf7|CA-2|i|s3] 적합 88 · 행 133 · A 228 · 채점 166 · 22.9s · 상태 ok(실패 0) · 완료 121/266 · 누적 159s
  [wf7|CA-2|x|s3] 적합 88 · 행 133 · A 228 · 채점 166 · 22.7s · 상태 ok(실패 0) · 완료 122/266 · 누적 159s
  [wf7|CA-3|i|s1] 적합 88 · 행 133 · A 224 · 채점 125 · 22.8s · 상태 ok(실패 0) · 완료 123/266 · 누적 160s
  [wf7|CA-3|x|s1] 적합 88 · 행 133 · A 224 · 채점 125 · 22.7s · 상태 ok(실패 0) · 완료 124/266 · 누적 160s
  [wf7|CA-2|x|s4] 적합 88 · 행 133 · A 202 · 채점 193 · 22.6s · 상태 ok(실패 0) · 완료 125/266 · 누적 160s
  [wf7|CA-2|i|s4] 적합 88 · 행 133 · A 202 · 채점 193 · 23.0s · 상태 ok(실패 0) · 완료 126/266 · 누적 161s
  [wf7|AL-4|x|s4] 적합 68 · 행 103 · A 140 · 채점 331 · 8.5s · 상태 ok(실패 0) · 완료 127/266 · 누적 161s
  [wf7|CA-2|i|s5] 적합 88 · 행 133 · A 194 · 채점 201 · 22.9s · 상태 ok(실패 0) · 완료 128/266 · 누적 162s
  [wf7|CA-2|x|s5] 적합 88 · 행 133 · A 194 · 채점 201 · 22.9s · 상태 ok(실패 0) · 완료 129/266 · 누적 162s
  [wf7|LE-2|i|s3] 적합 88 · 행 133 · A 183 · 채점 1014 · 22.0s · 상태 ok(실패 0) · 완료 130/266 · 누적 162s
  [wf7|LE-2|x|s3] 적합 88 · 행 133 · A 183 · 채점 1014 · 21.8s · 상태 ok(실패 0) · 완료 131/266 · 누적 162s
  [wf6|Lena|r|s2] 적합 230 · 행 301 · A 1293 · 채점 1687 · 26.0s · 상태 ok(실패 0) · 완료 132/266 · 누적 165s
  [wf7|AL-4|x|s5] 적합 68 · 행 103 · A 139 · 채점 332 · 8.4s · 상태 ok(실패 0) · 완료 133/266 · 누적 166s
  [wf7|CA-3|i|s5] 적합 88 · 행 133 · A 178 · 채점 171 · 23.1s · 상태 ok(실패 0) · 완료 134/266 · 누적 168s
  [wf7|AL-4|i|s4] 적합 68 · 행 103 · A 140 · 채점 331 · 17.5s · 상태 ok(실패 0) · 완료 135/266 · 누적 168s
  [wf7|CA-3|x|s5] 적합 88 · 행 133 · A 178 · 채점 171 · 22.5s · 상태 ok(실패 0) · 완료 136/266 · 누적 168s
  [wf7|CA-3|i|s2] 적합 88 · 행 133 · A 176 · 채점 172 · 22.8s · 상태 ok(실패 0) · 완료 137/266 · 누적 170s
  [wf7|CA-3|x|s2] 적합 88 · 행 133 · A 176 · 채점 172 · 22.5s · 상태 ok(실패 0) · 완료 138/266 · 누적 171s
  [wf7|AL-4|i|s5] 적합 68 · 행 103 · A 139 · 채점 332 · 17.6s · 상태 ok(실패 0) · 완료 139/266 · 누적 171s
  [wf7|CA-2|i|s1] 적합 88 · 행 133 · A 161 · 채점 234 · 22.9s · 상태 ok(실패 0) · 완료 140/266 · 누적 172s
  [wf7|CA-2|x|s1] 적합 88 · 행 133 · A 161 · 채점 234 · 22.8s · 상태 ok(실패 0) · 완료 141/266 · 누적 173s
  [wf7|Russia_E|x|s2] 적합 48 · 행 73 · A 17 · 채점 11 · 12.7s · 상태 ok(실패 0) · 완료 142/266 · 누적 174s
  [wf7|Russia_W|x|s1] 적합 48 · 행 73 · A 16 · 채점 12 · 12.8s · 상태 ok(실패 0) · 완료 143/266 · 누적 175s
  [wf6|Lena|r|s22] 적합 230 · 행 301 · A 1249 · 채점 1763 · 25.6s · 상태 ok(실패 0) · 완료 144/266 · 누적 175s
  [wf7|Russia_W|x|s4] 적합 48 · 행 73 · A 16 · 채점 14 · 12.8s · 상태 ok(실패 0) · 완료 145/266 · 누적 175s
  [wf7|Russia_W|x|s5] 적합 48 · 행 73 · A 16 · 채점 13 · 12.7s · 상태 ok(실패 0) · 완료 146/266 · 누적 175s
  [wf7|Russia_E|x|s5] 적합 48 · 행 73 · A 16 · 채점 12 · 12.8s · 상태 ok(실패 0) · 완료 147/266 · 누적 175s
  [wf7|Russia_C|x|s2] 적합 8 · 행 13 · A 3 · 채점 4 · 2.3s · 상태 ok(실패 0) · 완료 148/266 · 누적 176s
  [wf7|CA-3|x|s3] 적합 68 · 행 103 · A 125 · 채점 224 · 17.3s · 상태 ok(실패 0) · 완료 149/266 · 누적 177s
  [wf7|CA-3|i|s3] 적합 68 · 행 103 · A 125 · 채점 224 · 17.7s · 상태 ok(실패 0) · 완료 150/266 · 누적 177s
  [wf7|Greenland|x|s2] 적합 8 · 행 13 · A 2 · 채점 1 · 2.2s · 상태 ok(실패 0) · 완료 151/266 · 누적 177s
  [wf7|Russia_W|x|s3] 적합 48 · 행 73 · A 15 · 채점 16 · 12.6s · 상태 ok(실패 0) · 완료 152/266 · 누적 178s
  [wf7|CA-3|x|s4] 적합 68 · 행 103 · A 113 · 채점 235 · 17.4s · 상태 ok(실패 0) · 완료 153/266 · 누적 178s
  [wf7|CA-3|i|s4] 적합 68 · 행 103 · A 113 · 채점 235 · 17.7s · 상태 ok(실패 0) · 완료 154/266 · 누적 178s
  [wf7|Russia_C|x|s1] 적합 28 · 행 43 · A 4 · 채점 3 · 7.2s · 상태 ok(실패 0) · 완료 155/266 · 누적 178s
  [wf7|Russia_E|x|s1] 적합 48 · 행 73 · A 15 · 채점 14 · 12.6s · 상태 ok(실패 0) · 완료 156/266 · 누적 178s
  [wf7|Russia_C|x|s3] 적합 28 · 행 43 · A 4 · 채점 3 · 7.3s · 상태 ok(실패 0) · 완료 157/266 · 누적 178s
  [wf7|Russia_C|x|s4] 적합 28 · 행 43 · A 4 · 채점 3 · 7.2s · 상태 ok(실패 0) · 완료 158/266 · 누적 180s
  [wf7|Russia_E|x|s3] 적합 48 · 행 73 · A 15 · 채점 14 · 12.7s · 상태 ok(실패 0) · 완료 159/266 · 누적 180s
  [wf7|Russia_C|x|s5] 적합 28 · 행 43 · A 4 · 채점 3 · 7.3s · 상태 ok(실패 0) · 완료 160/266 · 누적 180s
  [wf7|Russia_E|x|s4] 적합 48 · 행 73 · A 15 · 채점 14 · 12.7s · 상태 ok(실패 0) · 완료 161/266 · 누적 180s
  [wf7|Russia_W|x|s2] 적합 48 · 행 73 · A 14 · 채점 17 · 12.6s · 상태 ok(실패 0) · 완료 162/266 · 누적 181s
  [wf6|Canada|r|s18] 적합 92 · 행 121 · A 441 · 채점 306 · 7.7s · 상태 ok(실패 0) · 완료 163/266 · 누적 183s
  [wf6|Lena|r|s5] 적합 200 · 행 301 · A 1120 · 채점 1860 · 22.4s · 상태 ok(실패 0) · 완료 164/266 · 누적 183s
  [wf6|Canada|r|s13] 적합 92 · 행 121 · A 428 · 채점 319 · 8.0s · 상태 ok(실패 0) · 완료 165/266 · 누적 183s
  [wf6|Canada|r|s11] 적합 92 · 행 121 · A 432 · 채점 317 · 8.3s · 상태 ok(실패 0) · 완료 166/266 · 누적 183s
  [wf6|Canada|r|s8] 적합 92 · 행 121 · A 420 · 채점 329 · 8.1s · 상태 ok(실패 0) · 완료 167/266 · 누적 184s
  [wf6|Canada|r|s7] 적합 92 · 행 121 · A 396 · 채점 352 · 7.1s · 상태 ok(실패 0) · 완료 168/266 · 누적 184s
  [wf6|Canada|r|s19] 적합 89 · 행 121 · A 383 · 채점 365 · 6.9s · 상태 ok(실패 0) · 완료 169/266 · 누적 185s
  [wf6|Lena|r|s15] 적합 230 · 행 301 · A 1200 · 채점 1780 · 25.6s · 상태 ok(실패 0) · 완료 170/266 · 누적 185s
  [wf6|Canada|r|s3] 적합 92 · 행 121 · A 406 · 채점 342 · 8.0s · 상태 ok(실패 0) · 완료 171/266 · 누적 185s
  [wf6|Canada|r|s9] 적합 92 · 행 121 · A 404 · 채점 344 · 8.1s · 상태 ok(실패 0) · 완료 172/266 · 누적 185s
  [wf6|Canada|r|s14] 적합 92 · 행 121 · A 384 · 채점 363 · 7.9s · 상태 ok(실패 0) · 완료 173/266 · 누적 186s
  [wf6|Canada|r|s25] 적합 92 · 행 121 · A 375 · 채점 373 · 7.2s · 상태 ok(실패 0) · 완료 174/266 · 누적 186s
  [wf6|Canada|r|s10] 적합 92 · 행 121 · A 375 · 채점 374 · 7.7s · 상태 ok(실패 0) · 완료 175/266 · 누적 186s
  [wf6|Canada|r|s24] 적합 92 · 행 121 · A 378 · 채점 371 · 8.1s · 상태 ok(실패 0) · 완료 176/266 · 누적 186s
  [wf6|Canada|r|s23] 적합 92 · 행 121 · A 376 · 채점 374 · 8.3s · 상태 ok(실패 0) · 완료 177/266 · 누적 186s
  [wf8|Alaska|x|s1|S1] 적합 20 · 행 31 · A 7436 · 채점 6170 · 2.6s · 상태 ok(실패 0) · 완료 178/266 · 누적 187s
  [wf6|Canada|r|s21] 적합 92 · 행 121 · A 369 · 채점 379 · 7.7s · 상태 ok(실패 0) · 완료 179/266 · 누적 187s
  [wf8|Alaska|x|s1|S2] 적합 20 · 행 31 · A 7436 · 채점 6170 · 2.7s · 상태 ok(실패 0) · 완료 180/266 · 누적 188s
  [wf8|Alaska|x|s1|S4] 적합 20 · 행 31 · A 7436 · 채점 6170 · 2.7s · 상태 ok(실패 0) · 완료 181/266 · 누적 188s
  [wf6|Canada|r|s17] 적합 92 · 행 121 · A 364 · 채점 385 · 7.7s · 상태 ok(실패 0) · 완료 182/266 · 누적 188s
  [wf8|Alaska|x|s2|S1] 적합 20 · 행 31 · A 6821 · 채점 6785 · 2.6s · 상태 ok(실패 0) · 완료 183/266 · 누적 188s
  [wf8|Alaska|x|s2|S2] 적합 20 · 행 31 · A 6821 · 채점 6785 · 2.6s · 상태 ok(실패 0) · 완료 184/266 · 누적 188s
  [wf6|Canada|r|s12] 적합 92 · 행 121 · A 361 · 채점 387 · 7.2s · 상태 ok(실패 0) · 완료 185/266 · 누적 188s
  [wf8|Alaska|x|s2|S4] 적합 20 · 행 31 · A 6821 · 채점 6785 · 2.6s · 상태 ok(실패 0) · 완료 186/266 · 누적 189s
  [wf8|Alaska|x|s3|S1] 적합 20 · 행 31 · A 6758 · 채점 6848 · 2.6s · 상태 ok(실패 0) · 완료 187/266 · 누적 189s
  [wf6|Canada|r|s15] 적합 92 · 행 121 · A 366 · 채점 383 · 8.6s · 상태 ok(실패 0) · 완료 188/266 · 누적 189s
  [wf6|Canada|r|s2] 적합 92 · 행 121 · A 363 · 채점 385 · 8.5s · 상태 ok(실패 0) · 완료 189/266 · 누적 189s
  [wf8|Alaska|x|s3|S2] 적합 20 · 행 31 · A 6758 · 채점 6848 · 2.6s · 상태 ok(실패 0) · 완료 190/266 · 누적 189s
  [wf6|Lena|r|s17] 적합 143 · 행 211 · A 969 · 채점 1989 · 14.3s · 상태 ok(실패 0) · 완료 191/266 · 누적 189s
  [wf8|Alaska|x|s3|S4] 적합 20 · 행 31 · A 6758 · 채점 6848 · 2.6s · 상태 ok(실패 0) · 완료 192/266 · 누적 190s
  [wf8|Alaska|x|s4|S1] 적합 20 · 행 31 · A 6540 · 채점 7066 · 2.6s · 상태 ok(실패 0) · 완료 193/266 · 누적 190s
  [wf6|Canada|r|s5] 적합 92 · 행 121 · A 360 · 채점 388 · 7.4s · 상태 ok(실패 0) · 완료 194/266 · 누적 190s
  [wf8|Alaska|x|s4|S2] 적합 20 · 행 31 · A 6540 · 채점 7066 · 2.7s · 상태 ok(실패 0) · 완료 195/266 · 누적 190s
  [wf8|Alaska|x|s4|S4] 적합 20 · 행 31 · A 6540 · 채점 7066 · 2.7s · 상태 ok(실패 0) · 완료 196/266 · 누적 191s
  [wf6|Canada|r|s22] 적합 92 · 행 121 · A 352 · 채점 398 · 7.4s · 상태 ok(실패 0) · 완료 197/266 · 누적 191s
  [wf8|Alaska|x|s5|S1] 적합 20 · 행 31 · A 6322 · 채점 7284 · 2.6s · 상태 ok(실패 0) · 완료 198/266 · 누적 191s
  [wf8|Alaska|x|s5|S2] 적합 20 · 행 31 · A 6322 · 채점 7284 · 2.6s · 상태 ok(실패 0) · 완료 199/266 · 누적 191s
  [wf6|Canada|r|s20] 적합 92 · 행 121 · A 350 · 채점 399 · 7.5s · 상태 ok(실패 0) · 완료 200/266 · 누적 191s
  [wf8|Alaska|x|s5|S4] 적합 20 · 행 31 · A 6322 · 채점 7284 · 2.7s · 상태 ok(실패 0) · 완료 201/266 · 누적 191s
  [wf6|Canada|r|s4] 적합 92 · 행 121 · A 325 · 채점 423 · 6.9s · 상태 ok(실패 0) · 완료 202/266 · 누적 191s
  [wf6|Canada|r|s1] 적합 92 · 행 121 · A 355 · 채점 393 · 8.5s · 상태 ok(실패 0) · 완료 203/266 · 누적 191s
  [wf6|Canada|r|s16] 적합 92 · 행 121 · A 315 · 채점 432 · 7.0s · 상태 ok(실패 0) · 완료 204/266 · 누적 192s
  [wf6|Canada|r|s6] 적합 92 · 행 121 · A 319 · 채점 430 · 7.4s · 상태 ok(실패 0) · 완료 205/266 · 누적 192s
  [wf8|Lena|x|s3|S2] 적합 20 · 행 31 · A 1737 · 채점 1278 · 4.8s · 상태 ok(실패 0) · 완료 206/266 · 누적 193s
  [wf8|Lena|x|s3|S4] 적합 20 · 행 31 · A 1737 · 채점 1278 · 4.8s · 상태 ok(실패 0) · 완료 207/266 · 누적 193s
  [wf8|Lena|x|s4|S2] 적합 20 · 행 31 · A 1533 · 채점 1428 · 4.8s · 상태 ok(실패 0) · 완료 208/266 · 누적 194s
  [wf8|Lena|x|s4|S1] 적합 20 · 행 31 · A 1533 · 채점 1428 · 4.9s · 상태 ok(실패 0) · 완료 209/266 · 누적 194s
  [wf8|Lena|x|s3|S1] 적합 20 · 행 31 · A 1737 · 채점 1278 · 5.6s · 상태 ok(실패 0) · 완료 210/266 · 누적 194s
  [wf8|Lena|x|s4|S4] 적합 20 · 행 31 · A 1533 · 채점 1428 · 4.8s · 상태 ok(실패 0) · 완료 211/266 · 누적 194s
  [wf8|Lena|x|s1|S1] 적합 20 · 행 31 · A 1505 · 채점 1478 · 4.8s · 상태 ok(실패 0) · 완료 212/266 · 누적 194s
  [wf8|Lena|x|s1|S2] 적합 20 · 행 31 · A 1505 · 채점 1478 · 4.8s · 상태 ok(실패 0) · 완료 213/266 · 누적 195s
  [wf8|Lena|x|s1|S4] 적합 20 · 행 31 · A 1505 · 채점 1478 · 4.8s · 상태 ok(실패 0) · 완료 214/266 · 누적 195s
  [wf8|Lena|x|s2|S2] 적합 20 · 행 31 · A 1293 · 채점 1687 · 4.9s · 상태 ok(실패 0) · 완료 215/266 · 누적 195s
  [wf6|Lena|r|s14] 적합 221 · 행 301 · A 1012 · 채점 1946 · 24.8s · 상태 ok(실패 0) · 완료 216/266 · 누적 195s
  [wf8|Lena|x|s5|S1] 적합 20 · 행 31 · A 1120 · 채점 1860 · 4.8s · 상태 ok(실패 0) · 완료 217/266 · 누적 195s
  [wf8|Lena|x|s2|S4] 적합 20 · 행 31 · A 1293 · 채점 1687 · 4.9s · 상태 ok(실패 0) · 완료 218/266 · 누적 195s
  [wf8|Lena|x|s5|S4] 적합 20 · 행 31 · A 1120 · 채점 1860 · 4.8s · 상태 ok(실패 0) · 완료 219/266 · 누적 196s
  [wf8|Lena|x|s2|S1] 적합 20 · 행 31 · A 1293 · 채점 1687 · 5.7s · 상태 ok(실패 0) · 완료 220/266 · 누적 196s
  [wf8|Canada|x|s3|S1] 적합 20 · 행 31 · A 406 · 채점 342 · 5.1s · 상태 ok(실패 0) · 완료 221/266 · 누적 196s
  [wf8|Canada|x|s3|S2] 적합 20 · 행 31 · A 406 · 채점 342 · 5.1s · 상태 ok(실패 0) · 완료 222/266 · 누적 196s
  [wf8|Canada|x|s3|S4] 적합 20 · 행 31 · A 406 · 채점 342 · 5.1s · 상태 ok(실패 0) · 완료 223/266 · 누적 196s
  [wf8|Lena|x|s5|S2] 적합 20 · 행 31 · A 1120 · 채점 1860 · 5.7s · 상태 ok(실패 0) · 완료 224/266 · 누적 196s
  [wf8|Canada|x|s2|S1] 적합 20 · 행 31 · A 363 · 채점 385 · 5.2s · 상태 ok(실패 0) · 완료 225/266 · 누적 197s
  [wf8|Canada|x|s2|S2] 적합 20 · 행 31 · A 363 · 채점 385 · 5.1s · 상태 ok(실패 0) · 완료 226/266 · 누적 197s
  [wf8|Canada|x|s2|S4] 적합 20 · 행 31 · A 363 · 채점 385 · 5.1s · 상태 ok(실패 0) · 완료 227/266 · 누적 197s
  [wf8|Russia_W|x|s1|S4] 적합 6 · 행 16 · A 16 · 채점 12 · 1.7s · 상태 ok(실패 0) · 완료 228/266 · 누적 197s
  [wf8|Russia_E|x|s2|S2] 적합 8 · 행 16 · A 17 · 채점 11 · 2.4s · 상태 ok(실패 0) · 완료 229/266 · 누적 198s
  [wf8|Russia_E|x|s2|S1] 적합 10 · 행 16 · A 17 · 채점 11 · 2.8s · 상태 ok(실패 0) · 완료 230/266 · 누적 198s
  [wf8|Russia_E|x|s2|S4] 적합 10 · 행 16 · A 17 · 채점 11 · 2.6s · 상태 ok(실패 0) · 완료 231/266 · 누적 198s
  [wf8|Russia_W|x|s1|S2] 적합 10 · 행 16 · A 16 · 채점 12 · 2.6s · 상태 ok(실패 0) · 완료 232/266 · 누적 198s
  [wf8|Russia_W|x|s1|S1] 적합 10 · 행 16 · A 16 · 채점 12 · 2.9s · 상태 ok(실패 0) · 완료 233/266 · 누적 198s
  [wf8|Canada|x|s5|S1] 적합 20 · 행 31 · A 360 · 채점 388 · 5.1s · 상태 ok(실패 0) · 완료 234/266 · 누적 198s
  [wf8|Russia_W|x|s4|S4] 적합 8 · 행 16 · A 16 · 채점 14 · 2.4s · 상태 ok(실패 0) · 완료 235/266 · 누적 198s
  [wf8|Russia_W|x|s4|S1] 적합 10 · 행 16 · A 16 · 채점 14 · 2.6s · 상태 ok(실패 0) · 완료 236/266 · 누적 199s
  [wf8|Canada|x|s5|S2] 적합 20 · 행 31 · A 360 · 채점 388 · 5.1s · 상태 ok(실패 0) · 완료 237/266 · 누적 199s
  [wf8|Russia_W|x|s5|S4] 적합 6 · 행 16 · A 16 · 채점 13 · 1.8s · 상태 ok(실패 0) · 완료 238/266 · 누적 199s
  [wf8|Canada|x|s5|S4] 적합 20 · 행 31 · A 360 · 채점 388 · 5.1s · 상태 ok(실패 0) · 완료 239/266 · 누적 199s
  [wf8|Russia_W|x|s4|S2] 적합 10 · 행 16 · A 16 · 채점 14 · 2.9s · 상태 ok(실패 0) · 완료 240/266 · 누적 199s
  [wf8|Canada|x|s1|S1] 적합 20 · 행 31 · A 355 · 채점 393 · 5.1s · 상태 ok(실패 0) · 완료 241/266 · 누적 199s
  [wf8|Canada|x|s1|S2] 적합 20 · 행 31 · A 355 · 채점 393 · 5.1s · 상태 ok(실패 0) · 완료 242/266 · 누적 199s
  [wf8|Canada|x|s1|S4] 적합 20 · 행 31 · A 355 · 채점 393 · 5.1s · 상태 ok(실패 0) · 완료 243/266 · 누적 199s
  [wf8|Russia_W|x|s5|S2] 적합 8 · 행 16 · A 16 · 채점 13 · 2.4s · 상태 ok(실패 0) · 완료 244/266 · 누적 199s
  [wf8|Russia_W|x|s5|S1] 적합 10 · 행 16 · A 16 · 채점 13 · 2.9s · 상태 ok(실패 0) · 완료 245/266 · 누적 199s
  [wf8|Russia_E|x|s5|S1] 적합 10 · 행 16 · A 16 · 채점 12 · 2.9s · 상태 ok(실패 0) · 완료 246/266 · 누적 200s
  [wf8|Canada|x|s4|S1] 적합 20 · 행 31 · A 325 · 채점 423 · 5.7s · 상태 ok(실패 0) · 완료 247/266 · 누적 200s
  [wf8|Russia_E|x|s5|S4] 적합 8 · 행 16 · A 16 · 채점 12 · 2.1s · 상태 ok(실패 0) · 완료 248/266 · 누적 200s
  [wf8|Russia_W|x|s3|S4] 적합 6 · 행 16 · A 15 · 채점 16 · 1.6s · 상태 ok(실패 0) · 완료 249/266 · 누적 200s
  [wf8|Canada|x|s4|S4] 적합 20 · 행 31 · A 325 · 채점 423 · 5.1s · 상태 ok(실패 0) · 완료 250/266 · 누적 200s
  [wf8|Russia_E|x|s5|S2] 적합 10 · 행 16 · A 16 · 채점 12 · 2.9s · 상태 ok(실패 0) · 완료 251/266 · 누적 200s
  [wf8|Russia_E|x|s3|S4] 적합 6 · 행 16 · A 15 · 채점 14 · 1.8s · 상태 ok(실패 0) · 완료 252/266 · 누적 200s
  [wf8|Canada|x|s4|S2] 적합 20 · 행 31 · A 325 · 채점 423 · 5.7s · 상태 ok(실패 0) · 완료 253/266 · 누적 200s
  [wf8|Russia_E|x|s4|S4] 적합 6 · 행 16 · A 15 · 채점 14 · 1.6s · 상태 ok(실패 0) · 완료 254/266 · 누적 200s
  [wf8|Russia_W|x|s2|S4] 적합 6 · 행 16 · A 14 · 채점 17 · 1.6s · 상태 ok(실패 0) · 완료 255/266 · 누적 201s
  [wf8|Russia_W|x|s3|S1] 적합 10 · 행 16 · A 15 · 채점 16 · 2.8s · 상태 ok(실패 0) · 완료 256/266 · 누적 201s
  [wf8|Russia_W|x|s3|S2] 적합 10 · 행 16 · A 15 · 채점 16 · 2.8s · 상태 ok(실패 0) · 완료 257/266 · 누적 201s
  [wf8|Russia_E|x|s1|S2] 적합 10 · 행 16 · A 15 · 채점 14 · 2.6s · 상태 ok(실패 0) · 완료 258/266 · 누적 201s
  [wf8|Russia_E|x|s1|S4] 적합 10 · 행 16 · A 15 · 채점 14 · 2.6s · 상태 ok(실패 0) · 완료 259/266 · 누적 201s
  [wf8|Russia_E|x|s1|S1] 적합 10 · 행 16 · A 15 · 채점 14 · 2.9s · 상태 ok(실패 0) · 완료 260/266 · 누적 201s
  [wf8|Russia_E|x|s3|S1] 적합 10 · 행 16 · A 15 · 채점 14 · 2.9s · 상태 ok(실패 0) · 완료 261/266 · 누적 201s
  [wf8|Russia_E|x|s3|S2] 적합 10 · 행 16 · A 15 · 채점 14 · 2.8s · 상태 ok(실패 0) · 완료 262/266 · 누적 201s
  [wf8|Russia_E|x|s4|S1] 적합 10 · 행 16 · A 15 · 채점 14 · 2.6s · 상태 ok(실패 0) · 완료 263/266 · 누적 202s
  [wf8|Russia_W|x|s2|S1] 적합 10 · 행 16 · A 14 · 채점 17 · 2.6s · 상태 ok(실패 0) · 완료 264/266 · 누적 202s
  [wf8|Russia_E|x|s4|S2] 적합 10 · 행 16 · A 15 · 채점 14 · 2.8s · 상태 ok(실패 0) · 완료 265/266 · 누적 202s
  [wf8|Russia_W|x|s2|S2] 적합 10 · 행 16 · A 14 · 채점 17 · 2.8s · 상태 ok(실패 0) · 완료 266/266 · 누적 202s
[done] 완료 266 · 실패 0 · 일부 적합 실패 0 · 203s
